[2025-07-19T13:49:06.630+0000] {taskinstance.py:1956} INFO - Dependencies all met for dep_context=non-requeueable deps ti=<TaskInstance: ml_pipeline_with_dashboard.extract_postgres_data manual__2025-07-19T13:45:37.380291+00:00 [queued]>
[2025-07-19T13:49:07.245+0000] {taskinstance.py:1956} INFO - Dependencies all met for dep_context=requeueable deps ti=<TaskInstance: ml_pipeline_with_dashboard.extract_postgres_data manual__2025-07-19T13:45:37.380291+00:00 [queued]>
[2025-07-19T13:49:07.283+0000] {taskinstance.py:2170} INFO - Starting attempt 1 of 2
[2025-07-19T13:49:08.320+0000] {taskinstance.py:2191} INFO - Executing <Task(BashOperator): extract_postgres_data> on 2025-07-19 13:45:37.380291+00:00
[2025-07-19T13:49:08.324+0000] {standard_task_runner.py:60} INFO - Started process 4933 to run task
[2025-07-19T13:49:08.328+0000] {standard_task_runner.py:87} INFO - Running: ['***', 'tasks', 'run', 'ml_pipeline_with_dashboard', 'extract_postgres_data', 'manual__2025-07-19T13:45:37.380291+00:00', '--job-id', '153', '--raw', '--subdir', 'DAGS_FOLDER/main_full_processs.py', '--cfg-path', '/tmp/tmp6_d0qo3f']
[2025-07-19T13:49:08.330+0000] {standard_task_runner.py:88} INFO - Job 153: Subtask extract_postgres_data
[2025-07-19T13:49:08.536+0000] {task_command.py:423} INFO - Running <TaskInstance: ml_pipeline_with_dashboard.extract_postgres_data manual__2025-07-19T13:45:37.380291+00:00 [running]> on host 2b6a031b4c87
[2025-07-19T13:49:14.762+0000] {taskinstance.py:2480} INFO - Exporting env vars: AIRFLOW_CTX_DAG_OWNER='***' AIRFLOW_CTX_DAG_ID='ml_pipeline_with_dashboard' AIRFLOW_CTX_TASK_ID='extract_postgres_data' AIRFLOW_CTX_EXECUTION_DATE='2025-07-19T13:45:37.380291+00:00' AIRFLOW_CTX_TRY_NUMBER='1' AIRFLOW_CTX_DAG_RUN_ID='manual__2025-07-19T13:45:37.380291+00:00'
[2025-07-19T13:49:15.046+0000] {subprocess.py:63} INFO - Tmp dir root location: /tmp
[2025-07-19T13:49:15.514+0000] {subprocess.py:75} INFO - Running command: ['/usr/bin/bash', '-c', 'python /opt/***/dags/extract_pgadmin.py']
[2025-07-19T13:49:16.038+0000] {subprocess.py:86} INFO - Output:
[2025-07-19T13:51:22.424+0000] {subprocess.py:93} INFO - Traceback (most recent call last):
[2025-07-19T13:51:22.425+0000] {subprocess.py:93} INFO -   File "/opt/***/dags/extract_pgadmin.py", line 27, in <module>
[2025-07-19T13:51:22.425+0000] {subprocess.py:93} INFO -     main()
[2025-07-19T13:51:22.426+0000] {subprocess.py:93} INFO -   File "/opt/***/dags/extract_pgadmin.py", line 11, in main
[2025-07-19T13:51:22.426+0000] {subprocess.py:93} INFO -     conn = psycopg2.connect(
[2025-07-19T13:51:22.427+0000] {subprocess.py:93} INFO -   File "/home/***/.local/lib/python3.8/site-packages/psycopg2/__init__.py", line 122, in connect
[2025-07-19T13:51:22.427+0000] {subprocess.py:93} INFO -     conn = _connect(dsn, connection_factory=connection_factory, **kwasync)
[2025-07-19T13:51:22.427+0000] {subprocess.py:93} INFO - psycopg2.OperationalError: connection to server at "localhost" (::1), port 5432 failed: Connection refused
[2025-07-19T13:51:22.428+0000] {subprocess.py:93} INFO - 	Is the server running on that host and accepting TCP/IP connections?
[2025-07-19T13:51:22.428+0000] {subprocess.py:93} INFO - connection to server at "localhost" (127.0.0.1), port 5432 failed: Connection refused
[2025-07-19T13:51:22.429+0000] {subprocess.py:93} INFO - 	Is the server running on that host and accepting TCP/IP connections?
[2025-07-19T13:51:22.429+0000] {subprocess.py:93} INFO - 
[2025-07-19T13:51:23.785+0000] {subprocess.py:97} INFO - Command exited with return code 1
[2025-07-19T13:51:23.933+0000] {taskinstance.py:2698} ERROR - Task failed with exception
Traceback (most recent call last):
  File "/home/airflow/.local/lib/python3.8/site-packages/airflow/models/taskinstance.py", line 433, in _execute_task
    result = execute_callable(context=context, **execute_callable_kwargs)
  File "/home/airflow/.local/lib/python3.8/site-packages/airflow/operators/bash.py", line 212, in execute
    raise AirflowException(
airflow.exceptions.AirflowException: Bash command failed. The command returned a non-zero exit code 1.
[2025-07-19T13:51:24.111+0000] {taskinstance.py:1138} INFO - Marking task as UP_FOR_RETRY. dag_id=ml_pipeline_with_dashboard, task_id=extract_postgres_data, execution_date=20250719T134537, start_date=20250719T134906, end_date=20250719T135123
[2025-07-19T13:51:24.258+0000] {standard_task_runner.py:107} ERROR - Failed to execute job 153 for task extract_postgres_data (Bash command failed. The command returned a non-zero exit code 1.; 4933)
[2025-07-19T13:51:24.289+0000] {local_task_job_runner.py:234} INFO - Task exited with return code 1
[2025-07-19T13:51:24.306+0000] {taskinstance.py:3280} INFO - 0 downstream tasks scheduled from follow-on schedule check
