[2025-07-19T15:41:41.144+0000] {taskinstance.py:1956} INFO - Dependencies all met for dep_context=non-requeueable deps ti=<TaskInstance: ml_pipeline_with_dashboard.mlflow_tracking manual__2025-07-19T15:33:18.289109+00:00 [queued]>
[2025-07-19T15:41:41.383+0000] {taskinstance.py:1956} INFO - Dependencies all met for dep_context=requeueable deps ti=<TaskInstance: ml_pipeline_with_dashboard.mlflow_tracking manual__2025-07-19T15:33:18.289109+00:00 [queued]>
[2025-07-19T15:41:41.385+0000] {taskinstance.py:2170} INFO - Starting attempt 1 of 2
[2025-07-19T15:41:42.246+0000] {taskinstance.py:2191} INFO - Executing <Task(BashOperator): mlflow_tracking> on 2025-07-19 15:33:18.289109+00:00
[2025-07-19T15:41:42.460+0000] {standard_task_runner.py:60} INFO - Started process 10567 to run task
[2025-07-19T15:41:42.465+0000] {standard_task_runner.py:87} INFO - Running: ['***', 'tasks', 'run', 'ml_pipeline_with_dashboard', 'mlflow_tracking', 'manual__2025-07-19T15:33:18.289109+00:00', '--job-id', '173', '--raw', '--subdir', 'DAGS_FOLDER/main_full_processs.py', '--cfg-path', '/tmp/tmp0d2qgv0d']
[2025-07-19T15:41:43.172+0000] {standard_task_runner.py:88} INFO - Job 173: Subtask mlflow_tracking
[2025-07-19T15:41:49.993+0000] {task_command.py:423} INFO - Running <TaskInstance: ml_pipeline_with_dashboard.mlflow_tracking manual__2025-07-19T15:33:18.289109+00:00 [running]> on host 2b6a031b4c87
[2025-07-19T15:41:57.509+0000] {taskinstance.py:2480} INFO - Exporting env vars: AIRFLOW_CTX_DAG_OWNER='***' AIRFLOW_CTX_DAG_ID='ml_pipeline_with_dashboard' AIRFLOW_CTX_TASK_ID='mlflow_tracking' AIRFLOW_CTX_EXECUTION_DATE='2025-07-19T15:33:18.289109+00:00' AIRFLOW_CTX_TRY_NUMBER='1' AIRFLOW_CTX_DAG_RUN_ID='manual__2025-07-19T15:33:18.289109+00:00'
[2025-07-19T15:41:57.754+0000] {subprocess.py:63} INFO - Tmp dir root location: /tmp
[2025-07-19T15:41:57.988+0000] {subprocess.py:75} INFO - Running command: ['/usr/bin/bash', '-c', 'python /opt/***/dags/mlflow_tracking.py']
[2025-07-19T15:41:58.361+0000] {subprocess.py:86} INFO - Output:
[2025-07-19T15:42:04.616+0000] {subprocess.py:93} INFO - python: can't open file '/opt/***/dags/mlflow_tracking.py': [Errno 2] No such file or directory
[2025-07-19T15:42:04.618+0000] {subprocess.py:97} INFO - Command exited with return code 2
[2025-07-19T15:42:04.737+0000] {taskinstance.py:2698} ERROR - Task failed with exception
Traceback (most recent call last):
  File "/home/airflow/.local/lib/python3.8/site-packages/airflow/models/taskinstance.py", line 433, in _execute_task
    result = execute_callable(context=context, **execute_callable_kwargs)
  File "/home/airflow/.local/lib/python3.8/site-packages/airflow/operators/bash.py", line 212, in execute
    raise AirflowException(
airflow.exceptions.AirflowException: Bash command failed. The command returned a non-zero exit code 2.
[2025-07-19T15:42:05.007+0000] {taskinstance.py:1138} INFO - Marking task as UP_FOR_RETRY. dag_id=ml_pipeline_with_dashboard, task_id=mlflow_tracking, execution_date=20250719T153318, start_date=20250719T154141, end_date=20250719T154204
[2025-07-19T15:42:05.180+0000] {standard_task_runner.py:107} ERROR - Failed to execute job 173 for task mlflow_tracking (Bash command failed. The command returned a non-zero exit code 2.; 10567)
[2025-07-19T15:42:05.203+0000] {local_task_job_runner.py:234} INFO - Task exited with return code 1
[2025-07-19T15:42:05.260+0000] {taskinstance.py:3280} INFO - 0 downstream tasks scheduled from follow-on schedule check
