[2025-07-18T21:49:16.161+0000] {taskinstance.py:1090} INFO - Dependencies all met for dep_context=non-requeueable deps ti=<TaskInstance: run_eda_script_python.run_eda manual__2025-07-18T21:49:14.870374+00:00 [queued]>
[2025-07-18T21:49:16.171+0000] {taskinstance.py:1090} INFO - Dependencies all met for dep_context=requeueable deps ti=<TaskInstance: run_eda_script_python.run_eda manual__2025-07-18T21:49:14.870374+00:00 [queued]>
[2025-07-18T21:49:16.172+0000] {taskinstance.py:1288} INFO - 
--------------------------------------------------------------------------------
[2025-07-18T21:49:16.172+0000] {taskinstance.py:1289} INFO - Starting attempt 1 of 2
[2025-07-18T21:49:16.173+0000] {taskinstance.py:1290} INFO - 
--------------------------------------------------------------------------------
[2025-07-18T21:49:16.185+0000] {taskinstance.py:1309} INFO - Executing <Task(PythonOperator): run_eda> on 2025-07-18 21:49:14.870374+00:00
[2025-07-18T21:49:16.189+0000] {standard_task_runner.py:55} INFO - Started process 328 to run task
[2025-07-18T21:49:16.192+0000] {standard_task_runner.py:82} INFO - Running: ['***', 'tasks', 'run', 'run_eda_script_python', 'run_eda', 'manual__2025-07-18T21:49:14.870374+00:00', '--job-id', '4', '--raw', '--subdir', 'DAGS_FOLDER/demo.py', '--cfg-path', '/tmp/tmp7wgof7hv']
[2025-07-18T21:49:16.195+0000] {standard_task_runner.py:83} INFO - Job 4: Subtask run_eda
[2025-07-18T21:49:16.285+0000] {task_command.py:389} INFO - Running <TaskInstance: run_eda_script_python.run_eda manual__2025-07-18T21:49:14.870374+00:00 [running]> on host 9609dee7e891
[2025-07-18T21:49:16.343+0000] {taskinstance.py:1516} INFO - Exporting the following env vars:
AIRFLOW_CTX_DAG_OWNER=***
AIRFLOW_CTX_DAG_ID=run_eda_script_python
AIRFLOW_CTX_TASK_ID=run_eda
AIRFLOW_CTX_EXECUTION_DATE=2025-07-18T21:49:14.870374+00:00
AIRFLOW_CTX_TRY_NUMBER=1
AIRFLOW_CTX_DAG_RUN_ID=manual__2025-07-18T21:49:14.870374+00:00
[2025-07-18T21:49:16.344+0000] {taskinstance.py:1776} ERROR - Task failed with exception
Traceback (most recent call last):
  File "/home/airflow/.local/lib/python3.10/site-packages/airflow/operators/python.py", line 175, in execute
    return_value = self.execute_callable()
  File "/home/airflow/.local/lib/python3.10/site-packages/airflow/operators/python.py", line 192, in execute_callable
    return self.python_callable(*self.op_args, **self.op_kwargs)
  File "/opt/airflow/dags/demo.py", line 14, in run_eda_script
    with open(script_path, 'r') as file:
FileNotFoundError: [Errno 2] No such file or directory: 'C:\\Users\\Minfy.DESKTOP-3E50D5N\\Music\\customer_lead\\airflow\\scripts\\eda.py'
[2025-07-18T21:49:16.355+0000] {taskinstance.py:1327} INFO - Marking task as UP_FOR_RETRY. dag_id=run_eda_script_python, task_id=run_eda, execution_date=20250718T214914, start_date=20250718T214916, end_date=20250718T214916
[2025-07-18T21:49:16.365+0000] {standard_task_runner.py:100} ERROR - Failed to execute job 4 for task run_eda ([Errno 2] No such file or directory: 'C:\\Users\\Minfy.DESKTOP-3E50D5N\\Music\\customer_lead\\airflow\\scripts\\eda.py'; 328)
[2025-07-18T21:49:16.380+0000] {local_task_job.py:212} INFO - Task exited with return code 1
[2025-07-18T21:49:16.392+0000] {taskinstance.py:2596} INFO - 0 downstream tasks scheduled from follow-on schedule check
