[2025-07-18T21:51:47.773+0000] {taskinstance.py:1090} INFO - Dependencies all met for dep_context=non-requeueable deps ti=<TaskInstance: run_eda_script_python.run_eda manual__2025-07-18T21:49:14.870374+00:00 [queued]>
[2025-07-18T21:51:47.785+0000] {taskinstance.py:1090} INFO - Dependencies all met for dep_context=requeueable deps ti=<TaskInstance: run_eda_script_python.run_eda manual__2025-07-18T21:49:14.870374+00:00 [queued]>
[2025-07-18T21:51:47.786+0000] {taskinstance.py:1288} INFO - 
--------------------------------------------------------------------------------
[2025-07-18T21:51:47.787+0000] {taskinstance.py:1289} INFO - Starting attempt 2 of 2
[2025-07-18T21:51:47.787+0000] {taskinstance.py:1290} INFO - 
--------------------------------------------------------------------------------
[2025-07-18T21:51:47.802+0000] {taskinstance.py:1309} INFO - Executing <Task(PythonOperator): run_eda> on 2025-07-18 21:49:14.870374+00:00
[2025-07-18T21:51:47.808+0000] {standard_task_runner.py:55} INFO - Started process 385 to run task
[2025-07-18T21:51:47.813+0000] {standard_task_runner.py:82} INFO - Running: ['***', 'tasks', 'run', 'run_eda_script_python', 'run_eda', 'manual__2025-07-18T21:49:14.870374+00:00', '--job-id', '5', '--raw', '--subdir', 'DAGS_FOLDER/demo.py', '--cfg-path', '/tmp/tmpshn7x0ru']
[2025-07-18T21:51:47.815+0000] {standard_task_runner.py:83} INFO - Job 5: Subtask run_eda
[2025-07-18T21:51:47.880+0000] {task_command.py:389} INFO - Running <TaskInstance: run_eda_script_python.run_eda manual__2025-07-18T21:49:14.870374+00:00 [running]> on host 9609dee7e891
[2025-07-18T21:51:47.984+0000] {taskinstance.py:1516} INFO - Exporting the following env vars:
AIRFLOW_CTX_DAG_OWNER=***
AIRFLOW_CTX_DAG_ID=run_eda_script_python
AIRFLOW_CTX_TASK_ID=run_eda
AIRFLOW_CTX_EXECUTION_DATE=2025-07-18T21:49:14.870374+00:00
AIRFLOW_CTX_TRY_NUMBER=2
AIRFLOW_CTX_DAG_RUN_ID=manual__2025-07-18T21:49:14.870374+00:00
[2025-07-18T21:52:48.817+0000] {font_manager.py:1095} WARNING - Matplotlib is building the font cache; this may take a moment.
[2025-07-18T21:52:49.246+0000] {font_manager.py:1639} INFO - generated new fontManager
[2025-07-18T21:53:44.863+0000] {python.py:177} INFO - Done. Returned value was: None
[2025-07-18T21:53:44.876+0000] {taskinstance.py:1327} INFO - Marking task as SUCCESS. dag_id=run_eda_script_python, task_id=run_eda, execution_date=20250718T214914, start_date=20250718T215147, end_date=20250718T215344
[2025-07-18T21:53:45.095+0000] {local_task_job.py:212} INFO - Task exited with return code 0
[2025-07-18T21:53:45.115+0000] {taskinstance.py:2596} INFO - 0 downstream tasks scheduled from follow-on schedule check
