[2025-07-19T09:26:34.738+0000] {taskinstance.py:1956} INFO - Dependencies all met for dep_context=non-requeueable deps ti=<TaskInstance: ml_model_training_pipeline.train_ml_model manual__2025-07-19T09:24:46.799879+00:00 [queued]>
[2025-07-19T09:26:34.746+0000] {taskinstance.py:1956} INFO - Dependencies all met for dep_context=requeueable deps ti=<TaskInstance: ml_model_training_pipeline.train_ml_model manual__2025-07-19T09:24:46.799879+00:00 [queued]>
[2025-07-19T09:26:34.746+0000] {taskinstance.py:2170} INFO - Starting attempt 1 of 2
[2025-07-19T09:26:34.780+0000] {taskinstance.py:2191} INFO - Executing <Task(PythonOperator): train_ml_model> on 2025-07-19 09:24:46.799879+00:00
[2025-07-19T09:26:34.787+0000] {standard_task_runner.py:60} INFO - Started process 8984 to run task
[2025-07-19T09:26:34.789+0000] {standard_task_runner.py:87} INFO - Running: ['***', 'tasks', 'run', 'ml_model_training_pipeline', 'train_ml_model', 'manual__2025-07-19T09:24:46.799879+00:00', '--job-id', '86', '--raw', '--subdir', 'DAGS_FOLDER/modal_***.py', '--cfg-path', '/tmp/tmpc9kngocd']
[2025-07-19T09:26:34.791+0000] {standard_task_runner.py:88} INFO - Job 86: Subtask train_ml_model
[2025-07-19T09:26:35.714+0000] {task_command.py:423} INFO - Running <TaskInstance: ml_model_training_pipeline.train_ml_model manual__2025-07-19T09:24:46.799879+00:00 [running]> on host 2b6a031b4c87
[2025-07-19T09:26:36.398+0000] {taskinstance.py:2480} INFO - Exporting env vars: AIRFLOW_CTX_DAG_OWNER='ml_team' AIRFLOW_CTX_DAG_ID='ml_model_training_pipeline' AIRFLOW_CTX_TASK_ID='train_ml_model' AIRFLOW_CTX_EXECUTION_DATE='2025-07-19T09:24:46.799879+00:00' AIRFLOW_CTX_TRY_NUMBER='1' AIRFLOW_CTX_DAG_RUN_ID='manual__2025-07-19T09:24:46.799879+00:00'
[2025-07-19T09:34:53.335+0000] {modal_airflow.py:26} INFO - ✅ Data file found: /opt/***/data/preprocessed_data.csv
[2025-07-19T09:37:03.518+0000] {modal_airflow.py:152} INFO - Dataset shape: (9240, 181)
[2025-07-19T09:37:03.525+0000] {modal_airflow.py:153} INFO - Training set: 7392 samples
[2025-07-19T09:37:03.677+0000] {modal_airflow.py:154} INFO - Test set: 1848 samples
[2025-07-19T09:37:03.677+0000] {modal_airflow.py:155} INFO - Features: 180
[2025-07-19T09:37:03.677+0000] {modal_airflow.py:267} INFO - Starting comprehensive analysis...
[2025-07-19T09:37:03.678+0000] {modal_airflow.py:161} INFO - Starting model training with hyperparameter tuning...
[2025-07-19T09:37:03.678+0000] {modal_airflow.py:165} INFO - Training Random Forest...
[2025-07-19T09:38:07.648+0000] {modal_airflow.py:190} INFO - Best CV Score: 0.9767
[2025-07-19T09:38:07.649+0000] {modal_airflow.py:191} INFO - Training Time: 63.97 seconds
[2025-07-19T09:38:07.649+0000] {modal_airflow.py:165} INFO - Training Gradient Boosting...
[2025-07-19T09:39:03.442+0000] {modal_airflow.py:190} INFO - Best CV Score: 0.9796
[2025-07-19T09:39:03.443+0000] {modal_airflow.py:191} INFO - Training Time: 55.79 seconds
[2025-07-19T09:39:03.443+0000] {modal_airflow.py:165} INFO - Training Logistic Regression...
[2025-07-19T09:40:20.910+0000] {modal_airflow.py:190} INFO - Best CV Score: 0.9744
[2025-07-19T09:40:20.911+0000] {modal_airflow.py:191} INFO - Training Time: 77.47 seconds
[2025-07-19T09:40:20.912+0000] {modal_airflow.py:194} INFO - All models trained successfully!
[2025-07-19T09:40:20.912+0000] {modal_airflow.py:202} INFO - Evaluating models on test set...
[2025-07-19T09:40:21.243+0000] {modal_airflow.py:231} INFO - Model Performance Comparison:
[2025-07-19T09:40:21.349+0000] {modal_airflow.py:232} INFO -                      Accuracy  Precision  Recall  F1-Score  ROC-AUC  CV_Score  Training_Time
Gradient Boosting      0.9318     0.9014  0.9242    0.9126   0.9779    0.9796        55.7929
Random Forest          0.9167     0.9189  0.8596    0.8882   0.9743    0.9767        63.9692
Logistic Regression    0.9232     0.9025  0.8975    0.9000   0.9719    0.9744        77.4664
[2025-07-19T09:40:21.349+0000] {modal_airflow.py:233} INFO - Best Model: Gradient Boosting
[2025-07-19T09:40:21.350+0000] {modal_airflow.py:234} INFO - Best ROC-AUC Score: 0.9779
[2025-07-19T09:40:21.666+0000] {modal_airflow.py:259} INFO - Best model saved to: /opt/***/model/best_model_gradient_boosting.pkl
[2025-07-19T09:40:21.667+0000] {modal_airflow.py:260} INFO - Model: Gradient Boosting
[2025-07-19T09:40:21.668+0000] {modal_airflow.py:261} INFO - ROC-AUC Score: 0.9779
[2025-07-19T09:40:21.668+0000] {modal_airflow.py:294} INFO - ✅ Analysis complete!
[2025-07-19T09:40:21.669+0000] {modal_airflow.py:295} INFO - 📁 Model saved to: /opt/***/model/best_model_gradient_boosting.pkl
[2025-07-19T09:40:21.669+0000] {modal_airflow.py:300} INFO - ✅ Model file verified: 535383 bytes
[2025-07-19T09:40:21.674+0000] {python.py:201} INFO - Done. Returned value was: {'results_df':                      Accuracy  Precision  ...  CV_Score  Training_Time
Gradient Boosting    0.931818   0.901370  ...  0.979591      55.792880
Random Forest        0.916667   0.918919  ...  0.976750      63.969197
Logistic Regression  0.923160   0.902542  ...  0.974388      77.466401

[3 rows x 7 columns], 'model_path': '/opt/***/model/best_model_gradient_boosting.pkl'}
[2025-07-19T09:40:28.176+0000] {taskinstance.py:1138} INFO - Marking task as SUCCESS. dag_id=ml_model_training_pipeline, task_id=train_ml_model, execution_date=20250719T092446, start_date=20250719T092634, end_date=20250719T094028
[2025-07-19T09:40:29.053+0000] {local_task_job_runner.py:234} INFO - Task exited with return code 0
[2025-07-19T09:40:32.765+0000] {taskinstance.py:3280} INFO - 1 downstream tasks scheduled from follow-on schedule check
