[2025-07-19T05:47:53.766+0000] {taskinstance.py:1956} INFO - Dependencies all met for dep_context=non-requeueable deps ti=<TaskInstance: check_sklearn_version.check_sklearn_version_installed manual__2025-07-19T05:47:23.602146+00:00 [queued]>
[2025-07-19T05:47:53.779+0000] {taskinstance.py:1956} INFO - Dependencies all met for dep_context=requeueable deps ti=<TaskInstance: check_sklearn_version.check_sklearn_version_installed manual__2025-07-19T05:47:23.602146+00:00 [queued]>
[2025-07-19T05:47:53.780+0000] {taskinstance.py:2170} INFO - Starting attempt 1 of 1
[2025-07-19T05:47:53.800+0000] {taskinstance.py:2191} INFO - Executing <Task(BashOperator): check_sklearn_version_installed> on 2025-07-19 05:47:23.602146+00:00
[2025-07-19T05:47:53.895+0000] {standard_task_runner.py:60} INFO - Started process 919 to run task
[2025-07-19T05:47:53.898+0000] {standard_task_runner.py:87} INFO - Running: ['***', 'tasks', 'run', 'check_sklearn_version', 'check_sklearn_version_installed', 'manual__2025-07-19T05:47:23.602146+00:00', '--job-id', '37', '--raw', '--subdir', 'DAGS_FOLDER/check_version.py', '--cfg-path', '/tmp/tmpfwhs7dbq']
[2025-07-19T05:47:53.901+0000] {standard_task_runner.py:88} INFO - Job 37: Subtask check_sklearn_version_installed
[2025-07-19T05:47:54.019+0000] {task_command.py:423} INFO - Running <TaskInstance: check_sklearn_version.check_sklearn_version_installed manual__2025-07-19T05:47:23.602146+00:00 [running]> on host 2b6a031b4c87
[2025-07-19T05:47:54.597+0000] {taskinstance.py:2480} INFO - Exporting env vars: AIRFLOW_CTX_DAG_OWNER='***' AIRFLOW_CTX_DAG_ID='check_sklearn_version' AIRFLOW_CTX_TASK_ID='check_sklearn_version_installed' AIRFLOW_CTX_EXECUTION_DATE='2025-07-19T05:47:23.602146+00:00' AIRFLOW_CTX_TRY_NUMBER='1' AIRFLOW_CTX_DAG_RUN_ID='manual__2025-07-19T05:47:23.602146+00:00'
[2025-07-19T05:47:54.599+0000] {subprocess.py:63} INFO - Tmp dir root location: /tmp
[2025-07-19T05:47:54.716+0000] {subprocess.py:75} INFO - Running command: ['/usr/bin/bash', '-c', 'pip show scikit-learn']
[2025-07-19T05:47:55.347+0000] {subprocess.py:86} INFO - Output:
[2025-07-19T05:47:57.787+0000] {subprocess.py:93} INFO - WARNING: Package(s) not found: scikit-learn
[2025-07-19T05:47:57.842+0000] {subprocess.py:97} INFO - Command exited with return code 1
[2025-07-19T05:47:57.866+0000] {taskinstance.py:2698} ERROR - Task failed with exception
Traceback (most recent call last):
  File "/home/airflow/.local/lib/python3.8/site-packages/airflow/models/taskinstance.py", line 433, in _execute_task
    result = execute_callable(context=context, **execute_callable_kwargs)
  File "/home/airflow/.local/lib/python3.8/site-packages/airflow/operators/bash.py", line 212, in execute
    raise AirflowException(
airflow.exceptions.AirflowException: Bash command failed. The command returned a non-zero exit code 1.
[2025-07-19T05:47:57.869+0000] {taskinstance.py:1138} INFO - Marking task as FAILED. dag_id=check_sklearn_version, task_id=check_sklearn_version_installed, execution_date=20250719T054723, start_date=20250719T054753, end_date=20250719T054757
[2025-07-19T05:47:57.925+0000] {standard_task_runner.py:107} ERROR - Failed to execute job 37 for task check_sklearn_version_installed (Bash command failed. The command returned a non-zero exit code 1.; 919)
[2025-07-19T05:47:57.961+0000] {local_task_job_runner.py:234} INFO - Task exited with return code 1
[2025-07-19T05:47:57.993+0000] {taskinstance.py:3280} INFO - 0 downstream tasks scheduled from follow-on schedule check
