[2025-07-19T04:58:37.793+0000] {taskinstance.py:1090} INFO - Dependencies all met for dep_context=non-requeueable deps ti=<TaskInstance: run_preprocess_script_fixed.run_eda manual__2025-07-19T04:58:13.666834+00:00 [queued]>
[2025-07-19T04:58:37.801+0000] {taskinstance.py:1090} INFO - Dependencies all met for dep_context=requeueable deps ti=<TaskInstance: run_preprocess_script_fixed.run_eda manual__2025-07-19T04:58:13.666834+00:00 [queued]>
[2025-07-19T04:58:37.802+0000] {taskinstance.py:1288} INFO - 
--------------------------------------------------------------------------------
[2025-07-19T04:58:37.847+0000] {taskinstance.py:1289} INFO - Starting attempt 1 of 2
[2025-07-19T04:58:37.847+0000] {taskinstance.py:1290} INFO - 
--------------------------------------------------------------------------------
[2025-07-19T04:58:38.049+0000] {taskinstance.py:1309} INFO - Executing <Task(PythonOperator): run_eda> on 2025-07-19 04:58:13.666834+00:00
[2025-07-19T04:58:38.112+0000] {standard_task_runner.py:55} INFO - Started process 1252 to run task
[2025-07-19T04:58:38.116+0000] {standard_task_runner.py:82} INFO - Running: ['***', 'tasks', 'run', 'run_preprocess_script_fixed', 'run_eda', 'manual__2025-07-19T04:58:13.666834+00:00', '--job-id', '26', '--raw', '--subdir', 'DAGS_FOLDER/preprocess_***.py', '--cfg-path', '/tmp/tmp7kjh89df']
[2025-07-19T04:58:38.118+0000] {standard_task_runner.py:83} INFO - Job 26: Subtask run_eda
[2025-07-19T04:58:38.473+0000] {task_command.py:389} INFO - Running <TaskInstance: run_preprocess_script_fixed.run_eda manual__2025-07-19T04:58:13.666834+00:00 [running]> on host 398705dcf644
[2025-07-19T04:58:38.889+0000] {taskinstance.py:1516} INFO - Exporting the following env vars:
AIRFLOW_CTX_DAG_OWNER=***
AIRFLOW_CTX_DAG_ID=run_preprocess_script_fixed
AIRFLOW_CTX_TASK_ID=run_eda
AIRFLOW_CTX_EXECUTION_DATE=2025-07-19T04:58:13.666834+00:00
AIRFLOW_CTX_TRY_NUMBER=1
AIRFLOW_CTX_DAG_RUN_ID=manual__2025-07-19T04:58:13.666834+00:00
[2025-07-19T04:59:25.239+0000] {logging_mixin.py:137} INFO - ✅ All libraries imported successfully!
[2025-07-19T04:59:25.296+0000] {logging_mixin.py:137} INFO - Input file: C:\Users\Minfy.DESKTOP-3E50D5N\Desktop\final_capstone\raw_data\Lead Scoring.csv
[2025-07-19T04:59:25.297+0000] {logging_mixin.py:137} INFO - Output folder: C:\Users\Minfy.DESKTOP-3E50D5N\Desktop\final_capstone\preprocess\preprocessed_output
[2025-07-19T04:59:25.299+0000] {logging_mixin.py:137} INFO - 🔄 Loading data from: C:\Users\Minfy.DESKTOP-3E50D5N\Desktop\final_capstone\raw_data\Lead Scoring.csv
[2025-07-19T04:59:25.707+0000] {logging_mixin.py:137} INFO - ❌ Error loading data: [Errno 2] No such file or directory: 'C:\\Users\\Minfy.DESKTOP-3E50D5N\\Desktop\\final_capstone\\raw_data\\Lead Scoring.csv'
[2025-07-19T04:59:25.712+0000] {taskinstance.py:1776} ERROR - Task failed with exception
Traceback (most recent call last):
  File "/home/airflow/.local/lib/python3.10/site-packages/airflow/operators/python.py", line 175, in execute
    return_value = self.execute_callable()
  File "/home/airflow/.local/lib/python3.10/site-packages/airflow/operators/python.py", line 192, in execute_callable
    return self.python_callable(*self.op_args, **self.op_kwargs)
  File "/opt/airflow/dags/preprocess_airflow.py", line 15, in run_eda_script
    exec(f.read(), globals())
  File "<string>", line 37, in <module>
  File "<string>", line 29, in load_data
  File "/home/airflow/.local/lib/python3.10/site-packages/pandas/util/_decorators.py", line 211, in wrapper
    return func(*args, **kwargs)
  File "/home/airflow/.local/lib/python3.10/site-packages/pandas/util/_decorators.py", line 331, in wrapper
    return func(*args, **kwargs)
  File "/home/airflow/.local/lib/python3.10/site-packages/pandas/io/parsers/readers.py", line 950, in read_csv
    return _read(filepath_or_buffer, kwds)
  File "/home/airflow/.local/lib/python3.10/site-packages/pandas/io/parsers/readers.py", line 605, in _read
    parser = TextFileReader(filepath_or_buffer, **kwds)
  File "/home/airflow/.local/lib/python3.10/site-packages/pandas/io/parsers/readers.py", line 1442, in __init__
    self._engine = self._make_engine(f, self.engine)
  File "/home/airflow/.local/lib/python3.10/site-packages/pandas/io/parsers/readers.py", line 1735, in _make_engine
    self.handles = get_handle(
  File "/home/airflow/.local/lib/python3.10/site-packages/pandas/io/common.py", line 856, in get_handle
    handle = open(
FileNotFoundError: [Errno 2] No such file or directory: 'C:\\Users\\Minfy.DESKTOP-3E50D5N\\Desktop\\final_capstone\\raw_data\\Lead Scoring.csv'
[2025-07-19T04:59:27.435+0000] {taskinstance.py:1327} INFO - Marking task as UP_FOR_RETRY. dag_id=run_preprocess_script_fixed, task_id=run_eda, execution_date=20250719T045813, start_date=20250719T045837, end_date=20250719T045927
[2025-07-19T04:59:27.506+0000] {standard_task_runner.py:100} ERROR - Failed to execute job 26 for task run_eda ([Errno 2] No such file or directory: 'C:\\Users\\Minfy.DESKTOP-3E50D5N\\Desktop\\final_capstone\\raw_data\\Lead Scoring.csv'; 1252)
[2025-07-19T04:59:27.547+0000] {local_task_job.py:212} INFO - Task exited with return code 1
[2025-07-19T04:59:27.571+0000] {taskinstance.py:2596} INFO - 0 downstream tasks scheduled from follow-on schedule check
