[2025-07-19T04:38:19.404+0000] {taskinstance.py:1090} INFO - Dependencies all met for dep_context=non-requeueable deps ti=<TaskInstance: run_preprocess_scriptooooooooooooooo.run_preprocess manual__2025-07-19T04:38:11.354448+00:00 [queued]>
[2025-07-19T04:38:19.413+0000] {taskinstance.py:1090} INFO - Dependencies all met for dep_context=requeueable deps ti=<TaskInstance: run_preprocess_scriptooooooooooooooo.run_preprocess manual__2025-07-19T04:38:11.354448+00:00 [queued]>
[2025-07-19T04:38:19.413+0000] {taskinstance.py:1288} INFO - 
--------------------------------------------------------------------------------
[2025-07-19T04:38:19.414+0000] {taskinstance.py:1289} INFO - Starting attempt 1 of 2
[2025-07-19T04:38:19.414+0000] {taskinstance.py:1290} INFO - 
--------------------------------------------------------------------------------
[2025-07-19T04:38:19.430+0000] {taskinstance.py:1309} INFO - Executing <Task(BashOperator): run_preprocess> on 2025-07-19 04:38:11.354448+00:00
[2025-07-19T04:38:19.465+0000] {standard_task_runner.py:55} INFO - Started process 957 to run task
[2025-07-19T04:38:19.478+0000] {standard_task_runner.py:82} INFO - Running: ['***', 'tasks', 'run', 'run_preprocess_scriptooooooooooooooo', 'run_preprocess', 'manual__2025-07-19T04:38:11.354448+00:00', '--job-id', '18', '--raw', '--subdir', 'DAGS_FOLDER/example.py', '--cfg-path', '/tmp/tmpi5n01utk']
[2025-07-19T04:38:19.488+0000] {standard_task_runner.py:83} INFO - Job 18: Subtask run_preprocess
[2025-07-19T04:38:19.751+0000] {task_command.py:389} INFO - Running <TaskInstance: run_preprocess_scriptooooooooooooooo.run_preprocess manual__2025-07-19T04:38:11.354448+00:00 [running]> on host 398705dcf644
[2025-07-19T04:38:19.999+0000] {taskinstance.py:1516} INFO - Exporting the following env vars:
AIRFLOW_CTX_DAG_OWNER=***
AIRFLOW_CTX_DAG_ID=run_preprocess_scriptooooooooooooooo
AIRFLOW_CTX_TASK_ID=run_preprocess
AIRFLOW_CTX_EXECUTION_DATE=2025-07-19T04:38:11.354448+00:00
AIRFLOW_CTX_TRY_NUMBER=1
AIRFLOW_CTX_DAG_RUN_ID=manual__2025-07-19T04:38:11.354448+00:00
[2025-07-19T04:38:20.932+0000] {subprocess.py:63} INFO - Tmp dir root location: 
 /tmp
[2025-07-19T04:38:21.244+0000] {subprocess.py:75} INFO - Running command: ['/bin/bash', '-c', 'python /opt/***/scripts/preprocess.py']
[2025-07-19T04:38:21.713+0000] {subprocess.py:86} INFO - Output:
[2025-07-19T04:38:27.551+0000] {subprocess.py:93} INFO - python: can't open file '/opt/***/scripts/preprocess.py': [Errno 2] No such file or directory
[2025-07-19T04:38:27.692+0000] {subprocess.py:97} INFO - Command exited with return code 2
[2025-07-19T04:38:28.096+0000] {taskinstance.py:1776} ERROR - Task failed with exception
Traceback (most recent call last):
  File "/home/airflow/.local/lib/python3.10/site-packages/airflow/operators/bash.py", line 196, in execute
    raise AirflowException(
airflow.exceptions.AirflowException: Bash command failed. The command returned a non-zero exit code 2.
[2025-07-19T04:38:28.116+0000] {taskinstance.py:1327} INFO - Marking task as UP_FOR_RETRY. dag_id=run_preprocess_scriptooooooooooooooo, task_id=run_preprocess, execution_date=20250719T043811, start_date=20250719T043819, end_date=20250719T043828
[2025-07-19T04:38:28.171+0000] {standard_task_runner.py:100} ERROR - Failed to execute job 18 for task run_preprocess (Bash command failed. The command returned a non-zero exit code 2.; 957)
[2025-07-19T04:38:28.202+0000] {local_task_job.py:212} INFO - Task exited with return code 1
[2025-07-19T04:38:28.264+0000] {taskinstance.py:2596} INFO - 0 downstream tasks scheduled from follow-on schedule check
