[2025-07-19T04:07:33.226+0000] {processor.py:153} INFO - Started process (PID=164) to work on /opt/airflow/dags/demo.py
[2025-07-19T04:07:33.227+0000] {processor.py:743} INFO - Processing file /opt/airflow/dags/demo.py for tasks to queue
[2025-07-19T04:07:33.228+0000] {logging_mixin.py:137} INFO - [2025-07-19T04:07:33.228+0000] {dagbag.py:532} INFO - Filling up the DagBag from /opt/airflow/dags/demo.py
[2025-07-19T04:07:33.282+0000] {processor.py:753} INFO - DAG(s) dict_keys(['run_eda_script_python']) retrieved from /opt/airflow/dags/demo.py
[2025-07-19T04:07:33.513+0000] {logging_mixin.py:137} INFO - [2025-07-19T04:07:33.513+0000] {manager.py:504} INFO - Created Permission View: can edit on DAG:run_eda_script_python
[2025-07-19T04:07:33.524+0000] {logging_mixin.py:137} INFO - [2025-07-19T04:07:33.524+0000] {manager.py:504} INFO - Created Permission View: can read on DAG:run_eda_script_python
[2025-07-19T04:07:33.533+0000] {logging_mixin.py:137} INFO - [2025-07-19T04:07:33.533+0000] {manager.py:504} INFO - Created Permission View: can delete on DAG:run_eda_script_python
[2025-07-19T04:07:33.533+0000] {logging_mixin.py:137} INFO - [2025-07-19T04:07:33.533+0000] {dag.py:2705} INFO - Sync 1 DAGs
[2025-07-19T04:07:33.546+0000] {logging_mixin.py:137} INFO - [2025-07-19T04:07:33.545+0000] {dag.py:2726} INFO - Creating ORM DAG for run_eda_script_python
[2025-07-19T04:07:33.555+0000] {logging_mixin.py:137} INFO - [2025-07-19T04:07:33.555+0000] {dag.py:3452} INFO - Setting next_dagrun for run_eda_script_python to None, run_after=None
[2025-07-19T04:07:33.855+0000] {logging_mixin.py:137} WARNING - /home/airflow/.local/lib/python3.10/site-packages/airflow/models/dagbag.py:633 RemovedInAirflow3Warning: DAG.full_filepath is deprecated in favour of fileloc
[2025-07-19T04:07:33.858+0000] {logging_mixin.py:137} INFO - [2025-07-19T04:07:33.856+0000] {dagbag.py:633} ERROR - Failed to write serialized DAG: /opt/airflow/dags/demo.py
Traceback (most recent call last):
  File "/home/airflow/.local/lib/python3.10/site-packages/airflow/models/dagbag.py", line 622, in _serialize_dag_capturing_errors
    dag_was_updated = SerializedDagModel.write_dag(
  File "/home/airflow/.local/lib/python3.10/site-packages/airflow/utils/session.py", line 72, in wrapper
    return func(*args, **kwargs)
  File "/home/airflow/.local/lib/python3.10/site-packages/airflow/models/serialized_dag.py", line 152, in write_dag
    .scalar()
  File "/home/airflow/.local/lib/python3.10/site-packages/sqlalchemy/orm/query.py", line 2893, in scalar
    ret = self.one()
  File "/home/airflow/.local/lib/python3.10/site-packages/sqlalchemy/orm/query.py", line 2870, in one
    return self._iter().one()
  File "/home/airflow/.local/lib/python3.10/site-packages/sqlalchemy/orm/query.py", line 2916, in _iter
    result = self.session.execute(
  File "/home/airflow/.local/lib/python3.10/site-packages/sqlalchemy/orm/session.py", line 1713, in execute
    conn = self._connection_for_bind(bind)
  File "/home/airflow/.local/lib/python3.10/site-packages/sqlalchemy/orm/session.py", line 1552, in _connection_for_bind
    return self._transaction._connection_for_bind(
  File "/home/airflow/.local/lib/python3.10/site-packages/sqlalchemy/orm/session.py", line 721, in _connection_for_bind
    self._assert_active()
  File "/home/airflow/.local/lib/python3.10/site-packages/sqlalchemy/orm/session.py", line 601, in _assert_active
    raise sa_exc.PendingRollbackError(
sqlalchemy.exc.PendingRollbackError: This Session's transaction has been rolled back due to a previous exception during flush. To begin a new transaction with this Session, first issue Session.rollback(). Original exception was: (psycopg2.errors.UniqueViolation) duplicate key value violates unique constraint "dag_pkey"
DETAIL:  Key (dag_id)=(run_eda_script_python) already exists.

[SQL: INSERT INTO dag (dag_id, root_dag_id, is_paused, is_subdag, is_active, last_parsed_time, last_pickled, last_expired, scheduler_lock, pickle_id, fileloc, processor_subdir, owners, description, default_view, schedule_interval, timetable_description, max_active_tasks, max_active_runs, has_task_concurrency_limits, has_import_errors, next_dagrun, next_dagrun_data_interval_start, next_dagrun_data_interval_end, next_dagrun_create_after) VALUES (%(dag_id)s, %(root_dag_id)s, %(is_paused)s, %(is_subdag)s, %(is_active)s, %(last_parsed_time)s, %(last_pickled)s, %(last_expired)s, %(scheduler_lock)s, %(pickle_id)s, %(fileloc)s, %(processor_subdir)s, %(owners)s, %(description)s, %(default_view)s, %(schedule_interval)s, %(timetable_description)s, %(max_active_tasks)s, %(max_active_runs)s, %(has_task_concurrency_limits)s, %(has_import_errors)s, %(next_dagrun)s, %(next_dagrun_data_interval_start)s, %(next_dagrun_data_interval_end)s, %(next_dagrun_create_after)s)]
[parameters: {'dag_id': 'run_eda_script_python', 'root_dag_id': None, 'is_paused': True, 'is_subdag': False, 'is_active': True, 'last_parsed_time': datetime.datetime(2025, 7, 19, 4, 7, 33, 554838, tzinfo=Timezone('UTC')), 'last_pickled': None, 'last_expired': None, 'scheduler_lock': None, 'pickle_id': None, 'fileloc': '/opt/airflow/dags/demo.py', 'processor_subdir': '/opt/airflow/dags', 'owners': 'airflow', 'description': 'Run local EDA script using PythonOperator', 'default_view': 'grid', 'schedule_interval': 'null', 'timetable_description': 'Never, external triggers only', 'max_active_tasks': 16, 'max_active_runs': 16, 'has_task_concurrency_limits': False, 'has_import_errors': False, 'next_dagrun': None, 'next_dagrun_data_interval_start': None, 'next_dagrun_data_interval_end': None, 'next_dagrun_create_after': None}]
(Background on this error at: https://sqlalche.me/e/14/gkpj) (Background on this error at: https://sqlalche.me/e/14/7s2a)
[2025-07-19T04:07:33.859+0000] {logging_mixin.py:137} INFO - [2025-07-19T04:07:33.859+0000] {dag.py:2705} INFO - Sync 1 DAGs
[2025-07-19T04:07:33.860+0000] {processor.py:178} ERROR - Got an exception! Propagating...
Traceback (most recent call last):
  File "/home/airflow/.local/lib/python3.10/site-packages/airflow/dag_processing/processor.py", line 174, in _run_file_processor
    _handle_dag_file_processing()
  File "/home/airflow/.local/lib/python3.10/site-packages/airflow/dag_processing/processor.py", line 155, in _handle_dag_file_processing
    result: tuple[int, int] = dag_file_processor.process_file(
  File "/home/airflow/.local/lib/python3.10/site-packages/airflow/utils/session.py", line 75, in wrapper
    return func(*args, session=session, **kwargs)
  File "/home/airflow/.local/lib/python3.10/site-packages/airflow/dag_processing/processor.py", line 768, in process_file
    dagbag.sync_to_db(processor_subdir=self._dag_directory, session=session)
  File "/home/airflow/.local/lib/python3.10/site-packages/airflow/utils/session.py", line 72, in wrapper
    return func(*args, **kwargs)
  File "/home/airflow/.local/lib/python3.10/site-packages/airflow/models/dagbag.py", line 639, in sync_to_db
    for attempt in run_with_db_retries(logger=self.log):
  File "/home/airflow/.local/lib/python3.10/site-packages/tenacity/__init__.py", line 347, in __iter__
    do = self.iter(retry_state=retry_state)
  File "/home/airflow/.local/lib/python3.10/site-packages/tenacity/__init__.py", line 314, in iter
    return fut.result()
  File "/usr/local/lib/python3.10/concurrent/futures/_base.py", line 451, in result
    return self.__get_result()
  File "/usr/local/lib/python3.10/concurrent/futures/_base.py", line 403, in __get_result
    raise self._exception
  File "/home/airflow/.local/lib/python3.10/site-packages/airflow/models/dagbag.py", line 653, in sync_to_db
    DAG.bulk_write_to_db(
  File "/home/airflow/.local/lib/python3.10/site-packages/airflow/utils/session.py", line 72, in wrapper
    return func(*args, **kwargs)
  File "/home/airflow/.local/lib/python3.10/site-packages/airflow/models/dag.py", line 2716, in bulk_write_to_db
    orm_dags: list[DagModel] = with_row_locks(query, of=DagModel, session=session).all()
  File "/home/airflow/.local/lib/python3.10/site-packages/sqlalchemy/orm/query.py", line 2773, in all
    return self._iter().all()
  File "/home/airflow/.local/lib/python3.10/site-packages/sqlalchemy/orm/query.py", line 2916, in _iter
    result = self.session.execute(
  File "/home/airflow/.local/lib/python3.10/site-packages/sqlalchemy/orm/session.py", line 1713, in execute
    conn = self._connection_for_bind(bind)
  File "/home/airflow/.local/lib/python3.10/site-packages/sqlalchemy/orm/session.py", line 1552, in _connection_for_bind
    return self._transaction._connection_for_bind(
  File "/home/airflow/.local/lib/python3.10/site-packages/sqlalchemy/orm/session.py", line 721, in _connection_for_bind
    self._assert_active()
  File "/home/airflow/.local/lib/python3.10/site-packages/sqlalchemy/orm/session.py", line 601, in _assert_active
    raise sa_exc.PendingRollbackError(
sqlalchemy.exc.PendingRollbackError: This Session's transaction has been rolled back due to a previous exception during flush. To begin a new transaction with this Session, first issue Session.rollback(). Original exception was: (psycopg2.errors.UniqueViolation) duplicate key value violates unique constraint "dag_pkey"
DETAIL:  Key (dag_id)=(run_eda_script_python) already exists.

[SQL: INSERT INTO dag (dag_id, root_dag_id, is_paused, is_subdag, is_active, last_parsed_time, last_pickled, last_expired, scheduler_lock, pickle_id, fileloc, processor_subdir, owners, description, default_view, schedule_interval, timetable_description, max_active_tasks, max_active_runs, has_task_concurrency_limits, has_import_errors, next_dagrun, next_dagrun_data_interval_start, next_dagrun_data_interval_end, next_dagrun_create_after) VALUES (%(dag_id)s, %(root_dag_id)s, %(is_paused)s, %(is_subdag)s, %(is_active)s, %(last_parsed_time)s, %(last_pickled)s, %(last_expired)s, %(scheduler_lock)s, %(pickle_id)s, %(fileloc)s, %(processor_subdir)s, %(owners)s, %(description)s, %(default_view)s, %(schedule_interval)s, %(timetable_description)s, %(max_active_tasks)s, %(max_active_runs)s, %(has_task_concurrency_limits)s, %(has_import_errors)s, %(next_dagrun)s, %(next_dagrun_data_interval_start)s, %(next_dagrun_data_interval_end)s, %(next_dagrun_create_after)s)]
[parameters: {'dag_id': 'run_eda_script_python', 'root_dag_id': None, 'is_paused': True, 'is_subdag': False, 'is_active': True, 'last_parsed_time': datetime.datetime(2025, 7, 19, 4, 7, 33, 554838, tzinfo=Timezone('UTC')), 'last_pickled': None, 'last_expired': None, 'scheduler_lock': None, 'pickle_id': None, 'fileloc': '/opt/airflow/dags/demo.py', 'processor_subdir': '/opt/airflow/dags', 'owners': 'airflow', 'description': 'Run local EDA script using PythonOperator', 'default_view': 'grid', 'schedule_interval': 'null', 'timetable_description': 'Never, external triggers only', 'max_active_tasks': 16, 'max_active_runs': 16, 'has_task_concurrency_limits': False, 'has_import_errors': False, 'next_dagrun': None, 'next_dagrun_data_interval_start': None, 'next_dagrun_data_interval_end': None, 'next_dagrun_create_after': None}]
(Background on this error at: https://sqlalche.me/e/14/gkpj) (Background on this error at: https://sqlalche.me/e/14/7s2a)
[2025-07-19T04:08:04.502+0000] {processor.py:153} INFO - Started process (PID=174) to work on /opt/airflow/dags/demo.py
[2025-07-19T04:08:04.503+0000] {processor.py:743} INFO - Processing file /opt/airflow/dags/demo.py for tasks to queue
[2025-07-19T04:08:04.504+0000] {logging_mixin.py:137} INFO - [2025-07-19T04:08:04.504+0000] {dagbag.py:532} INFO - Filling up the DagBag from /opt/airflow/dags/demo.py
[2025-07-19T04:08:04.529+0000] {processor.py:753} INFO - DAG(s) dict_keys(['run_eda_script_python']) retrieved from /opt/airflow/dags/demo.py
[2025-07-19T04:08:04.561+0000] {logging_mixin.py:137} INFO - [2025-07-19T04:08:04.561+0000] {dag.py:2705} INFO - Sync 1 DAGs
[2025-07-19T04:08:04.607+0000] {logging_mixin.py:137} INFO - [2025-07-19T04:08:04.607+0000] {dag.py:3452} INFO - Setting next_dagrun for run_eda_script_python to None, run_after=None
[2025-07-19T04:08:04.634+0000] {processor.py:175} INFO - Processing /opt/airflow/dags/demo.py took 0.136 seconds
[2025-07-19T04:08:34.850+0000] {processor.py:153} INFO - Started process (PID=184) to work on /opt/airflow/dags/demo.py
[2025-07-19T04:08:34.851+0000] {processor.py:743} INFO - Processing file /opt/airflow/dags/demo.py for tasks to queue
[2025-07-19T04:08:34.851+0000] {logging_mixin.py:137} INFO - [2025-07-19T04:08:34.851+0000] {dagbag.py:532} INFO - Filling up the DagBag from /opt/airflow/dags/demo.py
[2025-07-19T04:08:34.872+0000] {processor.py:753} INFO - DAG(s) dict_keys(['run_eda_script_python']) retrieved from /opt/airflow/dags/demo.py
[2025-07-19T04:08:34.923+0000] {logging_mixin.py:137} INFO - [2025-07-19T04:08:34.922+0000] {dag.py:2705} INFO - Sync 1 DAGs
[2025-07-19T04:08:34.943+0000] {logging_mixin.py:137} INFO - [2025-07-19T04:08:34.942+0000] {dag.py:3452} INFO - Setting next_dagrun for run_eda_script_python to None, run_after=None
[2025-07-19T04:08:34.967+0000] {processor.py:175} INFO - Processing /opt/airflow/dags/demo.py took 0.121 seconds
[2025-07-19T04:09:05.157+0000] {processor.py:153} INFO - Started process (PID=194) to work on /opt/airflow/dags/demo.py
[2025-07-19T04:09:05.158+0000] {processor.py:743} INFO - Processing file /opt/airflow/dags/demo.py for tasks to queue
[2025-07-19T04:09:05.158+0000] {logging_mixin.py:137} INFO - [2025-07-19T04:09:05.158+0000] {dagbag.py:532} INFO - Filling up the DagBag from /opt/airflow/dags/demo.py
[2025-07-19T04:09:05.175+0000] {processor.py:753} INFO - DAG(s) dict_keys(['run_eda_script_python']) retrieved from /opt/airflow/dags/demo.py
[2025-07-19T04:09:05.216+0000] {logging_mixin.py:137} INFO - [2025-07-19T04:09:05.216+0000] {dag.py:2705} INFO - Sync 1 DAGs
[2025-07-19T04:09:05.237+0000] {logging_mixin.py:137} INFO - [2025-07-19T04:09:05.237+0000] {dag.py:3452} INFO - Setting next_dagrun for run_eda_script_python to None, run_after=None
[2025-07-19T04:09:05.257+0000] {processor.py:175} INFO - Processing /opt/airflow/dags/demo.py took 0.103 seconds
[2025-07-19T04:09:35.474+0000] {processor.py:153} INFO - Started process (PID=204) to work on /opt/airflow/dags/demo.py
[2025-07-19T04:09:35.475+0000] {processor.py:743} INFO - Processing file /opt/airflow/dags/demo.py for tasks to queue
[2025-07-19T04:09:35.476+0000] {logging_mixin.py:137} INFO - [2025-07-19T04:09:35.476+0000] {dagbag.py:532} INFO - Filling up the DagBag from /opt/airflow/dags/demo.py
[2025-07-19T04:09:35.498+0000] {processor.py:753} INFO - DAG(s) dict_keys(['run_eda_script_python']) retrieved from /opt/airflow/dags/demo.py
[2025-07-19T04:09:35.546+0000] {logging_mixin.py:137} INFO - [2025-07-19T04:09:35.546+0000] {dag.py:2705} INFO - Sync 1 DAGs
[2025-07-19T04:09:35.567+0000] {logging_mixin.py:137} INFO - [2025-07-19T04:09:35.567+0000] {dag.py:3452} INFO - Setting next_dagrun for run_eda_script_python to None, run_after=None
[2025-07-19T04:09:35.590+0000] {processor.py:175} INFO - Processing /opt/airflow/dags/demo.py took 0.120 seconds
[2025-07-19T04:10:05.771+0000] {processor.py:153} INFO - Started process (PID=214) to work on /opt/airflow/dags/demo.py
[2025-07-19T04:10:05.772+0000] {processor.py:743} INFO - Processing file /opt/airflow/dags/demo.py for tasks to queue
[2025-07-19T04:10:05.773+0000] {logging_mixin.py:137} INFO - [2025-07-19T04:10:05.773+0000] {dagbag.py:532} INFO - Filling up the DagBag from /opt/airflow/dags/demo.py
[2025-07-19T04:10:05.792+0000] {processor.py:753} INFO - DAG(s) dict_keys(['run_eda_script_python']) retrieved from /opt/airflow/dags/demo.py
[2025-07-19T04:10:05.833+0000] {logging_mixin.py:137} INFO - [2025-07-19T04:10:05.833+0000] {dag.py:2705} INFO - Sync 1 DAGs
[2025-07-19T04:10:05.853+0000] {logging_mixin.py:137} INFO - [2025-07-19T04:10:05.853+0000] {dag.py:3452} INFO - Setting next_dagrun for run_eda_script_python to None, run_after=None
[2025-07-19T04:10:05.874+0000] {processor.py:175} INFO - Processing /opt/airflow/dags/demo.py took 0.106 seconds
[2025-07-19T04:10:36.086+0000] {processor.py:153} INFO - Started process (PID=224) to work on /opt/airflow/dags/demo.py
[2025-07-19T04:10:36.087+0000] {processor.py:743} INFO - Processing file /opt/airflow/dags/demo.py for tasks to queue
[2025-07-19T04:10:36.088+0000] {logging_mixin.py:137} INFO - [2025-07-19T04:10:36.088+0000] {dagbag.py:532} INFO - Filling up the DagBag from /opt/airflow/dags/demo.py
[2025-07-19T04:10:36.107+0000] {processor.py:753} INFO - DAG(s) dict_keys(['run_eda_script_python']) retrieved from /opt/airflow/dags/demo.py
[2025-07-19T04:10:36.160+0000] {logging_mixin.py:137} INFO - [2025-07-19T04:10:36.159+0000] {dag.py:2705} INFO - Sync 1 DAGs
[2025-07-19T04:10:36.180+0000] {logging_mixin.py:137} INFO - [2025-07-19T04:10:36.180+0000] {dag.py:3452} INFO - Setting next_dagrun for run_eda_script_python to None, run_after=None
[2025-07-19T04:10:36.202+0000] {processor.py:175} INFO - Processing /opt/airflow/dags/demo.py took 0.119 seconds
[2025-07-19T04:11:06.388+0000] {processor.py:153} INFO - Started process (PID=234) to work on /opt/airflow/dags/demo.py
[2025-07-19T04:11:06.390+0000] {processor.py:743} INFO - Processing file /opt/airflow/dags/demo.py for tasks to queue
[2025-07-19T04:11:06.391+0000] {logging_mixin.py:137} INFO - [2025-07-19T04:11:06.391+0000] {dagbag.py:532} INFO - Filling up the DagBag from /opt/airflow/dags/demo.py
[2025-07-19T04:11:06.411+0000] {processor.py:753} INFO - DAG(s) dict_keys(['run_eda_script_python']) retrieved from /opt/airflow/dags/demo.py
[2025-07-19T04:11:06.446+0000] {logging_mixin.py:137} INFO - [2025-07-19T04:11:06.446+0000] {dag.py:2705} INFO - Sync 1 DAGs
[2025-07-19T04:11:06.466+0000] {logging_mixin.py:137} INFO - [2025-07-19T04:11:06.466+0000] {dag.py:3452} INFO - Setting next_dagrun for run_eda_script_python to None, run_after=None
[2025-07-19T04:11:06.487+0000] {processor.py:175} INFO - Processing /opt/airflow/dags/demo.py took 0.102 seconds
[2025-07-19T04:11:36.710+0000] {processor.py:153} INFO - Started process (PID=244) to work on /opt/airflow/dags/demo.py
[2025-07-19T04:11:36.711+0000] {processor.py:743} INFO - Processing file /opt/airflow/dags/demo.py for tasks to queue
[2025-07-19T04:11:36.712+0000] {logging_mixin.py:137} INFO - [2025-07-19T04:11:36.712+0000] {dagbag.py:532} INFO - Filling up the DagBag from /opt/airflow/dags/demo.py
[2025-07-19T04:11:36.733+0000] {processor.py:753} INFO - DAG(s) dict_keys(['run_eda_script_python']) retrieved from /opt/airflow/dags/demo.py
[2025-07-19T04:11:36.798+0000] {logging_mixin.py:137} INFO - [2025-07-19T04:11:36.798+0000] {dag.py:2705} INFO - Sync 1 DAGs
[2025-07-19T04:11:36.817+0000] {logging_mixin.py:137} INFO - [2025-07-19T04:11:36.817+0000] {dag.py:3452} INFO - Setting next_dagrun for run_eda_script_python to None, run_after=None
[2025-07-19T04:11:36.842+0000] {processor.py:175} INFO - Processing /opt/airflow/dags/demo.py took 0.136 seconds
[2025-07-19T04:12:07.024+0000] {processor.py:153} INFO - Started process (PID=254) to work on /opt/airflow/dags/demo.py
[2025-07-19T04:12:07.025+0000] {processor.py:743} INFO - Processing file /opt/airflow/dags/demo.py for tasks to queue
[2025-07-19T04:12:07.026+0000] {logging_mixin.py:137} INFO - [2025-07-19T04:12:07.026+0000] {dagbag.py:532} INFO - Filling up the DagBag from /opt/airflow/dags/demo.py
[2025-07-19T04:12:07.045+0000] {processor.py:753} INFO - DAG(s) dict_keys(['run_eda_script_python']) retrieved from /opt/airflow/dags/demo.py
[2025-07-19T04:12:07.064+0000] {logging_mixin.py:137} INFO - [2025-07-19T04:12:07.064+0000] {dag.py:2705} INFO - Sync 1 DAGs
[2025-07-19T04:12:07.084+0000] {logging_mixin.py:137} INFO - [2025-07-19T04:12:07.083+0000] {dag.py:3452} INFO - Setting next_dagrun for run_eda_script_python to None, run_after=None
[2025-07-19T04:12:07.103+0000] {processor.py:175} INFO - Processing /opt/airflow/dags/demo.py took 0.083 seconds
[2025-07-19T04:12:37.371+0000] {processor.py:153} INFO - Started process (PID=264) to work on /opt/airflow/dags/demo.py
[2025-07-19T04:12:37.372+0000] {processor.py:743} INFO - Processing file /opt/airflow/dags/demo.py for tasks to queue
[2025-07-19T04:12:37.373+0000] {logging_mixin.py:137} INFO - [2025-07-19T04:12:37.373+0000] {dagbag.py:532} INFO - Filling up the DagBag from /opt/airflow/dags/demo.py
[2025-07-19T04:12:37.392+0000] {processor.py:753} INFO - DAG(s) dict_keys(['run_eda_script_python']) retrieved from /opt/airflow/dags/demo.py
[2025-07-19T04:12:37.439+0000] {logging_mixin.py:137} INFO - [2025-07-19T04:12:37.438+0000] {dag.py:2705} INFO - Sync 1 DAGs
[2025-07-19T04:12:37.460+0000] {logging_mixin.py:137} INFO - [2025-07-19T04:12:37.460+0000] {dag.py:3452} INFO - Setting next_dagrun for run_eda_script_python to None, run_after=None
[2025-07-19T04:12:37.481+0000] {processor.py:175} INFO - Processing /opt/airflow/dags/demo.py took 0.112 seconds
[2025-07-19T04:13:14.313+0000] {processor.py:153} INFO - Started process (PID=274) to work on /opt/airflow/dags/demo.py
[2025-07-19T04:13:14.316+0000] {processor.py:743} INFO - Processing file /opt/airflow/dags/demo.py for tasks to queue
[2025-07-19T04:13:14.318+0000] {logging_mixin.py:137} INFO - [2025-07-19T04:13:14.317+0000] {dagbag.py:532} INFO - Filling up the DagBag from /opt/airflow/dags/demo.py
[2025-07-19T04:13:14.369+0000] {processor.py:753} INFO - DAG(s) dict_keys(['run_eda_script_python']) retrieved from /opt/airflow/dags/demo.py
[2025-07-19T04:13:14.403+0000] {logging_mixin.py:137} INFO - [2025-07-19T04:13:14.402+0000] {dag.py:2705} INFO - Sync 1 DAGs
[2025-07-19T04:13:14.440+0000] {logging_mixin.py:137} INFO - [2025-07-19T04:13:14.440+0000] {dag.py:3452} INFO - Setting next_dagrun for run_eda_script_python to None, run_after=None
[2025-07-19T04:13:14.470+0000] {processor.py:175} INFO - Processing /opt/airflow/dags/demo.py took 0.165 seconds
[2025-07-19T04:13:46.025+0000] {processor.py:153} INFO - Started process (PID=286) to work on /opt/airflow/dags/demo.py
[2025-07-19T04:13:46.031+0000] {processor.py:743} INFO - Processing file /opt/airflow/dags/demo.py for tasks to queue
[2025-07-19T04:13:46.035+0000] {logging_mixin.py:137} INFO - [2025-07-19T04:13:46.034+0000] {dagbag.py:532} INFO - Filling up the DagBag from /opt/airflow/dags/demo.py
[2025-07-19T04:13:46.082+0000] {processor.py:753} INFO - DAG(s) dict_keys(['run_eda_script_python']) retrieved from /opt/airflow/dags/demo.py
[2025-07-19T04:13:46.223+0000] {logging_mixin.py:137} INFO - [2025-07-19T04:13:46.223+0000] {dag.py:2705} INFO - Sync 1 DAGs
[2025-07-19T04:13:46.241+0000] {logging_mixin.py:137} INFO - [2025-07-19T04:13:46.241+0000] {dag.py:3452} INFO - Setting next_dagrun for run_eda_script_python to None, run_after=None
[2025-07-19T04:13:46.265+0000] {processor.py:175} INFO - Processing /opt/airflow/dags/demo.py took 0.254 seconds
[2025-07-19T04:14:16.425+0000] {processor.py:153} INFO - Started process (PID=296) to work on /opt/airflow/dags/demo.py
[2025-07-19T04:14:16.426+0000] {processor.py:743} INFO - Processing file /opt/airflow/dags/demo.py for tasks to queue
[2025-07-19T04:14:16.427+0000] {logging_mixin.py:137} INFO - [2025-07-19T04:14:16.427+0000] {dagbag.py:532} INFO - Filling up the DagBag from /opt/airflow/dags/demo.py
[2025-07-19T04:14:16.633+0000] {processor.py:753} INFO - DAG(s) dict_keys(['run_eda_script_python']) retrieved from /opt/airflow/dags/demo.py
[2025-07-19T04:14:16.754+0000] {logging_mixin.py:137} INFO - [2025-07-19T04:14:16.754+0000] {dag.py:2705} INFO - Sync 1 DAGs
[2025-07-19T04:14:16.777+0000] {logging_mixin.py:137} INFO - [2025-07-19T04:14:16.777+0000] {dag.py:3452} INFO - Setting next_dagrun for run_eda_script_python to None, run_after=None
[2025-07-19T04:14:16.934+0000] {processor.py:175} INFO - Processing /opt/airflow/dags/demo.py took 0.512 seconds
[2025-07-19T04:14:47.619+0000] {processor.py:153} INFO - Started process (PID=306) to work on /opt/airflow/dags/demo.py
[2025-07-19T04:14:47.621+0000] {processor.py:743} INFO - Processing file /opt/airflow/dags/demo.py for tasks to queue
[2025-07-19T04:14:47.622+0000] {logging_mixin.py:137} INFO - [2025-07-19T04:14:47.622+0000] {dagbag.py:532} INFO - Filling up the DagBag from /opt/airflow/dags/demo.py
[2025-07-19T04:14:47.646+0000] {processor.py:753} INFO - DAG(s) dict_keys(['run_eda_script_python']) retrieved from /opt/airflow/dags/demo.py
[2025-07-19T04:14:47.789+0000] {logging_mixin.py:137} INFO - [2025-07-19T04:14:47.789+0000] {dag.py:2705} INFO - Sync 1 DAGs
[2025-07-19T04:14:47.828+0000] {logging_mixin.py:137} INFO - [2025-07-19T04:14:47.827+0000] {dag.py:3452} INFO - Setting next_dagrun for run_eda_script_python to None, run_after=None
[2025-07-19T04:14:47.875+0000] {processor.py:175} INFO - Processing /opt/airflow/dags/demo.py took 0.263 seconds
[2025-07-19T04:15:18.332+0000] {processor.py:153} INFO - Started process (PID=316) to work on /opt/airflow/dags/demo.py
[2025-07-19T04:15:18.336+0000] {processor.py:743} INFO - Processing file /opt/airflow/dags/demo.py for tasks to queue
[2025-07-19T04:15:18.339+0000] {logging_mixin.py:137} INFO - [2025-07-19T04:15:18.339+0000] {dagbag.py:532} INFO - Filling up the DagBag from /opt/airflow/dags/demo.py
[2025-07-19T04:15:18.517+0000] {processor.py:753} INFO - DAG(s) dict_keys(['run_eda_script_python']) retrieved from /opt/airflow/dags/demo.py
[2025-07-19T04:15:18.593+0000] {logging_mixin.py:137} INFO - [2025-07-19T04:15:18.593+0000] {dag.py:2705} INFO - Sync 1 DAGs
[2025-07-19T04:15:18.621+0000] {logging_mixin.py:137} INFO - [2025-07-19T04:15:18.621+0000] {dag.py:3452} INFO - Setting next_dagrun for run_eda_script_python to None, run_after=None
[2025-07-19T04:15:18.644+0000] {processor.py:175} INFO - Processing /opt/airflow/dags/demo.py took 0.326 seconds
[2025-07-19T04:15:49.142+0000] {processor.py:153} INFO - Started process (PID=326) to work on /opt/airflow/dags/demo.py
[2025-07-19T04:15:49.144+0000] {processor.py:743} INFO - Processing file /opt/airflow/dags/demo.py for tasks to queue
[2025-07-19T04:15:49.146+0000] {logging_mixin.py:137} INFO - [2025-07-19T04:15:49.145+0000] {dagbag.py:532} INFO - Filling up the DagBag from /opt/airflow/dags/demo.py
[2025-07-19T04:15:49.205+0000] {processor.py:753} INFO - DAG(s) dict_keys(['run_eda_script_python']) retrieved from /opt/airflow/dags/demo.py
[2025-07-19T04:15:49.333+0000] {logging_mixin.py:137} INFO - [2025-07-19T04:15:49.333+0000] {dag.py:2705} INFO - Sync 1 DAGs
[2025-07-19T04:15:49.369+0000] {logging_mixin.py:137} INFO - [2025-07-19T04:15:49.369+0000] {dag.py:3452} INFO - Setting next_dagrun for run_eda_script_python to None, run_after=None
[2025-07-19T04:15:49.408+0000] {processor.py:175} INFO - Processing /opt/airflow/dags/demo.py took 0.275 seconds
[2025-07-19T04:16:21.411+0000] {processor.py:153} INFO - Started process (PID=346) to work on /opt/airflow/dags/demo.py
[2025-07-19T04:16:21.421+0000] {processor.py:743} INFO - Processing file /opt/airflow/dags/demo.py for tasks to queue
[2025-07-19T04:16:21.424+0000] {logging_mixin.py:137} INFO - [2025-07-19T04:16:21.424+0000] {dagbag.py:532} INFO - Filling up the DagBag from /opt/airflow/dags/demo.py
[2025-07-19T04:16:24.878+0000] {processor.py:753} INFO - DAG(s) dict_keys(['run_eda_script_python']) retrieved from /opt/airflow/dags/demo.py
[2025-07-19T04:16:25.024+0000] {logging_mixin.py:137} INFO - [2025-07-19T04:16:25.024+0000] {dag.py:2705} INFO - Sync 1 DAGs
[2025-07-19T04:16:25.049+0000] {logging_mixin.py:137} INFO - [2025-07-19T04:16:25.049+0000] {dag.py:3452} INFO - Setting next_dagrun for run_eda_script_python to None, run_after=None
[2025-07-19T04:16:25.752+0000] {processor.py:175} INFO - Processing /opt/airflow/dags/demo.py took 4.675 seconds
[2025-07-19T04:16:56.196+0000] {processor.py:153} INFO - Started process (PID=356) to work on /opt/airflow/dags/demo.py
[2025-07-19T04:16:56.197+0000] {processor.py:743} INFO - Processing file /opt/airflow/dags/demo.py for tasks to queue
[2025-07-19T04:16:56.198+0000] {logging_mixin.py:137} INFO - [2025-07-19T04:16:56.198+0000] {dagbag.py:532} INFO - Filling up the DagBag from /opt/airflow/dags/demo.py
[2025-07-19T04:16:56.218+0000] {processor.py:753} INFO - DAG(s) dict_keys(['run_eda_script_python']) retrieved from /opt/airflow/dags/demo.py
[2025-07-19T04:16:56.464+0000] {logging_mixin.py:137} INFO - [2025-07-19T04:16:56.464+0000] {dag.py:2705} INFO - Sync 1 DAGs
[2025-07-19T04:16:56.485+0000] {logging_mixin.py:137} INFO - [2025-07-19T04:16:56.485+0000] {dag.py:3452} INFO - Setting next_dagrun for run_eda_script_python to None, run_after=None
[2025-07-19T04:16:56.518+0000] {processor.py:175} INFO - Processing /opt/airflow/dags/demo.py took 0.325 seconds
[2025-07-19T04:17:27.202+0000] {processor.py:153} INFO - Started process (PID=381) to work on /opt/airflow/dags/demo.py
[2025-07-19T04:17:27.204+0000] {processor.py:743} INFO - Processing file /opt/airflow/dags/demo.py for tasks to queue
[2025-07-19T04:17:27.206+0000] {logging_mixin.py:137} INFO - [2025-07-19T04:17:27.206+0000] {dagbag.py:532} INFO - Filling up the DagBag from /opt/airflow/dags/demo.py
[2025-07-19T04:17:27.232+0000] {processor.py:753} INFO - DAG(s) dict_keys(['run_eda_script_python']) retrieved from /opt/airflow/dags/demo.py
[2025-07-19T04:17:27.252+0000] {logging_mixin.py:137} INFO - [2025-07-19T04:17:27.252+0000] {dag.py:2705} INFO - Sync 1 DAGs
[2025-07-19T04:17:27.278+0000] {logging_mixin.py:137} INFO - [2025-07-19T04:17:27.277+0000] {dag.py:3452} INFO - Setting next_dagrun for run_eda_script_python to None, run_after=None
[2025-07-19T04:17:27.298+0000] {processor.py:175} INFO - Processing /opt/airflow/dags/demo.py took 0.104 seconds
[2025-07-19T04:17:58.043+0000] {processor.py:153} INFO - Started process (PID=391) to work on /opt/airflow/dags/demo.py
[2025-07-19T04:17:58.045+0000] {processor.py:743} INFO - Processing file /opt/airflow/dags/demo.py for tasks to queue
[2025-07-19T04:17:58.046+0000] {logging_mixin.py:137} INFO - [2025-07-19T04:17:58.046+0000] {dagbag.py:532} INFO - Filling up the DagBag from /opt/airflow/dags/demo.py
[2025-07-19T04:17:58.068+0000] {processor.py:753} INFO - DAG(s) dict_keys(['run_eda_script_python']) retrieved from /opt/airflow/dags/demo.py
[2025-07-19T04:17:58.080+0000] {logging_mixin.py:137} INFO - [2025-07-19T04:17:58.079+0000] {dag.py:2705} INFO - Sync 1 DAGs
[2025-07-19T04:17:58.102+0000] {logging_mixin.py:137} INFO - [2025-07-19T04:17:58.101+0000] {dag.py:3452} INFO - Setting next_dagrun for run_eda_script_python to None, run_after=None
[2025-07-19T04:17:58.122+0000] {processor.py:175} INFO - Processing /opt/airflow/dags/demo.py took 0.083 seconds
[2025-07-19T04:18:28.553+0000] {processor.py:153} INFO - Started process (PID=401) to work on /opt/airflow/dags/demo.py
[2025-07-19T04:18:28.554+0000] {processor.py:743} INFO - Processing file /opt/airflow/dags/demo.py for tasks to queue
[2025-07-19T04:18:28.555+0000] {logging_mixin.py:137} INFO - [2025-07-19T04:18:28.555+0000] {dagbag.py:532} INFO - Filling up the DagBag from /opt/airflow/dags/demo.py
[2025-07-19T04:18:28.575+0000] {processor.py:753} INFO - DAG(s) dict_keys(['run_eda_script_python']) retrieved from /opt/airflow/dags/demo.py
[2025-07-19T04:18:28.620+0000] {logging_mixin.py:137} INFO - [2025-07-19T04:18:28.620+0000] {dag.py:2705} INFO - Sync 1 DAGs
[2025-07-19T04:18:28.637+0000] {logging_mixin.py:137} INFO - [2025-07-19T04:18:28.637+0000] {dag.py:3452} INFO - Setting next_dagrun for run_eda_script_python to None, run_after=None
[2025-07-19T04:18:28.658+0000] {processor.py:175} INFO - Processing /opt/airflow/dags/demo.py took 0.108 seconds
[2025-07-19T04:18:59.566+0000] {processor.py:153} INFO - Started process (PID=427) to work on /opt/airflow/dags/demo.py
[2025-07-19T04:18:59.570+0000] {processor.py:743} INFO - Processing file /opt/airflow/dags/demo.py for tasks to queue
[2025-07-19T04:18:59.574+0000] {logging_mixin.py:137} INFO - [2025-07-19T04:18:59.573+0000] {dagbag.py:532} INFO - Filling up the DagBag from /opt/airflow/dags/demo.py
[2025-07-19T04:18:59.611+0000] {processor.py:753} INFO - DAG(s) dict_keys(['run_eda_script_python']) retrieved from /opt/airflow/dags/demo.py
[2025-07-19T04:18:59.630+0000] {logging_mixin.py:137} INFO - [2025-07-19T04:18:59.630+0000] {dag.py:2705} INFO - Sync 1 DAGs
[2025-07-19T04:18:59.650+0000] {logging_mixin.py:137} INFO - [2025-07-19T04:18:59.650+0000] {dag.py:3452} INFO - Setting next_dagrun for run_eda_script_python to None, run_after=None
[2025-07-19T04:19:00.064+0000] {processor.py:175} INFO - Processing /opt/airflow/dags/demo.py took 0.511 seconds
[2025-07-19T04:19:37.817+0000] {processor.py:153} INFO - Started process (PID=449) to work on /opt/airflow/dags/demo.py
[2025-07-19T04:19:37.880+0000] {processor.py:743} INFO - Processing file /opt/airflow/dags/demo.py for tasks to queue
[2025-07-19T04:19:38.199+0000] {logging_mixin.py:137} INFO - [2025-07-19T04:19:38.199+0000] {dagbag.py:532} INFO - Filling up the DagBag from /opt/airflow/dags/demo.py
[2025-07-19T04:19:45.281+0000] {processor.py:753} INFO - DAG(s) dict_keys(['run_eda_script_python']) retrieved from /opt/airflow/dags/demo.py
[2025-07-19T04:19:53.692+0000] {logging_mixin.py:137} INFO - [2025-07-19T04:19:53.691+0000] {dag.py:2705} INFO - Sync 1 DAGs
[2025-07-19T04:19:56.166+0000] {logging_mixin.py:137} INFO - [2025-07-19T04:19:56.166+0000] {dag.py:3452} INFO - Setting next_dagrun for run_eda_script_python to None, run_after=None
[2025-07-19T04:19:56.258+0000] {processor.py:175} INFO - Processing /opt/airflow/dags/demo.py took 24.215 seconds
[2025-07-19T04:20:26.824+0000] {processor.py:153} INFO - Started process (PID=473) to work on /opt/airflow/dags/demo.py
[2025-07-19T04:20:26.825+0000] {processor.py:743} INFO - Processing file /opt/airflow/dags/demo.py for tasks to queue
[2025-07-19T04:20:26.825+0000] {logging_mixin.py:137} INFO - [2025-07-19T04:20:26.825+0000] {dagbag.py:532} INFO - Filling up the DagBag from /opt/airflow/dags/demo.py
[2025-07-19T04:20:27.023+0000] {processor.py:753} INFO - DAG(s) dict_keys(['run_eda_script_python']) retrieved from /opt/airflow/dags/demo.py
[2025-07-19T04:20:27.035+0000] {logging_mixin.py:137} INFO - [2025-07-19T04:20:27.035+0000] {dag.py:2705} INFO - Sync 1 DAGs
[2025-07-19T04:20:27.056+0000] {logging_mixin.py:137} INFO - [2025-07-19T04:20:27.055+0000] {dag.py:3452} INFO - Setting next_dagrun for run_eda_script_python to None, run_after=None
[2025-07-19T04:20:27.077+0000] {processor.py:175} INFO - Processing /opt/airflow/dags/demo.py took 0.256 seconds
[2025-07-19T04:20:57.242+0000] {processor.py:153} INFO - Started process (PID=483) to work on /opt/airflow/dags/demo.py
[2025-07-19T04:20:57.243+0000] {processor.py:743} INFO - Processing file /opt/airflow/dags/demo.py for tasks to queue
[2025-07-19T04:20:57.244+0000] {logging_mixin.py:137} INFO - [2025-07-19T04:20:57.244+0000] {dagbag.py:532} INFO - Filling up the DagBag from /opt/airflow/dags/demo.py
[2025-07-19T04:20:57.262+0000] {processor.py:753} INFO - DAG(s) dict_keys(['run_eda_script_python']) retrieved from /opt/airflow/dags/demo.py
[2025-07-19T04:20:58.252+0000] {logging_mixin.py:137} INFO - [2025-07-19T04:20:58.252+0000] {dag.py:2705} INFO - Sync 1 DAGs
[2025-07-19T04:20:58.275+0000] {logging_mixin.py:137} INFO - [2025-07-19T04:20:58.275+0000] {dag.py:3452} INFO - Setting next_dagrun for run_eda_script_python to None, run_after=None
[2025-07-19T04:20:58.296+0000] {processor.py:175} INFO - Processing /opt/airflow/dags/demo.py took 1.057 seconds
[2025-07-19T04:21:28.463+0000] {processor.py:153} INFO - Started process (PID=498) to work on /opt/airflow/dags/demo.py
[2025-07-19T04:21:28.464+0000] {processor.py:743} INFO - Processing file /opt/airflow/dags/demo.py for tasks to queue
[2025-07-19T04:21:28.464+0000] {logging_mixin.py:137} INFO - [2025-07-19T04:21:28.464+0000] {dagbag.py:532} INFO - Filling up the DagBag from /opt/airflow/dags/demo.py
[2025-07-19T04:21:28.484+0000] {processor.py:753} INFO - DAG(s) dict_keys(['run_eda_script_python']) retrieved from /opt/airflow/dags/demo.py
[2025-07-19T04:21:28.508+0000] {logging_mixin.py:137} INFO - [2025-07-19T04:21:28.508+0000] {dag.py:2705} INFO - Sync 1 DAGs
[2025-07-19T04:21:28.531+0000] {logging_mixin.py:137} INFO - [2025-07-19T04:21:28.531+0000] {dag.py:3452} INFO - Setting next_dagrun for run_eda_script_python to None, run_after=None
[2025-07-19T04:21:28.556+0000] {processor.py:175} INFO - Processing /opt/airflow/dags/demo.py took 0.096 seconds
[2025-07-19T04:21:59.037+0000] {processor.py:153} INFO - Started process (PID=518) to work on /opt/airflow/dags/demo.py
[2025-07-19T04:21:59.041+0000] {processor.py:743} INFO - Processing file /opt/airflow/dags/demo.py for tasks to queue
[2025-07-19T04:21:59.044+0000] {logging_mixin.py:137} INFO - [2025-07-19T04:21:59.043+0000] {dagbag.py:532} INFO - Filling up the DagBag from /opt/airflow/dags/demo.py
[2025-07-19T04:21:59.084+0000] {processor.py:753} INFO - DAG(s) dict_keys(['run_eda_script_python']) retrieved from /opt/airflow/dags/demo.py
[2025-07-19T04:21:59.102+0000] {logging_mixin.py:137} INFO - [2025-07-19T04:21:59.102+0000] {dag.py:2705} INFO - Sync 1 DAGs
[2025-07-19T04:21:59.130+0000] {logging_mixin.py:137} INFO - [2025-07-19T04:21:59.130+0000] {dag.py:3452} INFO - Setting next_dagrun for run_eda_script_python to None, run_after=None
[2025-07-19T04:21:59.148+0000] {processor.py:175} INFO - Processing /opt/airflow/dags/demo.py took 0.129 seconds
[2025-07-19T04:22:29.577+0000] {processor.py:153} INFO - Started process (PID=528) to work on /opt/airflow/dags/demo.py
[2025-07-19T04:22:29.578+0000] {processor.py:743} INFO - Processing file /opt/airflow/dags/demo.py for tasks to queue
[2025-07-19T04:22:29.578+0000] {logging_mixin.py:137} INFO - [2025-07-19T04:22:29.578+0000] {dagbag.py:532} INFO - Filling up the DagBag from /opt/airflow/dags/demo.py
[2025-07-19T04:22:29.599+0000] {processor.py:753} INFO - DAG(s) dict_keys(['run_eda_script_python']) retrieved from /opt/airflow/dags/demo.py
[2025-07-19T04:22:29.641+0000] {logging_mixin.py:137} INFO - [2025-07-19T04:22:29.641+0000] {dag.py:2705} INFO - Sync 1 DAGs
[2025-07-19T04:22:29.660+0000] {logging_mixin.py:137} INFO - [2025-07-19T04:22:29.660+0000] {dag.py:3452} INFO - Setting next_dagrun for run_eda_script_python to None, run_after=None
[2025-07-19T04:22:29.690+0000] {processor.py:175} INFO - Processing /opt/airflow/dags/demo.py took 0.117 seconds
[2025-07-19T04:23:00.097+0000] {processor.py:153} INFO - Started process (PID=538) to work on /opt/airflow/dags/demo.py
[2025-07-19T04:23:00.098+0000] {processor.py:743} INFO - Processing file /opt/airflow/dags/demo.py for tasks to queue
[2025-07-19T04:23:00.098+0000] {logging_mixin.py:137} INFO - [2025-07-19T04:23:00.098+0000] {dagbag.py:532} INFO - Filling up the DagBag from /opt/airflow/dags/demo.py
[2025-07-19T04:23:00.116+0000] {processor.py:753} INFO - DAG(s) dict_keys(['run_eda_script_python']) retrieved from /opt/airflow/dags/demo.py
[2025-07-19T04:23:00.136+0000] {logging_mixin.py:137} INFO - [2025-07-19T04:23:00.136+0000] {dag.py:2705} INFO - Sync 1 DAGs
[2025-07-19T04:23:00.155+0000] {logging_mixin.py:137} INFO - [2025-07-19T04:23:00.155+0000] {dag.py:3452} INFO - Setting next_dagrun for run_eda_script_python to None, run_after=None
[2025-07-19T04:23:00.175+0000] {processor.py:175} INFO - Processing /opt/airflow/dags/demo.py took 0.082 seconds
[2025-07-19T04:23:30.642+0000] {processor.py:153} INFO - Started process (PID=548) to work on /opt/airflow/dags/demo.py
[2025-07-19T04:23:30.643+0000] {processor.py:743} INFO - Processing file /opt/airflow/dags/demo.py for tasks to queue
[2025-07-19T04:23:30.644+0000] {logging_mixin.py:137} INFO - [2025-07-19T04:23:30.644+0000] {dagbag.py:532} INFO - Filling up the DagBag from /opt/airflow/dags/demo.py
[2025-07-19T04:23:30.662+0000] {processor.py:753} INFO - DAG(s) dict_keys(['run_eda_script_python']) retrieved from /opt/airflow/dags/demo.py
[2025-07-19T04:23:30.674+0000] {logging_mixin.py:137} INFO - [2025-07-19T04:23:30.673+0000] {dag.py:2705} INFO - Sync 1 DAGs
[2025-07-19T04:23:30.693+0000] {logging_mixin.py:137} INFO - [2025-07-19T04:23:30.693+0000] {dag.py:3452} INFO - Setting next_dagrun for run_eda_script_python to None, run_after=None
[2025-07-19T04:23:30.712+0000] {processor.py:175} INFO - Processing /opt/airflow/dags/demo.py took 0.073 seconds
[2025-07-19T04:24:01.171+0000] {processor.py:153} INFO - Started process (PID=568) to work on /opt/airflow/dags/demo.py
[2025-07-19T04:24:01.172+0000] {processor.py:743} INFO - Processing file /opt/airflow/dags/demo.py for tasks to queue
[2025-07-19T04:24:01.173+0000] {logging_mixin.py:137} INFO - [2025-07-19T04:24:01.172+0000] {dagbag.py:532} INFO - Filling up the DagBag from /opt/airflow/dags/demo.py
[2025-07-19T04:24:01.192+0000] {processor.py:753} INFO - DAG(s) dict_keys(['run_eda_script_python']) retrieved from /opt/airflow/dags/demo.py
[2025-07-19T04:24:01.238+0000] {logging_mixin.py:137} INFO - [2025-07-19T04:24:01.238+0000] {dag.py:2705} INFO - Sync 1 DAGs
[2025-07-19T04:24:01.255+0000] {logging_mixin.py:137} INFO - [2025-07-19T04:24:01.255+0000] {dag.py:3452} INFO - Setting next_dagrun for run_eda_script_python to None, run_after=None
[2025-07-19T04:24:01.275+0000] {processor.py:175} INFO - Processing /opt/airflow/dags/demo.py took 0.107 seconds
[2025-07-19T04:24:31.872+0000] {processor.py:153} INFO - Started process (PID=593) to work on /opt/airflow/dags/demo.py
[2025-07-19T04:24:31.873+0000] {processor.py:743} INFO - Processing file /opt/airflow/dags/demo.py for tasks to queue
[2025-07-19T04:24:31.874+0000] {logging_mixin.py:137} INFO - [2025-07-19T04:24:31.873+0000] {dagbag.py:532} INFO - Filling up the DagBag from /opt/airflow/dags/demo.py
[2025-07-19T04:24:31.891+0000] {processor.py:753} INFO - DAG(s) dict_keys(['run_eda_script_python']) retrieved from /opt/airflow/dags/demo.py
[2025-07-19T04:24:31.910+0000] {logging_mixin.py:137} INFO - [2025-07-19T04:24:31.910+0000] {dag.py:2705} INFO - Sync 1 DAGs
[2025-07-19T04:24:31.930+0000] {logging_mixin.py:137} INFO - [2025-07-19T04:24:31.930+0000] {dag.py:3452} INFO - Setting next_dagrun for run_eda_script_python to None, run_after=None
[2025-07-19T04:24:31.953+0000] {processor.py:175} INFO - Processing /opt/airflow/dags/demo.py took 0.084 seconds
[2025-07-19T04:25:02.453+0000] {processor.py:153} INFO - Started process (PID=621) to work on /opt/airflow/dags/demo.py
[2025-07-19T04:25:02.454+0000] {processor.py:743} INFO - Processing file /opt/airflow/dags/demo.py for tasks to queue
[2025-07-19T04:25:02.454+0000] {logging_mixin.py:137} INFO - [2025-07-19T04:25:02.454+0000] {dagbag.py:532} INFO - Filling up the DagBag from /opt/airflow/dags/demo.py
[2025-07-19T04:25:02.473+0000] {processor.py:753} INFO - DAG(s) dict_keys(['run_eda_script_python']) retrieved from /opt/airflow/dags/demo.py
[2025-07-19T04:25:02.485+0000] {logging_mixin.py:137} INFO - [2025-07-19T04:25:02.484+0000] {dag.py:2705} INFO - Sync 1 DAGs
[2025-07-19T04:25:02.503+0000] {logging_mixin.py:137} INFO - [2025-07-19T04:25:02.503+0000] {dag.py:3452} INFO - Setting next_dagrun for run_eda_script_python to None, run_after=None
[2025-07-19T04:25:02.524+0000] {processor.py:175} INFO - Processing /opt/airflow/dags/demo.py took 0.074 seconds
[2025-07-19T04:25:32.918+0000] {processor.py:153} INFO - Started process (PID=631) to work on /opt/airflow/dags/demo.py
[2025-07-19T04:25:32.919+0000] {processor.py:743} INFO - Processing file /opt/airflow/dags/demo.py for tasks to queue
[2025-07-19T04:25:32.919+0000] {logging_mixin.py:137} INFO - [2025-07-19T04:25:32.919+0000] {dagbag.py:532} INFO - Filling up the DagBag from /opt/airflow/dags/demo.py
[2025-07-19T04:25:32.940+0000] {processor.py:753} INFO - DAG(s) dict_keys(['run_eda_script_python']) retrieved from /opt/airflow/dags/demo.py
[2025-07-19T04:25:32.986+0000] {logging_mixin.py:137} INFO - [2025-07-19T04:25:32.985+0000] {dag.py:2705} INFO - Sync 1 DAGs
[2025-07-19T04:25:33.005+0000] {logging_mixin.py:137} INFO - [2025-07-19T04:25:33.005+0000] {dag.py:3452} INFO - Setting next_dagrun for run_eda_script_python to None, run_after=None
[2025-07-19T04:25:33.030+0000] {processor.py:175} INFO - Processing /opt/airflow/dags/demo.py took 0.115 seconds
[2025-07-19T04:26:03.472+0000] {processor.py:153} INFO - Started process (PID=641) to work on /opt/airflow/dags/demo.py
[2025-07-19T04:26:03.473+0000] {processor.py:743} INFO - Processing file /opt/airflow/dags/demo.py for tasks to queue
[2025-07-19T04:26:03.474+0000] {logging_mixin.py:137} INFO - [2025-07-19T04:26:03.474+0000] {dagbag.py:532} INFO - Filling up the DagBag from /opt/airflow/dags/demo.py
[2025-07-19T04:26:03.495+0000] {processor.py:753} INFO - DAG(s) dict_keys(['run_eda_script_python']) retrieved from /opt/airflow/dags/demo.py
[2025-07-19T04:26:03.515+0000] {logging_mixin.py:137} INFO - [2025-07-19T04:26:03.515+0000] {dag.py:2705} INFO - Sync 1 DAGs
[2025-07-19T04:26:03.535+0000] {logging_mixin.py:137} INFO - [2025-07-19T04:26:03.535+0000] {dag.py:3452} INFO - Setting next_dagrun for run_eda_script_python to None, run_after=None
[2025-07-19T04:26:03.556+0000] {processor.py:175} INFO - Processing /opt/airflow/dags/demo.py took 0.088 seconds
[2025-07-19T04:26:33.949+0000] {processor.py:153} INFO - Started process (PID=651) to work on /opt/airflow/dags/demo.py
[2025-07-19T04:26:33.950+0000] {processor.py:743} INFO - Processing file /opt/airflow/dags/demo.py for tasks to queue
[2025-07-19T04:26:33.951+0000] {logging_mixin.py:137} INFO - [2025-07-19T04:26:33.951+0000] {dagbag.py:532} INFO - Filling up the DagBag from /opt/airflow/dags/demo.py
[2025-07-19T04:26:33.972+0000] {processor.py:753} INFO - DAG(s) dict_keys(['run_eda_script_python']) retrieved from /opt/airflow/dags/demo.py
[2025-07-19T04:26:33.983+0000] {logging_mixin.py:137} INFO - [2025-07-19T04:26:33.983+0000] {dag.py:2705} INFO - Sync 1 DAGs
[2025-07-19T04:26:34.004+0000] {logging_mixin.py:137} INFO - [2025-07-19T04:26:34.004+0000] {dag.py:3452} INFO - Setting next_dagrun for run_eda_script_python to None, run_after=None
[2025-07-19T04:26:34.032+0000] {processor.py:175} INFO - Processing /opt/airflow/dags/demo.py took 0.085 seconds
[2025-07-19T04:27:04.514+0000] {processor.py:153} INFO - Started process (PID=661) to work on /opt/airflow/dags/demo.py
[2025-07-19T04:27:04.515+0000] {processor.py:743} INFO - Processing file /opt/airflow/dags/demo.py for tasks to queue
[2025-07-19T04:27:04.516+0000] {logging_mixin.py:137} INFO - [2025-07-19T04:27:04.516+0000] {dagbag.py:532} INFO - Filling up the DagBag from /opt/airflow/dags/demo.py
[2025-07-19T04:27:04.537+0000] {processor.py:753} INFO - DAG(s) dict_keys(['run_eda_script_python']) retrieved from /opt/airflow/dags/demo.py
[2025-07-19T04:27:04.583+0000] {logging_mixin.py:137} INFO - [2025-07-19T04:27:04.583+0000] {dag.py:2705} INFO - Sync 1 DAGs
[2025-07-19T04:27:04.601+0000] {logging_mixin.py:137} INFO - [2025-07-19T04:27:04.600+0000] {dag.py:3452} INFO - Setting next_dagrun for run_eda_script_python to None, run_after=None
[2025-07-19T04:27:04.623+0000] {processor.py:175} INFO - Processing /opt/airflow/dags/demo.py took 0.112 seconds
[2025-07-19T04:27:34.894+0000] {processor.py:153} INFO - Started process (PID=681) to work on /opt/airflow/dags/demo.py
[2025-07-19T04:27:34.895+0000] {processor.py:743} INFO - Processing file /opt/airflow/dags/demo.py for tasks to queue
[2025-07-19T04:27:34.896+0000] {logging_mixin.py:137} INFO - [2025-07-19T04:27:34.896+0000] {dagbag.py:532} INFO - Filling up the DagBag from /opt/airflow/dags/demo.py
[2025-07-19T04:27:34.913+0000] {processor.py:753} INFO - DAG(s) dict_keys(['run_eda_script_python']) retrieved from /opt/airflow/dags/demo.py
[2025-07-19T04:27:34.934+0000] {logging_mixin.py:137} INFO - [2025-07-19T04:27:34.934+0000] {dag.py:2705} INFO - Sync 1 DAGs
[2025-07-19T04:27:34.955+0000] {logging_mixin.py:137} INFO - [2025-07-19T04:27:34.955+0000] {dag.py:3452} INFO - Setting next_dagrun for run_eda_script_python to None, run_after=None
[2025-07-19T04:27:34.974+0000] {processor.py:175} INFO - Processing /opt/airflow/dags/demo.py took 0.082 seconds
[2025-07-19T04:28:05.316+0000] {processor.py:153} INFO - Started process (PID=691) to work on /opt/airflow/dags/demo.py
[2025-07-19T04:28:05.317+0000] {processor.py:743} INFO - Processing file /opt/airflow/dags/demo.py for tasks to queue
[2025-07-19T04:28:05.318+0000] {logging_mixin.py:137} INFO - [2025-07-19T04:28:05.318+0000] {dagbag.py:532} INFO - Filling up the DagBag from /opt/airflow/dags/demo.py
[2025-07-19T04:28:05.337+0000] {processor.py:753} INFO - DAG(s) dict_keys(['run_eda_script_python']) retrieved from /opt/airflow/dags/demo.py
[2025-07-19T04:28:05.355+0000] {logging_mixin.py:137} INFO - [2025-07-19T04:28:05.355+0000] {dag.py:2705} INFO - Sync 1 DAGs
[2025-07-19T04:28:05.378+0000] {logging_mixin.py:137} INFO - [2025-07-19T04:28:05.378+0000] {dag.py:3452} INFO - Setting next_dagrun for run_eda_script_python to None, run_after=None
[2025-07-19T04:28:05.397+0000] {processor.py:175} INFO - Processing /opt/airflow/dags/demo.py took 0.084 seconds
[2025-07-19T04:28:35.800+0000] {processor.py:153} INFO - Started process (PID=701) to work on /opt/airflow/dags/demo.py
[2025-07-19T04:28:35.801+0000] {processor.py:743} INFO - Processing file /opt/airflow/dags/demo.py for tasks to queue
[2025-07-19T04:28:35.802+0000] {logging_mixin.py:137} INFO - [2025-07-19T04:28:35.802+0000] {dagbag.py:532} INFO - Filling up the DagBag from /opt/airflow/dags/demo.py
[2025-07-19T04:28:35.820+0000] {processor.py:753} INFO - DAG(s) dict_keys(['run_eda_script_python']) retrieved from /opt/airflow/dags/demo.py
[2025-07-19T04:28:35.839+0000] {logging_mixin.py:137} INFO - [2025-07-19T04:28:35.839+0000] {dag.py:2705} INFO - Sync 1 DAGs
[2025-07-19T04:28:35.857+0000] {logging_mixin.py:137} INFO - [2025-07-19T04:28:35.857+0000] {dag.py:3452} INFO - Setting next_dagrun for run_eda_script_python to None, run_after=None
[2025-07-19T04:28:35.874+0000] {processor.py:175} INFO - Processing /opt/airflow/dags/demo.py took 0.077 seconds
[2025-07-19T04:29:06.191+0000] {processor.py:153} INFO - Started process (PID=711) to work on /opt/airflow/dags/demo.py
[2025-07-19T04:29:06.192+0000] {processor.py:743} INFO - Processing file /opt/airflow/dags/demo.py for tasks to queue
[2025-07-19T04:29:06.193+0000] {logging_mixin.py:137} INFO - [2025-07-19T04:29:06.193+0000] {dagbag.py:532} INFO - Filling up the DagBag from /opt/airflow/dags/demo.py
[2025-07-19T04:29:06.214+0000] {processor.py:753} INFO - DAG(s) dict_keys(['run_eda_script_python']) retrieved from /opt/airflow/dags/demo.py
[2025-07-19T04:29:06.233+0000] {logging_mixin.py:137} INFO - [2025-07-19T04:29:06.233+0000] {dag.py:2705} INFO - Sync 1 DAGs
[2025-07-19T04:29:06.252+0000] {logging_mixin.py:137} INFO - [2025-07-19T04:29:06.252+0000] {dag.py:3452} INFO - Setting next_dagrun for run_eda_script_python to None, run_after=None
[2025-07-19T04:29:06.272+0000] {processor.py:175} INFO - Processing /opt/airflow/dags/demo.py took 0.084 seconds
[2025-07-19T04:29:36.686+0000] {processor.py:153} INFO - Started process (PID=731) to work on /opt/airflow/dags/demo.py
[2025-07-19T04:29:36.688+0000] {processor.py:743} INFO - Processing file /opt/airflow/dags/demo.py for tasks to queue
[2025-07-19T04:29:36.689+0000] {logging_mixin.py:137} INFO - [2025-07-19T04:29:36.689+0000] {dagbag.py:532} INFO - Filling up the DagBag from /opt/airflow/dags/demo.py
[2025-07-19T04:29:36.709+0000] {processor.py:753} INFO - DAG(s) dict_keys(['run_eda_script_python']) retrieved from /opt/airflow/dags/demo.py
[2025-07-19T04:29:36.730+0000] {logging_mixin.py:137} INFO - [2025-07-19T04:29:36.729+0000] {dag.py:2705} INFO - Sync 1 DAGs
[2025-07-19T04:29:36.753+0000] {logging_mixin.py:137} INFO - [2025-07-19T04:29:36.753+0000] {dag.py:3452} INFO - Setting next_dagrun for run_eda_script_python to None, run_after=None
[2025-07-19T04:29:36.776+0000] {processor.py:175} INFO - Processing /opt/airflow/dags/demo.py took 0.093 seconds
[2025-07-19T04:30:07.140+0000] {processor.py:153} INFO - Started process (PID=741) to work on /opt/airflow/dags/demo.py
[2025-07-19T04:30:07.141+0000] {processor.py:743} INFO - Processing file /opt/airflow/dags/demo.py for tasks to queue
[2025-07-19T04:30:07.141+0000] {logging_mixin.py:137} INFO - [2025-07-19T04:30:07.141+0000] {dagbag.py:532} INFO - Filling up the DagBag from /opt/airflow/dags/demo.py
[2025-07-19T04:30:07.160+0000] {processor.py:753} INFO - DAG(s) dict_keys(['run_eda_script_python']) retrieved from /opt/airflow/dags/demo.py
[2025-07-19T04:30:07.179+0000] {logging_mixin.py:137} INFO - [2025-07-19T04:30:07.178+0000] {dag.py:2705} INFO - Sync 1 DAGs
[2025-07-19T04:30:07.198+0000] {logging_mixin.py:137} INFO - [2025-07-19T04:30:07.198+0000] {dag.py:3452} INFO - Setting next_dagrun for run_eda_script_python to None, run_after=None
[2025-07-19T04:30:07.217+0000] {processor.py:175} INFO - Processing /opt/airflow/dags/demo.py took 0.079 seconds
[2025-07-19T04:30:37.673+0000] {processor.py:153} INFO - Started process (PID=756) to work on /opt/airflow/dags/demo.py
[2025-07-19T04:30:37.675+0000] {processor.py:743} INFO - Processing file /opt/airflow/dags/demo.py for tasks to queue
[2025-07-19T04:30:37.676+0000] {logging_mixin.py:137} INFO - [2025-07-19T04:30:37.676+0000] {dagbag.py:532} INFO - Filling up the DagBag from /opt/airflow/dags/demo.py
[2025-07-19T04:30:37.811+0000] {processor.py:753} INFO - DAG(s) dict_keys(['run_eda_script_python']) retrieved from /opt/airflow/dags/demo.py
[2025-07-19T04:30:39.324+0000] {logging_mixin.py:137} INFO - [2025-07-19T04:30:39.323+0000] {dag.py:2705} INFO - Sync 1 DAGs
[2025-07-19T04:30:39.580+0000] {logging_mixin.py:137} INFO - [2025-07-19T04:30:39.580+0000] {dag.py:3452} INFO - Setting next_dagrun for run_eda_script_python to None, run_after=None
[2025-07-19T04:30:39.601+0000] {processor.py:175} INFO - Processing /opt/airflow/dags/demo.py took 1.937 seconds
[2025-07-19T04:31:11.728+0000] {processor.py:153} INFO - Started process (PID=768) to work on /opt/airflow/dags/demo.py
[2025-07-19T04:31:11.736+0000] {processor.py:743} INFO - Processing file /opt/airflow/dags/demo.py for tasks to queue
[2025-07-19T04:31:11.748+0000] {logging_mixin.py:137} INFO - [2025-07-19T04:31:11.747+0000] {dagbag.py:532} INFO - Filling up the DagBag from /opt/airflow/dags/demo.py
[2025-07-19T04:31:12.262+0000] {processor.py:753} INFO - DAG(s) dict_keys(['run_eda_script_python']) retrieved from /opt/airflow/dags/demo.py
[2025-07-19T04:31:12.848+0000] {logging_mixin.py:137} INFO - [2025-07-19T04:31:12.848+0000] {dag.py:2705} INFO - Sync 1 DAGs
[2025-07-19T04:31:12.942+0000] {logging_mixin.py:137} INFO - [2025-07-19T04:31:12.942+0000] {dag.py:3452} INFO - Setting next_dagrun for run_eda_script_python to None, run_after=None
[2025-07-19T04:31:12.961+0000] {processor.py:175} INFO - Processing /opt/airflow/dags/demo.py took 1.898 seconds
[2025-07-19T04:31:43.194+0000] {processor.py:153} INFO - Started process (PID=778) to work on /opt/airflow/dags/demo.py
[2025-07-19T04:31:43.195+0000] {processor.py:743} INFO - Processing file /opt/airflow/dags/demo.py for tasks to queue
[2025-07-19T04:31:43.195+0000] {logging_mixin.py:137} INFO - [2025-07-19T04:31:43.195+0000] {dagbag.py:532} INFO - Filling up the DagBag from /opt/airflow/dags/demo.py
[2025-07-19T04:31:43.214+0000] {processor.py:753} INFO - DAG(s) dict_keys(['run_eda_script_python']) retrieved from /opt/airflow/dags/demo.py
[2025-07-19T04:31:43.237+0000] {logging_mixin.py:137} INFO - [2025-07-19T04:31:43.236+0000] {dag.py:2705} INFO - Sync 1 DAGs
[2025-07-19T04:31:43.256+0000] {logging_mixin.py:137} INFO - [2025-07-19T04:31:43.256+0000] {dag.py:3452} INFO - Setting next_dagrun for run_eda_script_python to None, run_after=None
[2025-07-19T04:31:43.276+0000] {processor.py:175} INFO - Processing /opt/airflow/dags/demo.py took 0.085 seconds
[2025-07-19T04:32:13.414+0000] {processor.py:153} INFO - Started process (PID=803) to work on /opt/airflow/dags/demo.py
[2025-07-19T04:32:13.416+0000] {processor.py:743} INFO - Processing file /opt/airflow/dags/demo.py for tasks to queue
[2025-07-19T04:32:13.417+0000] {logging_mixin.py:137} INFO - [2025-07-19T04:32:13.417+0000] {dagbag.py:532} INFO - Filling up the DagBag from /opt/airflow/dags/demo.py
[2025-07-19T04:32:13.449+0000] {processor.py:753} INFO - DAG(s) dict_keys(['run_eda_script_python']) retrieved from /opt/airflow/dags/demo.py
[2025-07-19T04:32:13.480+0000] {logging_mixin.py:137} INFO - [2025-07-19T04:32:13.480+0000] {dag.py:2705} INFO - Sync 1 DAGs
[2025-07-19T04:32:13.499+0000] {logging_mixin.py:137} INFO - [2025-07-19T04:32:13.499+0000] {dag.py:3452} INFO - Setting next_dagrun for run_eda_script_python to None, run_after=None
[2025-07-19T04:32:13.518+0000] {processor.py:175} INFO - Processing /opt/airflow/dags/demo.py took 0.109 seconds
[2025-07-19T04:32:44.169+0000] {processor.py:153} INFO - Started process (PID=830) to work on /opt/airflow/dags/demo.py
[2025-07-19T04:32:44.170+0000] {processor.py:743} INFO - Processing file /opt/airflow/dags/demo.py for tasks to queue
[2025-07-19T04:32:44.171+0000] {logging_mixin.py:137} INFO - [2025-07-19T04:32:44.171+0000] {dagbag.py:532} INFO - Filling up the DagBag from /opt/airflow/dags/demo.py
[2025-07-19T04:32:44.191+0000] {processor.py:753} INFO - DAG(s) dict_keys(['run_eda_script_python']) retrieved from /opt/airflow/dags/demo.py
[2025-07-19T04:32:44.281+0000] {logging_mixin.py:137} INFO - [2025-07-19T04:32:44.281+0000] {dag.py:2705} INFO - Sync 1 DAGs
[2025-07-19T04:32:44.300+0000] {logging_mixin.py:137} INFO - [2025-07-19T04:32:44.300+0000] {dag.py:3452} INFO - Setting next_dagrun for run_eda_script_python to None, run_after=None
[2025-07-19T04:32:44.507+0000] {processor.py:175} INFO - Processing /opt/airflow/dags/demo.py took 0.341 seconds
[2025-07-19T04:33:14.736+0000] {processor.py:153} INFO - Started process (PID=840) to work on /opt/airflow/dags/demo.py
[2025-07-19T04:33:14.737+0000] {processor.py:743} INFO - Processing file /opt/airflow/dags/demo.py for tasks to queue
[2025-07-19T04:33:14.738+0000] {logging_mixin.py:137} INFO - [2025-07-19T04:33:14.738+0000] {dagbag.py:532} INFO - Filling up the DagBag from /opt/airflow/dags/demo.py
[2025-07-19T04:33:14.757+0000] {processor.py:753} INFO - DAG(s) dict_keys(['run_eda_script_python']) retrieved from /opt/airflow/dags/demo.py
[2025-07-19T04:33:14.777+0000] {logging_mixin.py:137} INFO - [2025-07-19T04:33:14.776+0000] {dag.py:2705} INFO - Sync 1 DAGs
[2025-07-19T04:33:14.797+0000] {logging_mixin.py:137} INFO - [2025-07-19T04:33:14.797+0000] {dag.py:3452} INFO - Setting next_dagrun for run_eda_script_python to None, run_after=None
[2025-07-19T04:33:14.816+0000] {processor.py:175} INFO - Processing /opt/airflow/dags/demo.py took 0.083 seconds
[2025-07-19T04:33:45.215+0000] {processor.py:153} INFO - Started process (PID=850) to work on /opt/airflow/dags/demo.py
[2025-07-19T04:33:45.216+0000] {processor.py:743} INFO - Processing file /opt/airflow/dags/demo.py for tasks to queue
[2025-07-19T04:33:45.217+0000] {logging_mixin.py:137} INFO - [2025-07-19T04:33:45.217+0000] {dagbag.py:532} INFO - Filling up the DagBag from /opt/airflow/dags/demo.py
[2025-07-19T04:33:45.236+0000] {processor.py:753} INFO - DAG(s) dict_keys(['run_eda_script_python']) retrieved from /opt/airflow/dags/demo.py
[2025-07-19T04:33:45.256+0000] {logging_mixin.py:137} INFO - [2025-07-19T04:33:45.256+0000] {dag.py:2705} INFO - Sync 1 DAGs
[2025-07-19T04:33:45.696+0000] {logging_mixin.py:137} INFO - [2025-07-19T04:33:45.696+0000] {dag.py:3452} INFO - Setting next_dagrun for run_eda_script_python to None, run_after=None
[2025-07-19T04:33:45.784+0000] {processor.py:175} INFO - Processing /opt/airflow/dags/demo.py took 0.572 seconds
[2025-07-19T04:34:16.555+0000] {processor.py:153} INFO - Started process (PID=867) to work on /opt/airflow/dags/demo.py
[2025-07-19T04:34:16.556+0000] {processor.py:743} INFO - Processing file /opt/airflow/dags/demo.py for tasks to queue
[2025-07-19T04:34:16.557+0000] {logging_mixin.py:137} INFO - [2025-07-19T04:34:16.557+0000] {dagbag.py:532} INFO - Filling up the DagBag from /opt/airflow/dags/demo.py
[2025-07-19T04:34:16.576+0000] {processor.py:753} INFO - DAG(s) dict_keys(['run_eda_script_python']) retrieved from /opt/airflow/dags/demo.py
[2025-07-19T04:34:16.596+0000] {logging_mixin.py:137} INFO - [2025-07-19T04:34:16.595+0000] {dag.py:2705} INFO - Sync 1 DAGs
[2025-07-19T04:34:16.615+0000] {logging_mixin.py:137} INFO - [2025-07-19T04:34:16.615+0000] {dag.py:3452} INFO - Setting next_dagrun for run_eda_script_python to None, run_after=None
[2025-07-19T04:34:16.635+0000] {processor.py:175} INFO - Processing /opt/airflow/dags/demo.py took 0.082 seconds
[2025-07-19T04:34:47.061+0000] {processor.py:153} INFO - Started process (PID=877) to work on /opt/airflow/dags/demo.py
[2025-07-19T04:34:47.062+0000] {processor.py:743} INFO - Processing file /opt/airflow/dags/demo.py for tasks to queue
[2025-07-19T04:34:47.063+0000] {logging_mixin.py:137} INFO - [2025-07-19T04:34:47.063+0000] {dagbag.py:532} INFO - Filling up the DagBag from /opt/airflow/dags/demo.py
[2025-07-19T04:34:47.083+0000] {processor.py:753} INFO - DAG(s) dict_keys(['run_eda_script_python']) retrieved from /opt/airflow/dags/demo.py
[2025-07-19T04:34:47.104+0000] {logging_mixin.py:137} INFO - [2025-07-19T04:34:47.104+0000] {dag.py:2705} INFO - Sync 1 DAGs
[2025-07-19T04:34:47.125+0000] {logging_mixin.py:137} INFO - [2025-07-19T04:34:47.125+0000] {dag.py:3452} INFO - Setting next_dagrun for run_eda_script_python to None, run_after=None
[2025-07-19T04:34:47.146+0000] {processor.py:175} INFO - Processing /opt/airflow/dags/demo.py took 0.093 seconds
[2025-07-19T04:35:17.622+0000] {processor.py:153} INFO - Started process (PID=887) to work on /opt/airflow/dags/demo.py
[2025-07-19T04:35:17.623+0000] {processor.py:743} INFO - Processing file /opt/airflow/dags/demo.py for tasks to queue
[2025-07-19T04:35:17.624+0000] {logging_mixin.py:137} INFO - [2025-07-19T04:35:17.624+0000] {dagbag.py:532} INFO - Filling up the DagBag from /opt/airflow/dags/demo.py
[2025-07-19T04:35:17.644+0000] {processor.py:753} INFO - DAG(s) dict_keys(['run_eda_script_python']) retrieved from /opt/airflow/dags/demo.py
[2025-07-19T04:35:17.663+0000] {logging_mixin.py:137} INFO - [2025-07-19T04:35:17.663+0000] {dag.py:2705} INFO - Sync 1 DAGs
[2025-07-19T04:35:17.682+0000] {logging_mixin.py:137} INFO - [2025-07-19T04:35:17.682+0000] {dag.py:3452} INFO - Setting next_dagrun for run_eda_script_python to None, run_after=None
[2025-07-19T04:35:17.702+0000] {processor.py:175} INFO - Processing /opt/airflow/dags/demo.py took 0.082 seconds
[2025-07-19T04:35:48.192+0000] {processor.py:153} INFO - Started process (PID=897) to work on /opt/airflow/dags/demo.py
[2025-07-19T04:35:48.193+0000] {processor.py:743} INFO - Processing file /opt/airflow/dags/demo.py for tasks to queue
[2025-07-19T04:35:48.196+0000] {logging_mixin.py:137} INFO - [2025-07-19T04:35:48.194+0000] {dagbag.py:532} INFO - Filling up the DagBag from /opt/airflow/dags/demo.py
[2025-07-19T04:35:48.264+0000] {processor.py:753} INFO - DAG(s) dict_keys(['run_eda_script_python']) retrieved from /opt/airflow/dags/demo.py
[2025-07-19T04:35:48.292+0000] {logging_mixin.py:137} INFO - [2025-07-19T04:35:48.291+0000] {dag.py:2705} INFO - Sync 1 DAGs
[2025-07-19T04:35:48.343+0000] {logging_mixin.py:137} INFO - [2025-07-19T04:35:48.343+0000] {dag.py:3452} INFO - Setting next_dagrun for run_eda_script_python to None, run_after=None
[2025-07-19T04:35:48.415+0000] {processor.py:175} INFO - Processing /opt/airflow/dags/demo.py took 0.228 seconds
[2025-07-19T04:36:23.552+0000] {processor.py:153} INFO - Started process (PID=911) to work on /opt/airflow/dags/demo.py
[2025-07-19T04:36:28.760+0000] {processor.py:743} INFO - Processing file /opt/airflow/dags/demo.py for tasks to queue
[2025-07-19T04:36:29.449+0000] {logging_mixin.py:137} INFO - [2025-07-19T04:36:29.414+0000] {dagbag.py:532} INFO - Filling up the DagBag from /opt/airflow/dags/demo.py
[2025-07-19T04:36:39.157+0000] {processor.py:753} INFO - DAG(s) dict_keys(['run_eda_script_python']) retrieved from /opt/airflow/dags/demo.py
[2025-07-19T04:36:48.224+0000] {logging_mixin.py:137} INFO - [2025-07-19T04:36:48.223+0000] {dag.py:2705} INFO - Sync 1 DAGs
[2025-07-19T04:36:56.589+0000] {logging_mixin.py:137} INFO - [2025-07-19T04:36:56.589+0000] {dag.py:3452} INFO - Setting next_dagrun for run_eda_script_python to None, run_after=None
[2025-07-19T04:36:57.945+0000] {processor.py:175} INFO - Processing /opt/airflow/dags/demo.py took 36.089 seconds
[2025-07-19T04:37:35.056+0000] {processor.py:153} INFO - Started process (PID=930) to work on /opt/airflow/dags/demo.py
[2025-07-19T04:37:35.319+0000] {processor.py:743} INFO - Processing file /opt/airflow/dags/demo.py for tasks to queue
[2025-07-19T04:37:35.320+0000] {logging_mixin.py:137} INFO - [2025-07-19T04:37:35.320+0000] {dagbag.py:532} INFO - Filling up the DagBag from /opt/airflow/dags/demo.py
[2025-07-19T04:37:35.491+0000] {processor.py:753} INFO - DAG(s) dict_keys(['run_eda_script_python']) retrieved from /opt/airflow/dags/demo.py
[2025-07-19T04:37:36.207+0000] {logging_mixin.py:137} INFO - [2025-07-19T04:37:36.206+0000] {dag.py:2705} INFO - Sync 1 DAGs
[2025-07-19T04:37:36.360+0000] {logging_mixin.py:137} INFO - [2025-07-19T04:37:36.359+0000] {dag.py:3452} INFO - Setting next_dagrun for run_eda_script_python to None, run_after=None
[2025-07-19T04:37:36.378+0000] {processor.py:175} INFO - Processing /opt/airflow/dags/demo.py took 2.179 seconds
[2025-07-19T04:38:06.667+0000] {processor.py:153} INFO - Started process (PID=951) to work on /opt/airflow/dags/demo.py
[2025-07-19T04:38:06.669+0000] {processor.py:743} INFO - Processing file /opt/airflow/dags/demo.py for tasks to queue
[2025-07-19T04:38:06.672+0000] {logging_mixin.py:137} INFO - [2025-07-19T04:38:06.671+0000] {dagbag.py:532} INFO - Filling up the DagBag from /opt/airflow/dags/demo.py
[2025-07-19T04:38:06.731+0000] {processor.py:753} INFO - DAG(s) dict_keys(['run_eda_script_python']) retrieved from /opt/airflow/dags/demo.py
[2025-07-19T04:38:06.752+0000] {logging_mixin.py:137} INFO - [2025-07-19T04:38:06.752+0000] {dag.py:2705} INFO - Sync 1 DAGs
[2025-07-19T04:38:06.772+0000] {logging_mixin.py:137} INFO - [2025-07-19T04:38:06.772+0000] {dag.py:3452} INFO - Setting next_dagrun for run_eda_script_python to None, run_after=None
[2025-07-19T04:38:06.792+0000] {processor.py:175} INFO - Processing /opt/airflow/dags/demo.py took 0.142 seconds
[2025-07-19T04:38:37.388+0000] {processor.py:153} INFO - Started process (PID=964) to work on /opt/airflow/dags/demo.py
[2025-07-19T04:38:37.393+0000] {processor.py:743} INFO - Processing file /opt/airflow/dags/demo.py for tasks to queue
[2025-07-19T04:38:37.397+0000] {logging_mixin.py:137} INFO - [2025-07-19T04:38:37.397+0000] {dagbag.py:532} INFO - Filling up the DagBag from /opt/airflow/dags/demo.py
[2025-07-19T04:38:37.515+0000] {processor.py:753} INFO - DAG(s) dict_keys(['run_eda_script_python']) retrieved from /opt/airflow/dags/demo.py
[2025-07-19T04:38:37.540+0000] {logging_mixin.py:137} INFO - [2025-07-19T04:38:37.540+0000] {dag.py:2705} INFO - Sync 1 DAGs
[2025-07-19T04:38:37.566+0000] {logging_mixin.py:137} INFO - [2025-07-19T04:38:37.566+0000] {dag.py:3452} INFO - Setting next_dagrun for run_eda_script_python to None, run_after=None
[2025-07-19T04:38:37.587+0000] {processor.py:175} INFO - Processing /opt/airflow/dags/demo.py took 0.217 seconds
[2025-07-19T04:39:07.876+0000] {processor.py:153} INFO - Started process (PID=974) to work on /opt/airflow/dags/demo.py
[2025-07-19T04:39:07.878+0000] {processor.py:743} INFO - Processing file /opt/airflow/dags/demo.py for tasks to queue
[2025-07-19T04:39:07.882+0000] {logging_mixin.py:137} INFO - [2025-07-19T04:39:07.881+0000] {dagbag.py:532} INFO - Filling up the DagBag from /opt/airflow/dags/demo.py
[2025-07-19T04:39:07.907+0000] {processor.py:753} INFO - DAG(s) dict_keys(['run_eda_script_python']) retrieved from /opt/airflow/dags/demo.py
[2025-07-19T04:39:07.973+0000] {logging_mixin.py:137} INFO - [2025-07-19T04:39:07.973+0000] {dag.py:2705} INFO - Sync 1 DAGs
[2025-07-19T04:39:08.026+0000] {logging_mixin.py:137} INFO - [2025-07-19T04:39:08.026+0000] {dag.py:3452} INFO - Setting next_dagrun for run_eda_script_python to None, run_after=None
[2025-07-19T04:39:08.258+0000] {processor.py:175} INFO - Processing /opt/airflow/dags/demo.py took 0.386 seconds
[2025-07-19T04:39:39.034+0000] {processor.py:153} INFO - Started process (PID=994) to work on /opt/airflow/dags/demo.py
[2025-07-19T04:39:39.037+0000] {processor.py:743} INFO - Processing file /opt/airflow/dags/demo.py for tasks to queue
[2025-07-19T04:39:39.040+0000] {logging_mixin.py:137} INFO - [2025-07-19T04:39:39.039+0000] {dagbag.py:532} INFO - Filling up the DagBag from /opt/airflow/dags/demo.py
[2025-07-19T04:39:39.063+0000] {processor.py:753} INFO - DAG(s) dict_keys(['run_eda_script_python']) retrieved from /opt/airflow/dags/demo.py
[2025-07-19T04:39:39.082+0000] {logging_mixin.py:137} INFO - [2025-07-19T04:39:39.082+0000] {dag.py:2705} INFO - Sync 1 DAGs
[2025-07-19T04:39:39.100+0000] {logging_mixin.py:137} INFO - [2025-07-19T04:39:39.100+0000] {dag.py:3452} INFO - Setting next_dagrun for run_eda_script_python to None, run_after=None
[2025-07-19T04:39:39.120+0000] {processor.py:175} INFO - Processing /opt/airflow/dags/demo.py took 0.101 seconds
[2025-07-19T04:40:09.921+0000] {processor.py:153} INFO - Started process (PID=999) to work on /opt/airflow/dags/demo.py
[2025-07-19T04:40:09.924+0000] {processor.py:743} INFO - Processing file /opt/airflow/dags/demo.py for tasks to queue
[2025-07-19T04:40:09.926+0000] {logging_mixin.py:137} INFO - [2025-07-19T04:40:09.925+0000] {dagbag.py:532} INFO - Filling up the DagBag from /opt/airflow/dags/demo.py
[2025-07-19T04:40:10.171+0000] {processor.py:753} INFO - DAG(s) dict_keys(['run_eda_script_python']) retrieved from /opt/airflow/dags/demo.py
[2025-07-19T04:40:10.195+0000] {logging_mixin.py:137} INFO - [2025-07-19T04:40:10.195+0000] {dag.py:2705} INFO - Sync 1 DAGs
[2025-07-19T04:40:10.217+0000] {logging_mixin.py:137} INFO - [2025-07-19T04:40:10.217+0000] {dag.py:3452} INFO - Setting next_dagrun for run_eda_script_python to None, run_after=None
[2025-07-19T04:40:10.239+0000] {processor.py:175} INFO - Processing /opt/airflow/dags/demo.py took 0.332 seconds
[2025-07-19T04:40:32.410+0000] {processor.py:153} INFO - Started process (PID=1004) to work on /opt/airflow/dags/demo.py
[2025-07-19T04:40:32.411+0000] {processor.py:743} INFO - Processing file /opt/airflow/dags/demo.py for tasks to queue
[2025-07-19T04:40:32.411+0000] {logging_mixin.py:137} INFO - [2025-07-19T04:40:32.411+0000] {dagbag.py:532} INFO - Filling up the DagBag from /opt/airflow/dags/demo.py
[2025-07-19T04:40:32.453+0000] {processor.py:753} INFO - DAG(s) dict_keys(['run_eda_script_python']) retrieved from /opt/airflow/dags/demo.py
[2025-07-19T04:40:32.477+0000] {logging_mixin.py:137} INFO - [2025-07-19T04:40:32.477+0000] {dag.py:2705} INFO - Sync 1 DAGs
[2025-07-19T04:40:32.500+0000] {logging_mixin.py:137} INFO - [2025-07-19T04:40:32.500+0000] {dag.py:3452} INFO - Setting next_dagrun for run_eda_script_python to None, run_after=None
[2025-07-19T04:40:32.527+0000] {processor.py:175} INFO - Processing /opt/airflow/dags/demo.py took 0.122 seconds
[2025-07-19T04:40:43.735+0000] {processor.py:153} INFO - Started process (PID=1009) to work on /opt/airflow/dags/demo.py
[2025-07-19T04:40:43.737+0000] {processor.py:743} INFO - Processing file /opt/airflow/dags/demo.py for tasks to queue
[2025-07-19T04:40:43.739+0000] {logging_mixin.py:137} INFO - [2025-07-19T04:40:43.739+0000] {dagbag.py:532} INFO - Filling up the DagBag from /opt/airflow/dags/demo.py
[2025-07-19T04:40:43.942+0000] {processor.py:753} INFO - DAG(s) dict_keys(['run_eda_script_python']) retrieved from /opt/airflow/dags/demo.py
[2025-07-19T04:40:43.974+0000] {logging_mixin.py:137} INFO - [2025-07-19T04:40:43.974+0000] {dag.py:2705} INFO - Sync 1 DAGs
[2025-07-19T04:40:43.999+0000] {logging_mixin.py:137} INFO - [2025-07-19T04:40:43.998+0000] {dag.py:3452} INFO - Setting next_dagrun for run_eda_script_python to None, run_after=None
[2025-07-19T04:40:44.026+0000] {processor.py:175} INFO - Processing /opt/airflow/dags/demo.py took 0.300 seconds
[2025-07-19T04:40:54.806+0000] {processor.py:153} INFO - Started process (PID=1014) to work on /opt/airflow/dags/demo.py
[2025-07-19T04:40:54.808+0000] {processor.py:743} INFO - Processing file /opt/airflow/dags/demo.py for tasks to queue
[2025-07-19T04:40:54.809+0000] {logging_mixin.py:137} INFO - [2025-07-19T04:40:54.808+0000] {dagbag.py:532} INFO - Filling up the DagBag from /opt/airflow/dags/demo.py
[2025-07-19T04:40:54.862+0000] {processor.py:753} INFO - DAG(s) dict_keys(['run_eda_script_pythonnnnnnnnnnn']) retrieved from /opt/airflow/dags/demo.py
[2025-07-19T04:40:55.008+0000] {logging_mixin.py:137} INFO - [2025-07-19T04:40:55.008+0000] {manager.py:504} INFO - Created Permission View: can edit on DAG:run_eda_script_pythonnnnnnnnnnn
[2025-07-19T04:40:55.022+0000] {logging_mixin.py:137} INFO - [2025-07-19T04:40:55.022+0000] {manager.py:504} INFO - Created Permission View: can read on DAG:run_eda_script_pythonnnnnnnnnnn
[2025-07-19T04:40:55.034+0000] {logging_mixin.py:137} INFO - [2025-07-19T04:40:55.034+0000] {manager.py:504} INFO - Created Permission View: can delete on DAG:run_eda_script_pythonnnnnnnnnnn
[2025-07-19T04:40:55.034+0000] {logging_mixin.py:137} INFO - [2025-07-19T04:40:55.034+0000] {dag.py:2705} INFO - Sync 1 DAGs
[2025-07-19T04:40:55.046+0000] {logging_mixin.py:137} INFO - [2025-07-19T04:40:55.046+0000] {dag.py:2726} INFO - Creating ORM DAG for run_eda_script_pythonnnnnnnnnnn
[2025-07-19T04:40:55.055+0000] {logging_mixin.py:137} INFO - [2025-07-19T04:40:55.055+0000] {dag.py:3452} INFO - Setting next_dagrun for run_eda_script_pythonnnnnnnnnnn to None, run_after=None
[2025-07-19T04:40:55.419+0000] {processor.py:175} INFO - Processing /opt/airflow/dags/demo.py took 0.617 seconds
[2025-07-19T04:41:26.104+0000] {processor.py:153} INFO - Started process (PID=1021) to work on /opt/airflow/dags/demo.py
[2025-07-19T04:41:26.111+0000] {processor.py:743} INFO - Processing file /opt/airflow/dags/demo.py for tasks to queue
[2025-07-19T04:41:26.121+0000] {logging_mixin.py:137} INFO - [2025-07-19T04:41:26.120+0000] {dagbag.py:532} INFO - Filling up the DagBag from /opt/airflow/dags/demo.py
[2025-07-19T04:41:26.177+0000] {processor.py:753} INFO - DAG(s) dict_keys(['run_eda_script_pythonnnnnnnnnnn']) retrieved from /opt/airflow/dags/demo.py
[2025-07-19T04:41:26.199+0000] {logging_mixin.py:137} INFO - [2025-07-19T04:41:26.199+0000] {dag.py:2705} INFO - Sync 1 DAGs
[2025-07-19T04:41:26.317+0000] {logging_mixin.py:137} INFO - [2025-07-19T04:41:26.317+0000] {dag.py:3452} INFO - Setting next_dagrun for run_eda_script_pythonnnnnnnnnnn to None, run_after=None
[2025-07-19T04:41:26.367+0000] {processor.py:175} INFO - Processing /opt/airflow/dags/demo.py took 0.286 seconds
[2025-07-19T04:41:56.532+0000] {processor.py:153} INFO - Started process (PID=1026) to work on /opt/airflow/dags/demo.py
[2025-07-19T04:41:56.533+0000] {processor.py:743} INFO - Processing file /opt/airflow/dags/demo.py for tasks to queue
[2025-07-19T04:41:56.534+0000] {logging_mixin.py:137} INFO - [2025-07-19T04:41:56.534+0000] {dagbag.py:532} INFO - Filling up the DagBag from /opt/airflow/dags/demo.py
[2025-07-19T04:41:56.553+0000] {processor.py:753} INFO - DAG(s) dict_keys(['run_eda_script_pythonnnnnnnnnnn']) retrieved from /opt/airflow/dags/demo.py
[2025-07-19T04:41:56.573+0000] {logging_mixin.py:137} INFO - [2025-07-19T04:41:56.572+0000] {dag.py:2705} INFO - Sync 1 DAGs
[2025-07-19T04:41:56.594+0000] {logging_mixin.py:137} INFO - [2025-07-19T04:41:56.594+0000] {dag.py:3452} INFO - Setting next_dagrun for run_eda_script_pythonnnnnnnnnnn to None, run_after=None
[2025-07-19T04:41:56.613+0000] {processor.py:175} INFO - Processing /opt/airflow/dags/demo.py took 0.085 seconds
[2025-07-19T04:42:12.929+0000] {processor.py:153} INFO - Started process (PID=1031) to work on /opt/airflow/dags/demo.py
[2025-07-19T04:42:12.930+0000] {processor.py:743} INFO - Processing file /opt/airflow/dags/demo.py for tasks to queue
[2025-07-19T04:42:12.931+0000] {logging_mixin.py:137} INFO - [2025-07-19T04:42:12.931+0000] {dagbag.py:532} INFO - Filling up the DagBag from /opt/airflow/dags/demo.py
[2025-07-19T04:42:12.968+0000] {processor.py:753} INFO - DAG(s) dict_keys(['run_eda_script_pythonnnnnnnnnnn']) retrieved from /opt/airflow/dags/demo.py
[2025-07-19T04:42:12.988+0000] {logging_mixin.py:137} INFO - [2025-07-19T04:42:12.987+0000] {dag.py:2705} INFO - Sync 1 DAGs
[2025-07-19T04:42:13.012+0000] {logging_mixin.py:137} INFO - [2025-07-19T04:42:13.012+0000] {dag.py:3452} INFO - Setting next_dagrun for run_eda_script_pythonnnnnnnnnnn to None, run_after=None
[2025-07-19T04:42:13.130+0000] {processor.py:175} INFO - Processing /opt/airflow/dags/demo.py took 0.204 seconds
[2025-07-19T04:42:13.988+0000] {processor.py:153} INFO - Started process (PID=1036) to work on /opt/airflow/dags/demo.py
[2025-07-19T04:42:13.989+0000] {processor.py:743} INFO - Processing file /opt/airflow/dags/demo.py for tasks to queue
[2025-07-19T04:42:13.989+0000] {logging_mixin.py:137} INFO - [2025-07-19T04:42:13.989+0000] {dagbag.py:532} INFO - Filling up the DagBag from /opt/airflow/dags/demo.py
[2025-07-19T04:42:14.029+0000] {processor.py:753} INFO - DAG(s) dict_keys(['run_eda_script_pythonnnnnnnnnnn']) retrieved from /opt/airflow/dags/demo.py
[2025-07-19T04:42:14.049+0000] {logging_mixin.py:137} INFO - [2025-07-19T04:42:14.049+0000] {dag.py:2705} INFO - Sync 1 DAGs
[2025-07-19T04:42:14.069+0000] {logging_mixin.py:137} INFO - [2025-07-19T04:42:14.069+0000] {dag.py:3452} INFO - Setting next_dagrun for run_eda_script_pythonnnnnnnnnnn to None, run_after=None
[2025-07-19T04:42:14.135+0000] {processor.py:175} INFO - Processing /opt/airflow/dags/demo.py took 0.151 seconds
[2025-07-19T04:42:44.199+0000] {processor.py:153} INFO - Started process (PID=1041) to work on /opt/airflow/dags/demo.py
[2025-07-19T04:42:44.200+0000] {processor.py:743} INFO - Processing file /opt/airflow/dags/demo.py for tasks to queue
[2025-07-19T04:42:44.201+0000] {logging_mixin.py:137} INFO - [2025-07-19T04:42:44.201+0000] {dagbag.py:532} INFO - Filling up the DagBag from /opt/airflow/dags/demo.py
[2025-07-19T04:42:44.222+0000] {processor.py:753} INFO - DAG(s) dict_keys(['run_eda_script_pythonnnnnnnnnnn']) retrieved from /opt/airflow/dags/demo.py
[2025-07-19T04:42:44.246+0000] {logging_mixin.py:137} INFO - [2025-07-19T04:42:44.246+0000] {dag.py:2705} INFO - Sync 1 DAGs
[2025-07-19T04:42:44.266+0000] {logging_mixin.py:137} INFO - [2025-07-19T04:42:44.266+0000] {dag.py:3452} INFO - Setting next_dagrun for run_eda_script_pythonnnnnnnnnnn to None, run_after=None
[2025-07-19T04:42:44.285+0000] {processor.py:175} INFO - Processing /opt/airflow/dags/demo.py took 0.089 seconds
[2025-07-19T04:43:14.793+0000] {processor.py:153} INFO - Started process (PID=1046) to work on /opt/airflow/dags/demo.py
[2025-07-19T04:43:14.794+0000] {processor.py:743} INFO - Processing file /opt/airflow/dags/demo.py for tasks to queue
[2025-07-19T04:43:14.795+0000] {logging_mixin.py:137} INFO - [2025-07-19T04:43:14.795+0000] {dagbag.py:532} INFO - Filling up the DagBag from /opt/airflow/dags/demo.py
[2025-07-19T04:43:14.816+0000] {processor.py:753} INFO - DAG(s) dict_keys(['run_eda_script_pythonnnnnnnnnnn']) retrieved from /opt/airflow/dags/demo.py
[2025-07-19T04:43:14.838+0000] {logging_mixin.py:137} INFO - [2025-07-19T04:43:14.838+0000] {dag.py:2705} INFO - Sync 1 DAGs
[2025-07-19T04:43:14.862+0000] {logging_mixin.py:137} INFO - [2025-07-19T04:43:14.862+0000] {dag.py:3452} INFO - Setting next_dagrun for run_eda_script_pythonnnnnnnnnnn to None, run_after=None
[2025-07-19T04:43:14.880+0000] {processor.py:175} INFO - Processing /opt/airflow/dags/demo.py took 0.091 seconds
[2025-07-19T04:43:45.250+0000] {processor.py:153} INFO - Started process (PID=1051) to work on /opt/airflow/dags/demo.py
[2025-07-19T04:43:45.251+0000] {processor.py:743} INFO - Processing file /opt/airflow/dags/demo.py for tasks to queue
[2025-07-19T04:43:45.251+0000] {logging_mixin.py:137} INFO - [2025-07-19T04:43:45.251+0000] {dagbag.py:532} INFO - Filling up the DagBag from /opt/airflow/dags/demo.py
[2025-07-19T04:43:45.278+0000] {processor.py:753} INFO - DAG(s) dict_keys(['run_eda_script_pythonnnnnnnnnnn']) retrieved from /opt/airflow/dags/demo.py
[2025-07-19T04:43:45.303+0000] {logging_mixin.py:137} INFO - [2025-07-19T04:43:45.303+0000] {dag.py:2705} INFO - Sync 1 DAGs
[2025-07-19T04:43:45.333+0000] {logging_mixin.py:137} INFO - [2025-07-19T04:43:45.333+0000] {dag.py:3452} INFO - Setting next_dagrun for run_eda_script_pythonnnnnnnnnnn to None, run_after=None
[2025-07-19T04:43:45.361+0000] {processor.py:175} INFO - Processing /opt/airflow/dags/demo.py took 0.114 seconds
[2025-07-19T04:44:15.726+0000] {processor.py:153} INFO - Started process (PID=1056) to work on /opt/airflow/dags/demo.py
[2025-07-19T04:44:15.727+0000] {processor.py:743} INFO - Processing file /opt/airflow/dags/demo.py for tasks to queue
[2025-07-19T04:44:15.728+0000] {logging_mixin.py:137} INFO - [2025-07-19T04:44:15.727+0000] {dagbag.py:532} INFO - Filling up the DagBag from /opt/airflow/dags/demo.py
[2025-07-19T04:44:15.753+0000] {processor.py:753} INFO - DAG(s) dict_keys(['run_eda_script_pythonnnnnnnnnnn']) retrieved from /opt/airflow/dags/demo.py
[2025-07-19T04:44:15.777+0000] {logging_mixin.py:137} INFO - [2025-07-19T04:44:15.776+0000] {dag.py:2705} INFO - Sync 1 DAGs
[2025-07-19T04:44:15.798+0000] {logging_mixin.py:137} INFO - [2025-07-19T04:44:15.798+0000] {dag.py:3452} INFO - Setting next_dagrun for run_eda_script_pythonnnnnnnnnnn to None, run_after=None
[2025-07-19T04:44:15.817+0000] {processor.py:175} INFO - Processing /opt/airflow/dags/demo.py took 0.096 seconds
[2025-07-19T04:44:46.209+0000] {processor.py:153} INFO - Started process (PID=1061) to work on /opt/airflow/dags/demo.py
[2025-07-19T04:44:46.210+0000] {processor.py:743} INFO - Processing file /opt/airflow/dags/demo.py for tasks to queue
[2025-07-19T04:44:46.211+0000] {logging_mixin.py:137} INFO - [2025-07-19T04:44:46.211+0000] {dagbag.py:532} INFO - Filling up the DagBag from /opt/airflow/dags/demo.py
[2025-07-19T04:44:46.233+0000] {processor.py:753} INFO - DAG(s) dict_keys(['run_eda_script_pythonnnnnnnnnnn']) retrieved from /opt/airflow/dags/demo.py
[2025-07-19T04:44:46.264+0000] {logging_mixin.py:137} INFO - [2025-07-19T04:44:46.264+0000] {dag.py:2705} INFO - Sync 1 DAGs
[2025-07-19T04:44:46.288+0000] {logging_mixin.py:137} INFO - [2025-07-19T04:44:46.288+0000] {dag.py:3452} INFO - Setting next_dagrun for run_eda_script_pythonnnnnnnnnnn to None, run_after=None
[2025-07-19T04:44:46.305+0000] {processor.py:175} INFO - Processing /opt/airflow/dags/demo.py took 0.104 seconds
[2025-07-19T04:45:17.015+0000] {processor.py:153} INFO - Started process (PID=1070) to work on /opt/airflow/dags/demo.py
[2025-07-19T04:45:17.016+0000] {processor.py:743} INFO - Processing file /opt/airflow/dags/demo.py for tasks to queue
[2025-07-19T04:45:17.016+0000] {logging_mixin.py:137} INFO - [2025-07-19T04:45:17.016+0000] {dagbag.py:532} INFO - Filling up the DagBag from /opt/airflow/dags/demo.py
[2025-07-19T04:45:17.035+0000] {processor.py:753} INFO - DAG(s) dict_keys(['run_eda_script_pythonnnnnnnnnnn']) retrieved from /opt/airflow/dags/demo.py
[2025-07-19T04:45:17.053+0000] {logging_mixin.py:137} INFO - [2025-07-19T04:45:17.053+0000] {dag.py:2705} INFO - Sync 1 DAGs
[2025-07-19T04:45:17.114+0000] {logging_mixin.py:137} INFO - [2025-07-19T04:45:17.114+0000] {dag.py:3452} INFO - Setting next_dagrun for run_eda_script_pythonnnnnnnnnnn to None, run_after=None
[2025-07-19T04:45:17.136+0000] {processor.py:175} INFO - Processing /opt/airflow/dags/demo.py took 0.123 seconds
[2025-07-19T04:45:28.136+0000] {processor.py:153} INFO - Started process (PID=1075) to work on /opt/airflow/dags/demo.py
[2025-07-19T04:45:28.137+0000] {processor.py:743} INFO - Processing file /opt/airflow/dags/demo.py for tasks to queue
[2025-07-19T04:45:28.140+0000] {logging_mixin.py:137} INFO - [2025-07-19T04:45:28.138+0000] {dagbag.py:532} INFO - Filling up the DagBag from /opt/airflow/dags/demo.py
[2025-07-19T04:45:28.259+0000] {processor.py:753} INFO - DAG(s) dict_keys(['run_eda_script_pythonnnnnnnnnnn']) retrieved from /opt/airflow/dags/demo.py
[2025-07-19T04:45:28.313+0000] {logging_mixin.py:137} INFO - [2025-07-19T04:45:28.313+0000] {dag.py:2705} INFO - Sync 1 DAGs
[2025-07-19T04:45:28.355+0000] {logging_mixin.py:137} INFO - [2025-07-19T04:45:28.354+0000] {dag.py:3452} INFO - Setting next_dagrun for run_eda_script_pythonnnnnnnnnnn to None, run_after=None
[2025-07-19T04:45:28.376+0000] {processor.py:175} INFO - Processing /opt/airflow/dags/demo.py took 0.245 seconds
[2025-07-19T04:45:58.657+0000] {processor.py:153} INFO - Started process (PID=1082) to work on /opt/airflow/dags/demo.py
[2025-07-19T04:45:58.661+0000] {processor.py:743} INFO - Processing file /opt/airflow/dags/demo.py for tasks to queue
[2025-07-19T04:45:58.665+0000] {logging_mixin.py:137} INFO - [2025-07-19T04:45:58.664+0000] {dagbag.py:532} INFO - Filling up the DagBag from /opt/airflow/dags/demo.py
[2025-07-19T04:45:58.780+0000] {processor.py:753} INFO - DAG(s) dict_keys(['run_eda_script_pythonnnnnnnnnnn']) retrieved from /opt/airflow/dags/demo.py
[2025-07-19T04:45:58.812+0000] {logging_mixin.py:137} INFO - [2025-07-19T04:45:58.812+0000] {dag.py:2705} INFO - Sync 1 DAGs
[2025-07-19T04:45:58.834+0000] {logging_mixin.py:137} INFO - [2025-07-19T04:45:58.834+0000] {dag.py:3452} INFO - Setting next_dagrun for run_eda_script_pythonnnnnnnnnnn to None, run_after=None
[2025-07-19T04:45:58.850+0000] {processor.py:175} INFO - Processing /opt/airflow/dags/demo.py took 0.207 seconds
[2025-07-19T04:46:09.978+0000] {processor.py:153} INFO - Started process (PID=1087) to work on /opt/airflow/dags/demo.py
[2025-07-19T04:46:09.979+0000] {processor.py:743} INFO - Processing file /opt/airflow/dags/demo.py for tasks to queue
[2025-07-19T04:46:09.979+0000] {logging_mixin.py:137} INFO - [2025-07-19T04:46:09.979+0000] {dagbag.py:532} INFO - Filling up the DagBag from /opt/airflow/dags/demo.py
[2025-07-19T04:46:10.080+0000] {processor.py:753} INFO - DAG(s) dict_keys(['run_eda_script_fixed']) retrieved from /opt/airflow/dags/demo.py
[2025-07-19T04:46:10.593+0000] {logging_mixin.py:137} INFO - [2025-07-19T04:46:10.592+0000] {manager.py:504} INFO - Created Permission View: can edit on DAG:run_eda_script_fixed
[2025-07-19T04:46:10.668+0000] {logging_mixin.py:137} INFO - [2025-07-19T04:46:10.668+0000] {manager.py:504} INFO - Created Permission View: can read on DAG:run_eda_script_fixed
[2025-07-19T04:46:10.701+0000] {logging_mixin.py:137} INFO - [2025-07-19T04:46:10.700+0000] {manager.py:504} INFO - Created Permission View: can delete on DAG:run_eda_script_fixed
[2025-07-19T04:46:10.703+0000] {logging_mixin.py:137} INFO - [2025-07-19T04:46:10.702+0000] {dag.py:2705} INFO - Sync 1 DAGs
[2025-07-19T04:46:10.761+0000] {logging_mixin.py:137} INFO - [2025-07-19T04:46:10.760+0000] {dag.py:2726} INFO - Creating ORM DAG for run_eda_script_fixed
[2025-07-19T04:46:10.811+0000] {logging_mixin.py:137} INFO - [2025-07-19T04:46:10.809+0000] {dag.py:3452} INFO - Setting next_dagrun for run_eda_script_fixed to None, run_after=None
[2025-07-19T04:46:10.939+0000] {processor.py:175} INFO - Processing /opt/airflow/dags/demo.py took 0.966 seconds
[2025-07-19T04:46:42.024+0000] {processor.py:153} INFO - Started process (PID=1093) to work on /opt/airflow/dags/demo.py
[2025-07-19T04:46:42.031+0000] {processor.py:743} INFO - Processing file /opt/airflow/dags/demo.py for tasks to queue
[2025-07-19T04:46:42.037+0000] {logging_mixin.py:137} INFO - [2025-07-19T04:46:42.036+0000] {dagbag.py:532} INFO - Filling up the DagBag from /opt/airflow/dags/demo.py
[2025-07-19T04:46:42.181+0000] {processor.py:753} INFO - DAG(s) dict_keys(['run_eda_script_fixed']) retrieved from /opt/airflow/dags/demo.py
[2025-07-19T04:46:42.215+0000] {logging_mixin.py:137} INFO - [2025-07-19T04:46:42.215+0000] {dag.py:2705} INFO - Sync 1 DAGs
[2025-07-19T04:46:42.249+0000] {logging_mixin.py:137} INFO - [2025-07-19T04:46:42.249+0000] {dag.py:3452} INFO - Setting next_dagrun for run_eda_script_fixed to None, run_after=None
[2025-07-19T04:46:42.280+0000] {processor.py:175} INFO - Processing /opt/airflow/dags/demo.py took 0.283 seconds
[2025-07-19T04:47:15.296+0000] {processor.py:153} INFO - Started process (PID=1101) to work on /opt/airflow/dags/demo.py
[2025-07-19T04:47:15.352+0000] {processor.py:743} INFO - Processing file /opt/airflow/dags/demo.py for tasks to queue
[2025-07-19T04:47:15.359+0000] {logging_mixin.py:137} INFO - [2025-07-19T04:47:15.357+0000] {dagbag.py:532} INFO - Filling up the DagBag from /opt/airflow/dags/demo.py
[2025-07-19T04:47:17.487+0000] {processor.py:753} INFO - DAG(s) dict_keys(['run_eda_script_fixed']) retrieved from /opt/airflow/dags/demo.py
