[2025-07-19T09:07:07.218+0000] {taskinstance.py:1956} INFO - Dependencies all met for dep_context=non-requeueable deps ti=<TaskInstance: run_streamlit_dash.check_file_exists manual__2025-07-19T09:05:41.880419+00:00 [queued]>
[2025-07-19T09:07:07.336+0000] {taskinstance.py:1956} INFO - Dependencies all met for dep_context=requeueable deps ti=<TaskInstance: run_streamlit_dash.check_file_exists manual__2025-07-19T09:05:41.880419+00:00 [queued]>
[2025-07-19T09:07:07.337+0000] {taskinstance.py:2170} INFO - Starting attempt 2 of 2
[2025-07-19T09:07:07.440+0000] {taskinstance.py:2191} INFO - Executing <Task(BashOperator): check_file_exists> on 2025-07-19 09:05:41.880419+00:00
[2025-07-19T09:07:07.690+0000] {standard_task_runner.py:60} INFO - Started process 8224 to run task
[2025-07-19T09:07:08.115+0000] {standard_task_runner.py:87} INFO - Running: ['***', 'tasks', 'run', 'run_streamlit_dash', 'check_file_exists', 'manual__2025-07-19T09:05:41.880419+00:00', '--job-id', '81', '--raw', '--subdir', 'DAGS_FOLDER/eda_***.py', '--cfg-path', '/tmp/tmpjnu118xo']
[2025-07-19T09:07:08.163+0000] {standard_task_runner.py:88} INFO - Job 81: Subtask check_file_exists
[2025-07-19T09:07:34.118+0000] {task_command.py:423} INFO - Running <TaskInstance: run_streamlit_dash.check_file_exists manual__2025-07-19T09:05:41.880419+00:00 [running]> on host 2b6a031b4c87
[2025-07-19T09:07:37.992+0000] {taskinstance.py:2480} INFO - Exporting env vars: AIRFLOW_CTX_DAG_OWNER='streamlit_user' AIRFLOW_CTX_DAG_ID='run_streamlit_dash' AIRFLOW_CTX_TASK_ID='check_file_exists' AIRFLOW_CTX_EXECUTION_DATE='2025-07-19T09:05:41.880419+00:00' AIRFLOW_CTX_TRY_NUMBER='2' AIRFLOW_CTX_DAG_RUN_ID='manual__2025-07-19T09:05:41.880419+00:00'
[2025-07-19T09:07:38.050+0000] {subprocess.py:63} INFO - Tmp dir root location: /tmp
[2025-07-19T09:07:38.182+0000] {subprocess.py:75} INFO - Running command: ['/usr/bin/bash', '-c', '\n    cd C:\\Users\\Minfy.DESKTOP-3E50D5N\\Music\\customer_lead\n    if [ -f "streamlit_dash.py" ]; then\n        echo "File streamlit_dash.py found"\n        ls -la streamlit_dash.py\n    else\n        echo "ERROR: streamlit_dash.py not found!"\n        ls -la\n        exit 1\n    fi\n    ']
[2025-07-19T09:07:38.409+0000] {subprocess.py:86} INFO - Output:
[2025-07-19T09:07:38.412+0000] {subprocess.py:93} INFO - /usr/bin/bash: line 2: cd: C:UsersMinfy.DESKTOP-3E50D5NMusiccustomer_lead: No such file or directory
[2025-07-19T09:07:38.413+0000] {subprocess.py:93} INFO - ERROR: streamlit_dash.py not found!
[2025-07-19T09:07:38.415+0000] {subprocess.py:93} INFO - total 8
[2025-07-19T09:07:38.415+0000] {subprocess.py:93} INFO - drwx------ 2 *** root 4096 Jul 19 09:07 .
[2025-07-19T09:07:38.416+0000] {subprocess.py:93} INFO - drwxrwxrwt 1 root    root 4096 Jul 19 09:07 ..
[2025-07-19T09:07:38.416+0000] {subprocess.py:97} INFO - Command exited with return code 1
[2025-07-19T09:07:38.425+0000] {taskinstance.py:2698} ERROR - Task failed with exception
Traceback (most recent call last):
  File "/home/airflow/.local/lib/python3.8/site-packages/airflow/models/taskinstance.py", line 433, in _execute_task
    result = execute_callable(context=context, **execute_callable_kwargs)
  File "/home/airflow/.local/lib/python3.8/site-packages/airflow/operators/bash.py", line 212, in execute
    raise AirflowException(
airflow.exceptions.AirflowException: Bash command failed. The command returned a non-zero exit code 1.
[2025-07-19T09:07:38.429+0000] {taskinstance.py:1138} INFO - Marking task as FAILED. dag_id=run_streamlit_dash, task_id=check_file_exists, execution_date=20250719T090541, start_date=20250719T090707, end_date=20250719T090738
[2025-07-19T09:07:38.442+0000] {standard_task_runner.py:107} ERROR - Failed to execute job 81 for task check_file_exists (Bash command failed. The command returned a non-zero exit code 1.; 8224)
[2025-07-19T09:07:38.497+0000] {local_task_job_runner.py:234} INFO - Task exited with return code 1
[2025-07-19T09:07:38.678+0000] {taskinstance.py:3280} INFO - 0 downstream tasks scheduled from follow-on schedule check
