[2025-07-19T07:06:49.206+0000] {taskinstance.py:1956} INFO - Dependencies all met for dep_context=non-requeueable deps ti=<TaskInstance: run_eda_script_fixed.run_eda manual__2025-07-19T07:03:38.537392+00:00 [queued]>
[2025-07-19T07:06:49.215+0000] {taskinstance.py:1956} INFO - Dependencies all met for dep_context=requeueable deps ti=<TaskInstance: run_eda_script_fixed.run_eda manual__2025-07-19T07:03:38.537392+00:00 [queued]>
[2025-07-19T07:06:49.215+0000] {taskinstance.py:2170} INFO - Starting attempt 2 of 2
[2025-07-19T07:06:49.328+0000] {taskinstance.py:2191} INFO - Executing <Task(PythonOperator): run_eda> on 2025-07-19 07:03:38.537392+00:00
[2025-07-19T07:06:49.333+0000] {standard_task_runner.py:60} INFO - Started process 3367 to run task
[2025-07-19T07:06:49.336+0000] {standard_task_runner.py:87} INFO - Running: ['***', 'tasks', 'run', 'run_eda_script_fixed', 'run_eda', 'manual__2025-07-19T07:03:38.537392+00:00', '--job-id', '65', '--raw', '--subdir', 'DAGS_FOLDER/eda_***.py', '--cfg-path', '/tmp/tmp40aa34w9']
[2025-07-19T07:06:49.338+0000] {standard_task_runner.py:88} INFO - Job 65: Subtask run_eda
[2025-07-19T07:06:49.499+0000] {task_command.py:423} INFO - Running <TaskInstance: run_eda_script_fixed.run_eda manual__2025-07-19T07:03:38.537392+00:00 [running]> on host 2b6a031b4c87
[2025-07-19T07:06:49.881+0000] {taskinstance.py:2480} INFO - Exporting env vars: AIRFLOW_CTX_DAG_OWNER='***' AIRFLOW_CTX_DAG_ID='run_eda_script_fixed' AIRFLOW_CTX_TASK_ID='run_eda' AIRFLOW_CTX_EXECUTION_DATE='2025-07-19T07:03:38.537392+00:00' AIRFLOW_CTX_TRY_NUMBER='2' AIRFLOW_CTX_DAG_RUN_ID='manual__2025-07-19T07:03:38.537392+00:00'
[2025-07-19T07:06:50.733+0000] {taskinstance.py:2698} ERROR - Task failed with exception
Traceback (most recent call last):
  File "/home/airflow/.local/lib/python3.8/site-packages/airflow/models/taskinstance.py", line 433, in _execute_task
    result = execute_callable(context=context, **execute_callable_kwargs)
  File "/home/airflow/.local/lib/python3.8/site-packages/airflow/operators/python.py", line 199, in execute
    return_value = self.execute_callable()
  File "/home/airflow/.local/lib/python3.8/site-packages/airflow/operators/python.py", line 216, in execute_callable
    return self.python_callable(*self.op_args, **self.op_kwargs)
  File "/opt/airflow/dags/eda_airflow.py", line 15, in run_eda_script
    exec(f.read(), globals())
  File "<string>", line 6, in <module>
ModuleNotFoundError: No module named 'matplotlib'
[2025-07-19T07:06:50.742+0000] {taskinstance.py:1138} INFO - Marking task as FAILED. dag_id=run_eda_script_fixed, task_id=run_eda, execution_date=20250719T070338, start_date=20250719T070649, end_date=20250719T070650
[2025-07-19T07:06:50.754+0000] {standard_task_runner.py:107} ERROR - Failed to execute job 65 for task run_eda (No module named 'matplotlib'; 3367)
[2025-07-19T07:06:50.775+0000] {local_task_job_runner.py:234} INFO - Task exited with return code 1
[2025-07-19T07:06:50.789+0000] {taskinstance.py:3280} INFO - 0 downstream tasks scheduled from follow-on schedule check
