[2025-07-19T07:33:36.382+0000] {taskinstance.py:1956} INFO - Dependencies all met for dep_context=non-requeueable deps ti=<TaskInstance: run_eda_script_fixedddddddddddddd.run_eda manual__2025-07-19T07:33:29.947056+00:00 [queued]>
[2025-07-19T07:33:36.391+0000] {taskinstance.py:1956} INFO - Dependencies all met for dep_context=requeueable deps ti=<TaskInstance: run_eda_script_fixedddddddddddddd.run_eda manual__2025-07-19T07:33:29.947056+00:00 [queued]>
[2025-07-19T07:33:36.392+0000] {taskinstance.py:2170} INFO - Starting attempt 1 of 1
[2025-07-19T07:33:36.407+0000] {taskinstance.py:2191} INFO - Executing <Task(PythonOperator): run_eda> on 2025-07-19 07:33:29.947056+00:00
[2025-07-19T07:33:36.426+0000] {standard_task_runner.py:60} INFO - Started process 4491 to run task
[2025-07-19T07:33:36.429+0000] {standard_task_runner.py:87} INFO - Running: ['***', 'tasks', 'run', 'run_eda_script_fixedddddddddddddd', 'run_eda', 'manual__2025-07-19T07:33:29.947056+00:00', '--job-id', '75', '--raw', '--subdir', 'DAGS_FOLDER/eda_***.py', '--cfg-path', '/tmp/tmpg9daoamj']
[2025-07-19T07:33:36.432+0000] {standard_task_runner.py:88} INFO - Job 75: Subtask run_eda
[2025-07-19T07:33:36.478+0000] {task_command.py:423} INFO - Running <TaskInstance: run_eda_script_fixedddddddddddddd.run_eda manual__2025-07-19T07:33:29.947056+00:00 [running]> on host 2b6a031b4c87
[2025-07-19T07:33:36.572+0000] {taskinstance.py:2480} INFO - Exporting env vars: AIRFLOW_CTX_DAG_OWNER='***' AIRFLOW_CTX_DAG_ID='run_eda_script_fixedddddddddddddd' AIRFLOW_CTX_TASK_ID='run_eda' AIRFLOW_CTX_EXECUTION_DATE='2025-07-19T07:33:29.947056+00:00' AIRFLOW_CTX_TRY_NUMBER='1' AIRFLOW_CTX_DAG_RUN_ID='manual__2025-07-19T07:33:29.947056+00:00'
[2025-07-19T07:33:37.040+0000] {taskinstance.py:2698} ERROR - Task failed with exception
Traceback (most recent call last):
  File "/home/airflow/.local/lib/python3.8/site-packages/airflow/models/taskinstance.py", line 433, in _execute_task
    result = execute_callable(context=context, **execute_callable_kwargs)
  File "/home/airflow/.local/lib/python3.8/site-packages/airflow/operators/python.py", line 199, in execute
    return_value = self.execute_callable()
  File "/home/airflow/.local/lib/python3.8/site-packages/airflow/operators/python.py", line 216, in execute_callable
    return self.python_callable(*self.op_args, **self.op_kwargs)
  File "/opt/airflow/dags/eda_airflow.py", line 11, in run_eda_script
    exec(f.read(), globals())
  File "<string>", line 6, in <module>
ModuleNotFoundError: No module named 'matplotlib'
[2025-07-19T07:33:37.051+0000] {taskinstance.py:1138} INFO - Marking task as FAILED. dag_id=run_eda_script_fixedddddddddddddd, task_id=run_eda, execution_date=20250719T073329, start_date=20250719T073336, end_date=20250719T073337
[2025-07-19T07:33:37.097+0000] {standard_task_runner.py:107} ERROR - Failed to execute job 75 for task run_eda (No module named 'matplotlib'; 4491)
[2025-07-19T07:33:37.125+0000] {local_task_job_runner.py:234} INFO - Task exited with return code 1
[2025-07-19T07:33:37.140+0000] {taskinstance.py:3280} INFO - 0 downstream tasks scheduled from follow-on schedule check
