[2025-07-19T04:18:42.638+0000] {taskinstance.py:1090} INFO - Dependencies all met for dep_context=non-requeueable deps ti=<TaskInstance: run_eda_script_python.run_eda manual__2025-07-19T04:15:58.036104+00:00 [queued]>
[2025-07-19T04:18:42.647+0000] {taskinstance.py:1090} INFO - Dependencies all met for dep_context=requeueable deps ti=<TaskInstance: run_eda_script_python.run_eda manual__2025-07-19T04:15:58.036104+00:00 [queued]>
[2025-07-19T04:18:42.647+0000] {taskinstance.py:1288} INFO - 
--------------------------------------------------------------------------------
[2025-07-19T04:18:42.648+0000] {taskinstance.py:1289} INFO - Starting attempt 2 of 2
[2025-07-19T04:18:42.648+0000] {taskinstance.py:1290} INFO - 
--------------------------------------------------------------------------------
[2025-07-19T04:18:42.661+0000] {taskinstance.py:1309} INFO - Executing <Task(PythonOperator): run_eda> on 2025-07-19 04:15:58.036104+00:00
[2025-07-19T04:18:42.665+0000] {standard_task_runner.py:55} INFO - Started process 417 to run task
[2025-07-19T04:18:42.668+0000] {standard_task_runner.py:82} INFO - Running: ['***', 'tasks', 'run', 'run_eda_script_python', 'run_eda', 'manual__2025-07-19T04:15:58.036104+00:00', '--job-id', '4', '--raw', '--subdir', 'DAGS_FOLDER/demo.py', '--cfg-path', '/tmp/tmpioc_j7i_']
[2025-07-19T04:18:42.670+0000] {standard_task_runner.py:83} INFO - Job 4: Subtask run_eda
[2025-07-19T04:18:42.721+0000] {task_command.py:389} INFO - Running <TaskInstance: run_eda_script_python.run_eda manual__2025-07-19T04:15:58.036104+00:00 [running]> on host 398705dcf644
[2025-07-19T04:18:42.776+0000] {taskinstance.py:1516} INFO - Exporting the following env vars:
AIRFLOW_CTX_DAG_OWNER=***
AIRFLOW_CTX_DAG_ID=run_eda_script_python
AIRFLOW_CTX_TASK_ID=run_eda
AIRFLOW_CTX_EXECUTION_DATE=2025-07-19T04:15:58.036104+00:00
AIRFLOW_CTX_TRY_NUMBER=2
AIRFLOW_CTX_DAG_RUN_ID=manual__2025-07-19T04:15:58.036104+00:00
[2025-07-19T04:18:43.722+0000] {logging_mixin.py:137} INFO - ✅ All libraries imported successfully!
[2025-07-19T04:18:43.723+0000] {logging_mixin.py:137} INFO - Input file: C:\Users\Minfy.DESKTOP-3E50D5N\Desktop\final_capstone\raw_data\Lead Scoring.csv
[2025-07-19T04:18:43.723+0000] {logging_mixin.py:137} INFO - Output folder: C:\Users\Minfy.DESKTOP-3E50D5N\Desktop\final_capstone\preprocess\preprocessed_output
[2025-07-19T04:18:43.723+0000] {logging_mixin.py:137} INFO - 🔄 Loading data from: C:\Users\Minfy.DESKTOP-3E50D5N\Desktop\final_capstone\raw_data\Lead Scoring.csv
[2025-07-19T04:18:43.724+0000] {logging_mixin.py:137} INFO - ❌ Error loading data: name 'pd' is not defined
[2025-07-19T04:18:43.725+0000] {taskinstance.py:1776} ERROR - Task failed with exception
Traceback (most recent call last):
  File "/home/airflow/.local/lib/python3.10/site-packages/airflow/operators/python.py", line 175, in execute
    return_value = self.execute_callable()
  File "/home/airflow/.local/lib/python3.10/site-packages/airflow/operators/python.py", line 192, in execute_callable
    return self.python_callable(*self.op_args, **self.op_kwargs)
  File "/opt/airflow/dags/demo.py", line 17, in run_eda_script
    exec(f.read())
  File "<string>", line 37, in <module>
  File "<string>", line 29, in load_data
NameError: name 'pd' is not defined
[2025-07-19T04:18:43.735+0000] {taskinstance.py:1327} INFO - Marking task as FAILED. dag_id=run_eda_script_python, task_id=run_eda, execution_date=20250719T041558, start_date=20250719T041842, end_date=20250719T041843
[2025-07-19T04:18:43.748+0000] {standard_task_runner.py:100} ERROR - Failed to execute job 4 for task run_eda (name 'pd' is not defined; 417)
[2025-07-19T04:18:43.770+0000] {local_task_job.py:212} INFO - Task exited with return code 1
[2025-07-19T04:18:43.783+0000] {taskinstance.py:2596} INFO - 0 downstream tasks scheduled from follow-on schedule check
