[2025-07-19T04:29:23.608+0000] {taskinstance.py:1090} INFO - Dependencies all met for dep_context=non-requeueable deps ti=<TaskInstance: run_eda_script_python.run_eda manual__2025-07-19T04:27:20.239413+00:00 [queued]>
[2025-07-19T04:29:23.616+0000] {taskinstance.py:1090} INFO - Dependencies all met for dep_context=requeueable deps ti=<TaskInstance: run_eda_script_python.run_eda manual__2025-07-19T04:27:20.239413+00:00 [queued]>
[2025-07-19T04:29:23.617+0000] {taskinstance.py:1288} INFO - 
--------------------------------------------------------------------------------
[2025-07-19T04:29:23.617+0000] {taskinstance.py:1289} INFO - Starting attempt 2 of 2
[2025-07-19T04:29:23.618+0000] {taskinstance.py:1290} INFO - 
--------------------------------------------------------------------------------
[2025-07-19T04:29:23.630+0000] {taskinstance.py:1309} INFO - Executing <Task(PythonOperator): run_eda> on 2025-07-19 04:27:20.239413+00:00
[2025-07-19T04:29:23.634+0000] {standard_task_runner.py:55} INFO - Started process 722 to run task
[2025-07-19T04:29:23.637+0000] {standard_task_runner.py:82} INFO - Running: ['***', 'tasks', 'run', 'run_eda_script_python', 'run_eda', 'manual__2025-07-19T04:27:20.239413+00:00', '--job-id', '11', '--raw', '--subdir', 'DAGS_FOLDER/demo.py', '--cfg-path', '/tmp/tmp6phx1c99']
[2025-07-19T04:29:23.639+0000] {standard_task_runner.py:83} INFO - Job 11: Subtask run_eda
[2025-07-19T04:29:23.693+0000] {task_command.py:389} INFO - Running <TaskInstance: run_eda_script_python.run_eda manual__2025-07-19T04:27:20.239413+00:00 [running]> on host 398705dcf644
[2025-07-19T04:29:23.746+0000] {taskinstance.py:1516} INFO - Exporting the following env vars:
AIRFLOW_CTX_DAG_OWNER=***
AIRFLOW_CTX_DAG_ID=run_eda_script_python
AIRFLOW_CTX_TASK_ID=run_eda
AIRFLOW_CTX_EXECUTION_DATE=2025-07-19T04:27:20.239413+00:00
AIRFLOW_CTX_TRY_NUMBER=2
AIRFLOW_CTX_DAG_RUN_ID=manual__2025-07-19T04:27:20.239413+00:00
[2025-07-19T04:29:24.457+0000] {logging_mixin.py:137} INFO - ✅ All libraries imported successfully!
[2025-07-19T04:29:24.458+0000] {logging_mixin.py:137} INFO - Input file: C:\Users\Minfy.DESKTOP-3E50D5N\Desktop\final_capstone\raw_data\Lead Scoring.csv
[2025-07-19T04:29:24.458+0000] {logging_mixin.py:137} INFO - Output folder: C:\Users\Minfy.DESKTOP-3E50D5N\Desktop\final_capstone\preprocess\preprocessed_output
[2025-07-19T04:29:24.458+0000] {logging_mixin.py:137} INFO - 🔄 Loading data from: C:\Users\Minfy.DESKTOP-3E50D5N\Desktop\final_capstone\raw_data\Lead Scoring.csv
[2025-07-19T04:29:24.459+0000] {logging_mixin.py:137} INFO - ❌ Error loading data: name 'pd' is not defined
[2025-07-19T04:29:24.460+0000] {taskinstance.py:1776} ERROR - Task failed with exception
Traceback (most recent call last):
  File "/home/airflow/.local/lib/python3.10/site-packages/airflow/operators/python.py", line 175, in execute
    return_value = self.execute_callable()
  File "/home/airflow/.local/lib/python3.10/site-packages/airflow/operators/python.py", line 192, in execute_callable
    return self.python_callable(*self.op_args, **self.op_kwargs)
  File "/opt/airflow/dags/demo.py", line 17, in run_eda_script
    exec(f.read())
  File "<string>", line 37, in <module>
  File "<string>", line 29, in load_data
NameError: name 'pd' is not defined
[2025-07-19T04:29:24.468+0000] {taskinstance.py:1327} INFO - Marking task as FAILED. dag_id=run_eda_script_python, task_id=run_eda, execution_date=20250719T042720, start_date=20250719T042923, end_date=20250719T042924
[2025-07-19T04:29:24.478+0000] {standard_task_runner.py:100} ERROR - Failed to execute job 11 for task run_eda (name 'pd' is not defined; 722)
[2025-07-19T04:29:24.492+0000] {local_task_job.py:212} INFO - Task exited with return code 1
[2025-07-19T04:29:24.506+0000] {taskinstance.py:2596} INFO - 0 downstream tasks scheduled from follow-on schedule check
