[2025-07-19T06:06:37.471+0000] {taskinstance.py:1956} INFO - Dependencies all met for dep_context=non-requeueable deps ti=<TaskInstance: run_modal_script_fixed.run_modal manual__2025-07-19T06:06:29.863267+00:00 [queued]>
[2025-07-19T06:06:37.487+0000] {taskinstance.py:1956} INFO - Dependencies all met for dep_context=requeueable deps ti=<TaskInstance: run_modal_script_fixed.run_modal manual__2025-07-19T06:06:29.863267+00:00 [queued]>
[2025-07-19T06:06:37.488+0000] {taskinstance.py:2170} INFO - Starting attempt 1 of 2
[2025-07-19T06:06:37.589+0000] {taskinstance.py:2191} INFO - Executing <Task(PythonOperator): run_modal> on 2025-07-19 06:06:29.863267+00:00
[2025-07-19T06:06:37.673+0000] {standard_task_runner.py:60} INFO - Started process 1444 to run task
[2025-07-19T06:06:37.677+0000] {standard_task_runner.py:87} INFO - Running: ['***', 'tasks', 'run', 'run_modal_script_fixed', 'run_modal', 'manual__2025-07-19T06:06:29.863267+00:00', '--job-id', '39', '--raw', '--subdir', 'DAGS_FOLDER/modal_***.py', '--cfg-path', '/tmp/tmp2ipeg6e_']
[2025-07-19T06:06:37.680+0000] {standard_task_runner.py:88} INFO - Job 39: Subtask run_modal
[2025-07-19T06:06:37.890+0000] {task_command.py:423} INFO - Running <TaskInstance: run_modal_script_fixed.run_modal manual__2025-07-19T06:06:29.863267+00:00 [running]> on host 2b6a031b4c87
[2025-07-19T06:06:39.705+0000] {taskinstance.py:2480} INFO - Exporting env vars: AIRFLOW_CTX_DAG_OWNER='***' AIRFLOW_CTX_DAG_ID='run_modal_script_fixed' AIRFLOW_CTX_TASK_ID='run_modal' AIRFLOW_CTX_EXECUTION_DATE='2025-07-19T06:06:29.863267+00:00' AIRFLOW_CTX_TRY_NUMBER='1' AIRFLOW_CTX_DAG_RUN_ID='manual__2025-07-19T06:06:29.863267+00:00'
[2025-07-19T06:14:36.934+0000] {taskinstance.py:2698} ERROR - Task failed with exception
Traceback (most recent call last):
  File "/home/airflow/.local/lib/python3.8/site-packages/airflow/models/taskinstance.py", line 433, in _execute_task
    result = execute_callable(context=context, **execute_callable_kwargs)
  File "/home/airflow/.local/lib/python3.8/site-packages/airflow/operators/python.py", line 199, in execute
    return_value = self.execute_callable()
  File "/home/airflow/.local/lib/python3.8/site-packages/airflow/operators/python.py", line 216, in execute_callable
    return self.python_callable(*self.op_args, **self.op_kwargs)
  File "/opt/airflow/dags/modal_airflow.py", line 15, in run_eda_script
    exec(f.read(), globals())
  File "<string>", line 8, in <module>
  File "/home/airflow/.local/lib/python3.8/site-packages/sklearn/__init__.py", line 83, in <module>
    from .base import clone
  File "/home/airflow/.local/lib/python3.8/site-packages/sklearn/base.py", line 19, in <module>
    from .utils import _IS_32BIT
ModuleNotFoundError: No module named 'sklearn.utils'
[2025-07-19T06:14:47.181+0000] {taskinstance.py:1138} INFO - Marking task as UP_FOR_RETRY. dag_id=run_modal_script_fixed, task_id=run_modal, execution_date=20250719T060629, start_date=20250719T060637, end_date=20250719T061447
[2025-07-19T06:14:47.580+0000] {standard_task_runner.py:107} ERROR - Failed to execute job 39 for task run_modal (No module named 'sklearn.utils'; 1444)
[2025-07-19T06:14:47.658+0000] {local_task_job_runner.py:234} INFO - Task exited with return code 1
[2025-07-19T06:14:48.128+0000] {taskinstance.py:3280} INFO - 0 downstream tasks scheduled from follow-on schedule check
