[2025-07-20T07:31:52.747+0000] {taskinstance.py:1956} INFO - Dependencies all met for dep_context=non-requeueable deps ti=<TaskInstance: ml_pipeline_with_dashboard.drift_check manual__2025-07-20T07:31:51.706162+00:00 [queued]>
[2025-07-20T07:31:52.767+0000] {taskinstance.py:1956} INFO - Dependencies all met for dep_context=requeueable deps ti=<TaskInstance: ml_pipeline_with_dashboard.drift_check manual__2025-07-20T07:31:51.706162+00:00 [queued]>
[2025-07-20T07:31:52.768+0000] {taskinstance.py:2170} INFO - Starting attempt 1 of 2
[2025-07-20T07:31:52.805+0000] {taskinstance.py:2191} INFO - Executing <Task(BashOperator): drift_check> on 2025-07-20 07:31:51.706162+00:00
[2025-07-20T07:31:52.812+0000] {standard_task_runner.py:60} INFO - Started process 7517 to run task
[2025-07-20T07:31:52.817+0000] {standard_task_runner.py:87} INFO - Running: ['***', 'tasks', 'run', 'ml_pipeline_with_dashboard', 'drift_check', 'manual__2025-07-20T07:31:51.706162+00:00', '--job-id', '197', '--raw', '--subdir', 'DAGS_FOLDER/main_full_processs.py', '--cfg-path', '/tmp/tmpl0pfhpwj']
[2025-07-20T07:31:52.821+0000] {standard_task_runner.py:88} INFO - Job 197: Subtask drift_check
[2025-07-20T07:31:52.957+0000] {task_command.py:423} INFO - Running <TaskInstance: ml_pipeline_with_dashboard.drift_check manual__2025-07-20T07:31:51.706162+00:00 [running]> on host 2b6a031b4c87
[2025-07-20T07:31:53.073+0000] {taskinstance.py:2480} INFO - Exporting env vars: AIRFLOW_CTX_DAG_OWNER='***' AIRFLOW_CTX_DAG_ID='ml_pipeline_with_dashboard' AIRFLOW_CTX_TASK_ID='drift_check' AIRFLOW_CTX_EXECUTION_DATE='2025-07-20T07:31:51.706162+00:00' AIRFLOW_CTX_TRY_NUMBER='1' AIRFLOW_CTX_DAG_RUN_ID='manual__2025-07-20T07:31:51.706162+00:00'
[2025-07-20T07:31:53.074+0000] {subprocess.py:63} INFO - Tmp dir root location: /tmp
[2025-07-20T07:31:53.076+0000] {subprocess.py:75} INFO - Running command: ['/usr/bin/bash', '-c', 'python /opt/***/dags/data_drift_check.PY']
[2025-07-20T07:31:53.088+0000] {subprocess.py:86} INFO - Output:
[2025-07-20T07:31:56.496+0000] {subprocess.py:93} INFO - ============================================================
[2025-07-20T07:31:56.497+0000] {subprocess.py:93} INFO - STARTING DRIFT DETECTION PROCESS
[2025-07-20T07:31:56.497+0000] {subprocess.py:93} INFO - ============================================================
[2025-07-20T07:31:56.498+0000] {subprocess.py:93} INFO - Loading datasets...
[2025-07-20T07:31:56.498+0000] {subprocess.py:93} INFO - Input directory: /opt/***/data
[2025-07-20T07:31:56.499+0000] {subprocess.py:93} INFO - Output files will be saved in: /opt/***/data
[2025-07-20T07:31:56.499+0000] {subprocess.py:93} INFO - Error loading data: [Errno 2] No such file or directory: '/opt/***/data/cheack.csv'
[2025-07-20T07:31:56.500+0000] {subprocess.py:93} INFO - ❌ Error in drift detection process: [Errno 2] No such file or directory: '/opt/***/data/cheack.csv'
[2025-07-20T07:31:56.503+0000] {subprocess.py:93} INFO - Traceback (most recent call last):
[2025-07-20T07:31:56.503+0000] {subprocess.py:93} INFO -   File "/opt/***/dags/data_drift_check.PY", line 284, in <module>
[2025-07-20T07:31:56.504+0000] {subprocess.py:93} INFO -     main()
[2025-07-20T07:31:56.505+0000] {subprocess.py:93} INFO -   File "/opt/***/dags/data_drift_check.PY", line 208, in main
[2025-07-20T07:31:56.506+0000] {subprocess.py:93} INFO -     reference_df, current_df = load_and_validate_data(REFERENCE_CSV, CURRENT_CSV)
[2025-07-20T07:31:56.507+0000] {subprocess.py:93} INFO -   File "/opt/***/dags/data_drift_check.PY", line 46, in load_and_validate_data
[2025-07-20T07:31:56.508+0000] {subprocess.py:93} INFO -     current_df = pd.read_csv(current_path)
[2025-07-20T07:31:56.509+0000] {subprocess.py:93} INFO -   File "/home/***/.local/lib/python3.8/site-packages/pandas/io/parsers/readers.py", line 912, in read_csv
[2025-07-20T07:31:56.509+0000] {subprocess.py:93} INFO -     return _read(filepath_or_buffer, kwds)
[2025-07-20T07:31:56.510+0000] {subprocess.py:93} INFO -   File "/home/***/.local/lib/python3.8/site-packages/pandas/io/parsers/readers.py", line 577, in _read
[2025-07-20T07:31:56.510+0000] {subprocess.py:93} INFO -     parser = TextFileReader(filepath_or_buffer, **kwds)
[2025-07-20T07:31:56.510+0000] {subprocess.py:93} INFO -   File "/home/***/.local/lib/python3.8/site-packages/pandas/io/parsers/readers.py", line 1407, in __init__
[2025-07-20T07:31:56.511+0000] {subprocess.py:93} INFO -     self._engine = self._make_engine(f, self.engine)
[2025-07-20T07:31:56.511+0000] {subprocess.py:93} INFO -   File "/home/***/.local/lib/python3.8/site-packages/pandas/io/parsers/readers.py", line 1661, in _make_engine
[2025-07-20T07:31:56.511+0000] {subprocess.py:93} INFO -     self.handles = get_handle(
[2025-07-20T07:31:56.512+0000] {subprocess.py:93} INFO -   File "/home/***/.local/lib/python3.8/site-packages/pandas/io/common.py", line 859, in get_handle
[2025-07-20T07:31:56.512+0000] {subprocess.py:93} INFO -     handle = open(
[2025-07-20T07:31:56.512+0000] {subprocess.py:93} INFO - FileNotFoundError: [Errno 2] No such file or directory: '/opt/***/data/cheack.csv'
[2025-07-20T07:31:56.985+0000] {subprocess.py:97} INFO - Command exited with return code 1
[2025-07-20T07:31:56.993+0000] {taskinstance.py:2698} ERROR - Task failed with exception
Traceback (most recent call last):
  File "/home/airflow/.local/lib/python3.8/site-packages/airflow/models/taskinstance.py", line 433, in _execute_task
    result = execute_callable(context=context, **execute_callable_kwargs)
  File "/home/airflow/.local/lib/python3.8/site-packages/airflow/operators/bash.py", line 212, in execute
    raise AirflowException(
airflow.exceptions.AirflowException: Bash command failed. The command returned a non-zero exit code 1.
[2025-07-20T07:31:56.996+0000] {taskinstance.py:1138} INFO - Marking task as UP_FOR_RETRY. dag_id=ml_pipeline_with_dashboard, task_id=drift_check, execution_date=20250720T073151, start_date=20250720T073152, end_date=20250720T073156
[2025-07-20T07:31:57.012+0000] {standard_task_runner.py:107} ERROR - Failed to execute job 197 for task drift_check (Bash command failed. The command returned a non-zero exit code 1.; 7517)
[2025-07-20T07:31:57.045+0000] {local_task_job_runner.py:234} INFO - Task exited with return code 1
[2025-07-20T07:31:57.060+0000] {taskinstance.py:3280} INFO - 0 downstream tasks scheduled from follow-on schedule check
