[2025-07-19T10:39:11.492+0000] {taskinstance.py:1956} INFO - Dependencies all met for dep_context=non-requeueable deps ti=<TaskInstance: ml_model_training_pipeline_with_mlflow.train_ml_model_with_mlflow manual__2025-07-19T10:38:47.448999+00:00 [queued]>
[2025-07-19T10:39:11.507+0000] {taskinstance.py:1956} INFO - Dependencies all met for dep_context=requeueable deps ti=<TaskInstance: ml_model_training_pipeline_with_mlflow.train_ml_model_with_mlflow manual__2025-07-19T10:38:47.448999+00:00 [queued]>
[2025-07-19T10:39:11.509+0000] {taskinstance.py:2170} INFO - Starting attempt 1 of 2
[2025-07-19T10:39:11.530+0000] {taskinstance.py:2191} INFO - Executing <Task(PythonOperator): train_ml_model_with_mlflow> on 2025-07-19 10:38:47.448999+00:00
[2025-07-19T10:39:11.538+0000] {standard_task_runner.py:60} INFO - Started process 12596 to run task
[2025-07-19T10:39:11.542+0000] {standard_task_runner.py:87} INFO - Running: ['***', 'tasks', 'run', 'ml_model_training_pipeline_with_mlflow', 'train_ml_model_with_mlflow', 'manual__2025-07-19T10:38:47.448999+00:00', '--job-id', '94', '--raw', '--subdir', 'DAGS_FOLDER/modal_***.py', '--cfg-path', '/tmp/tmpi7xo7n1w']
[2025-07-19T10:39:11.544+0000] {standard_task_runner.py:88} INFO - Job 94: Subtask train_ml_model_with_mlflow
[2025-07-19T10:39:11.608+0000] {task_command.py:423} INFO - Running <TaskInstance: ml_model_training_pipeline_with_mlflow.train_ml_model_with_mlflow manual__2025-07-19T10:38:47.448999+00:00 [running]> on host 2b6a031b4c87
[2025-07-19T10:39:11.920+0000] {taskinstance.py:2480} INFO - Exporting env vars: AIRFLOW_CTX_DAG_OWNER='ml_team' AIRFLOW_CTX_DAG_ID='ml_model_training_pipeline_with_mlflow' AIRFLOW_CTX_TASK_ID='train_ml_model_with_mlflow' AIRFLOW_CTX_EXECUTION_DATE='2025-07-19T10:38:47.448999+00:00' AIRFLOW_CTX_TRY_NUMBER='1' AIRFLOW_CTX_DAG_RUN_ID='manual__2025-07-19T10:38:47.448999+00:00'
[2025-07-19T10:39:13.887+0000] {modal_airflow.py:776} ERROR - Error in ML training: No module named 'mlflow'
[2025-07-19T10:39:13.888+0000] {taskinstance.py:2698} ERROR - Task failed with exception
Traceback (most recent call last):
  File "/home/airflow/.local/lib/python3.8/site-packages/airflow/models/taskinstance.py", line 433, in _execute_task
    result = execute_callable(context=context, **execute_callable_kwargs)
  File "/home/airflow/.local/lib/python3.8/site-packages/airflow/operators/python.py", line 199, in execute
    return_value = self.execute_callable()
  File "/home/airflow/.local/lib/python3.8/site-packages/airflow/operators/python.py", line 216, in execute_callable
    return self.python_callable(*self.op_args, **self.op_kwargs)
  File "/opt/airflow/dags/modal_airflow.py", line 433, in run_ml_training
    import mlflow
ModuleNotFoundError: No module named 'mlflow'
[2025-07-19T10:39:13.910+0000] {taskinstance.py:1138} INFO - Marking task as UP_FOR_RETRY. dag_id=ml_model_training_pipeline_with_mlflow, task_id=train_ml_model_with_mlflow, execution_date=20250719T103847, start_date=20250719T103911, end_date=20250719T103913
[2025-07-19T10:39:13.927+0000] {standard_task_runner.py:107} ERROR - Failed to execute job 94 for task train_ml_model_with_mlflow (No module named 'mlflow'; 12596)
[2025-07-19T10:39:13.967+0000] {local_task_job_runner.py:234} INFO - Task exited with return code 1
[2025-07-19T10:39:14.040+0000] {taskinstance.py:3280} INFO - 0 downstream tasks scheduled from follow-on schedule check
