[2025-07-20T07:14:22.829+0000] {taskinstance.py:1956} INFO - Dependencies all met for dep_context=non-requeueable deps ti=<TaskInstance: ml_pipeline_with_dashboard.run_model_training manual__2025-07-20T07:14:07.724211+00:00 [queued]>
[2025-07-20T07:14:22.838+0000] {taskinstance.py:1956} INFO - Dependencies all met for dep_context=requeueable deps ti=<TaskInstance: ml_pipeline_with_dashboard.run_model_training manual__2025-07-20T07:14:07.724211+00:00 [queued]>
[2025-07-20T07:14:22.838+0000] {taskinstance.py:2170} INFO - Starting attempt 1 of 2
[2025-07-20T07:14:22.852+0000] {taskinstance.py:2191} INFO - Executing <Task(BashOperator): run_model_training> on 2025-07-20 07:14:07.724211+00:00
[2025-07-20T07:14:22.860+0000] {standard_task_runner.py:60} INFO - Started process 3545 to run task
[2025-07-20T07:14:22.862+0000] {standard_task_runner.py:87} INFO - Running: ['***', 'tasks', 'run', 'ml_pipeline_with_dashboard', 'run_model_training', 'manual__2025-07-20T07:14:07.724211+00:00', '--job-id', '182', '--raw', '--subdir', 'DAGS_FOLDER/main_full_processs.py', '--cfg-path', '/tmp/tmpc8va_mhi']
[2025-07-20T07:14:22.865+0000] {standard_task_runner.py:88} INFO - Job 182: Subtask run_model_training
[2025-07-20T07:14:22.911+0000] {task_command.py:423} INFO - Running <TaskInstance: ml_pipeline_with_dashboard.run_model_training manual__2025-07-20T07:14:07.724211+00:00 [running]> on host 2b6a031b4c87
[2025-07-20T07:14:22.999+0000] {taskinstance.py:2480} INFO - Exporting env vars: AIRFLOW_CTX_DAG_OWNER='***' AIRFLOW_CTX_DAG_ID='ml_pipeline_with_dashboard' AIRFLOW_CTX_TASK_ID='run_model_training' AIRFLOW_CTX_EXECUTION_DATE='2025-07-20T07:14:07.724211+00:00' AIRFLOW_CTX_TRY_NUMBER='1' AIRFLOW_CTX_DAG_RUN_ID='manual__2025-07-20T07:14:07.724211+00:00'
[2025-07-20T07:14:23.000+0000] {subprocess.py:63} INFO - Tmp dir root location: /tmp
[2025-07-20T07:14:23.001+0000] {subprocess.py:75} INFO - Running command: ['/usr/bin/bash', '-c', 'python /opt/***/dags/modal.py']
[2025-07-20T07:14:23.033+0000] {subprocess.py:86} INFO - Output:
[2025-07-20T07:14:28.185+0000] {subprocess.py:93} INFO - Dataset shape: (9240, 181)
[2025-07-20T07:14:28.185+0000] {subprocess.py:93} INFO - Training set: 7392 samples
[2025-07-20T07:14:28.186+0000] {subprocess.py:93} INFO - Test set: 1848 samples
[2025-07-20T07:14:28.186+0000] {subprocess.py:93} INFO - Features: 180
[2025-07-20T07:14:28.187+0000] {subprocess.py:93} INFO - Target distribution: {0: 5679, 1: 3561}
[2025-07-20T07:14:28.187+0000] {subprocess.py:93} INFO - Starting comprehensive analysis...
[2025-07-20T07:14:28.188+0000] {subprocess.py:93} INFO - Starting model training with hyperparameter tuning...
[2025-07-20T07:14:28.188+0000] {subprocess.py:93} INFO - 
[2025-07-20T07:14:28.188+0000] {subprocess.py:93} INFO - Training Random Forest...
[2025-07-20T07:22:07.570+0000] {local_task_job_runner.py:302} WARNING - State of this instance has been externally set to success. Terminating instance.
[2025-07-20T07:22:07.738+0000] {process_utils.py:131} INFO - Sending 15 to group 3545. PIDs of all processes in the group: [3554, 3593, 3594, 3602, 3603, 3605, 3606, 3607, 3608, 3614, 3616, 3545]
[2025-07-20T07:22:07.740+0000] {process_utils.py:86} INFO - Sending the signal 15 to group 3545
[2025-07-20T07:22:07.817+0000] {taskinstance.py:2450} ERROR - Received SIGTERM. Terminating subprocesses.
[2025-07-20T07:22:07.885+0000] {subprocess.py:104} INFO - Sending SIGTERM signal to process group
[2025-07-20T07:22:07.944+0000] {process_utils.py:79} INFO - Process psutil.Process(pid=3606, status='terminated', started='07:14:28') (3606) terminated with exit code None
[2025-07-20T07:22:07.946+0000] {process_utils.py:79} INFO - Process psutil.Process(pid=3608, status='terminated', started='07:14:28') (3608) terminated with exit code None
[2025-07-20T07:22:08.039+0000] {process_utils.py:79} INFO - Process psutil.Process(pid=3616, status='terminated', started='07:14:28') (3616) terminated with exit code None
[2025-07-20T07:22:08.041+0000] {process_utils.py:79} INFO - Process psutil.Process(pid=3614, status='terminated', started='07:14:28') (3614) terminated with exit code None
[2025-07-20T07:22:08.044+0000] {process_utils.py:79} INFO - Process psutil.Process(pid=3607, status='terminated', started='07:14:28') (3607) terminated with exit code None
[2025-07-20T07:22:08.046+0000] {process_utils.py:79} INFO - Process psutil.Process(pid=3602, status='terminated', started='07:14:28') (3602) terminated with exit code None
[2025-07-20T07:22:08.142+0000] {process_utils.py:79} INFO - Process psutil.Process(pid=3603, status='terminated', started='07:14:28') (3603) terminated with exit code None
[2025-07-20T07:22:08.237+0000] {process_utils.py:79} INFO - Process psutil.Process(pid=3594, status='terminated', started='07:14:28') (3594) terminated with exit code None
[2025-07-20T07:22:08.238+0000] {process_utils.py:79} INFO - Process psutil.Process(pid=3605, status='terminated', started='07:14:28') (3605) terminated with exit code None
[2025-07-20T07:22:08.335+0000] {process_utils.py:79} INFO - Process psutil.Process(pid=3545, status='terminated', exitcode=0, started='07:14:22') (3545) terminated with exit code 0
[2025-07-20T07:22:08.336+0000] {process_utils.py:79} INFO - Process psutil.Process(pid=3554, status='terminated', started='07:14:22') (3554) terminated with exit code None
[2025-07-20T07:22:08.390+0000] {process_utils.py:79} INFO - Process psutil.Process(pid=3593, status='terminated', started='07:14:28') (3593) terminated with exit code None
