[2025-07-19T12:52:42.317+0000] {taskinstance.py:1956} INFO - Dependencies all met for dep_context=non-requeueable deps ti=<TaskInstance: ml_pipeline_with_dashboard.run_eda manual__2025-07-19T12:52:41.521054+00:00 [queued]>
[2025-07-19T12:52:42.326+0000] {taskinstance.py:1956} INFO - Dependencies all met for dep_context=requeueable deps ti=<TaskInstance: ml_pipeline_with_dashboard.run_eda manual__2025-07-19T12:52:41.521054+00:00 [queued]>
[2025-07-19T12:52:42.326+0000] {taskinstance.py:2170} INFO - Starting attempt 1 of 2
[2025-07-19T12:52:42.341+0000] {taskinstance.py:2191} INFO - Executing <Task(BashOperator): run_eda> on 2025-07-19 12:52:41.521054+00:00
[2025-07-19T12:52:42.354+0000] {standard_task_runner.py:60} INFO - Started process 567 to run task
[2025-07-19T12:52:42.357+0000] {standard_task_runner.py:87} INFO - Running: ['***', 'tasks', 'run', 'ml_pipeline_with_dashboard', 'run_eda', 'manual__2025-07-19T12:52:41.521054+00:00', '--job-id', '137', '--raw', '--subdir', 'DAGS_FOLDER/main_full_processs.py', '--cfg-path', '/tmp/tmpnwqhmfqp']
[2025-07-19T12:52:42.359+0000] {standard_task_runner.py:88} INFO - Job 137: Subtask run_eda
[2025-07-19T12:52:42.424+0000] {task_command.py:423} INFO - Running <TaskInstance: ml_pipeline_with_dashboard.run_eda manual__2025-07-19T12:52:41.521054+00:00 [running]> on host 2b6a031b4c87
[2025-07-19T12:52:42.561+0000] {taskinstance.py:2480} INFO - Exporting env vars: AIRFLOW_CTX_DAG_OWNER='***' AIRFLOW_CTX_DAG_ID='ml_pipeline_with_dashboard' AIRFLOW_CTX_TASK_ID='run_eda' AIRFLOW_CTX_EXECUTION_DATE='2025-07-19T12:52:41.521054+00:00' AIRFLOW_CTX_TRY_NUMBER='1' AIRFLOW_CTX_DAG_RUN_ID='manual__2025-07-19T12:52:41.521054+00:00'
[2025-07-19T12:52:42.563+0000] {subprocess.py:63} INFO - Tmp dir root location: /tmp
[2025-07-19T12:52:42.572+0000] {subprocess.py:75} INFO - Running command: ['/usr/bin/bash', '-c', 'python /opt/***/dag/eda.py']
[2025-07-19T12:52:42.581+0000] {subprocess.py:86} INFO - Output:
[2025-07-19T12:52:42.601+0000] {subprocess.py:93} INFO - python: can't open file '/opt/***/dag/eda.py': [Errno 2] No such file or directory
[2025-07-19T12:52:42.604+0000] {subprocess.py:97} INFO - Command exited with return code 2
[2025-07-19T12:52:42.613+0000] {taskinstance.py:2698} ERROR - Task failed with exception
Traceback (most recent call last):
  File "/home/airflow/.local/lib/python3.8/site-packages/airflow/models/taskinstance.py", line 433, in _execute_task
    result = execute_callable(context=context, **execute_callable_kwargs)
  File "/home/airflow/.local/lib/python3.8/site-packages/airflow/operators/bash.py", line 212, in execute
    raise AirflowException(
airflow.exceptions.AirflowException: Bash command failed. The command returned a non-zero exit code 2.
[2025-07-19T12:52:42.616+0000] {taskinstance.py:1138} INFO - Marking task as UP_FOR_RETRY. dag_id=ml_pipeline_with_dashboard, task_id=run_eda, execution_date=20250719T125241, start_date=20250719T125242, end_date=20250719T125242
[2025-07-19T12:52:42.629+0000] {standard_task_runner.py:107} ERROR - Failed to execute job 137 for task run_eda (Bash command failed. The command returned a non-zero exit code 2.; 567)
[2025-07-19T12:52:42.650+0000] {local_task_job_runner.py:234} INFO - Task exited with return code 1
[2025-07-19T12:52:42.672+0000] {taskinstance.py:3280} INFO - 0 downstream tasks scheduled from follow-on schedule check
