[2025-07-19T06:08:26.973+0000] {taskinstance.py:1956} INFO - Dependencies all met for dep_context=non-requeueable deps ti=<TaskInstance: run_modal_script_fixed.run_modal manual__2025-07-19T06:07:25.738299+00:00 [queued]>
[2025-07-19T06:08:26.987+0000] {taskinstance.py:1956} INFO - Dependencies all met for dep_context=requeueable deps ti=<TaskInstance: run_modal_script_fixed.run_modal manual__2025-07-19T06:07:25.738299+00:00 [queued]>
[2025-07-19T06:08:26.988+0000] {taskinstance.py:2170} INFO - Starting attempt 1 of 2
[2025-07-19T06:08:27.105+0000] {taskinstance.py:2191} INFO - Executing <Task(PythonOperator): run_modal> on 2025-07-19 06:07:25.738299+00:00
[2025-07-19T06:08:27.346+0000] {standard_task_runner.py:60} INFO - Started process 1497 to run task
[2025-07-19T06:08:27.352+0000] {standard_task_runner.py:87} INFO - Running: ['***', 'tasks', 'run', 'run_modal_script_fixed', 'run_modal', 'manual__2025-07-19T06:07:25.738299+00:00', '--job-id', '40', '--raw', '--subdir', 'DAGS_FOLDER/modal_***.py', '--cfg-path', '/tmp/tmpvw8vo7h4']
[2025-07-19T06:08:27.356+0000] {standard_task_runner.py:88} INFO - Job 40: Subtask run_modal
[2025-07-19T06:08:28.076+0000] {task_command.py:423} INFO - Running <TaskInstance: run_modal_script_fixed.run_modal manual__2025-07-19T06:07:25.738299+00:00 [running]> on host 2b6a031b4c87
[2025-07-19T06:08:28.476+0000] {taskinstance.py:2480} INFO - Exporting env vars: AIRFLOW_CTX_DAG_OWNER='***' AIRFLOW_CTX_DAG_ID='run_modal_script_fixed' AIRFLOW_CTX_TASK_ID='run_modal' AIRFLOW_CTX_EXECUTION_DATE='2025-07-19T06:07:25.738299+00:00' AIRFLOW_CTX_TRY_NUMBER='1' AIRFLOW_CTX_DAG_RUN_ID='manual__2025-07-19T06:07:25.738299+00:00'
[2025-07-19T06:14:37.706+0000] {taskinstance.py:2698} ERROR - Task failed with exception
Traceback (most recent call last):
  File "/home/airflow/.local/lib/python3.8/site-packages/airflow/models/taskinstance.py", line 433, in _execute_task
    result = execute_callable(context=context, **execute_callable_kwargs)
  File "/home/airflow/.local/lib/python3.8/site-packages/airflow/operators/python.py", line 199, in execute
    return_value = self.execute_callable()
  File "/home/airflow/.local/lib/python3.8/site-packages/airflow/operators/python.py", line 216, in execute_callable
    return self.python_callable(*self.op_args, **self.op_kwargs)
  File "/opt/airflow/dags/modal_airflow.py", line 15, in run_eda_script
    exec(f.read(), globals())
  File "<string>", line 8, in <module>
  File "/home/airflow/.local/lib/python3.8/site-packages/sklearn/__init__.py", line 83, in <module>
    from .base import clone
  File "/home/airflow/.local/lib/python3.8/site-packages/sklearn/base.py", line 19, in <module>
    from .utils import _IS_32BIT
ModuleNotFoundError: No module named 'sklearn.utils'
[2025-07-19T06:14:43.820+0000] {taskinstance.py:1138} INFO - Marking task as FAILED. dag_id=run_modal_script_fixed, task_id=run_modal, execution_date=20250719T060725, start_date=20250719T060826, end_date=20250719T061443
[2025-07-19T06:14:47.586+0000] {standard_task_runner.py:107} ERROR - Failed to execute job 40 for task run_modal (No module named 'sklearn.utils'; 1497)
[2025-07-19T06:14:47.593+0000] {local_task_job_runner.py:302} WARNING - State of this instance has been externally set to failed. Terminating instance.
[2025-07-19T06:14:48.521+0000] {process_utils.py:131} INFO - Sending 15 to group 1497. PIDs of all processes in the group: [1497]
[2025-07-19T06:14:48.522+0000] {process_utils.py:86} INFO - Sending the signal 15 to group 1497
[2025-07-19T06:14:48.526+0000] {process_utils.py:79} INFO - Process psutil.Process(pid=1497, status='terminated', exitcode=1, started='06:08:26') (1497) terminated with exit code 1
