[2025-07-19T04:47:07.277+0000] {taskinstance.py:1090} INFO - Dependencies all met for dep_context=non-requeueable deps ti=<TaskInstance: run_eda_script_fixed.run_eda manual__2025-07-19T04:47:04.649103+00:00 [queued]>
[2025-07-19T04:47:07.291+0000] {taskinstance.py:1090} INFO - Dependencies all met for dep_context=requeueable deps ti=<TaskInstance: run_eda_script_fixed.run_eda manual__2025-07-19T04:47:04.649103+00:00 [queued]>
[2025-07-19T04:47:07.292+0000] {taskinstance.py:1288} INFO - 
--------------------------------------------------------------------------------
[2025-07-19T04:47:07.293+0000] {taskinstance.py:1289} INFO - Starting attempt 1 of 2
[2025-07-19T04:47:07.294+0000] {taskinstance.py:1290} INFO - 
--------------------------------------------------------------------------------
[2025-07-19T04:47:07.316+0000] {taskinstance.py:1309} INFO - Executing <Task(PythonOperator): run_eda> on 2025-07-19 04:47:04.649103+00:00
[2025-07-19T04:47:07.339+0000] {standard_task_runner.py:55} INFO - Started process 1099 to run task
[2025-07-19T04:47:07.342+0000] {standard_task_runner.py:82} INFO - Running: ['***', 'tasks', 'run', 'run_eda_script_fixed', 'run_eda', 'manual__2025-07-19T04:47:04.649103+00:00', '--job-id', '24', '--raw', '--subdir', 'DAGS_FOLDER/demo.py', '--cfg-path', '/tmp/tmpoe9n6n22']
[2025-07-19T04:47:07.344+0000] {standard_task_runner.py:83} INFO - Job 24: Subtask run_eda
[2025-07-19T04:47:07.437+0000] {task_command.py:389} INFO - Running <TaskInstance: run_eda_script_fixed.run_eda manual__2025-07-19T04:47:04.649103+00:00 [running]> on host 398705dcf644
[2025-07-19T04:47:07.499+0000] {taskinstance.py:1516} INFO - Exporting the following env vars:
AIRFLOW_CTX_DAG_OWNER=***
AIRFLOW_CTX_DAG_ID=run_eda_script_fixed
AIRFLOW_CTX_TASK_ID=run_eda
AIRFLOW_CTX_EXECUTION_DATE=2025-07-19T04:47:04.649103+00:00
AIRFLOW_CTX_TRY_NUMBER=1
AIRFLOW_CTX_DAG_RUN_ID=manual__2025-07-19T04:47:04.649103+00:00
[2025-07-19T04:51:14.592+0000] {python.py:177} INFO - Done. Returned value was: None
[2025-07-19T04:51:16.415+0000] {taskinstance.py:1327} INFO - Marking task as SUCCESS. dag_id=run_eda_script_fixed, task_id=run_eda, execution_date=20250719T044704, start_date=20250719T044707, end_date=20250719T045116
[2025-07-19T04:51:19.060+0000] {local_task_job.py:212} INFO - Task exited with return code 0
[2025-07-19T04:51:21.284+0000] {taskinstance.py:2596} INFO - 0 downstream tasks scheduled from follow-on schedule check
