[2025-07-18T21:56:59.188+0000] {taskinstance.py:1090} INFO - Dependencies all met for dep_context=non-requeueable deps ti=<TaskInstance: run_eda_script_python.run_eda manual__2025-07-18T21:56:56.151649+00:00 [queued]>
[2025-07-18T21:56:59.209+0000] {taskinstance.py:1090} INFO - Dependencies all met for dep_context=requeueable deps ti=<TaskInstance: run_eda_script_python.run_eda manual__2025-07-18T21:56:56.151649+00:00 [queued]>
[2025-07-18T21:56:59.211+0000] {taskinstance.py:1288} INFO - 
--------------------------------------------------------------------------------
[2025-07-18T21:56:59.212+0000] {taskinstance.py:1289} INFO - Starting attempt 1 of 2
[2025-07-18T21:56:59.213+0000] {taskinstance.py:1290} INFO - 
--------------------------------------------------------------------------------
[2025-07-18T21:56:59.238+0000] {taskinstance.py:1309} INFO - Executing <Task(PythonOperator): run_eda> on 2025-07-18 21:56:56.151649+00:00
[2025-07-18T21:56:59.244+0000] {standard_task_runner.py:55} INFO - Started process 519 to run task
[2025-07-18T21:56:59.247+0000] {standard_task_runner.py:82} INFO - Running: ['***', 'tasks', 'run', 'run_eda_script_python', 'run_eda', 'manual__2025-07-18T21:56:56.151649+00:00', '--job-id', '8', '--raw', '--subdir', 'DAGS_FOLDER/demo.py', '--cfg-path', '/tmp/tmperc59q8p']
[2025-07-18T21:56:59.251+0000] {standard_task_runner.py:83} INFO - Job 8: Subtask run_eda
[2025-07-18T21:56:59.334+0000] {task_command.py:389} INFO - Running <TaskInstance: run_eda_script_python.run_eda manual__2025-07-18T21:56:56.151649+00:00 [running]> on host 9609dee7e891
[2025-07-18T21:56:59.416+0000] {taskinstance.py:1516} INFO - Exporting the following env vars:
AIRFLOW_CTX_DAG_OWNER=***
AIRFLOW_CTX_DAG_ID=run_eda_script_python
AIRFLOW_CTX_TASK_ID=run_eda
AIRFLOW_CTX_EXECUTION_DATE=2025-07-18T21:56:56.151649+00:00
AIRFLOW_CTX_TRY_NUMBER=1
AIRFLOW_CTX_DAG_RUN_ID=manual__2025-07-18T21:56:56.151649+00:00
[2025-07-18T21:57:00.512+0000] {logging_mixin.py:137} INFO - ✅ All libraries imported successfully!
[2025-07-18T21:57:00.513+0000] {logging_mixin.py:137} INFO - Input file: C:\Users\Minfy.DESKTOP-3E50D5N\Desktop\final_capstone\raw_data\Lead Scoring.csv
[2025-07-18T21:57:00.513+0000] {logging_mixin.py:137} INFO - Output folder: C:\Users\Minfy.DESKTOP-3E50D5N\Desktop\final_capstone\preprocess\preprocessed_output
[2025-07-18T21:57:00.514+0000] {taskinstance.py:1776} ERROR - Task failed with exception
Traceback (most recent call last):
  File "/home/airflow/.local/lib/python3.10/site-packages/airflow/operators/python.py", line 175, in execute
    return_value = self.execute_callable()
  File "/home/airflow/.local/lib/python3.10/site-packages/airflow/operators/python.py", line 192, in execute_callable
    return self.python_callable(*self.op_args, **self.op_kwargs)
  File "/opt/airflow/dags/demo.py", line 17, in run_eda_script
    exec(f.read())
  File "<string>", line 29, in <module>
NameError: name 'os' is not defined
[2025-07-18T21:57:00.522+0000] {taskinstance.py:1327} INFO - Marking task as UP_FOR_RETRY. dag_id=run_eda_script_python, task_id=run_eda, execution_date=20250718T215656, start_date=20250718T215659, end_date=20250718T215700
[2025-07-18T21:57:00.534+0000] {standard_task_runner.py:100} ERROR - Failed to execute job 8 for task run_eda (name 'os' is not defined; 519)
[2025-07-18T21:57:00.583+0000] {local_task_job.py:212} INFO - Task exited with return code 1
[2025-07-18T21:57:00.600+0000] {taskinstance.py:2596} INFO - 0 downstream tasks scheduled from follow-on schedule check
