[2025-07-19T06:47:33.762+0000] {taskinstance.py:1956} INFO - Dependencies all met for dep_context=non-requeueable deps ti=<TaskInstance: run_modal_script_fixed.run_modal manual__2025-07-19T06:38:41.394729+00:00 [queued]>
[2025-07-19T06:47:33.827+0000] {taskinstance.py:1956} INFO - Dependencies all met for dep_context=requeueable deps ti=<TaskInstance: run_modal_script_fixed.run_modal manual__2025-07-19T06:38:41.394729+00:00 [queued]>
[2025-07-19T06:47:33.828+0000] {taskinstance.py:2170} INFO - Starting attempt 2 of 2
[2025-07-19T06:47:33.843+0000] {taskinstance.py:2191} INFO - Executing <Task(PythonOperator): run_modal> on 2025-07-19 06:38:41.394729+00:00
[2025-07-19T06:47:34.361+0000] {standard_task_runner.py:60} INFO - Started process 2947 to run task
[2025-07-19T06:47:34.363+0000] {standard_task_runner.py:87} INFO - Running: ['***', 'tasks', 'run', 'run_modal_script_fixed', 'run_modal', 'manual__2025-07-19T06:38:41.394729+00:00', '--job-id', '56', '--raw', '--subdir', 'DAGS_FOLDER/modal_***.py', '--cfg-path', '/tmp/tmpclsek6_l']
[2025-07-19T06:47:34.389+0000] {standard_task_runner.py:88} INFO - Job 56: Subtask run_modal
[2025-07-19T06:47:34.788+0000] {task_command.py:423} INFO - Running <TaskInstance: run_modal_script_fixed.run_modal manual__2025-07-19T06:38:41.394729+00:00 [running]> on host 2b6a031b4c87
[2025-07-19T06:47:34.920+0000] {taskinstance.py:2480} INFO - Exporting env vars: AIRFLOW_CTX_DAG_OWNER='***' AIRFLOW_CTX_DAG_ID='run_modal_script_fixed' AIRFLOW_CTX_TASK_ID='run_modal' AIRFLOW_CTX_EXECUTION_DATE='2025-07-19T06:38:41.394729+00:00' AIRFLOW_CTX_TRY_NUMBER='2' AIRFLOW_CTX_DAG_RUN_ID='manual__2025-07-19T06:38:41.394729+00:00'
[2025-07-19T06:49:45.010+0000] {taskinstance.py:2698} ERROR - Task failed with exception
Traceback (most recent call last):
  File "/home/airflow/.local/lib/python3.8/site-packages/airflow/models/taskinstance.py", line 433, in _execute_task
    result = execute_callable(context=context, **execute_callable_kwargs)
  File "/home/airflow/.local/lib/python3.8/site-packages/airflow/operators/python.py", line 199, in execute
    return_value = self.execute_callable()
  File "/home/airflow/.local/lib/python3.8/site-packages/airflow/operators/python.py", line 216, in execute_callable
    return self.python_callable(*self.op_args, **self.op_kwargs)
  File "/opt/airflow/dags/modal_airflow.py", line 15, in run_eda_script
    exec(f.read(), globals())
  File "<string>", line 16, in <module>
ModuleNotFoundError: No module named 'matplotlib'
[2025-07-19T06:49:47.943+0000] {taskinstance.py:1138} INFO - Marking task as FAILED. dag_id=run_modal_script_fixed, task_id=run_modal, execution_date=20250719T063841, start_date=20250719T064733, end_date=20250719T064947
[2025-07-19T06:49:50.336+0000] {standard_task_runner.py:107} ERROR - Failed to execute job 56 for task run_modal (No module named 'matplotlib'; 2947)
[2025-07-19T06:49:53.299+0000] {local_task_job_runner.py:234} INFO - Task exited with return code 1
[2025-07-19T06:54:31.645+0000] {taskinstance.py:3280} INFO - 0 downstream tasks scheduled from follow-on schedule check
