[2025-07-19T06:38:42.850+0000] {taskinstance.py:1956} INFO - Dependencies all met for dep_context=non-requeueable deps ti=<TaskInstance: run_modal_script_fixed.run_modal manual__2025-07-19T06:38:41.394729+00:00 [queued]>
[2025-07-19T06:38:42.860+0000] {taskinstance.py:1956} INFO - Dependencies all met for dep_context=requeueable deps ti=<TaskInstance: run_modal_script_fixed.run_modal manual__2025-07-19T06:38:41.394729+00:00 [queued]>
[2025-07-19T06:38:42.860+0000] {taskinstance.py:2170} INFO - Starting attempt 1 of 2
[2025-07-19T06:38:42.876+0000] {taskinstance.py:2191} INFO - Executing <Task(PythonOperator): run_modal> on 2025-07-19 06:38:41.394729+00:00
[2025-07-19T06:38:42.882+0000] {standard_task_runner.py:60} INFO - Started process 2628 to run task
[2025-07-19T06:38:42.885+0000] {standard_task_runner.py:87} INFO - Running: ['***', 'tasks', 'run', 'run_modal_script_fixed', 'run_modal', 'manual__2025-07-19T06:38:41.394729+00:00', '--job-id', '53', '--raw', '--subdir', 'DAGS_FOLDER/modal_***.py', '--cfg-path', '/tmp/tmpn2otsgv3']
[2025-07-19T06:38:42.887+0000] {standard_task_runner.py:88} INFO - Job 53: Subtask run_modal
[2025-07-19T06:38:42.931+0000] {task_command.py:423} INFO - Running <TaskInstance: run_modal_script_fixed.run_modal manual__2025-07-19T06:38:41.394729+00:00 [running]> on host 2b6a031b4c87
[2025-07-19T06:38:43.000+0000] {taskinstance.py:2480} INFO - Exporting env vars: AIRFLOW_CTX_DAG_OWNER='***' AIRFLOW_CTX_DAG_ID='run_modal_script_fixed' AIRFLOW_CTX_TASK_ID='run_modal' AIRFLOW_CTX_EXECUTION_DATE='2025-07-19T06:38:41.394729+00:00' AIRFLOW_CTX_TRY_NUMBER='1' AIRFLOW_CTX_DAG_RUN_ID='manual__2025-07-19T06:38:41.394729+00:00'
[2025-07-19T06:38:43.900+0000] {taskinstance.py:2698} ERROR - Task failed with exception
Traceback (most recent call last):
  File "/home/airflow/.local/lib/python3.8/site-packages/airflow/models/taskinstance.py", line 433, in _execute_task
    result = execute_callable(context=context, **execute_callable_kwargs)
  File "/home/airflow/.local/lib/python3.8/site-packages/airflow/operators/python.py", line 199, in execute
    return_value = self.execute_callable()
  File "/home/airflow/.local/lib/python3.8/site-packages/airflow/operators/python.py", line 216, in execute_callable
    return self.python_callable(*self.op_args, **self.op_kwargs)
  File "/opt/airflow/dags/modal_airflow.py", line 15, in run_eda_script
    exec(f.read(), globals())
  File "<string>", line 14, in <module>
  File "/home/airflow/.local/lib/python3.8/site-packages/lightgbm/__init__.py", line 11, in <module>
    from .basic import Booster, Dataset, Sequence, register_logger
  File "/home/airflow/.local/lib/python3.8/site-packages/lightgbm/basic.py", line 9, in <module>
    from .libpath import _LIB  # isort: skip
  File "/home/airflow/.local/lib/python3.8/site-packages/lightgbm/libpath.py", line 49, in <module>
    _LIB = ctypes.cdll.LoadLibrary(_find_lib_path()[0])
  File "/usr/local/lib/python3.8/ctypes/__init__.py", line 451, in LoadLibrary
    return self._dlltype(name)
  File "/usr/local/lib/python3.8/ctypes/__init__.py", line 373, in __init__
    self._handle = _dlopen(self._name, mode)
OSError: libgomp.so.1: cannot open shared object file: No such file or directory
[2025-07-19T06:38:43.912+0000] {taskinstance.py:1138} INFO - Marking task as UP_FOR_RETRY. dag_id=run_modal_script_fixed, task_id=run_modal, execution_date=20250719T063841, start_date=20250719T063842, end_date=20250719T063843
[2025-07-19T06:38:43.927+0000] {standard_task_runner.py:107} ERROR - Failed to execute job 53 for task run_modal (libgomp.so.1: cannot open shared object file: No such file or directory; 2628)
[2025-07-19T06:38:43.959+0000] {local_task_job_runner.py:234} INFO - Task exited with return code 1
[2025-07-19T06:38:43.984+0000] {taskinstance.py:3280} INFO - 0 downstream tasks scheduled from follow-on schedule check
