[2025-07-19T06:16:03.546+0000] {taskinstance.py:1956} INFO - Dependencies all met for dep_context=non-requeueable deps ti=<TaskInstance: run_preprocess_script_file.run_preprocess manual__2025-07-19T06:15:44.009096+00:00 [queued]>
[2025-07-19T06:16:03.557+0000] {taskinstance.py:1956} INFO - Dependencies all met for dep_context=requeueable deps ti=<TaskInstance: run_preprocess_script_file.run_preprocess manual__2025-07-19T06:15:44.009096+00:00 [queued]>
[2025-07-19T06:16:03.557+0000] {taskinstance.py:2170} INFO - Starting attempt 1 of 2
[2025-07-19T06:16:03.575+0000] {taskinstance.py:2191} INFO - Executing <Task(PythonOperator): run_preprocess> on 2025-07-19 06:15:44.009096+00:00
[2025-07-19T06:16:03.580+0000] {standard_task_runner.py:60} INFO - Started process 1613 to run task
[2025-07-19T06:16:03.583+0000] {standard_task_runner.py:87} INFO - Running: ['***', 'tasks', 'run', 'run_preprocess_script_file', 'run_preprocess', 'manual__2025-07-19T06:15:44.009096+00:00', '--job-id', '41', '--raw', '--subdir', 'DAGS_FOLDER/preprocess_***.py', '--cfg-path', '/tmp/tmp5zrt7dbx']
[2025-07-19T06:16:03.585+0000] {standard_task_runner.py:88} INFO - Job 41: Subtask run_preprocess
[2025-07-19T06:16:03.649+0000] {task_command.py:423} INFO - Running <TaskInstance: run_preprocess_script_file.run_preprocess manual__2025-07-19T06:15:44.009096+00:00 [running]> on host 2b6a031b4c87
[2025-07-19T06:16:03.735+0000] {taskinstance.py:2480} INFO - Exporting env vars: AIRFLOW_CTX_DAG_OWNER='***' AIRFLOW_CTX_DAG_ID='run_preprocess_script_file' AIRFLOW_CTX_TASK_ID='run_preprocess' AIRFLOW_CTX_EXECUTION_DATE='2025-07-19T06:15:44.009096+00:00' AIRFLOW_CTX_TRY_NUMBER='1' AIRFLOW_CTX_DAG_RUN_ID='manual__2025-07-19T06:15:44.009096+00:00'
[2025-07-19T06:16:03.738+0000] {logging_mixin.py:188} INFO - Running script: /opt/***/final_capstone/preprocess/preprocess.py
[2025-07-19T06:16:44.123+0000] {taskinstance.py:2698} ERROR - Task failed with exception
Traceback (most recent call last):
  File "/home/airflow/.local/lib/python3.8/site-packages/airflow/models/taskinstance.py", line 433, in _execute_task
    result = execute_callable(context=context, **execute_callable_kwargs)
  File "/home/airflow/.local/lib/python3.8/site-packages/airflow/operators/python.py", line 199, in execute
    return_value = self.execute_callable()
  File "/home/airflow/.local/lib/python3.8/site-packages/airflow/operators/python.py", line 216, in execute_callable
    return self.python_callable(*self.op_args, **self.op_kwargs)
  File "/opt/airflow/dags/preprocess_airflow.py", line 18, in run_preprocess_file_callable
    exec(code, {'__name__': '__main__'})
  File "<string>", line 9, in <module>
  File "/home/airflow/.local/lib/python3.8/site-packages/sklearn/__init__.py", line 83, in <module>
    from .base import clone
  File "/home/airflow/.local/lib/python3.8/site-packages/sklearn/base.py", line 19, in <module>
    from .utils import _IS_32BIT
ModuleNotFoundError: No module named 'sklearn.utils'
[2025-07-19T06:16:44.314+0000] {taskinstance.py:1138} INFO - Marking task as UP_FOR_RETRY. dag_id=run_preprocess_script_file, task_id=run_preprocess, execution_date=20250719T061544, start_date=20250719T061603, end_date=20250719T061644
[2025-07-19T06:16:44.347+0000] {standard_task_runner.py:107} ERROR - Failed to execute job 41 for task run_preprocess (No module named 'sklearn.utils'; 1613)
[2025-07-19T06:16:44.449+0000] {local_task_job_runner.py:234} INFO - Task exited with return code 1
[2025-07-19T06:16:44.485+0000] {taskinstance.py:3280} INFO - 0 downstream tasks scheduled from follow-on schedule check
