[2025-07-19T06:47:34.207+0000] {taskinstance.py:1956} INFO - Dependencies all met for dep_context=non-requeueable deps ti=<TaskInstance: run_preprocess_script_file.run_preprocess manual__2025-07-19T06:44:14.594665+00:00 [queued]>
[2025-07-19T06:47:34.249+0000] {taskinstance.py:1956} INFO - Dependencies all met for dep_context=requeueable deps ti=<TaskInstance: run_preprocess_script_file.run_preprocess manual__2025-07-19T06:44:14.594665+00:00 [queued]>
[2025-07-19T06:47:34.249+0000] {taskinstance.py:2170} INFO - Starting attempt 2 of 2
[2025-07-19T06:47:34.752+0000] {taskinstance.py:2191} INFO - Executing <Task(PythonOperator): run_preprocess> on 2025-07-19 06:44:14.594665+00:00
[2025-07-19T06:47:35.328+0000] {standard_task_runner.py:60} INFO - Started process 2949 to run task
[2025-07-19T06:47:35.332+0000] {standard_task_runner.py:87} INFO - Running: ['***', 'tasks', 'run', 'run_preprocess_script_file', 'run_preprocess', 'manual__2025-07-19T06:44:14.594665+00:00', '--job-id', '57', '--raw', '--subdir', 'DAGS_FOLDER/preprocess_***.py', '--cfg-path', '/tmp/tmpcp8p1wfj']
[2025-07-19T06:47:35.487+0000] {standard_task_runner.py:88} INFO - Job 57: Subtask run_preprocess
[2025-07-19T06:47:35.756+0000] {task_command.py:423} INFO - Running <TaskInstance: run_preprocess_script_file.run_preprocess manual__2025-07-19T06:44:14.594665+00:00 [running]> on host 2b6a031b4c87
[2025-07-19T06:47:36.277+0000] {taskinstance.py:2480} INFO - Exporting env vars: AIRFLOW_CTX_DAG_OWNER='***' AIRFLOW_CTX_DAG_ID='run_preprocess_script_file' AIRFLOW_CTX_TASK_ID='run_preprocess' AIRFLOW_CTX_EXECUTION_DATE='2025-07-19T06:44:14.594665+00:00' AIRFLOW_CTX_TRY_NUMBER='2' AIRFLOW_CTX_DAG_RUN_ID='manual__2025-07-19T06:44:14.594665+00:00'
[2025-07-19T06:47:36.280+0000] {logging_mixin.py:188} INFO - Running script: /opt/***/final_capstone/preprocess/preprocess.py
[2025-07-19T06:48:39.293+0000] {logging_mixin.py:188} INFO - ✅ All libraries imported successfully!
[2025-07-19T06:49:44.499+0000] {logging_mixin.py:188} INFO - Input file: C:\Users\Minfy.DESKTOP-3E50D5N\Desktop\final_capstone\raw_data\Lead Scoring.csv
[2025-07-19T06:49:44.643+0000] {logging_mixin.py:188} INFO - Output folder: C:\Users\Minfy.DESKTOP-3E50D5N\Desktop\final_capstone\preprocess\preprocessed_output
[2025-07-19T06:49:44.739+0000] {logging_mixin.py:188} INFO - 🔄 Loading data from: C:\Users\Minfy.DESKTOP-3E50D5N\Desktop\final_capstone\raw_data\Lead Scoring.csv
[2025-07-19T06:49:44.856+0000] {logging_mixin.py:188} INFO - ❌ Error loading data: [Errno 2] No such file or directory: 'C:\\Users\\Minfy.DESKTOP-3E50D5N\\Desktop\\final_capstone\\raw_data\\Lead Scoring.csv'
[2025-07-19T06:49:45.307+0000] {taskinstance.py:2698} ERROR - Task failed with exception
Traceback (most recent call last):
  File "/home/airflow/.local/lib/python3.8/site-packages/airflow/models/taskinstance.py", line 433, in _execute_task
    result = execute_callable(context=context, **execute_callable_kwargs)
  File "/home/airflow/.local/lib/python3.8/site-packages/airflow/operators/python.py", line 199, in execute
    return_value = self.execute_callable()
  File "/home/airflow/.local/lib/python3.8/site-packages/airflow/operators/python.py", line 216, in execute_callable
    return self.python_callable(*self.op_args, **self.op_kwargs)
  File "/opt/airflow/dags/preprocess_airflow.py", line 18, in run_preprocess_file_callable
    exec(code, {'__name__': '__main__'})
  File "<string>", line 37, in <module>
  File "<string>", line 29, in load_data
  File "/home/airflow/.local/lib/python3.8/site-packages/pandas/io/parsers/readers.py", line 912, in read_csv
    return _read(filepath_or_buffer, kwds)
  File "/home/airflow/.local/lib/python3.8/site-packages/pandas/io/parsers/readers.py", line 577, in _read
    parser = TextFileReader(filepath_or_buffer, **kwds)
  File "/home/airflow/.local/lib/python3.8/site-packages/pandas/io/parsers/readers.py", line 1407, in __init__
    self._engine = self._make_engine(f, self.engine)
  File "/home/airflow/.local/lib/python3.8/site-packages/pandas/io/parsers/readers.py", line 1661, in _make_engine
    self.handles = get_handle(
  File "/home/airflow/.local/lib/python3.8/site-packages/pandas/io/common.py", line 859, in get_handle
    handle = open(
FileNotFoundError: [Errno 2] No such file or directory: 'C:\\Users\\Minfy.DESKTOP-3E50D5N\\Desktop\\final_capstone\\raw_data\\Lead Scoring.csv'
[2025-07-19T06:49:47.522+0000] {taskinstance.py:1138} INFO - Marking task as FAILED. dag_id=run_preprocess_script_file, task_id=run_preprocess, execution_date=20250719T064414, start_date=20250719T064734, end_date=20250719T064947
[2025-07-19T06:49:50.337+0000] {standard_task_runner.py:107} ERROR - Failed to execute job 57 for task run_preprocess ([Errno 2] No such file or directory: 'C:\\Users\\Minfy.DESKTOP-3E50D5N\\Desktop\\final_capstone\\raw_data\\Lead Scoring.csv'; 2949)
[2025-07-19T06:49:52.143+0000] {local_task_job_runner.py:234} INFO - Task exited with return code 1
[2025-07-19T06:54:29.447+0000] {taskinstance.py:3280} INFO - 0 downstream tasks scheduled from follow-on schedule check
