[2025-07-19T12:49:53.567+0000] {taskinstance.py:1956} INFO - Dependencies all met for dep_context=non-requeueable deps ti=<TaskInstance: ml_pipeline_with_dashboard.run_eda manual__2025-07-19T12:47:50.824471+00:00 [queued]>
[2025-07-19T12:49:53.575+0000] {taskinstance.py:1956} INFO - Dependencies all met for dep_context=requeueable deps ti=<TaskInstance: ml_pipeline_with_dashboard.run_eda manual__2025-07-19T12:47:50.824471+00:00 [queued]>
[2025-07-19T12:49:53.575+0000] {taskinstance.py:2170} INFO - Starting attempt 2 of 2
[2025-07-19T12:49:53.590+0000] {taskinstance.py:2191} INFO - Executing <Task(BashOperator): run_eda> on 2025-07-19 12:47:50.824471+00:00
[2025-07-19T12:49:53.594+0000] {standard_task_runner.py:60} INFO - Started process 400 to run task
[2025-07-19T12:49:53.596+0000] {standard_task_runner.py:87} INFO - Running: ['***', 'tasks', 'run', 'ml_pipeline_with_dashboard', 'run_eda', 'manual__2025-07-19T12:47:50.824471+00:00', '--job-id', '135', '--raw', '--subdir', 'DAGS_FOLDER/main_full_processs.py', '--cfg-path', '/tmp/tmpp147a19i']
[2025-07-19T12:49:53.598+0000] {standard_task_runner.py:88} INFO - Job 135: Subtask run_eda
[2025-07-19T12:49:53.686+0000] {task_command.py:423} INFO - Running <TaskInstance: ml_pipeline_with_dashboard.run_eda manual__2025-07-19T12:47:50.824471+00:00 [running]> on host 2b6a031b4c87
[2025-07-19T12:49:53.756+0000] {taskinstance.py:2480} INFO - Exporting env vars: AIRFLOW_CTX_DAG_OWNER='***' AIRFLOW_CTX_DAG_ID='ml_pipeline_with_dashboard' AIRFLOW_CTX_TASK_ID='run_eda' AIRFLOW_CTX_EXECUTION_DATE='2025-07-19T12:47:50.824471+00:00' AIRFLOW_CTX_TRY_NUMBER='2' AIRFLOW_CTX_DAG_RUN_ID='manual__2025-07-19T12:47:50.824471+00:00'
[2025-07-19T12:49:53.757+0000] {subprocess.py:63} INFO - Tmp dir root location: /tmp
[2025-07-19T12:49:53.774+0000] {subprocess.py:75} INFO - Running command: ['/usr/bin/bash', '-c', 'python /opt/***/data/eda.py']
[2025-07-19T12:49:53.785+0000] {subprocess.py:86} INFO - Output:
[2025-07-19T12:49:53.818+0000] {subprocess.py:93} INFO - python: can't open file '/opt/***/data/eda.py': [Errno 2] No such file or directory
[2025-07-19T12:49:53.821+0000] {subprocess.py:97} INFO - Command exited with return code 2
[2025-07-19T12:49:53.844+0000] {taskinstance.py:2698} ERROR - Task failed with exception
Traceback (most recent call last):
  File "/home/airflow/.local/lib/python3.8/site-packages/airflow/models/taskinstance.py", line 433, in _execute_task
    result = execute_callable(context=context, **execute_callable_kwargs)
  File "/home/airflow/.local/lib/python3.8/site-packages/airflow/operators/bash.py", line 212, in execute
    raise AirflowException(
airflow.exceptions.AirflowException: Bash command failed. The command returned a non-zero exit code 2.
[2025-07-19T12:49:53.847+0000] {taskinstance.py:1138} INFO - Marking task as FAILED. dag_id=ml_pipeline_with_dashboard, task_id=run_eda, execution_date=20250719T124750, start_date=20250719T124953, end_date=20250719T124953
[2025-07-19T12:49:53.862+0000] {standard_task_runner.py:107} ERROR - Failed to execute job 135 for task run_eda (Bash command failed. The command returned a non-zero exit code 2.; 400)
[2025-07-19T12:49:53.891+0000] {local_task_job_runner.py:234} INFO - Task exited with return code 1
[2025-07-19T12:49:53.917+0000] {taskinstance.py:3280} INFO - 0 downstream tasks scheduled from follow-on schedule check
