[2025-07-20T07:16:37.069+0000] {taskinstance.py:1956} INFO - Dependencies all met for dep_context=non-requeueable deps ti=<TaskInstance: ml_pipeline_with_dashboard.drift_check manual__2025-07-20T07:14:07.724211+00:00 [queued]>
[2025-07-20T07:16:37.082+0000] {taskinstance.py:1956} INFO - Dependencies all met for dep_context=requeueable deps ti=<TaskInstance: ml_pipeline_with_dashboard.drift_check manual__2025-07-20T07:14:07.724211+00:00 [queued]>
[2025-07-20T07:16:37.082+0000] {taskinstance.py:2170} INFO - Starting attempt 2 of 2
[2025-07-20T07:16:37.108+0000] {taskinstance.py:2191} INFO - Executing <Task(BashOperator): drift_check> on 2025-07-20 07:14:07.724211+00:00
[2025-07-20T07:16:37.115+0000] {standard_task_runner.py:60} INFO - Started process 5923 to run task
[2025-07-20T07:16:37.215+0000] {standard_task_runner.py:87} INFO - Running: ['***', 'tasks', 'run', 'ml_pipeline_with_dashboard', 'drift_check', 'manual__2025-07-20T07:14:07.724211+00:00', '--job-id', '183', '--raw', '--subdir', 'DAGS_FOLDER/main_full_processs.py', '--cfg-path', '/tmp/tmptj3z9_ai']
[2025-07-20T07:16:37.219+0000] {standard_task_runner.py:88} INFO - Job 183: Subtask drift_check
[2025-07-20T07:16:37.586+0000] {task_command.py:423} INFO - Running <TaskInstance: ml_pipeline_with_dashboard.drift_check manual__2025-07-20T07:14:07.724211+00:00 [running]> on host 2b6a031b4c87
[2025-07-20T07:16:37.903+0000] {taskinstance.py:2480} INFO - Exporting env vars: AIRFLOW_CTX_DAG_OWNER='***' AIRFLOW_CTX_DAG_ID='ml_pipeline_with_dashboard' AIRFLOW_CTX_TASK_ID='drift_check' AIRFLOW_CTX_EXECUTION_DATE='2025-07-20T07:14:07.724211+00:00' AIRFLOW_CTX_TRY_NUMBER='2' AIRFLOW_CTX_DAG_RUN_ID='manual__2025-07-20T07:14:07.724211+00:00'
[2025-07-20T07:16:37.992+0000] {subprocess.py:63} INFO - Tmp dir root location: /tmp
[2025-07-20T07:16:37.999+0000] {subprocess.py:75} INFO - Running command: ['/usr/bin/bash', '-c', 'python /opt/***/dags/data_drift_check.PY']
[2025-07-20T07:16:38.011+0000] {subprocess.py:86} INFO - Output:
[2025-07-20T07:16:47.010+0000] {subprocess.py:93} INFO - Traceback (most recent call last):
[2025-07-20T07:16:47.010+0000] {subprocess.py:93} INFO -   File "/opt/***/dags/data_drift_check.PY", line 7, in <module>
[2025-07-20T07:16:47.011+0000] {subprocess.py:93} INFO -     from evidently import Report
[2025-07-20T07:16:47.012+0000] {subprocess.py:93} INFO - ModuleNotFoundError: No module named 'evidently'
[2025-07-20T07:16:47.299+0000] {subprocess.py:97} INFO - Command exited with return code 1
[2025-07-20T07:16:47.372+0000] {taskinstance.py:2698} ERROR - Task failed with exception
Traceback (most recent call last):
  File "/home/airflow/.local/lib/python3.8/site-packages/airflow/models/taskinstance.py", line 433, in _execute_task
    result = execute_callable(context=context, **execute_callable_kwargs)
  File "/home/airflow/.local/lib/python3.8/site-packages/airflow/operators/bash.py", line 212, in execute
    raise AirflowException(
airflow.exceptions.AirflowException: Bash command failed. The command returned a non-zero exit code 1.
[2025-07-20T07:16:47.391+0000] {taskinstance.py:1138} INFO - Marking task as FAILED. dag_id=ml_pipeline_with_dashboard, task_id=drift_check, execution_date=20250720T071407, start_date=20250720T071637, end_date=20250720T071647
[2025-07-20T07:16:47.431+0000] {standard_task_runner.py:107} ERROR - Failed to execute job 183 for task drift_check (Bash command failed. The command returned a non-zero exit code 1.; 5923)
[2025-07-20T07:16:47.478+0000] {local_task_job_runner.py:234} INFO - Task exited with return code 1
[2025-07-20T07:16:47.610+0000] {taskinstance.py:3280} INFO - 0 downstream tasks scheduled from follow-on schedule check
