[2025-07-19T12:56:56.000+0000] {taskinstance.py:1956} INFO - Dependencies all met for dep_context=non-requeueable deps ti=<TaskInstance: ml_pipeline_with_dashboard.run_model_training manual__2025-07-19T12:56:44.373137+00:00 [queued]>
[2025-07-19T12:56:56.013+0000] {taskinstance.py:1956} INFO - Dependencies all met for dep_context=requeueable deps ti=<TaskInstance: ml_pipeline_with_dashboard.run_model_training manual__2025-07-19T12:56:44.373137+00:00 [queued]>
[2025-07-19T12:56:56.014+0000] {taskinstance.py:2170} INFO - Starting attempt 1 of 2
[2025-07-19T12:56:56.029+0000] {taskinstance.py:2191} INFO - Executing <Task(BashOperator): run_model_training> on 2025-07-19 12:56:44.373137+00:00
[2025-07-19T12:56:56.034+0000] {standard_task_runner.py:60} INFO - Started process 900 to run task
[2025-07-19T12:56:56.037+0000] {standard_task_runner.py:87} INFO - Running: ['***', 'tasks', 'run', 'ml_pipeline_with_dashboard', 'run_model_training', 'manual__2025-07-19T12:56:44.373137+00:00', '--job-id', '144', '--raw', '--subdir', 'DAGS_FOLDER/main_full_processs.py', '--cfg-path', '/tmp/tmp0anyl8j3']
[2025-07-19T12:56:56.040+0000] {standard_task_runner.py:88} INFO - Job 144: Subtask run_model_training
[2025-07-19T12:56:56.088+0000] {task_command.py:423} INFO - Running <TaskInstance: ml_pipeline_with_dashboard.run_model_training manual__2025-07-19T12:56:44.373137+00:00 [running]> on host 2b6a031b4c87
[2025-07-19T12:56:56.161+0000] {taskinstance.py:2480} INFO - Exporting env vars: AIRFLOW_CTX_DAG_OWNER='***' AIRFLOW_CTX_DAG_ID='ml_pipeline_with_dashboard' AIRFLOW_CTX_TASK_ID='run_model_training' AIRFLOW_CTX_EXECUTION_DATE='2025-07-19T12:56:44.373137+00:00' AIRFLOW_CTX_TRY_NUMBER='1' AIRFLOW_CTX_DAG_RUN_ID='manual__2025-07-19T12:56:44.373137+00:00'
[2025-07-19T12:56:56.163+0000] {subprocess.py:63} INFO - Tmp dir root location: /tmp
[2025-07-19T12:56:56.164+0000] {subprocess.py:75} INFO - Running command: ['/usr/bin/bash', '-c', 'python /opt/***/dag/modal.py']
[2025-07-19T12:56:56.171+0000] {subprocess.py:86} INFO - Output:
[2025-07-19T12:56:56.191+0000] {subprocess.py:93} INFO - python: can't open file '/opt/***/dag/modal.py': [Errno 2] No such file or directory
[2025-07-19T12:56:56.193+0000] {subprocess.py:97} INFO - Command exited with return code 2
[2025-07-19T12:56:56.201+0000] {taskinstance.py:2698} ERROR - Task failed with exception
Traceback (most recent call last):
  File "/home/airflow/.local/lib/python3.8/site-packages/airflow/models/taskinstance.py", line 433, in _execute_task
    result = execute_callable(context=context, **execute_callable_kwargs)
  File "/home/airflow/.local/lib/python3.8/site-packages/airflow/operators/bash.py", line 212, in execute
    raise AirflowException(
airflow.exceptions.AirflowException: Bash command failed. The command returned a non-zero exit code 2.
[2025-07-19T12:56:56.204+0000] {taskinstance.py:1138} INFO - Marking task as UP_FOR_RETRY. dag_id=ml_pipeline_with_dashboard, task_id=run_model_training, execution_date=20250719T125644, start_date=20250719T125656, end_date=20250719T125656
[2025-07-19T12:56:56.215+0000] {standard_task_runner.py:107} ERROR - Failed to execute job 144 for task run_model_training (Bash command failed. The command returned a non-zero exit code 2.; 900)
[2025-07-19T12:56:56.249+0000] {local_task_job_runner.py:234} INFO - Task exited with return code 1
[2025-07-19T12:56:56.265+0000] {taskinstance.py:3280} INFO - 0 downstream tasks scheduled from follow-on schedule check
