[2025-07-20T07:37:00.787+0000] {taskinstance.py:1956} INFO - Dependencies all met for dep_context=non-requeueable deps ti=<TaskInstance: ml_pipeline_with_dashboard.run_model_training manual__2025-07-20T07:36:53.178062+00:00 [queued]>
[2025-07-20T07:37:00.798+0000] {taskinstance.py:1956} INFO - Dependencies all met for dep_context=requeueable deps ti=<TaskInstance: ml_pipeline_with_dashboard.run_model_training manual__2025-07-20T07:36:53.178062+00:00 [queued]>
[2025-07-20T07:37:00.799+0000] {taskinstance.py:2170} INFO - Starting attempt 1 of 2
[2025-07-20T07:37:00.813+0000] {taskinstance.py:2191} INFO - Executing <Task(BashOperator): run_model_training> on 2025-07-20 07:36:53.178062+00:00
[2025-07-20T07:37:00.817+0000] {standard_task_runner.py:60} INFO - Started process 10133 to run task
[2025-07-20T07:37:00.820+0000] {standard_task_runner.py:87} INFO - Running: ['***', 'tasks', 'run', 'ml_pipeline_with_dashboard', 'run_model_training', 'manual__2025-07-20T07:36:53.178062+00:00', '--job-id', '208', '--raw', '--subdir', 'DAGS_FOLDER/main_full_processs.py', '--cfg-path', '/tmp/tmpd2a9lvzz']
[2025-07-20T07:37:00.822+0000] {standard_task_runner.py:88} INFO - Job 208: Subtask run_model_training
[2025-07-20T07:37:00.868+0000] {task_command.py:423} INFO - Running <TaskInstance: ml_pipeline_with_dashboard.run_model_training manual__2025-07-20T07:36:53.178062+00:00 [running]> on host 2b6a031b4c87
[2025-07-20T07:37:00.996+0000] {taskinstance.py:2480} INFO - Exporting env vars: AIRFLOW_CTX_DAG_OWNER='***' AIRFLOW_CTX_DAG_ID='ml_pipeline_with_dashboard' AIRFLOW_CTX_TASK_ID='run_model_training' AIRFLOW_CTX_EXECUTION_DATE='2025-07-20T07:36:53.178062+00:00' AIRFLOW_CTX_TRY_NUMBER='1' AIRFLOW_CTX_DAG_RUN_ID='manual__2025-07-20T07:36:53.178062+00:00'
[2025-07-20T07:37:00.998+0000] {subprocess.py:63} INFO - Tmp dir root location: /tmp
[2025-07-20T07:37:00.999+0000] {subprocess.py:75} INFO - Running command: ['/usr/bin/bash', '-c', 'python /opt/***/dags/modal.py']
[2025-07-20T07:37:01.008+0000] {subprocess.py:86} INFO - Output:
[2025-07-20T07:37:03.902+0000] {subprocess.py:93} INFO - Dataset shape: (9240, 181)
[2025-07-20T07:37:03.903+0000] {subprocess.py:93} INFO - Training set: 7392 samples
[2025-07-20T07:37:03.903+0000] {subprocess.py:93} INFO - Test set: 1848 samples
[2025-07-20T07:37:03.904+0000] {subprocess.py:93} INFO - Features: 180
[2025-07-20T07:37:03.904+0000] {subprocess.py:93} INFO - Target distribution: {0: 5679, 1: 3561}
[2025-07-20T07:37:03.904+0000] {subprocess.py:93} INFO - Starting comprehensive analysis...
[2025-07-20T07:37:03.905+0000] {subprocess.py:93} INFO - Starting model training with hyperparameter tuning...
[2025-07-20T07:37:03.905+0000] {subprocess.py:93} INFO - 
[2025-07-20T07:37:03.906+0000] {subprocess.py:93} INFO - Training Random Forest...
[2025-07-20T07:38:11.952+0000] {local_task_job_runner.py:302} WARNING - State of this instance has been externally set to success. Terminating instance.
[2025-07-20T07:38:12.002+0000] {process_utils.py:131} INFO - Sending 15 to group 10133. PIDs of all processes in the group: [10134, 10151, 10152, 10153, 10154, 10155, 10156, 10164, 10165, 10166, 10169, 10133]
[2025-07-20T07:38:12.019+0000] {process_utils.py:86} INFO - Sending the signal 15 to group 10133
[2025-07-20T07:38:12.022+0000] {taskinstance.py:2450} ERROR - Received SIGTERM. Terminating subprocesses.
[2025-07-20T07:38:12.034+0000] {subprocess.py:104} INFO - Sending SIGTERM signal to process group
[2025-07-20T07:38:12.182+0000] {process_utils.py:79} INFO - Process psutil.Process(pid=10169, status='terminated', started='07:37:04') (10169) terminated with exit code None
[2025-07-20T07:38:12.208+0000] {process_utils.py:79} INFO - Process psutil.Process(pid=10156, status='terminated', started='07:37:03') (10156) terminated with exit code None
[2025-07-20T07:38:12.283+0000] {process_utils.py:79} INFO - Process psutil.Process(pid=10151, status='terminated', started='07:37:03') (10151) terminated with exit code None
[2025-07-20T07:38:12.288+0000] {process_utils.py:79} INFO - Process psutil.Process(pid=10134, status='terminated', started='07:37:00') (10134) terminated with exit code None
[2025-07-20T07:38:12.289+0000] {process_utils.py:79} INFO - Process psutil.Process(pid=10152, status='terminated', started='07:37:03') (10152) terminated with exit code None
[2025-07-20T07:38:12.290+0000] {process_utils.py:79} INFO - Process psutil.Process(pid=10166, status='terminated', started='07:37:04') (10166) terminated with exit code None
[2025-07-20T07:38:12.292+0000] {process_utils.py:79} INFO - Process psutil.Process(pid=10153, status='terminated', started='07:37:03') (10153) terminated with exit code None
[2025-07-20T07:38:12.292+0000] {process_utils.py:79} INFO - Process psutil.Process(pid=10164, status='terminated', started='07:37:03') (10164) terminated with exit code None
[2025-07-20T07:38:12.293+0000] {process_utils.py:79} INFO - Process psutil.Process(pid=10154, status='terminated', started='07:37:03') (10154) terminated with exit code None
[2025-07-20T07:38:12.294+0000] {process_utils.py:79} INFO - Process psutil.Process(pid=10155, status='terminated', started='07:37:03') (10155) terminated with exit code None
[2025-07-20T07:38:12.294+0000] {process_utils.py:79} INFO - Process psutil.Process(pid=10133, status='terminated', exitcode=0, started='07:37:00') (10133) terminated with exit code 0
[2025-07-20T07:38:12.295+0000] {process_utils.py:79} INFO - Process psutil.Process(pid=10165, status='terminated', started='07:37:04') (10165) terminated with exit code None
