[2025-07-19T09:13:39.707+0000] {taskinstance.py:1956} INFO - Dependencies all met for dep_context=non-requeueable deps ti=<TaskInstance: launch_streamlit_dashboard.run_streamlit_dashboard manual__2025-07-19T09:13:32.254369+00:00 [queued]>
[2025-07-19T09:13:39.725+0000] {taskinstance.py:1956} INFO - Dependencies all met for dep_context=requeueable deps ti=<TaskInstance: launch_streamlit_dashboard.run_streamlit_dashboard manual__2025-07-19T09:13:32.254369+00:00 [queued]>
[2025-07-19T09:13:39.726+0000] {taskinstance.py:2170} INFO - Starting attempt 1 of 1
[2025-07-19T09:13:39.743+0000] {taskinstance.py:2191} INFO - Executing <Task(BashOperator): run_streamlit_dashboard> on 2025-07-19 09:13:32.254369+00:00
[2025-07-19T09:13:39.748+0000] {standard_task_runner.py:60} INFO - Started process 8431 to run task
[2025-07-19T09:13:39.751+0000] {standard_task_runner.py:87} INFO - Running: ['***', 'tasks', 'run', 'launch_streamlit_dashboard', 'run_streamlit_dashboard', 'manual__2025-07-19T09:13:32.254369+00:00', '--job-id', '82', '--raw', '--subdir', 'DAGS_FOLDER/eda_***.py', '--cfg-path', '/tmp/tmpbya0lvo4']
[2025-07-19T09:13:39.753+0000] {standard_task_runner.py:88} INFO - Job 82: Subtask run_streamlit_dashboard
[2025-07-19T09:13:39.899+0000] {task_command.py:423} INFO - Running <TaskInstance: launch_streamlit_dashboard.run_streamlit_dashboard manual__2025-07-19T09:13:32.254369+00:00 [running]> on host 2b6a031b4c87
[2025-07-19T09:14:17.571+0000] {taskinstance.py:2480} INFO - Exporting env vars: AIRFLOW_CTX_DAG_OWNER='***' AIRFLOW_CTX_DAG_ID='launch_streamlit_dashboard' AIRFLOW_CTX_TASK_ID='run_streamlit_dashboard' AIRFLOW_CTX_EXECUTION_DATE='2025-07-19T09:13:32.254369+00:00' AIRFLOW_CTX_TRY_NUMBER='1' AIRFLOW_CTX_DAG_RUN_ID='manual__2025-07-19T09:13:32.254369+00:00'
[2025-07-19T09:14:17.616+0000] {subprocess.py:63} INFO - Tmp dir root location: /tmp
[2025-07-19T09:14:17.617+0000] {subprocess.py:75} INFO - Running command: ['/usr/bin/bash', '-c', 'start /B streamlit run "C:\\Users\\Minfy.DESKTOP-3E50D5N\\Music\\customer_lead\\streamlit_dash.py"']
[2025-07-19T09:14:17.784+0000] {subprocess.py:86} INFO - Output:
[2025-07-19T09:14:18.674+0000] {subprocess.py:93} INFO - /usr/bin/bash: line 1: start: command not found
[2025-07-19T09:14:18.682+0000] {subprocess.py:97} INFO - Command exited with return code 127
[2025-07-19T09:14:21.306+0000] {taskinstance.py:2698} ERROR - Task failed with exception
Traceback (most recent call last):
  File "/home/airflow/.local/lib/python3.8/site-packages/airflow/models/taskinstance.py", line 433, in _execute_task
    result = execute_callable(context=context, **execute_callable_kwargs)
  File "/home/airflow/.local/lib/python3.8/site-packages/airflow/operators/bash.py", line 212, in execute
    raise AirflowException(
airflow.exceptions.AirflowException: Bash command failed. The command returned a non-zero exit code 127.
[2025-07-19T09:14:22.421+0000] {taskinstance.py:1138} INFO - Marking task as FAILED. dag_id=launch_streamlit_dashboard, task_id=run_streamlit_dashboard, execution_date=20250719T091332, start_date=20250719T091339, end_date=20250719T091422
[2025-07-19T09:14:26.597+0000] {standard_task_runner.py:107} ERROR - Failed to execute job 82 for task run_streamlit_dashboard (Bash command failed. The command returned a non-zero exit code 127.; 8431)
[2025-07-19T09:14:28.783+0000] {local_task_job_runner.py:234} INFO - Task exited with return code 1
[2025-07-19T09:14:28.858+0000] {taskinstance.py:3280} INFO - 0 downstream tasks scheduled from follow-on schedule check
