[2025-07-19T04:36:59.265+0000] {taskinstance.py:1090} INFO - Dependencies all met for dep_context=non-requeueable deps ti=<TaskInstance: run_preprocessing_script.run_preprocess manual__2025-07-19T04:30:49.947435+00:00 [queued]>
[2025-07-19T04:36:59.722+0000] {taskinstance.py:1090} INFO - Dependencies all met for dep_context=requeueable deps ti=<TaskInstance: run_preprocessing_script.run_preprocess manual__2025-07-19T04:30:49.947435+00:00 [queued]>
[2025-07-19T04:36:59.724+0000] {taskinstance.py:1288} INFO - 
--------------------------------------------------------------------------------
[2025-07-19T04:36:59.727+0000] {taskinstance.py:1289} INFO - Starting attempt 2 of 2
[2025-07-19T04:36:59.729+0000] {taskinstance.py:1290} INFO - 
--------------------------------------------------------------------------------
[2025-07-19T04:36:59.884+0000] {taskinstance.py:1309} INFO - Executing <Task(PythonOperator): run_preprocess> on 2025-07-19 04:30:49.947435+00:00
[2025-07-19T04:36:59.892+0000] {standard_task_runner.py:55} INFO - Started process 928 to run task
[2025-07-19T04:37:00.040+0000] {standard_task_runner.py:82} INFO - Running: ['***', 'tasks', 'run', 'run_preprocessing_script', 'run_preprocess', 'manual__2025-07-19T04:30:49.947435+00:00', '--job-id', '16', '--raw', '--subdir', 'DAGS_FOLDER/example.py', '--cfg-path', '/tmp/tmplpqr7piu']
[2025-07-19T04:37:00.174+0000] {standard_task_runner.py:83} INFO - Job 16: Subtask run_preprocess
[2025-07-19T04:37:00.584+0000] {task_command.py:389} INFO - Running <TaskInstance: run_preprocessing_script.run_preprocess manual__2025-07-19T04:30:49.947435+00:00 [running]> on host 398705dcf644
[2025-07-19T04:37:06.416+0000] {taskinstance.py:1516} INFO - Exporting the following env vars:
AIRFLOW_CTX_DAG_OWNER=***
AIRFLOW_CTX_DAG_ID=run_preprocessing_script
AIRFLOW_CTX_TASK_ID=run_preprocess
AIRFLOW_CTX_EXECUTION_DATE=2025-07-19T04:30:49.947435+00:00
AIRFLOW_CTX_TRY_NUMBER=2
AIRFLOW_CTX_DAG_RUN_ID=manual__2025-07-19T04:30:49.947435+00:00
[2025-07-19T04:37:06.420+0000] {taskinstance.py:1776} ERROR - Task failed with exception
Traceback (most recent call last):
  File "/home/airflow/.local/lib/python3.10/site-packages/airflow/operators/python.py", line 175, in execute
    return_value = self.execute_callable()
  File "/home/airflow/.local/lib/python3.10/site-packages/airflow/operators/python.py", line 192, in execute_callable
    return self.python_callable(*self.op_args, **self.op_kwargs)
  File "/opt/airflow/dags/example.py", line 10, in run_preprocessing_script
    with open(SCRIPT_PATH, 'r', encoding='utf-8') as f:
FileNotFoundError: [Errno 2] No such file or directory: 'airflow\\scripts\\preprocess.py'
[2025-07-19T04:37:06.812+0000] {taskinstance.py:1327} INFO - Marking task as FAILED. dag_id=run_preprocessing_script, task_id=run_preprocess, execution_date=20250719T043049, start_date=20250719T043659, end_date=20250719T043706
[2025-07-19T04:37:06.915+0000] {standard_task_runner.py:100} ERROR - Failed to execute job 16 for task run_preprocess ([Errno 2] No such file or directory: 'airflow\\scripts\\preprocess.py'; 928)
[2025-07-19T04:37:06.944+0000] {local_task_job.py:212} INFO - Task exited with return code 1
[2025-07-19T04:37:06.957+0000] {taskinstance.py:2596} INFO - 0 downstream tasks scheduled from follow-on schedule check
