[2025-07-19T04:30:58.244+0000] {taskinstance.py:1090} INFO - Dependencies all met for dep_context=non-requeueable deps ti=<TaskInstance: run_preprocessing_script.run_preprocess manual__2025-07-19T04:30:49.947435+00:00 [queued]>
[2025-07-19T04:30:58.495+0000] {taskinstance.py:1090} INFO - Dependencies all met for dep_context=requeueable deps ti=<TaskInstance: run_preprocessing_script.run_preprocess manual__2025-07-19T04:30:49.947435+00:00 [queued]>
[2025-07-19T04:30:58.498+0000] {taskinstance.py:1288} INFO - 
--------------------------------------------------------------------------------
[2025-07-19T04:30:58.499+0000] {taskinstance.py:1289} INFO - Starting attempt 1 of 2
[2025-07-19T04:30:58.500+0000] {taskinstance.py:1290} INFO - 
--------------------------------------------------------------------------------
[2025-07-19T04:30:58.781+0000] {taskinstance.py:1309} INFO - Executing <Task(PythonOperator): run_preprocess> on 2025-07-19 04:30:49.947435+00:00
[2025-07-19T04:30:58.942+0000] {standard_task_runner.py:55} INFO - Started process 767 to run task
[2025-07-19T04:30:59.301+0000] {standard_task_runner.py:82} INFO - Running: ['***', 'tasks', 'run', 'run_preprocessing_script', 'run_preprocess', 'manual__2025-07-19T04:30:49.947435+00:00', '--job-id', '12', '--raw', '--subdir', 'DAGS_FOLDER/example.py', '--cfg-path', '/tmp/tmp1u8p7hm3']
[2025-07-19T04:30:59.524+0000] {standard_task_runner.py:83} INFO - Job 12: Subtask run_preprocess
[2025-07-19T04:31:05.432+0000] {task_command.py:389} INFO - Running <TaskInstance: run_preprocessing_script.run_preprocess manual__2025-07-19T04:30:49.947435+00:00 [running]> on host 398705dcf644
[2025-07-19T04:31:08.101+0000] {taskinstance.py:1516} INFO - Exporting the following env vars:
AIRFLOW_CTX_DAG_OWNER=***
AIRFLOW_CTX_DAG_ID=run_preprocessing_script
AIRFLOW_CTX_TASK_ID=run_preprocess
AIRFLOW_CTX_EXECUTION_DATE=2025-07-19T04:30:49.947435+00:00
AIRFLOW_CTX_TRY_NUMBER=1
AIRFLOW_CTX_DAG_RUN_ID=manual__2025-07-19T04:30:49.947435+00:00
[2025-07-19T04:31:08.105+0000] {taskinstance.py:1776} ERROR - Task failed with exception
Traceback (most recent call last):
  File "/home/airflow/.local/lib/python3.10/site-packages/airflow/operators/python.py", line 175, in execute
    return_value = self.execute_callable()
  File "/home/airflow/.local/lib/python3.10/site-packages/airflow/operators/python.py", line 192, in execute_callable
    return self.python_callable(*self.op_args, **self.op_kwargs)
  File "/opt/airflow/dags/example.py", line 10, in run_preprocessing_script
    with open(SCRIPT_PATH, 'r', encoding='utf-8') as f:
FileNotFoundError: [Errno 2] No such file or directory: 'C:/Users/Minfy.DESKTOP-3E50D5N/Music/customer_lead/airflow/dags/preprocess.py'
[2025-07-19T04:31:08.538+0000] {taskinstance.py:1327} INFO - Marking task as UP_FOR_RETRY. dag_id=run_preprocessing_script, task_id=run_preprocess, execution_date=20250719T043049, start_date=20250719T043058, end_date=20250719T043108
[2025-07-19T04:31:08.644+0000] {standard_task_runner.py:100} ERROR - Failed to execute job 12 for task run_preprocess ([Errno 2] No such file or directory: 'C:/Users/Minfy.DESKTOP-3E50D5N/Music/customer_lead/airflow/dags/preprocess.py'; 767)
[2025-07-19T04:31:08.746+0000] {local_task_job.py:212} INFO - Task exited with return code 1
[2025-07-19T04:31:08.848+0000] {taskinstance.py:2596} INFO - 0 downstream tasks scheduled from follow-on schedule check
