[2025-07-19T04:41:19.366+0000] {taskinstance.py:1090} INFO - Dependencies all met for dep_context=non-requeueable deps ti=<TaskInstance: run_eda_script_pythonnnnnnnnnnn.run_eda manual__2025-07-19T04:41:08.878889+00:00 [queued]>
[2025-07-19T04:41:19.373+0000] {taskinstance.py:1090} INFO - Dependencies all met for dep_context=requeueable deps ti=<TaskInstance: run_eda_script_pythonnnnnnnnnnn.run_eda manual__2025-07-19T04:41:08.878889+00:00 [queued]>
[2025-07-19T04:41:19.374+0000] {taskinstance.py:1288} INFO - 
--------------------------------------------------------------------------------
[2025-07-19T04:41:19.374+0000] {taskinstance.py:1289} INFO - Starting attempt 1 of 2
[2025-07-19T04:41:19.375+0000] {taskinstance.py:1290} INFO - 
--------------------------------------------------------------------------------
[2025-07-19T04:41:19.494+0000] {taskinstance.py:1309} INFO - Executing <Task(PythonOperator): run_eda> on 2025-07-19 04:41:08.878889+00:00
[2025-07-19T04:41:19.511+0000] {standard_task_runner.py:55} INFO - Started process 1020 to run task
[2025-07-19T04:41:19.527+0000] {standard_task_runner.py:82} INFO - Running: ['***', 'tasks', 'run', 'run_eda_script_pythonnnnnnnnnnn', 'run_eda', 'manual__2025-07-19T04:41:08.878889+00:00', '--job-id', '20', '--raw', '--subdir', 'DAGS_FOLDER/demo.py', '--cfg-path', '/tmp/tmpaedzqf4o']
[2025-07-19T04:41:19.538+0000] {standard_task_runner.py:83} INFO - Job 20: Subtask run_eda
[2025-07-19T04:41:19.743+0000] {task_command.py:389} INFO - Running <TaskInstance: run_eda_script_pythonnnnnnnnnnn.run_eda manual__2025-07-19T04:41:08.878889+00:00 [running]> on host 398705dcf644
[2025-07-19T04:41:19.804+0000] {taskinstance.py:1516} INFO - Exporting the following env vars:
AIRFLOW_CTX_DAG_OWNER=***
AIRFLOW_CTX_DAG_ID=run_eda_script_pythonnnnnnnnnnn
AIRFLOW_CTX_TASK_ID=run_eda
AIRFLOW_CTX_EXECUTION_DATE=2025-07-19T04:41:08.878889+00:00
AIRFLOW_CTX_TRY_NUMBER=1
AIRFLOW_CTX_DAG_RUN_ID=manual__2025-07-19T04:41:08.878889+00:00
[2025-07-19T04:41:19.805+0000] {taskinstance.py:1776} ERROR - Task failed with exception
Traceback (most recent call last):
  File "/home/airflow/.local/lib/python3.10/site-packages/airflow/operators/python.py", line 175, in execute
    return_value = self.execute_callable()
  File "/home/airflow/.local/lib/python3.10/site-packages/airflow/operators/python.py", line 192, in execute_callable
    return self.python_callable(*self.op_args, **self.op_kwargs)
  File "/opt/airflow/dags/demo.py", line 16, in run_eda_script
    with open(script_path, 'r') as f:
FileNotFoundError: [Errno 2] No such file or directory: 'airflow\\scripts\\eda.py'
[2025-07-19T04:41:19.861+0000] {taskinstance.py:1327} INFO - Marking task as UP_FOR_RETRY. dag_id=run_eda_script_pythonnnnnnnnnnn, task_id=run_eda, execution_date=20250719T044108, start_date=20250719T044119, end_date=20250719T044119
[2025-07-19T04:41:19.899+0000] {standard_task_runner.py:100} ERROR - Failed to execute job 20 for task run_eda ([Errno 2] No such file or directory: 'airflow\\scripts\\eda.py'; 1020)
[2025-07-19T04:41:19.937+0000] {local_task_job.py:212} INFO - Task exited with return code 1
[2025-07-19T04:41:19.952+0000] {taskinstance.py:2596} INFO - 0 downstream tasks scheduled from follow-on schedule check
