[2025-07-19T05:34:47.510+0000] {taskinstance.py:1956} INFO - Dependencies all met for dep_context=non-requeueable deps ti=<TaskInstance: run_modal_script_fixed.run_modal manual__2025-07-19T05:30:55.148206+00:00 [queued]>
[2025-07-19T05:34:48.035+0000] {taskinstance.py:1956} INFO - Dependencies all met for dep_context=requeueable deps ti=<TaskInstance: run_modal_script_fixed.run_modal manual__2025-07-19T05:30:55.148206+00:00 [queued]>
[2025-07-19T05:34:48.036+0000] {taskinstance.py:2170} INFO - Starting attempt 2 of 2
[2025-07-19T05:34:48.133+0000] {taskinstance.py:2191} INFO - Executing <Task(PythonOperator): run_modal> on 2025-07-19 05:30:55.148206+00:00
[2025-07-19T05:34:48.365+0000] {standard_task_runner.py:60} INFO - Started process 406 to run task
[2025-07-19T05:34:54.550+0000] {standard_task_runner.py:87} INFO - Running: ['***', 'tasks', 'run', 'run_modal_script_fixed', 'run_modal', 'manual__2025-07-19T05:30:55.148206+00:00', '--job-id', '33', '--raw', '--subdir', 'DAGS_FOLDER/modal_***.py', '--cfg-path', '/tmp/tmpwpujn0iw']
[2025-07-19T05:34:59.084+0000] {standard_task_runner.py:88} INFO - Job 33: Subtask run_modal
[2025-07-19T05:35:21.783+0000] {task_command.py:423} INFO - Running <TaskInstance: run_modal_script_fixed.run_modal manual__2025-07-19T05:30:55.148206+00:00 [running]> on host 2b6a031b4c87
[2025-07-19T05:35:36.220+0000] {taskinstance.py:2480} INFO - Exporting env vars: AIRFLOW_CTX_DAG_OWNER='***' AIRFLOW_CTX_DAG_ID='run_modal_script_fixed' AIRFLOW_CTX_TASK_ID='run_modal' AIRFLOW_CTX_EXECUTION_DATE='2025-07-19T05:30:55.148206+00:00' AIRFLOW_CTX_TRY_NUMBER='2' AIRFLOW_CTX_DAG_RUN_ID='manual__2025-07-19T05:30:55.148206+00:00'
[2025-07-19T05:36:11.274+0000] {taskinstance.py:2698} ERROR - Task failed with exception
Traceback (most recent call last):
  File "/home/airflow/.local/lib/python3.8/site-packages/airflow/models/taskinstance.py", line 433, in _execute_task
    result = execute_callable(context=context, **execute_callable_kwargs)
  File "/home/airflow/.local/lib/python3.8/site-packages/airflow/operators/python.py", line 199, in execute
    return_value = self.execute_callable()
  File "/home/airflow/.local/lib/python3.8/site-packages/airflow/operators/python.py", line 216, in execute_callable
    return self.python_callable(*self.op_args, **self.op_kwargs)
  File "/opt/airflow/dags/modal_airflow.py", line 15, in run_eda_script
    exec(f.read(), globals())
  File "<string>", line 3, in <module>
ModuleNotFoundError: No module named 'joblib'
[2025-07-19T05:36:11.291+0000] {taskinstance.py:1138} INFO - Marking task as FAILED. dag_id=run_modal_script_fixed, task_id=run_modal, execution_date=20250719T053055, start_date=20250719T053447, end_date=20250719T053611
[2025-07-19T05:36:11.312+0000] {standard_task_runner.py:107} ERROR - Failed to execute job 33 for task run_modal (No module named 'joblib'; 406)
[2025-07-19T05:36:11.337+0000] {local_task_job_runner.py:234} INFO - Task exited with return code 1
[2025-07-19T05:36:11.376+0000] {taskinstance.py:3280} INFO - 0 downstream tasks scheduled from follow-on schedule check
