[2025-07-18T22:02:32.424+0000] {taskinstance.py:1090} INFO - Dependencies all met for dep_context=non-requeueable deps ti=<TaskInstance: run_eda_script_python.run_eda manual__2025-07-18T22:00:25.026304+00:00 [queued]>
[2025-07-18T22:02:32.432+0000] {taskinstance.py:1090} INFO - Dependencies all met for dep_context=requeueable deps ti=<TaskInstance: run_eda_script_python.run_eda manual__2025-07-18T22:00:25.026304+00:00 [queued]>
[2025-07-18T22:02:32.432+0000] {taskinstance.py:1288} INFO - 
--------------------------------------------------------------------------------
[2025-07-18T22:02:32.433+0000] {taskinstance.py:1289} INFO - Starting attempt 2 of 2
[2025-07-18T22:02:32.433+0000] {taskinstance.py:1290} INFO - 
--------------------------------------------------------------------------------
[2025-07-18T22:02:32.447+0000] {taskinstance.py:1309} INFO - Executing <Task(PythonOperator): run_eda> on 2025-07-18 22:00:25.026304+00:00
[2025-07-18T22:02:32.451+0000] {standard_task_runner.py:55} INFO - Started process 669 to run task
[2025-07-18T22:02:32.454+0000] {standard_task_runner.py:82} INFO - Running: ['***', 'tasks', 'run', 'run_eda_script_python', 'run_eda', 'manual__2025-07-18T22:00:25.026304+00:00', '--job-id', '12', '--raw', '--subdir', 'DAGS_FOLDER/demo.py', '--cfg-path', '/tmp/tmpp2q4q9e2']
[2025-07-18T22:02:32.457+0000] {standard_task_runner.py:83} INFO - Job 12: Subtask run_eda
[2025-07-18T22:02:32.527+0000] {task_command.py:389} INFO - Running <TaskInstance: run_eda_script_python.run_eda manual__2025-07-18T22:00:25.026304+00:00 [running]> on host 9609dee7e891
[2025-07-18T22:02:32.613+0000] {taskinstance.py:1516} INFO - Exporting the following env vars:
AIRFLOW_CTX_DAG_OWNER=***
AIRFLOW_CTX_DAG_ID=run_eda_script_python
AIRFLOW_CTX_TASK_ID=run_eda
AIRFLOW_CTX_EXECUTION_DATE=2025-07-18T22:00:25.026304+00:00
AIRFLOW_CTX_TRY_NUMBER=2
AIRFLOW_CTX_DAG_RUN_ID=manual__2025-07-18T22:00:25.026304+00:00
[2025-07-18T22:02:32.615+0000] {taskinstance.py:1776} ERROR - Task failed with exception
Traceback (most recent call last):
  File "/home/airflow/.local/lib/python3.10/site-packages/airflow/operators/python.py", line 175, in execute
    return_value = self.execute_callable()
  File "/home/airflow/.local/lib/python3.10/site-packages/airflow/operators/python.py", line 192, in execute_callable
    return self.python_callable(*self.op_args, **self.op_kwargs)
  File "/opt/airflow/dags/demo.py", line 16, in run_eda_script
    with open(script_path, 'r') as f:
FileNotFoundError: [Errno 2] No such file or directory: '/opt/airflow/dags/preprocess.py'
[2025-07-18T22:02:32.683+0000] {taskinstance.py:1327} INFO - Marking task as FAILED. dag_id=run_eda_script_python, task_id=run_eda, execution_date=20250718T220025, start_date=20250718T220232, end_date=20250718T220232
[2025-07-18T22:02:32.694+0000] {standard_task_runner.py:100} ERROR - Failed to execute job 12 for task run_eda ([Errno 2] No such file or directory: '/opt/airflow/dags/preprocess.py'; 669)
[2025-07-18T22:02:32.707+0000] {local_task_job.py:212} INFO - Task exited with return code 1
[2025-07-18T22:02:32.720+0000] {taskinstance.py:2596} INFO - 0 downstream tasks scheduled from follow-on schedule check
