[2025-07-19T04:32:33.005+0000] {taskinstance.py:1090} INFO - Dependencies all met for dep_context=non-requeueable deps ti=<TaskInstance: run_preprocessing_script.run_preprocess manual__2025-07-19T04:32:32.150999+00:00 [queued]>
[2025-07-19T04:32:33.013+0000] {taskinstance.py:1090} INFO - Dependencies all met for dep_context=requeueable deps ti=<TaskInstance: run_preprocessing_script.run_preprocess manual__2025-07-19T04:32:32.150999+00:00 [queued]>
[2025-07-19T04:32:33.013+0000] {taskinstance.py:1288} INFO - 
--------------------------------------------------------------------------------
[2025-07-19T04:32:33.014+0000] {taskinstance.py:1289} INFO - Starting attempt 1 of 2
[2025-07-19T04:32:33.014+0000] {taskinstance.py:1290} INFO - 
--------------------------------------------------------------------------------
[2025-07-19T04:32:33.028+0000] {taskinstance.py:1309} INFO - Executing <Task(PythonOperator): run_preprocess> on 2025-07-19 04:32:32.150999+00:00
[2025-07-19T04:32:33.033+0000] {standard_task_runner.py:55} INFO - Started process 829 to run task
[2025-07-19T04:32:33.037+0000] {standard_task_runner.py:82} INFO - Running: ['***', 'tasks', 'run', 'run_preprocessing_script', 'run_preprocess', 'manual__2025-07-19T04:32:32.150999+00:00', '--job-id', '13', '--raw', '--subdir', 'DAGS_FOLDER/example.py', '--cfg-path', '/tmp/tmpj2o5r56c']
[2025-07-19T04:32:33.039+0000] {standard_task_runner.py:83} INFO - Job 13: Subtask run_preprocess
[2025-07-19T04:32:33.150+0000] {task_command.py:389} INFO - Running <TaskInstance: run_preprocessing_script.run_preprocess manual__2025-07-19T04:32:32.150999+00:00 [running]> on host 398705dcf644
[2025-07-19T04:32:33.208+0000] {taskinstance.py:1516} INFO - Exporting the following env vars:
AIRFLOW_CTX_DAG_OWNER=***
AIRFLOW_CTX_DAG_ID=run_preprocessing_script
AIRFLOW_CTX_TASK_ID=run_preprocess
AIRFLOW_CTX_EXECUTION_DATE=2025-07-19T04:32:32.150999+00:00
AIRFLOW_CTX_TRY_NUMBER=1
AIRFLOW_CTX_DAG_RUN_ID=manual__2025-07-19T04:32:32.150999+00:00
[2025-07-19T04:32:33.209+0000] {taskinstance.py:1776} ERROR - Task failed with exception
Traceback (most recent call last):
  File "/home/airflow/.local/lib/python3.10/site-packages/airflow/operators/python.py", line 175, in execute
    return_value = self.execute_callable()
  File "/home/airflow/.local/lib/python3.10/site-packages/airflow/operators/python.py", line 192, in execute_callable
    return self.python_callable(*self.op_args, **self.op_kwargs)
  File "/opt/airflow/dags/example.py", line 10, in run_preprocessing_script
    with open(SCRIPT_PATH, 'r', encoding='utf-8') as f:
FileNotFoundError: [Errno 2] No such file or directory: 'airflow\\dags\\preprocess.py'
[2025-07-19T04:32:33.228+0000] {taskinstance.py:1327} INFO - Marking task as UP_FOR_RETRY. dag_id=run_preprocessing_script, task_id=run_preprocess, execution_date=20250719T043232, start_date=20250719T043233, end_date=20250719T043233
[2025-07-19T04:32:33.621+0000] {standard_task_runner.py:100} ERROR - Failed to execute job 13 for task run_preprocess ([Errno 2] No such file or directory: 'airflow\\dags\\preprocess.py'; 829)
[2025-07-19T04:32:33.746+0000] {local_task_job.py:212} INFO - Task exited with return code 1
[2025-07-19T04:32:33.782+0000] {taskinstance.py:2596} INFO - 0 downstream tasks scheduled from follow-on schedule check
