[2025-07-20T06:47:55.714+0000] {processor.py:161} INFO - Started process (PID=182) to work on /opt/airflow/dags/check_version.py
[2025-07-20T06:47:55.716+0000] {processor.py:830} INFO - Processing file /opt/airflow/dags/check_version.py for tasks to queue
[2025-07-20T06:47:55.717+0000] {logging_mixin.py:188} INFO - [2025-07-20T06:47:55.716+0000] {dagbag.py:538} INFO - Filling up the DagBag from /opt/airflow/dags/check_version.py
[2025-07-20T06:47:55.736+0000] {processor.py:840} INFO - DAG(s) 'check_sklearn_version' retrieved from /opt/airflow/dags/check_version.py
[2025-07-20T06:47:55.795+0000] {logging_mixin.py:188} INFO - [2025-07-20T06:47:55.795+0000] {dag.py:3036} INFO - Sync 1 DAGs
[2025-07-20T06:47:55.815+0000] {logging_mixin.py:188} INFO - [2025-07-20T06:47:55.814+0000] {dag.py:3823} INFO - Setting next_dagrun for check_sklearn_version to None, run_after=None
[2025-07-20T06:47:55.845+0000] {processor.py:183} INFO - Processing /opt/airflow/dags/check_version.py took 0.135 seconds
[2025-07-20T06:48:40.965+0000] {processor.py:161} INFO - Started process (PID=579) to work on /opt/airflow/dags/check_version.py
[2025-07-20T06:48:44.206+0000] {processor.py:830} INFO - Processing file /opt/airflow/dags/check_version.py for tasks to queue
[2025-07-20T06:48:49.374+0000] {logging_mixin.py:188} INFO - [2025-07-20T06:48:49.371+0000] {dagbag.py:538} INFO - Filling up the DagBag from /opt/airflow/dags/check_version.py
[2025-07-20T06:48:59.792+0000] {processor.py:840} INFO - DAG(s) 'check_sklearn_version' retrieved from /opt/airflow/dags/check_version.py
[2025-07-20T06:52:11.212+0000] {processor.py:161} INFO - Started process (PID=1936) to work on /opt/airflow/dags/check_version.py
[2025-07-20T06:52:11.215+0000] {processor.py:830} INFO - Processing file /opt/airflow/dags/check_version.py for tasks to queue
[2025-07-20T06:52:11.219+0000] {logging_mixin.py:188} INFO - [2025-07-20T06:52:11.219+0000] {dagbag.py:538} INFO - Filling up the DagBag from /opt/airflow/dags/check_version.py
[2025-07-20T06:52:16.107+0000] {processor.py:840} INFO - DAG(s) 'check_sklearn_version' retrieved from /opt/airflow/dags/check_version.py
[2025-07-20T06:53:44.712+0000] {processor.py:161} INFO - Started process (PID=2532) to work on /opt/airflow/dags/check_version.py
[2025-07-20T06:53:44.759+0000] {processor.py:830} INFO - Processing file /opt/airflow/dags/check_version.py for tasks to queue
[2025-07-20T06:53:44.763+0000] {logging_mixin.py:188} INFO - [2025-07-20T06:53:44.763+0000] {dagbag.py:538} INFO - Filling up the DagBag from /opt/airflow/dags/check_version.py
[2025-07-20T06:53:44.988+0000] {processor.py:840} INFO - DAG(s) 'check_sklearn_version' retrieved from /opt/airflow/dags/check_version.py
[2025-07-20T06:53:45.206+0000] {logging_mixin.py:188} INFO - [2025-07-20T06:53:45.203+0000] {dag.py:3036} INFO - Sync 1 DAGs
[2025-07-20T06:53:45.313+0000] {logging_mixin.py:188} INFO - [2025-07-20T06:53:45.313+0000] {dag.py:3823} INFO - Setting next_dagrun for check_sklearn_version to None, run_after=None
[2025-07-20T06:53:45.378+0000] {processor.py:183} INFO - Processing /opt/airflow/dags/check_version.py took 1.006 seconds
[2025-07-20T06:54:17.716+0000] {processor.py:161} INFO - Started process (PID=2562) to work on /opt/airflow/dags/check_version.py
[2025-07-20T06:54:17.721+0000] {processor.py:830} INFO - Processing file /opt/airflow/dags/check_version.py for tasks to queue
[2025-07-20T06:54:17.729+0000] {logging_mixin.py:188} INFO - [2025-07-20T06:54:17.728+0000] {dagbag.py:538} INFO - Filling up the DagBag from /opt/airflow/dags/check_version.py
[2025-07-20T06:54:18.767+0000] {processor.py:840} INFO - DAG(s) 'check_sklearn_version' retrieved from /opt/airflow/dags/check_version.py
[2025-07-20T06:54:19.083+0000] {logging_mixin.py:188} INFO - [2025-07-20T06:54:19.083+0000] {dag.py:3036} INFO - Sync 1 DAGs
[2025-07-20T06:54:19.100+0000] {logging_mixin.py:188} INFO - [2025-07-20T06:54:19.100+0000] {dag.py:3823} INFO - Setting next_dagrun for check_sklearn_version to None, run_after=None
[2025-07-20T06:54:19.439+0000] {processor.py:183} INFO - Processing /opt/airflow/dags/check_version.py took 1.728 seconds
[2025-07-20T06:54:51.998+0000] {processor.py:161} INFO - Started process (PID=2597) to work on /opt/airflow/dags/check_version.py
[2025-07-20T06:54:52.098+0000] {processor.py:830} INFO - Processing file /opt/airflow/dags/check_version.py for tasks to queue
[2025-07-20T06:54:52.253+0000] {logging_mixin.py:188} INFO - [2025-07-20T06:54:52.247+0000] {dagbag.py:538} INFO - Filling up the DagBag from /opt/airflow/dags/check_version.py
[2025-07-20T06:54:52.390+0000] {processor.py:840} INFO - DAG(s) 'check_sklearn_version' retrieved from /opt/airflow/dags/check_version.py
[2025-07-20T06:54:52.452+0000] {logging_mixin.py:188} INFO - [2025-07-20T06:54:52.451+0000] {dag.py:3036} INFO - Sync 1 DAGs
[2025-07-20T06:54:53.623+0000] {logging_mixin.py:188} INFO - [2025-07-20T06:54:53.622+0000] {dag.py:3823} INFO - Setting next_dagrun for check_sklearn_version to None, run_after=None
[2025-07-20T06:54:53.867+0000] {processor.py:183} INFO - Processing /opt/airflow/dags/check_version.py took 1.875 seconds
[2025-07-20T06:55:24.435+0000] {processor.py:161} INFO - Started process (PID=2634) to work on /opt/airflow/dags/check_version.py
[2025-07-20T06:55:24.464+0000] {processor.py:830} INFO - Processing file /opt/airflow/dags/check_version.py for tasks to queue
[2025-07-20T06:55:24.466+0000] {logging_mixin.py:188} INFO - [2025-07-20T06:55:24.466+0000] {dagbag.py:538} INFO - Filling up the DagBag from /opt/airflow/dags/check_version.py
[2025-07-20T06:55:24.507+0000] {processor.py:840} INFO - DAG(s) 'check_sklearn_version' retrieved from /opt/airflow/dags/check_version.py
[2025-07-20T06:55:24.620+0000] {logging_mixin.py:188} INFO - [2025-07-20T06:55:24.619+0000] {dag.py:3036} INFO - Sync 1 DAGs
[2025-07-20T06:55:24.664+0000] {logging_mixin.py:188} INFO - [2025-07-20T06:55:24.663+0000] {dag.py:3823} INFO - Setting next_dagrun for check_sklearn_version to None, run_after=None
[2025-07-20T06:55:25.586+0000] {processor.py:183} INFO - Processing /opt/airflow/dags/check_version.py took 1.157 seconds
[2025-07-20T06:55:57.970+0000] {processor.py:161} INFO - Started process (PID=2662) to work on /opt/airflow/dags/check_version.py
[2025-07-20T06:55:57.972+0000] {processor.py:830} INFO - Processing file /opt/airflow/dags/check_version.py for tasks to queue
[2025-07-20T06:55:57.974+0000] {logging_mixin.py:188} INFO - [2025-07-20T06:55:57.973+0000] {dagbag.py:538} INFO - Filling up the DagBag from /opt/airflow/dags/check_version.py
[2025-07-20T06:55:58.014+0000] {processor.py:840} INFO - DAG(s) 'check_sklearn_version' retrieved from /opt/airflow/dags/check_version.py
[2025-07-20T06:55:58.096+0000] {logging_mixin.py:188} INFO - [2025-07-20T06:55:58.094+0000] {dag.py:3036} INFO - Sync 1 DAGs
[2025-07-20T06:55:58.133+0000] {logging_mixin.py:188} INFO - [2025-07-20T06:55:58.132+0000] {dag.py:3823} INFO - Setting next_dagrun for check_sklearn_version to None, run_after=None
[2025-07-20T06:55:58.260+0000] {processor.py:183} INFO - Processing /opt/airflow/dags/check_version.py took 0.295 seconds
[2025-07-20T06:56:28.837+0000] {processor.py:161} INFO - Started process (PID=2692) to work on /opt/airflow/dags/check_version.py
[2025-07-20T06:56:28.852+0000] {processor.py:830} INFO - Processing file /opt/airflow/dags/check_version.py for tasks to queue
[2025-07-20T06:56:28.873+0000] {logging_mixin.py:188} INFO - [2025-07-20T06:56:28.872+0000] {dagbag.py:538} INFO - Filling up the DagBag from /opt/airflow/dags/check_version.py
[2025-07-20T06:56:29.138+0000] {processor.py:840} INFO - DAG(s) 'check_sklearn_version' retrieved from /opt/airflow/dags/check_version.py
[2025-07-20T06:56:29.437+0000] {logging_mixin.py:188} INFO - [2025-07-20T06:56:29.437+0000] {dag.py:3036} INFO - Sync 1 DAGs
[2025-07-20T06:56:29.631+0000] {logging_mixin.py:188} INFO - [2025-07-20T06:56:29.603+0000] {dag.py:3823} INFO - Setting next_dagrun for check_sklearn_version to None, run_after=None
[2025-07-20T06:56:29.998+0000] {processor.py:183} INFO - Processing /opt/airflow/dags/check_version.py took 1.201 seconds
[2025-07-20T06:57:01.057+0000] {processor.py:161} INFO - Started process (PID=2729) to work on /opt/airflow/dags/check_version.py
[2025-07-20T06:57:01.060+0000] {processor.py:830} INFO - Processing file /opt/airflow/dags/check_version.py for tasks to queue
[2025-07-20T06:57:01.089+0000] {logging_mixin.py:188} INFO - [2025-07-20T06:57:01.088+0000] {dagbag.py:538} INFO - Filling up the DagBag from /opt/airflow/dags/check_version.py
[2025-07-20T06:57:01.133+0000] {processor.py:840} INFO - DAG(s) 'check_sklearn_version' retrieved from /opt/airflow/dags/check_version.py
[2025-07-20T06:57:01.245+0000] {logging_mixin.py:188} INFO - [2025-07-20T06:57:01.245+0000] {dag.py:3036} INFO - Sync 1 DAGs
[2025-07-20T06:57:01.307+0000] {logging_mixin.py:188} INFO - [2025-07-20T06:57:01.306+0000] {dag.py:3823} INFO - Setting next_dagrun for check_sklearn_version to None, run_after=None
[2025-07-20T06:57:01.433+0000] {processor.py:183} INFO - Processing /opt/airflow/dags/check_version.py took 0.384 seconds
[2025-07-20T06:57:31.957+0000] {processor.py:161} INFO - Started process (PID=2764) to work on /opt/airflow/dags/check_version.py
[2025-07-20T06:57:31.960+0000] {processor.py:830} INFO - Processing file /opt/airflow/dags/check_version.py for tasks to queue
[2025-07-20T06:57:31.980+0000] {logging_mixin.py:188} INFO - [2025-07-20T06:57:31.979+0000] {dagbag.py:538} INFO - Filling up the DagBag from /opt/airflow/dags/check_version.py
[2025-07-20T06:57:32.050+0000] {processor.py:840} INFO - DAG(s) 'check_sklearn_version' retrieved from /opt/airflow/dags/check_version.py
[2025-07-20T06:57:32.220+0000] {logging_mixin.py:188} INFO - [2025-07-20T06:57:32.219+0000] {dag.py:3036} INFO - Sync 1 DAGs
[2025-07-20T06:57:32.326+0000] {logging_mixin.py:188} INFO - [2025-07-20T06:57:32.325+0000] {dag.py:3823} INFO - Setting next_dagrun for check_sklearn_version to None, run_after=None
[2025-07-20T06:57:32.422+0000] {processor.py:183} INFO - Processing /opt/airflow/dags/check_version.py took 0.471 seconds
[2025-07-20T06:58:16.159+0000] {processor.py:161} INFO - Started process (PID=2794) to work on /opt/airflow/dags/check_version.py
[2025-07-20T06:58:16.162+0000] {processor.py:830} INFO - Processing file /opt/airflow/dags/check_version.py for tasks to queue
[2025-07-20T06:58:16.360+0000] {logging_mixin.py:188} INFO - [2025-07-20T06:58:16.359+0000] {dagbag.py:538} INFO - Filling up the DagBag from /opt/airflow/dags/check_version.py
[2025-07-20T06:58:16.446+0000] {processor.py:840} INFO - DAG(s) 'check_sklearn_version' retrieved from /opt/airflow/dags/check_version.py
[2025-07-20T06:58:16.897+0000] {logging_mixin.py:188} INFO - [2025-07-20T06:58:16.897+0000] {dag.py:3036} INFO - Sync 1 DAGs
[2025-07-20T06:58:17.359+0000] {logging_mixin.py:188} INFO - [2025-07-20T06:58:17.359+0000] {dag.py:3823} INFO - Setting next_dagrun for check_sklearn_version to None, run_after=None
[2025-07-20T06:58:17.614+0000] {processor.py:183} INFO - Processing /opt/airflow/dags/check_version.py took 1.458 seconds
[2025-07-20T06:58:55.256+0000] {processor.py:161} INFO - Started process (PID=2829) to work on /opt/airflow/dags/check_version.py
[2025-07-20T06:58:55.306+0000] {processor.py:830} INFO - Processing file /opt/airflow/dags/check_version.py for tasks to queue
[2025-07-20T06:58:55.307+0000] {logging_mixin.py:188} INFO - [2025-07-20T06:58:55.307+0000] {dagbag.py:538} INFO - Filling up the DagBag from /opt/airflow/dags/check_version.py
[2025-07-20T06:58:55.334+0000] {processor.py:840} INFO - DAG(s) 'check_sklearn_version' retrieved from /opt/airflow/dags/check_version.py
[2025-07-20T06:58:55.560+0000] {logging_mixin.py:188} INFO - [2025-07-20T06:58:55.560+0000] {dag.py:3036} INFO - Sync 1 DAGs
[2025-07-20T06:58:55.712+0000] {logging_mixin.py:188} INFO - [2025-07-20T06:58:55.712+0000] {dag.py:3823} INFO - Setting next_dagrun for check_sklearn_version to None, run_after=None
[2025-07-20T06:58:56.261+0000] {processor.py:183} INFO - Processing /opt/airflow/dags/check_version.py took 1.010 seconds
[2025-07-20T06:59:28.630+0000] {processor.py:161} INFO - Started process (PID=2864) to work on /opt/airflow/dags/check_version.py
[2025-07-20T06:59:28.645+0000] {processor.py:830} INFO - Processing file /opt/airflow/dags/check_version.py for tasks to queue
[2025-07-20T06:59:28.675+0000] {logging_mixin.py:188} INFO - [2025-07-20T06:59:28.674+0000] {dagbag.py:538} INFO - Filling up the DagBag from /opt/airflow/dags/check_version.py
[2025-07-20T06:59:30.629+0000] {processor.py:840} INFO - DAG(s) 'check_sklearn_version' retrieved from /opt/airflow/dags/check_version.py
[2025-07-20T06:59:30.773+0000] {logging_mixin.py:188} INFO - [2025-07-20T06:59:30.772+0000] {dag.py:3036} INFO - Sync 1 DAGs
[2025-07-20T06:59:30.836+0000] {logging_mixin.py:188} INFO - [2025-07-20T06:59:30.835+0000] {dag.py:3823} INFO - Setting next_dagrun for check_sklearn_version to None, run_after=None
[2025-07-20T06:59:31.195+0000] {processor.py:183} INFO - Processing /opt/airflow/dags/check_version.py took 2.571 seconds
[2025-07-20T07:00:01.817+0000] {processor.py:161} INFO - Started process (PID=2899) to work on /opt/airflow/dags/check_version.py
[2025-07-20T07:00:01.818+0000] {processor.py:830} INFO - Processing file /opt/airflow/dags/check_version.py for tasks to queue
[2025-07-20T07:00:01.820+0000] {logging_mixin.py:188} INFO - [2025-07-20T07:00:01.820+0000] {dagbag.py:538} INFO - Filling up the DagBag from /opt/airflow/dags/check_version.py
[2025-07-20T07:00:01.867+0000] {processor.py:840} INFO - DAG(s) 'check_sklearn_version' retrieved from /opt/airflow/dags/check_version.py
[2025-07-20T07:00:01.991+0000] {logging_mixin.py:188} INFO - [2025-07-20T07:00:01.991+0000] {dag.py:3036} INFO - Sync 1 DAGs
[2025-07-20T07:00:02.073+0000] {logging_mixin.py:188} INFO - [2025-07-20T07:00:02.072+0000] {dag.py:3823} INFO - Setting next_dagrun for check_sklearn_version to None, run_after=None
[2025-07-20T07:00:02.150+0000] {processor.py:183} INFO - Processing /opt/airflow/dags/check_version.py took 0.339 seconds
[2025-07-20T07:00:32.387+0000] {processor.py:161} INFO - Started process (PID=2934) to work on /opt/airflow/dags/check_version.py
[2025-07-20T07:00:32.389+0000] {processor.py:830} INFO - Processing file /opt/airflow/dags/check_version.py for tasks to queue
[2025-07-20T07:00:32.391+0000] {logging_mixin.py:188} INFO - [2025-07-20T07:00:32.390+0000] {dagbag.py:538} INFO - Filling up the DagBag from /opt/airflow/dags/check_version.py
[2025-07-20T07:00:32.438+0000] {processor.py:840} INFO - DAG(s) 'check_sklearn_version' retrieved from /opt/airflow/dags/check_version.py
[2025-07-20T07:00:32.541+0000] {logging_mixin.py:188} INFO - [2025-07-20T07:00:32.541+0000] {dag.py:3036} INFO - Sync 1 DAGs
[2025-07-20T07:00:32.595+0000] {logging_mixin.py:188} INFO - [2025-07-20T07:00:32.594+0000] {dag.py:3823} INFO - Setting next_dagrun for check_sklearn_version to None, run_after=None
[2025-07-20T07:00:32.818+0000] {processor.py:183} INFO - Processing /opt/airflow/dags/check_version.py took 0.438 seconds
[2025-07-20T07:01:03.844+0000] {processor.py:161} INFO - Started process (PID=2969) to work on /opt/airflow/dags/check_version.py
[2025-07-20T07:01:03.846+0000] {processor.py:830} INFO - Processing file /opt/airflow/dags/check_version.py for tasks to queue
[2025-07-20T07:01:03.849+0000] {logging_mixin.py:188} INFO - [2025-07-20T07:01:03.848+0000] {dagbag.py:538} INFO - Filling up the DagBag from /opt/airflow/dags/check_version.py
[2025-07-20T07:01:03.899+0000] {processor.py:840} INFO - DAG(s) 'check_sklearn_version' retrieved from /opt/airflow/dags/check_version.py
[2025-07-20T07:01:03.973+0000] {logging_mixin.py:188} INFO - [2025-07-20T07:01:03.973+0000] {dag.py:3036} INFO - Sync 1 DAGs
[2025-07-20T07:01:04.023+0000] {logging_mixin.py:188} INFO - [2025-07-20T07:01:04.023+0000] {dag.py:3823} INFO - Setting next_dagrun for check_sklearn_version to None, run_after=None
[2025-07-20T07:01:04.122+0000] {processor.py:183} INFO - Processing /opt/airflow/dags/check_version.py took 0.284 seconds
[2025-07-20T07:02:04.257+0000] {processor.py:161} INFO - Started process (PID=3000) to work on /opt/airflow/dags/check_version.py
[2025-07-20T07:02:04.258+0000] {processor.py:830} INFO - Processing file /opt/airflow/dags/check_version.py for tasks to queue
[2025-07-20T07:02:04.259+0000] {logging_mixin.py:188} INFO - [2025-07-20T07:02:04.258+0000] {dagbag.py:538} INFO - Filling up the DagBag from /opt/airflow/dags/check_version.py
[2025-07-20T07:02:04.273+0000] {processor.py:840} INFO - DAG(s) 'check_sklearn_version' retrieved from /opt/airflow/dags/check_version.py
[2025-07-20T07:02:10.413+0000] {logging_mixin.py:188} INFO - [2025-07-20T07:02:10.413+0000] {dag.py:3036} INFO - Sync 1 DAGs
[2025-07-20T07:02:22.742+0000] {logging_mixin.py:188} INFO - [2025-07-20T07:02:22.741+0000] {dag.py:3823} INFO - Setting next_dagrun for check_sklearn_version to None, run_after=None
[2025-07-20T07:02:26.726+0000] {processor.py:183} INFO - Processing /opt/airflow/dags/check_version.py took 22.517 seconds
[2025-07-20T07:03:33.350+0000] {processor.py:161} INFO - Started process (PID=3035) to work on /opt/airflow/dags/check_version.py
[2025-07-20T07:03:33.350+0000] {processor.py:830} INFO - Processing file /opt/airflow/dags/check_version.py for tasks to queue
[2025-07-20T07:03:33.351+0000] {logging_mixin.py:188} INFO - [2025-07-20T07:03:33.351+0000] {dagbag.py:538} INFO - Filling up the DagBag from /opt/airflow/dags/check_version.py
[2025-07-20T07:03:33.365+0000] {processor.py:840} INFO - DAG(s) 'check_sklearn_version' retrieved from /opt/airflow/dags/check_version.py
[2025-07-20T07:03:33.386+0000] {logging_mixin.py:188} INFO - [2025-07-20T07:03:33.386+0000] {dag.py:3036} INFO - Sync 1 DAGs
[2025-07-20T07:03:33.398+0000] {logging_mixin.py:188} INFO - [2025-07-20T07:03:33.398+0000] {dag.py:3823} INFO - Setting next_dagrun for check_sklearn_version to None, run_after=None
[2025-07-20T07:04:52.305+0000] {processor.py:161} INFO - Started process (PID=3065) to work on /opt/airflow/dags/check_version.py
[2025-07-20T07:04:52.308+0000] {processor.py:830} INFO - Processing file /opt/airflow/dags/check_version.py for tasks to queue
[2025-07-20T07:04:52.356+0000] {logging_mixin.py:188} INFO - [2025-07-20T07:04:52.355+0000] {dagbag.py:538} INFO - Filling up the DagBag from /opt/airflow/dags/check_version.py
[2025-07-20T07:04:52.375+0000] {processor.py:840} INFO - DAG(s) 'check_sklearn_version' retrieved from /opt/airflow/dags/check_version.py
[2025-07-20T07:08:06.244+0000] {processor.py:161} INFO - Started process (PID=3079) to work on /opt/airflow/dags/check_version.py
[2025-07-20T07:08:06.245+0000] {processor.py:830} INFO - Processing file /opt/airflow/dags/check_version.py for tasks to queue
[2025-07-20T07:08:06.246+0000] {logging_mixin.py:188} INFO - [2025-07-20T07:08:06.246+0000] {dagbag.py:538} INFO - Filling up the DagBag from /opt/airflow/dags/check_version.py
[2025-07-20T07:08:06.549+0000] {processor.py:840} INFO - DAG(s) 'check_sklearn_version' retrieved from /opt/airflow/dags/check_version.py
[2025-07-20T07:08:09.499+0000] {logging_mixin.py:188} INFO - [2025-07-20T07:08:09.499+0000] {dag.py:3036} INFO - Sync 1 DAGs
[2025-07-20T07:09:27.148+0000] {processor.py:161} INFO - Started process (PID=3110) to work on /opt/airflow/dags/check_version.py
[2025-07-20T07:09:27.149+0000] {processor.py:830} INFO - Processing file /opt/airflow/dags/check_version.py for tasks to queue
[2025-07-20T07:09:27.150+0000] {logging_mixin.py:188} INFO - [2025-07-20T07:09:27.150+0000] {dagbag.py:538} INFO - Filling up the DagBag from /opt/airflow/dags/check_version.py
[2025-07-20T07:09:27.161+0000] {processor.py:840} INFO - DAG(s) 'check_sklearn_version' retrieved from /opt/airflow/dags/check_version.py
[2025-07-20T07:09:27.380+0000] {logging_mixin.py:188} INFO - [2025-07-20T07:09:27.380+0000] {dag.py:3036} INFO - Sync 1 DAGs
[2025-07-20T07:09:27.388+0000] {logging_mixin.py:188} INFO - [2025-07-20T07:09:27.387+0000] {dag.py:3823} INFO - Setting next_dagrun for check_sklearn_version to None, run_after=None
[2025-07-20T07:09:27.408+0000] {processor.py:183} INFO - Processing /opt/airflow/dags/check_version.py took 0.264 seconds
[2025-07-20T07:09:57.731+0000] {processor.py:161} INFO - Started process (PID=3155) to work on /opt/airflow/dags/check_version.py
[2025-07-20T07:09:57.733+0000] {processor.py:830} INFO - Processing file /opt/airflow/dags/check_version.py for tasks to queue
[2025-07-20T07:09:57.736+0000] {logging_mixin.py:188} INFO - [2025-07-20T07:09:57.734+0000] {dagbag.py:538} INFO - Filling up the DagBag from /opt/airflow/dags/check_version.py
[2025-07-20T07:09:57.751+0000] {processor.py:840} INFO - DAG(s) 'check_sklearn_version' retrieved from /opt/airflow/dags/check_version.py
[2025-07-20T07:09:57.782+0000] {logging_mixin.py:188} INFO - [2025-07-20T07:09:57.782+0000] {dag.py:3036} INFO - Sync 1 DAGs
[2025-07-20T07:09:57.796+0000] {logging_mixin.py:188} INFO - [2025-07-20T07:09:57.796+0000] {dag.py:3823} INFO - Setting next_dagrun for check_sklearn_version to None, run_after=None
[2025-07-20T07:09:57.816+0000] {processor.py:183} INFO - Processing /opt/airflow/dags/check_version.py took 0.097 seconds
[2025-07-20T07:10:28.797+0000] {processor.py:161} INFO - Started process (PID=3205) to work on /opt/airflow/dags/check_version.py
[2025-07-20T07:10:28.798+0000] {processor.py:830} INFO - Processing file /opt/airflow/dags/check_version.py for tasks to queue
[2025-07-20T07:10:28.799+0000] {logging_mixin.py:188} INFO - [2025-07-20T07:10:28.799+0000] {dagbag.py:538} INFO - Filling up the DagBag from /opt/airflow/dags/check_version.py
[2025-07-20T07:10:28.810+0000] {processor.py:840} INFO - DAG(s) 'check_sklearn_version' retrieved from /opt/airflow/dags/check_version.py
[2025-07-20T07:10:28.832+0000] {logging_mixin.py:188} INFO - [2025-07-20T07:10:28.832+0000] {dag.py:3036} INFO - Sync 1 DAGs
[2025-07-20T07:10:28.843+0000] {logging_mixin.py:188} INFO - [2025-07-20T07:10:28.842+0000] {dag.py:3823} INFO - Setting next_dagrun for check_sklearn_version to None, run_after=None
[2025-07-20T07:10:28.861+0000] {processor.py:183} INFO - Processing /opt/airflow/dags/check_version.py took 0.066 seconds
[2025-07-20T07:10:58.947+0000] {processor.py:161} INFO - Started process (PID=3240) to work on /opt/airflow/dags/check_version.py
[2025-07-20T07:10:58.948+0000] {processor.py:830} INFO - Processing file /opt/airflow/dags/check_version.py for tasks to queue
[2025-07-20T07:10:58.948+0000] {logging_mixin.py:188} INFO - [2025-07-20T07:10:58.948+0000] {dagbag.py:538} INFO - Filling up the DagBag from /opt/airflow/dags/check_version.py
[2025-07-20T07:10:58.960+0000] {processor.py:840} INFO - DAG(s) 'check_sklearn_version' retrieved from /opt/airflow/dags/check_version.py
[2025-07-20T07:10:58.991+0000] {logging_mixin.py:188} INFO - [2025-07-20T07:10:58.990+0000] {dag.py:3036} INFO - Sync 1 DAGs
[2025-07-20T07:10:59.373+0000] {logging_mixin.py:188} INFO - [2025-07-20T07:10:59.372+0000] {dag.py:3823} INFO - Setting next_dagrun for check_sklearn_version to None, run_after=None
[2025-07-20T07:11:00.666+0000] {processor.py:183} INFO - Processing /opt/airflow/dags/check_version.py took 1.722 seconds
[2025-07-20T07:11:30.792+0000] {processor.py:161} INFO - Started process (PID=3275) to work on /opt/airflow/dags/check_version.py
[2025-07-20T07:11:30.793+0000] {processor.py:830} INFO - Processing file /opt/airflow/dags/check_version.py for tasks to queue
[2025-07-20T07:11:30.794+0000] {logging_mixin.py:188} INFO - [2025-07-20T07:11:30.793+0000] {dagbag.py:538} INFO - Filling up the DagBag from /opt/airflow/dags/check_version.py
[2025-07-20T07:11:30.807+0000] {processor.py:840} INFO - DAG(s) 'check_sklearn_version' retrieved from /opt/airflow/dags/check_version.py
[2025-07-20T07:11:30.851+0000] {logging_mixin.py:188} INFO - [2025-07-20T07:11:30.851+0000] {dag.py:3036} INFO - Sync 1 DAGs
[2025-07-20T07:11:30.863+0000] {logging_mixin.py:188} INFO - [2025-07-20T07:11:30.863+0000] {dag.py:3823} INFO - Setting next_dagrun for check_sklearn_version to None, run_after=None
[2025-07-20T07:11:30.884+0000] {processor.py:183} INFO - Processing /opt/airflow/dags/check_version.py took 0.095 seconds
[2025-07-20T07:12:01.875+0000] {processor.py:161} INFO - Started process (PID=3310) to work on /opt/airflow/dags/check_version.py
[2025-07-20T07:12:01.876+0000] {processor.py:830} INFO - Processing file /opt/airflow/dags/check_version.py for tasks to queue
[2025-07-20T07:12:01.877+0000] {logging_mixin.py:188} INFO - [2025-07-20T07:12:01.877+0000] {dagbag.py:538} INFO - Filling up the DagBag from /opt/airflow/dags/check_version.py
[2025-07-20T07:12:01.887+0000] {processor.py:840} INFO - DAG(s) 'check_sklearn_version' retrieved from /opt/airflow/dags/check_version.py
[2025-07-20T07:12:01.910+0000] {logging_mixin.py:188} INFO - [2025-07-20T07:12:01.910+0000] {dag.py:3036} INFO - Sync 1 DAGs
[2025-07-20T07:12:01.922+0000] {logging_mixin.py:188} INFO - [2025-07-20T07:12:01.922+0000] {dag.py:3823} INFO - Setting next_dagrun for check_sklearn_version to None, run_after=None
[2025-07-20T07:12:01.942+0000] {processor.py:183} INFO - Processing /opt/airflow/dags/check_version.py took 0.069 seconds
[2025-07-20T07:12:32.315+0000] {processor.py:161} INFO - Started process (PID=3355) to work on /opt/airflow/dags/check_version.py
[2025-07-20T07:12:32.316+0000] {processor.py:830} INFO - Processing file /opt/airflow/dags/check_version.py for tasks to queue
[2025-07-20T07:12:32.317+0000] {logging_mixin.py:188} INFO - [2025-07-20T07:12:32.317+0000] {dagbag.py:538} INFO - Filling up the DagBag from /opt/airflow/dags/check_version.py
[2025-07-20T07:12:32.329+0000] {processor.py:840} INFO - DAG(s) 'check_sklearn_version' retrieved from /opt/airflow/dags/check_version.py
[2025-07-20T07:12:32.354+0000] {logging_mixin.py:188} INFO - [2025-07-20T07:12:32.354+0000] {dag.py:3036} INFO - Sync 1 DAGs
[2025-07-20T07:12:32.377+0000] {logging_mixin.py:188} INFO - [2025-07-20T07:12:32.377+0000] {dag.py:3823} INFO - Setting next_dagrun for check_sklearn_version to None, run_after=None
[2025-07-20T07:12:32.402+0000] {processor.py:183} INFO - Processing /opt/airflow/dags/check_version.py took 0.091 seconds
[2025-07-20T07:13:02.699+0000] {processor.py:161} INFO - Started process (PID=3395) to work on /opt/airflow/dags/check_version.py
[2025-07-20T07:13:02.700+0000] {processor.py:830} INFO - Processing file /opt/airflow/dags/check_version.py for tasks to queue
[2025-07-20T07:13:02.701+0000] {logging_mixin.py:188} INFO - [2025-07-20T07:13:02.701+0000] {dagbag.py:538} INFO - Filling up the DagBag from /opt/airflow/dags/check_version.py
[2025-07-20T07:13:02.715+0000] {processor.py:840} INFO - DAG(s) 'check_sklearn_version' retrieved from /opt/airflow/dags/check_version.py
[2025-07-20T07:13:02.745+0000] {logging_mixin.py:188} INFO - [2025-07-20T07:13:02.745+0000] {dag.py:3036} INFO - Sync 1 DAGs
[2025-07-20T07:13:02.759+0000] {logging_mixin.py:188} INFO - [2025-07-20T07:13:02.758+0000] {dag.py:3823} INFO - Setting next_dagrun for check_sklearn_version to None, run_after=None
[2025-07-20T07:13:02.781+0000] {processor.py:183} INFO - Processing /opt/airflow/dags/check_version.py took 0.085 seconds
[2025-07-20T07:13:33.326+0000] {processor.py:161} INFO - Started process (PID=3453) to work on /opt/airflow/dags/check_version.py
[2025-07-20T07:13:33.327+0000] {processor.py:830} INFO - Processing file /opt/airflow/dags/check_version.py for tasks to queue
[2025-07-20T07:13:33.328+0000] {logging_mixin.py:188} INFO - [2025-07-20T07:13:33.327+0000] {dagbag.py:538} INFO - Filling up the DagBag from /opt/airflow/dags/check_version.py
[2025-07-20T07:13:33.341+0000] {processor.py:840} INFO - DAG(s) 'check_sklearn_version' retrieved from /opt/airflow/dags/check_version.py
[2025-07-20T07:13:33.366+0000] {logging_mixin.py:188} INFO - [2025-07-20T07:13:33.366+0000] {dag.py:3036} INFO - Sync 1 DAGs
[2025-07-20T07:13:33.382+0000] {logging_mixin.py:188} INFO - [2025-07-20T07:13:33.382+0000] {dag.py:3823} INFO - Setting next_dagrun for check_sklearn_version to None, run_after=None
[2025-07-20T07:13:33.410+0000] {processor.py:183} INFO - Processing /opt/airflow/dags/check_version.py took 0.088 seconds
[2025-07-20T07:14:03.617+0000] {processor.py:161} INFO - Started process (PID=3500) to work on /opt/airflow/dags/check_version.py
[2025-07-20T07:14:03.619+0000] {processor.py:830} INFO - Processing file /opt/airflow/dags/check_version.py for tasks to queue
[2025-07-20T07:14:03.620+0000] {logging_mixin.py:188} INFO - [2025-07-20T07:14:03.619+0000] {dagbag.py:538} INFO - Filling up the DagBag from /opt/airflow/dags/check_version.py
[2025-07-20T07:14:03.635+0000] {processor.py:840} INFO - DAG(s) 'check_sklearn_version' retrieved from /opt/airflow/dags/check_version.py
[2025-07-20T07:14:03.661+0000] {logging_mixin.py:188} INFO - [2025-07-20T07:14:03.660+0000] {dag.py:3036} INFO - Sync 1 DAGs
[2025-07-20T07:14:03.673+0000] {logging_mixin.py:188} INFO - [2025-07-20T07:14:03.672+0000] {dag.py:3823} INFO - Setting next_dagrun for check_sklearn_version to None, run_after=None
[2025-07-20T07:14:03.692+0000] {processor.py:183} INFO - Processing /opt/airflow/dags/check_version.py took 0.079 seconds
[2025-07-20T07:14:34.040+0000] {processor.py:161} INFO - Started process (PID=3884) to work on /opt/airflow/dags/check_version.py
[2025-07-20T07:14:34.173+0000] {processor.py:830} INFO - Processing file /opt/airflow/dags/check_version.py for tasks to queue
[2025-07-20T07:14:34.176+0000] {logging_mixin.py:188} INFO - [2025-07-20T07:14:34.175+0000] {dagbag.py:538} INFO - Filling up the DagBag from /opt/airflow/dags/check_version.py
[2025-07-20T07:14:34.232+0000] {processor.py:840} INFO - DAG(s) 'check_sklearn_version' retrieved from /opt/airflow/dags/check_version.py
[2025-07-20T07:14:34.498+0000] {logging_mixin.py:188} INFO - [2025-07-20T07:14:34.497+0000] {dag.py:3036} INFO - Sync 1 DAGs
[2025-07-20T07:14:34.524+0000] {logging_mixin.py:188} INFO - [2025-07-20T07:14:34.524+0000] {dag.py:3823} INFO - Setting next_dagrun for check_sklearn_version to None, run_after=None
[2025-07-20T07:14:34.597+0000] {processor.py:183} INFO - Processing /opt/airflow/dags/check_version.py took 0.732 seconds
[2025-07-20T07:15:05.655+0000] {processor.py:161} INFO - Started process (PID=4170) to work on /opt/airflow/dags/check_version.py
[2025-07-20T07:15:05.673+0000] {processor.py:830} INFO - Processing file /opt/airflow/dags/check_version.py for tasks to queue
[2025-07-20T07:15:05.676+0000] {logging_mixin.py:188} INFO - [2025-07-20T07:15:05.675+0000] {dagbag.py:538} INFO - Filling up the DagBag from /opt/airflow/dags/check_version.py
[2025-07-20T07:15:05.810+0000] {processor.py:840} INFO - DAG(s) 'check_sklearn_version' retrieved from /opt/airflow/dags/check_version.py
[2025-07-20T07:15:06.195+0000] {logging_mixin.py:188} INFO - [2025-07-20T07:15:06.183+0000] {dag.py:3036} INFO - Sync 1 DAGs
[2025-07-20T07:15:06.413+0000] {logging_mixin.py:188} INFO - [2025-07-20T07:15:06.413+0000] {dag.py:3823} INFO - Setting next_dagrun for check_sklearn_version to None, run_after=None
[2025-07-20T07:15:06.645+0000] {processor.py:183} INFO - Processing /opt/airflow/dags/check_version.py took 0.996 seconds
[2025-07-20T07:16:21.371+0000] {processor.py:161} INFO - Started process (PID=5498) to work on /opt/airflow/dags/check_version.py
[2025-07-20T07:16:21.392+0000] {processor.py:830} INFO - Processing file /opt/airflow/dags/check_version.py for tasks to queue
[2025-07-20T07:16:21.433+0000] {logging_mixin.py:188} INFO - [2025-07-20T07:16:21.433+0000] {dagbag.py:538} INFO - Filling up the DagBag from /opt/airflow/dags/check_version.py
[2025-07-20T07:16:21.737+0000] {processor.py:840} INFO - DAG(s) 'check_sklearn_version' retrieved from /opt/airflow/dags/check_version.py
[2025-07-20T07:16:24.899+0000] {logging_mixin.py:188} INFO - [2025-07-20T07:16:24.899+0000] {dag.py:3036} INFO - Sync 1 DAGs
[2025-07-20T07:16:25.709+0000] {logging_mixin.py:188} INFO - [2025-07-20T07:16:25.709+0000] {dag.py:3823} INFO - Setting next_dagrun for check_sklearn_version to None, run_after=None
[2025-07-20T07:16:26.725+0000] {processor.py:183} INFO - Processing /opt/airflow/dags/check_version.py took 5.478 seconds
[2025-07-20T07:16:57.536+0000] {processor.py:161} INFO - Started process (PID=5957) to work on /opt/airflow/dags/check_version.py
[2025-07-20T07:16:57.538+0000] {processor.py:830} INFO - Processing file /opt/airflow/dags/check_version.py for tasks to queue
[2025-07-20T07:16:57.540+0000] {logging_mixin.py:188} INFO - [2025-07-20T07:16:57.539+0000] {dagbag.py:538} INFO - Filling up the DagBag from /opt/airflow/dags/check_version.py
[2025-07-20T07:16:57.563+0000] {processor.py:840} INFO - DAG(s) 'check_sklearn_version' retrieved from /opt/airflow/dags/check_version.py
[2025-07-20T07:16:57.637+0000] {logging_mixin.py:188} INFO - [2025-07-20T07:16:57.637+0000] {dag.py:3036} INFO - Sync 1 DAGs
[2025-07-20T07:16:57.673+0000] {logging_mixin.py:188} INFO - [2025-07-20T07:16:57.672+0000] {dag.py:3823} INFO - Setting next_dagrun for check_sklearn_version to None, run_after=None
[2025-07-20T07:16:57.726+0000] {processor.py:183} INFO - Processing /opt/airflow/dags/check_version.py took 0.196 seconds
[2025-07-20T07:17:29.630+0000] {processor.py:161} INFO - Started process (PID=6009) to work on /opt/airflow/dags/check_version.py
[2025-07-20T07:17:29.647+0000] {processor.py:830} INFO - Processing file /opt/airflow/dags/check_version.py for tasks to queue
[2025-07-20T07:17:29.650+0000] {logging_mixin.py:188} INFO - [2025-07-20T07:17:29.649+0000] {dagbag.py:538} INFO - Filling up the DagBag from /opt/airflow/dags/check_version.py
[2025-07-20T07:17:29.941+0000] {processor.py:840} INFO - DAG(s) 'check_sklearn_version' retrieved from /opt/airflow/dags/check_version.py
[2025-07-20T07:17:30.133+0000] {logging_mixin.py:188} INFO - [2025-07-20T07:17:30.133+0000] {dag.py:3036} INFO - Sync 1 DAGs
[2025-07-20T07:17:30.177+0000] {logging_mixin.py:188} INFO - [2025-07-20T07:17:30.176+0000] {dag.py:3823} INFO - Setting next_dagrun for check_sklearn_version to None, run_after=None
[2025-07-20T07:17:30.249+0000] {processor.py:183} INFO - Processing /opt/airflow/dags/check_version.py took 0.625 seconds
[2025-07-20T07:18:00.851+0000] {processor.py:161} INFO - Started process (PID=6028) to work on /opt/airflow/dags/check_version.py
[2025-07-20T07:18:00.889+0000] {processor.py:830} INFO - Processing file /opt/airflow/dags/check_version.py for tasks to queue
[2025-07-20T07:18:00.902+0000] {logging_mixin.py:188} INFO - [2025-07-20T07:18:00.891+0000] {dagbag.py:538} INFO - Filling up the DagBag from /opt/airflow/dags/check_version.py
[2025-07-20T07:18:01.057+0000] {processor.py:840} INFO - DAG(s) 'check_sklearn_version' retrieved from /opt/airflow/dags/check_version.py
[2025-07-20T07:18:02.236+0000] {logging_mixin.py:188} INFO - [2025-07-20T07:18:02.236+0000] {dag.py:3036} INFO - Sync 1 DAGs
[2025-07-20T07:18:02.334+0000] {logging_mixin.py:188} INFO - [2025-07-20T07:18:02.334+0000] {dag.py:3823} INFO - Setting next_dagrun for check_sklearn_version to None, run_after=None
[2025-07-20T07:18:02.602+0000] {processor.py:183} INFO - Processing /opt/airflow/dags/check_version.py took 1.928 seconds
[2025-07-20T07:18:33.919+0000] {processor.py:161} INFO - Started process (PID=6083) to work on /opt/airflow/dags/check_version.py
[2025-07-20T07:18:33.921+0000] {processor.py:830} INFO - Processing file /opt/airflow/dags/check_version.py for tasks to queue
[2025-07-20T07:18:33.932+0000] {logging_mixin.py:188} INFO - [2025-07-20T07:18:33.932+0000] {dagbag.py:538} INFO - Filling up the DagBag from /opt/airflow/dags/check_version.py
[2025-07-20T07:18:33.952+0000] {processor.py:840} INFO - DAG(s) 'check_sklearn_version' retrieved from /opt/airflow/dags/check_version.py
[2025-07-20T07:18:34.347+0000] {logging_mixin.py:188} INFO - [2025-07-20T07:18:34.346+0000] {dag.py:3036} INFO - Sync 1 DAGs
[2025-07-20T07:18:34.390+0000] {logging_mixin.py:188} INFO - [2025-07-20T07:18:34.389+0000] {dag.py:3823} INFO - Setting next_dagrun for check_sklearn_version to None, run_after=None
[2025-07-20T07:18:34.507+0000] {processor.py:183} INFO - Processing /opt/airflow/dags/check_version.py took 0.594 seconds
[2025-07-20T07:19:05.358+0000] {processor.py:161} INFO - Started process (PID=6122) to work on /opt/airflow/dags/check_version.py
[2025-07-20T07:19:05.368+0000] {processor.py:830} INFO - Processing file /opt/airflow/dags/check_version.py for tasks to queue
[2025-07-20T07:19:05.371+0000] {logging_mixin.py:188} INFO - [2025-07-20T07:19:05.371+0000] {dagbag.py:538} INFO - Filling up the DagBag from /opt/airflow/dags/check_version.py
[2025-07-20T07:19:05.388+0000] {processor.py:840} INFO - DAG(s) 'check_sklearn_version' retrieved from /opt/airflow/dags/check_version.py
[2025-07-20T07:19:05.630+0000] {logging_mixin.py:188} INFO - [2025-07-20T07:19:05.629+0000] {dag.py:3036} INFO - Sync 1 DAGs
[2025-07-20T07:19:05.684+0000] {logging_mixin.py:188} INFO - [2025-07-20T07:19:05.684+0000] {dag.py:3823} INFO - Setting next_dagrun for check_sklearn_version to None, run_after=None
[2025-07-20T07:19:05.750+0000] {processor.py:183} INFO - Processing /opt/airflow/dags/check_version.py took 0.399 seconds
[2025-07-20T07:19:36.072+0000] {processor.py:161} INFO - Started process (PID=6157) to work on /opt/airflow/dags/check_version.py
[2025-07-20T07:19:36.086+0000] {processor.py:830} INFO - Processing file /opt/airflow/dags/check_version.py for tasks to queue
[2025-07-20T07:19:36.089+0000] {logging_mixin.py:188} INFO - [2025-07-20T07:19:36.088+0000] {dagbag.py:538} INFO - Filling up the DagBag from /opt/airflow/dags/check_version.py
[2025-07-20T07:19:36.106+0000] {processor.py:840} INFO - DAG(s) 'check_sklearn_version' retrieved from /opt/airflow/dags/check_version.py
[2025-07-20T07:19:36.221+0000] {logging_mixin.py:188} INFO - [2025-07-20T07:19:36.219+0000] {dag.py:3036} INFO - Sync 1 DAGs
[2025-07-20T07:19:36.262+0000] {logging_mixin.py:188} INFO - [2025-07-20T07:19:36.261+0000] {dag.py:3823} INFO - Setting next_dagrun for check_sklearn_version to None, run_after=None
[2025-07-20T07:19:36.331+0000] {processor.py:183} INFO - Processing /opt/airflow/dags/check_version.py took 0.266 seconds
[2025-07-20T07:20:07.175+0000] {processor.py:161} INFO - Started process (PID=6192) to work on /opt/airflow/dags/check_version.py
[2025-07-20T07:20:07.198+0000] {processor.py:830} INFO - Processing file /opt/airflow/dags/check_version.py for tasks to queue
[2025-07-20T07:20:07.200+0000] {logging_mixin.py:188} INFO - [2025-07-20T07:20:07.200+0000] {dagbag.py:538} INFO - Filling up the DagBag from /opt/airflow/dags/check_version.py
[2025-07-20T07:20:07.224+0000] {processor.py:840} INFO - DAG(s) 'check_sklearn_version' retrieved from /opt/airflow/dags/check_version.py
[2025-07-20T07:20:07.367+0000] {logging_mixin.py:188} INFO - [2025-07-20T07:20:07.366+0000] {dag.py:3036} INFO - Sync 1 DAGs
[2025-07-20T07:20:07.421+0000] {logging_mixin.py:188} INFO - [2025-07-20T07:20:07.421+0000] {dag.py:3823} INFO - Setting next_dagrun for check_sklearn_version to None, run_after=None
[2025-07-20T07:20:07.474+0000] {processor.py:183} INFO - Processing /opt/airflow/dags/check_version.py took 0.309 seconds
[2025-07-20T07:20:38.468+0000] {processor.py:161} INFO - Started process (PID=6245) to work on /opt/airflow/dags/check_version.py
[2025-07-20T07:20:38.481+0000] {processor.py:830} INFO - Processing file /opt/airflow/dags/check_version.py for tasks to queue
[2025-07-20T07:20:38.484+0000] {logging_mixin.py:188} INFO - [2025-07-20T07:20:38.483+0000] {dagbag.py:538} INFO - Filling up the DagBag from /opt/airflow/dags/check_version.py
[2025-07-20T07:20:38.505+0000] {processor.py:840} INFO - DAG(s) 'check_sklearn_version' retrieved from /opt/airflow/dags/check_version.py
[2025-07-20T07:20:38.586+0000] {logging_mixin.py:188} INFO - [2025-07-20T07:20:38.585+0000] {dag.py:3036} INFO - Sync 1 DAGs
[2025-07-20T07:20:38.646+0000] {logging_mixin.py:188} INFO - [2025-07-20T07:20:38.645+0000] {dag.py:3823} INFO - Setting next_dagrun for check_sklearn_version to None, run_after=None
[2025-07-20T07:20:38.742+0000] {processor.py:183} INFO - Processing /opt/airflow/dags/check_version.py took 0.281 seconds
[2025-07-20T07:21:09.341+0000] {processor.py:161} INFO - Started process (PID=6280) to work on /opt/airflow/dags/check_version.py
[2025-07-20T07:21:09.361+0000] {processor.py:830} INFO - Processing file /opt/airflow/dags/check_version.py for tasks to queue
[2025-07-20T07:21:09.363+0000] {logging_mixin.py:188} INFO - [2025-07-20T07:21:09.363+0000] {dagbag.py:538} INFO - Filling up the DagBag from /opt/airflow/dags/check_version.py
[2025-07-20T07:21:09.384+0000] {processor.py:840} INFO - DAG(s) 'check_sklearn_version' retrieved from /opt/airflow/dags/check_version.py
[2025-07-20T07:21:09.489+0000] {logging_mixin.py:188} INFO - [2025-07-20T07:21:09.487+0000] {dag.py:3036} INFO - Sync 1 DAGs
[2025-07-20T07:21:09.524+0000] {logging_mixin.py:188} INFO - [2025-07-20T07:21:09.523+0000] {dag.py:3823} INFO - Setting next_dagrun for check_sklearn_version to None, run_after=None
[2025-07-20T07:21:09.606+0000] {processor.py:183} INFO - Processing /opt/airflow/dags/check_version.py took 0.273 seconds
[2025-07-20T07:21:39.836+0000] {processor.py:161} INFO - Started process (PID=6332) to work on /opt/airflow/dags/check_version.py
[2025-07-20T07:21:39.849+0000] {processor.py:830} INFO - Processing file /opt/airflow/dags/check_version.py for tasks to queue
[2025-07-20T07:21:39.852+0000] {logging_mixin.py:188} INFO - [2025-07-20T07:21:39.851+0000] {dagbag.py:538} INFO - Filling up the DagBag from /opt/airflow/dags/check_version.py
[2025-07-20T07:21:39.874+0000] {processor.py:840} INFO - DAG(s) 'check_sklearn_version' retrieved from /opt/airflow/dags/check_version.py
[2025-07-20T07:21:40.127+0000] {logging_mixin.py:188} INFO - [2025-07-20T07:21:40.127+0000] {dag.py:3036} INFO - Sync 1 DAGs
[2025-07-20T07:21:40.194+0000] {logging_mixin.py:188} INFO - [2025-07-20T07:21:40.193+0000] {dag.py:3823} INFO - Setting next_dagrun for check_sklearn_version to None, run_after=None
[2025-07-20T07:21:41.032+0000] {processor.py:183} INFO - Processing /opt/airflow/dags/check_version.py took 1.202 seconds
[2025-07-20T07:22:11.812+0000] {processor.py:161} INFO - Started process (PID=6370) to work on /opt/airflow/dags/check_version.py
[2025-07-20T07:22:11.816+0000] {processor.py:830} INFO - Processing file /opt/airflow/dags/check_version.py for tasks to queue
[2025-07-20T07:22:11.819+0000] {logging_mixin.py:188} INFO - [2025-07-20T07:22:11.819+0000] {dagbag.py:538} INFO - Filling up the DagBag from /opt/airflow/dags/check_version.py
[2025-07-20T07:22:11.870+0000] {processor.py:840} INFO - DAG(s) 'check_sklearn_version' retrieved from /opt/airflow/dags/check_version.py
[2025-07-20T07:22:12.006+0000] {logging_mixin.py:188} INFO - [2025-07-20T07:22:12.005+0000] {dag.py:3036} INFO - Sync 1 DAGs
[2025-07-20T07:22:12.051+0000] {logging_mixin.py:188} INFO - [2025-07-20T07:22:12.051+0000] {dag.py:3823} INFO - Setting next_dagrun for check_sklearn_version to None, run_after=None
[2025-07-20T07:22:12.075+0000] {processor.py:183} INFO - Processing /opt/airflow/dags/check_version.py took 0.272 seconds
[2025-07-20T07:22:42.595+0000] {processor.py:161} INFO - Started process (PID=6816) to work on /opt/airflow/dags/check_version.py
[2025-07-20T07:22:42.648+0000] {processor.py:830} INFO - Processing file /opt/airflow/dags/check_version.py for tasks to queue
[2025-07-20T07:22:42.664+0000] {logging_mixin.py:188} INFO - [2025-07-20T07:22:42.654+0000] {dagbag.py:538} INFO - Filling up the DagBag from /opt/airflow/dags/check_version.py
[2025-07-20T07:22:42.758+0000] {processor.py:840} INFO - DAG(s) 'check_sklearn_version' retrieved from /opt/airflow/dags/check_version.py
[2025-07-20T07:22:43.633+0000] {logging_mixin.py:188} INFO - [2025-07-20T07:22:43.632+0000] {dag.py:3036} INFO - Sync 1 DAGs
[2025-07-20T07:22:43.972+0000] {logging_mixin.py:188} INFO - [2025-07-20T07:22:43.971+0000] {dag.py:3823} INFO - Setting next_dagrun for check_sklearn_version to None, run_after=None
[2025-07-20T07:22:44.546+0000] {processor.py:183} INFO - Processing /opt/airflow/dags/check_version.py took 1.990 seconds
[2025-07-20T07:23:15.229+0000] {processor.py:161} INFO - Started process (PID=6852) to work on /opt/airflow/dags/check_version.py
[2025-07-20T07:23:15.231+0000] {processor.py:830} INFO - Processing file /opt/airflow/dags/check_version.py for tasks to queue
[2025-07-20T07:23:15.232+0000] {logging_mixin.py:188} INFO - [2025-07-20T07:23:15.231+0000] {dagbag.py:538} INFO - Filling up the DagBag from /opt/airflow/dags/check_version.py
[2025-07-20T07:23:15.243+0000] {processor.py:840} INFO - DAG(s) 'check_sklearn_version' retrieved from /opt/airflow/dags/check_version.py
[2025-07-20T07:23:15.269+0000] {logging_mixin.py:188} INFO - [2025-07-20T07:23:15.268+0000] {dag.py:3036} INFO - Sync 1 DAGs
[2025-07-20T07:23:15.281+0000] {logging_mixin.py:188} INFO - [2025-07-20T07:23:15.281+0000] {dag.py:3823} INFO - Setting next_dagrun for check_sklearn_version to None, run_after=None
[2025-07-20T07:23:15.309+0000] {processor.py:183} INFO - Processing /opt/airflow/dags/check_version.py took 0.084 seconds
[2025-07-20T07:23:45.424+0000] {processor.py:161} INFO - Started process (PID=6887) to work on /opt/airflow/dags/check_version.py
[2025-07-20T07:23:45.425+0000] {processor.py:830} INFO - Processing file /opt/airflow/dags/check_version.py for tasks to queue
[2025-07-20T07:23:45.426+0000] {logging_mixin.py:188} INFO - [2025-07-20T07:23:45.426+0000] {dagbag.py:538} INFO - Filling up the DagBag from /opt/airflow/dags/check_version.py
[2025-07-20T07:23:45.437+0000] {processor.py:840} INFO - DAG(s) 'check_sklearn_version' retrieved from /opt/airflow/dags/check_version.py
[2025-07-20T07:23:45.466+0000] {logging_mixin.py:188} INFO - [2025-07-20T07:23:45.466+0000] {dag.py:3036} INFO - Sync 1 DAGs
[2025-07-20T07:23:45.478+0000] {logging_mixin.py:188} INFO - [2025-07-20T07:23:45.477+0000] {dag.py:3823} INFO - Setting next_dagrun for check_sklearn_version to None, run_after=None
[2025-07-20T07:23:45.502+0000] {processor.py:183} INFO - Processing /opt/airflow/dags/check_version.py took 0.082 seconds
[2025-07-20T07:24:16.506+0000] {processor.py:161} INFO - Started process (PID=6922) to work on /opt/airflow/dags/check_version.py
[2025-07-20T07:24:16.507+0000] {processor.py:830} INFO - Processing file /opt/airflow/dags/check_version.py for tasks to queue
[2025-07-20T07:24:16.509+0000] {logging_mixin.py:188} INFO - [2025-07-20T07:24:16.508+0000] {dagbag.py:538} INFO - Filling up the DagBag from /opt/airflow/dags/check_version.py
[2025-07-20T07:24:16.522+0000] {processor.py:840} INFO - DAG(s) 'check_sklearn_version' retrieved from /opt/airflow/dags/check_version.py
[2025-07-20T07:24:16.557+0000] {logging_mixin.py:188} INFO - [2025-07-20T07:24:16.557+0000] {dag.py:3036} INFO - Sync 1 DAGs
[2025-07-20T07:24:16.572+0000] {logging_mixin.py:188} INFO - [2025-07-20T07:24:16.572+0000] {dag.py:3823} INFO - Setting next_dagrun for check_sklearn_version to None, run_after=None
[2025-07-20T07:24:16.594+0000] {processor.py:183} INFO - Processing /opt/airflow/dags/check_version.py took 0.094 seconds
[2025-07-20T07:24:46.654+0000] {processor.py:161} INFO - Started process (PID=6957) to work on /opt/airflow/dags/check_version.py
[2025-07-20T07:24:46.655+0000] {processor.py:830} INFO - Processing file /opt/airflow/dags/check_version.py for tasks to queue
[2025-07-20T07:24:46.657+0000] {logging_mixin.py:188} INFO - [2025-07-20T07:24:46.656+0000] {dagbag.py:538} INFO - Filling up the DagBag from /opt/airflow/dags/check_version.py
[2025-07-20T07:24:46.676+0000] {processor.py:840} INFO - DAG(s) 'check_sklearn_version' retrieved from /opt/airflow/dags/check_version.py
[2025-07-20T07:24:46.721+0000] {logging_mixin.py:188} INFO - [2025-07-20T07:24:46.721+0000] {dag.py:3036} INFO - Sync 1 DAGs
[2025-07-20T07:24:46.740+0000] {logging_mixin.py:188} INFO - [2025-07-20T07:24:46.739+0000] {dag.py:3823} INFO - Setting next_dagrun for check_sklearn_version to None, run_after=None
[2025-07-20T07:24:46.766+0000] {processor.py:183} INFO - Processing /opt/airflow/dags/check_version.py took 0.119 seconds
[2025-07-20T07:25:17.774+0000] {processor.py:161} INFO - Started process (PID=6992) to work on /opt/airflow/dags/check_version.py
[2025-07-20T07:25:17.775+0000] {processor.py:830} INFO - Processing file /opt/airflow/dags/check_version.py for tasks to queue
[2025-07-20T07:25:17.776+0000] {logging_mixin.py:188} INFO - [2025-07-20T07:25:17.776+0000] {dagbag.py:538} INFO - Filling up the DagBag from /opt/airflow/dags/check_version.py
[2025-07-20T07:25:17.790+0000] {processor.py:840} INFO - DAG(s) 'check_sklearn_version' retrieved from /opt/airflow/dags/check_version.py
[2025-07-20T07:25:17.823+0000] {logging_mixin.py:188} INFO - [2025-07-20T07:25:17.822+0000] {dag.py:3036} INFO - Sync 1 DAGs
[2025-07-20T07:25:17.841+0000] {logging_mixin.py:188} INFO - [2025-07-20T07:25:17.841+0000] {dag.py:3823} INFO - Setting next_dagrun for check_sklearn_version to None, run_after=None
[2025-07-20T07:25:17.876+0000] {processor.py:183} INFO - Processing /opt/airflow/dags/check_version.py took 0.107 seconds
[2025-07-20T07:25:48.742+0000] {processor.py:161} INFO - Started process (PID=7027) to work on /opt/airflow/dags/check_version.py
[2025-07-20T07:25:48.744+0000] {processor.py:830} INFO - Processing file /opt/airflow/dags/check_version.py for tasks to queue
[2025-07-20T07:25:48.747+0000] {logging_mixin.py:188} INFO - [2025-07-20T07:25:48.746+0000] {dagbag.py:538} INFO - Filling up the DagBag from /opt/airflow/dags/check_version.py
[2025-07-20T07:25:48.767+0000] {processor.py:840} INFO - DAG(s) 'check_sklearn_version' retrieved from /opt/airflow/dags/check_version.py
[2025-07-20T07:25:48.816+0000] {logging_mixin.py:188} INFO - [2025-07-20T07:25:48.815+0000] {dag.py:3036} INFO - Sync 1 DAGs
[2025-07-20T07:25:48.846+0000] {logging_mixin.py:188} INFO - [2025-07-20T07:25:48.845+0000] {dag.py:3823} INFO - Setting next_dagrun for check_sklearn_version to None, run_after=None
[2025-07-20T07:25:48.874+0000] {processor.py:183} INFO - Processing /opt/airflow/dags/check_version.py took 0.141 seconds
[2025-07-20T07:26:19.086+0000] {processor.py:161} INFO - Started process (PID=7062) to work on /opt/airflow/dags/check_version.py
[2025-07-20T07:26:19.087+0000] {processor.py:830} INFO - Processing file /opt/airflow/dags/check_version.py for tasks to queue
[2025-07-20T07:26:19.088+0000] {logging_mixin.py:188} INFO - [2025-07-20T07:26:19.088+0000] {dagbag.py:538} INFO - Filling up the DagBag from /opt/airflow/dags/check_version.py
[2025-07-20T07:26:19.101+0000] {processor.py:840} INFO - DAG(s) 'check_sklearn_version' retrieved from /opt/airflow/dags/check_version.py
[2025-07-20T07:26:19.135+0000] {logging_mixin.py:188} INFO - [2025-07-20T07:26:19.135+0000] {dag.py:3036} INFO - Sync 1 DAGs
[2025-07-20T07:26:19.151+0000] {logging_mixin.py:188} INFO - [2025-07-20T07:26:19.151+0000] {dag.py:3823} INFO - Setting next_dagrun for check_sklearn_version to None, run_after=None
[2025-07-20T07:26:19.175+0000] {processor.py:183} INFO - Processing /opt/airflow/dags/check_version.py took 0.093 seconds
[2025-07-20T07:26:49.316+0000] {processor.py:161} INFO - Started process (PID=7097) to work on /opt/airflow/dags/check_version.py
[2025-07-20T07:26:49.317+0000] {processor.py:830} INFO - Processing file /opt/airflow/dags/check_version.py for tasks to queue
[2025-07-20T07:26:49.318+0000] {logging_mixin.py:188} INFO - [2025-07-20T07:26:49.317+0000] {dagbag.py:538} INFO - Filling up the DagBag from /opt/airflow/dags/check_version.py
[2025-07-20T07:26:49.328+0000] {processor.py:840} INFO - DAG(s) 'check_sklearn_version' retrieved from /opt/airflow/dags/check_version.py
[2025-07-20T07:26:49.353+0000] {logging_mixin.py:188} INFO - [2025-07-20T07:26:49.353+0000] {dag.py:3036} INFO - Sync 1 DAGs
[2025-07-20T07:26:49.365+0000] {logging_mixin.py:188} INFO - [2025-07-20T07:26:49.364+0000] {dag.py:3823} INFO - Setting next_dagrun for check_sklearn_version to None, run_after=None
[2025-07-20T07:26:49.386+0000] {processor.py:183} INFO - Processing /opt/airflow/dags/check_version.py took 0.074 seconds
[2025-07-20T07:27:19.542+0000] {processor.py:161} INFO - Started process (PID=7132) to work on /opt/airflow/dags/check_version.py
[2025-07-20T07:27:19.543+0000] {processor.py:830} INFO - Processing file /opt/airflow/dags/check_version.py for tasks to queue
[2025-07-20T07:27:19.545+0000] {logging_mixin.py:188} INFO - [2025-07-20T07:27:19.544+0000] {dagbag.py:538} INFO - Filling up the DagBag from /opt/airflow/dags/check_version.py
[2025-07-20T07:27:19.556+0000] {processor.py:840} INFO - DAG(s) 'check_sklearn_version' retrieved from /opt/airflow/dags/check_version.py
[2025-07-20T07:27:19.582+0000] {logging_mixin.py:188} INFO - [2025-07-20T07:27:19.582+0000] {dag.py:3036} INFO - Sync 1 DAGs
[2025-07-20T07:27:19.593+0000] {logging_mixin.py:188} INFO - [2025-07-20T07:27:19.593+0000] {dag.py:3823} INFO - Setting next_dagrun for check_sklearn_version to None, run_after=None
[2025-07-20T07:27:19.614+0000] {processor.py:183} INFO - Processing /opt/airflow/dags/check_version.py took 0.075 seconds
[2025-07-20T07:27:50.523+0000] {processor.py:161} INFO - Started process (PID=7167) to work on /opt/airflow/dags/check_version.py
[2025-07-20T07:27:50.525+0000] {processor.py:830} INFO - Processing file /opt/airflow/dags/check_version.py for tasks to queue
[2025-07-20T07:27:50.526+0000] {logging_mixin.py:188} INFO - [2025-07-20T07:27:50.526+0000] {dagbag.py:538} INFO - Filling up the DagBag from /opt/airflow/dags/check_version.py
[2025-07-20T07:27:50.541+0000] {processor.py:840} INFO - DAG(s) 'check_sklearn_version' retrieved from /opt/airflow/dags/check_version.py
[2025-07-20T07:27:50.577+0000] {logging_mixin.py:188} INFO - [2025-07-20T07:27:50.577+0000] {dag.py:3036} INFO - Sync 1 DAGs
[2025-07-20T07:27:50.592+0000] {logging_mixin.py:188} INFO - [2025-07-20T07:27:50.592+0000] {dag.py:3823} INFO - Setting next_dagrun for check_sklearn_version to None, run_after=None
[2025-07-20T07:27:50.612+0000] {processor.py:183} INFO - Processing /opt/airflow/dags/check_version.py took 0.095 seconds
[2025-07-20T07:28:20.786+0000] {processor.py:161} INFO - Started process (PID=7248) to work on /opt/airflow/dags/check_version.py
[2025-07-20T07:28:20.794+0000] {processor.py:830} INFO - Processing file /opt/airflow/dags/check_version.py for tasks to queue
[2025-07-20T07:28:20.797+0000] {logging_mixin.py:188} INFO - [2025-07-20T07:28:20.797+0000] {dagbag.py:538} INFO - Filling up the DagBag from /opt/airflow/dags/check_version.py
[2025-07-20T07:28:20.845+0000] {processor.py:840} INFO - DAG(s) 'check_sklearn_version' retrieved from /opt/airflow/dags/check_version.py
[2025-07-20T07:28:20.893+0000] {logging_mixin.py:188} INFO - [2025-07-20T07:28:20.891+0000] {dag.py:3036} INFO - Sync 1 DAGs
[2025-07-20T07:28:20.911+0000] {logging_mixin.py:188} INFO - [2025-07-20T07:28:20.910+0000] {dag.py:3823} INFO - Setting next_dagrun for check_sklearn_version to None, run_after=None
[2025-07-20T07:28:20.944+0000] {processor.py:183} INFO - Processing /opt/airflow/dags/check_version.py took 0.175 seconds
[2025-07-20T07:28:51.962+0000] {processor.py:161} INFO - Started process (PID=7286) to work on /opt/airflow/dags/check_version.py
[2025-07-20T07:28:51.963+0000] {processor.py:830} INFO - Processing file /opt/airflow/dags/check_version.py for tasks to queue
[2025-07-20T07:28:51.964+0000] {logging_mixin.py:188} INFO - [2025-07-20T07:28:51.964+0000] {dagbag.py:538} INFO - Filling up the DagBag from /opt/airflow/dags/check_version.py
[2025-07-20T07:28:51.980+0000] {processor.py:840} INFO - DAG(s) 'check_sklearn_version' retrieved from /opt/airflow/dags/check_version.py
[2025-07-20T07:28:52.011+0000] {logging_mixin.py:188} INFO - [2025-07-20T07:28:52.011+0000] {dag.py:3036} INFO - Sync 1 DAGs
[2025-07-20T07:28:52.024+0000] {logging_mixin.py:188} INFO - [2025-07-20T07:28:52.024+0000] {dag.py:3823} INFO - Setting next_dagrun for check_sklearn_version to None, run_after=None
[2025-07-20T07:28:52.047+0000] {processor.py:183} INFO - Processing /opt/airflow/dags/check_version.py took 0.090 seconds
[2025-07-20T07:29:22.918+0000] {processor.py:161} INFO - Started process (PID=7321) to work on /opt/airflow/dags/check_version.py
[2025-07-20T07:29:22.919+0000] {processor.py:830} INFO - Processing file /opt/airflow/dags/check_version.py for tasks to queue
[2025-07-20T07:29:22.920+0000] {logging_mixin.py:188} INFO - [2025-07-20T07:29:22.920+0000] {dagbag.py:538} INFO - Filling up the DagBag from /opt/airflow/dags/check_version.py
[2025-07-20T07:29:22.932+0000] {processor.py:840} INFO - DAG(s) 'check_sklearn_version' retrieved from /opt/airflow/dags/check_version.py
[2025-07-20T07:29:22.958+0000] {logging_mixin.py:188} INFO - [2025-07-20T07:29:22.957+0000] {dag.py:3036} INFO - Sync 1 DAGs
[2025-07-20T07:29:22.970+0000] {logging_mixin.py:188} INFO - [2025-07-20T07:29:22.969+0000] {dag.py:3823} INFO - Setting next_dagrun for check_sklearn_version to None, run_after=None
[2025-07-20T07:29:22.990+0000] {processor.py:183} INFO - Processing /opt/airflow/dags/check_version.py took 0.076 seconds
[2025-07-20T07:29:53.774+0000] {processor.py:161} INFO - Started process (PID=7356) to work on /opt/airflow/dags/check_version.py
[2025-07-20T07:29:53.775+0000] {processor.py:830} INFO - Processing file /opt/airflow/dags/check_version.py for tasks to queue
[2025-07-20T07:29:53.776+0000] {logging_mixin.py:188} INFO - [2025-07-20T07:29:53.776+0000] {dagbag.py:538} INFO - Filling up the DagBag from /opt/airflow/dags/check_version.py
[2025-07-20T07:29:53.786+0000] {processor.py:840} INFO - DAG(s) 'check_sklearn_version' retrieved from /opt/airflow/dags/check_version.py
[2025-07-20T07:29:53.842+0000] {logging_mixin.py:188} INFO - [2025-07-20T07:29:53.841+0000] {dag.py:3036} INFO - Sync 1 DAGs
[2025-07-20T07:29:53.853+0000] {logging_mixin.py:188} INFO - [2025-07-20T07:29:53.853+0000] {dag.py:3823} INFO - Setting next_dagrun for check_sklearn_version to None, run_after=None
[2025-07-20T07:29:53.875+0000] {processor.py:183} INFO - Processing /opt/airflow/dags/check_version.py took 0.105 seconds
[2025-07-20T07:30:24.747+0000] {processor.py:161} INFO - Started process (PID=7410) to work on /opt/airflow/dags/check_version.py
[2025-07-20T07:30:24.748+0000] {processor.py:830} INFO - Processing file /opt/airflow/dags/check_version.py for tasks to queue
[2025-07-20T07:30:24.749+0000] {logging_mixin.py:188} INFO - [2025-07-20T07:30:24.749+0000] {dagbag.py:538} INFO - Filling up the DagBag from /opt/airflow/dags/check_version.py
[2025-07-20T07:30:24.761+0000] {processor.py:840} INFO - DAG(s) 'check_sklearn_version' retrieved from /opt/airflow/dags/check_version.py
[2025-07-20T07:30:24.789+0000] {logging_mixin.py:188} INFO - [2025-07-20T07:30:24.789+0000] {dag.py:3036} INFO - Sync 1 DAGs
[2025-07-20T07:30:24.801+0000] {logging_mixin.py:188} INFO - [2025-07-20T07:30:24.801+0000] {dag.py:3823} INFO - Setting next_dagrun for check_sklearn_version to None, run_after=None
[2025-07-20T07:30:24.825+0000] {processor.py:183} INFO - Processing /opt/airflow/dags/check_version.py took 0.081 seconds
[2025-07-20T07:30:55.706+0000] {processor.py:161} INFO - Started process (PID=7445) to work on /opt/airflow/dags/check_version.py
[2025-07-20T07:30:55.707+0000] {processor.py:830} INFO - Processing file /opt/airflow/dags/check_version.py for tasks to queue
[2025-07-20T07:30:55.708+0000] {logging_mixin.py:188} INFO - [2025-07-20T07:30:55.708+0000] {dagbag.py:538} INFO - Filling up the DagBag from /opt/airflow/dags/check_version.py
[2025-07-20T07:30:55.721+0000] {processor.py:840} INFO - DAG(s) 'check_sklearn_version' retrieved from /opt/airflow/dags/check_version.py
[2025-07-20T07:30:55.746+0000] {logging_mixin.py:188} INFO - [2025-07-20T07:30:55.746+0000] {dag.py:3036} INFO - Sync 1 DAGs
[2025-07-20T07:30:55.757+0000] {logging_mixin.py:188} INFO - [2025-07-20T07:30:55.757+0000] {dag.py:3823} INFO - Setting next_dagrun for check_sklearn_version to None, run_after=None
[2025-07-20T07:30:55.777+0000] {processor.py:183} INFO - Processing /opt/airflow/dags/check_version.py took 0.074 seconds
[2025-07-20T07:31:26.732+0000] {processor.py:161} INFO - Started process (PID=7480) to work on /opt/airflow/dags/check_version.py
[2025-07-20T07:31:26.734+0000] {processor.py:830} INFO - Processing file /opt/airflow/dags/check_version.py for tasks to queue
[2025-07-20T07:31:26.735+0000] {logging_mixin.py:188} INFO - [2025-07-20T07:31:26.735+0000] {dagbag.py:538} INFO - Filling up the DagBag from /opt/airflow/dags/check_version.py
[2025-07-20T07:31:26.747+0000] {processor.py:840} INFO - DAG(s) 'check_sklearn_version' retrieved from /opt/airflow/dags/check_version.py
[2025-07-20T07:31:26.772+0000] {logging_mixin.py:188} INFO - [2025-07-20T07:31:26.772+0000] {dag.py:3036} INFO - Sync 1 DAGs
[2025-07-20T07:31:26.783+0000] {logging_mixin.py:188} INFO - [2025-07-20T07:31:26.783+0000] {dag.py:3823} INFO - Setting next_dagrun for check_sklearn_version to None, run_after=None
[2025-07-20T07:31:26.805+0000] {processor.py:183} INFO - Processing /opt/airflow/dags/check_version.py took 0.077 seconds
[2025-07-20T07:31:57.509+0000] {processor.py:161} INFO - Started process (PID=7561) to work on /opt/airflow/dags/check_version.py
[2025-07-20T07:31:57.510+0000] {processor.py:830} INFO - Processing file /opt/airflow/dags/check_version.py for tasks to queue
[2025-07-20T07:31:57.511+0000] {logging_mixin.py:188} INFO - [2025-07-20T07:31:57.511+0000] {dagbag.py:538} INFO - Filling up the DagBag from /opt/airflow/dags/check_version.py
[2025-07-20T07:31:57.525+0000] {processor.py:840} INFO - DAG(s) 'check_sklearn_version' retrieved from /opt/airflow/dags/check_version.py
[2025-07-20T07:31:57.555+0000] {logging_mixin.py:188} INFO - [2025-07-20T07:31:57.555+0000] {dag.py:3036} INFO - Sync 1 DAGs
[2025-07-20T07:31:57.568+0000] {logging_mixin.py:188} INFO - [2025-07-20T07:31:57.568+0000] {dag.py:3823} INFO - Setting next_dagrun for check_sklearn_version to None, run_after=None
[2025-07-20T07:31:57.589+0000] {processor.py:183} INFO - Processing /opt/airflow/dags/check_version.py took 0.086 seconds
[2025-07-20T07:32:27.849+0000] {processor.py:161} INFO - Started process (PID=8025) to work on /opt/airflow/dags/check_version.py
[2025-07-20T07:32:27.899+0000] {processor.py:830} INFO - Processing file /opt/airflow/dags/check_version.py for tasks to queue
[2025-07-20T07:32:27.904+0000] {logging_mixin.py:188} INFO - [2025-07-20T07:32:27.903+0000] {dagbag.py:538} INFO - Filling up the DagBag from /opt/airflow/dags/check_version.py
[2025-07-20T07:32:28.064+0000] {processor.py:840} INFO - DAG(s) 'check_sklearn_version' retrieved from /opt/airflow/dags/check_version.py
[2025-07-20T07:32:28.704+0000] {logging_mixin.py:188} INFO - [2025-07-20T07:32:28.703+0000] {dag.py:3036} INFO - Sync 1 DAGs
[2025-07-20T07:32:28.901+0000] {logging_mixin.py:188} INFO - [2025-07-20T07:32:28.900+0000] {dag.py:3823} INFO - Setting next_dagrun for check_sklearn_version to None, run_after=None
[2025-07-20T07:32:29.337+0000] {processor.py:183} INFO - Processing /opt/airflow/dags/check_version.py took 1.499 seconds
[2025-07-20T07:33:05.767+0000] {processor.py:161} INFO - Started process (PID=8877) to work on /opt/airflow/dags/check_version.py
[2025-07-20T07:33:05.773+0000] {processor.py:830} INFO - Processing file /opt/airflow/dags/check_version.py for tasks to queue
[2025-07-20T07:33:06.061+0000] {logging_mixin.py:188} INFO - [2025-07-20T07:33:05.774+0000] {dagbag.py:538} INFO - Filling up the DagBag from /opt/airflow/dags/check_version.py
[2025-07-20T07:33:48.345+0000] {processor.py:840} INFO - DAG(s) 'check_sklearn_version' retrieved from /opt/airflow/dags/check_version.py
[2025-07-20T07:35:15.942+0000] {processor.py:161} INFO - Started process (PID=9956) to work on /opt/airflow/dags/check_version.py
[2025-07-20T07:35:15.943+0000] {processor.py:830} INFO - Processing file /opt/airflow/dags/check_version.py for tasks to queue
[2025-07-20T07:35:15.947+0000] {logging_mixin.py:188} INFO - [2025-07-20T07:35:15.947+0000] {dagbag.py:538} INFO - Filling up the DagBag from /opt/airflow/dags/check_version.py
[2025-07-20T07:35:15.962+0000] {processor.py:840} INFO - DAG(s) 'check_sklearn_version' retrieved from /opt/airflow/dags/check_version.py
[2025-07-20T07:35:16.243+0000] {logging_mixin.py:188} INFO - [2025-07-20T07:35:16.243+0000] {dag.py:3036} INFO - Sync 1 DAGs
[2025-07-20T07:35:16.252+0000] {logging_mixin.py:188} INFO - [2025-07-20T07:35:16.252+0000] {dag.py:3823} INFO - Setting next_dagrun for check_sklearn_version to None, run_after=None
[2025-07-20T07:35:16.275+0000] {processor.py:183} INFO - Processing /opt/airflow/dags/check_version.py took 0.338 seconds
[2025-07-20T07:35:47.282+0000] {processor.py:161} INFO - Started process (PID=9994) to work on /opt/airflow/dags/check_version.py
[2025-07-20T07:35:47.283+0000] {processor.py:830} INFO - Processing file /opt/airflow/dags/check_version.py for tasks to queue
[2025-07-20T07:35:47.285+0000] {logging_mixin.py:188} INFO - [2025-07-20T07:35:47.284+0000] {dagbag.py:538} INFO - Filling up the DagBag from /opt/airflow/dags/check_version.py
[2025-07-20T07:35:47.301+0000] {processor.py:840} INFO - DAG(s) 'check_sklearn_version' retrieved from /opt/airflow/dags/check_version.py
[2025-07-20T07:35:47.344+0000] {logging_mixin.py:188} INFO - [2025-07-20T07:35:47.343+0000] {dag.py:3036} INFO - Sync 1 DAGs
[2025-07-20T07:35:47.357+0000] {logging_mixin.py:188} INFO - [2025-07-20T07:35:47.356+0000] {dag.py:3823} INFO - Setting next_dagrun for check_sklearn_version to None, run_after=None
[2025-07-20T07:35:47.379+0000] {processor.py:183} INFO - Processing /opt/airflow/dags/check_version.py took 0.101 seconds
[2025-07-20T07:36:18.138+0000] {processor.py:161} INFO - Started process (PID=10029) to work on /opt/airflow/dags/check_version.py
[2025-07-20T07:36:18.139+0000] {processor.py:830} INFO - Processing file /opt/airflow/dags/check_version.py for tasks to queue
[2025-07-20T07:36:18.140+0000] {logging_mixin.py:188} INFO - [2025-07-20T07:36:18.140+0000] {dagbag.py:538} INFO - Filling up the DagBag from /opt/airflow/dags/check_version.py
[2025-07-20T07:36:18.151+0000] {processor.py:840} INFO - DAG(s) 'check_sklearn_version' retrieved from /opt/airflow/dags/check_version.py
[2025-07-20T07:36:18.175+0000] {logging_mixin.py:188} INFO - [2025-07-20T07:36:18.175+0000] {dag.py:3036} INFO - Sync 1 DAGs
[2025-07-20T07:36:18.186+0000] {logging_mixin.py:188} INFO - [2025-07-20T07:36:18.186+0000] {dag.py:3823} INFO - Setting next_dagrun for check_sklearn_version to None, run_after=None
[2025-07-20T07:36:18.206+0000] {processor.py:183} INFO - Processing /opt/airflow/dags/check_version.py took 0.071 seconds
[2025-07-20T07:36:48.462+0000] {processor.py:161} INFO - Started process (PID=10064) to work on /opt/airflow/dags/check_version.py
[2025-07-20T07:36:48.463+0000] {processor.py:830} INFO - Processing file /opt/airflow/dags/check_version.py for tasks to queue
[2025-07-20T07:36:48.464+0000] {logging_mixin.py:188} INFO - [2025-07-20T07:36:48.464+0000] {dagbag.py:538} INFO - Filling up the DagBag from /opt/airflow/dags/check_version.py
[2025-07-20T07:36:48.476+0000] {processor.py:840} INFO - DAG(s) 'check_sklearn_version' retrieved from /opt/airflow/dags/check_version.py
[2025-07-20T07:36:48.500+0000] {logging_mixin.py:188} INFO - [2025-07-20T07:36:48.500+0000] {dag.py:3036} INFO - Sync 1 DAGs
[2025-07-20T07:36:48.642+0000] {logging_mixin.py:188} INFO - [2025-07-20T07:36:48.642+0000] {dag.py:3823} INFO - Setting next_dagrun for check_sklearn_version to None, run_after=None
[2025-07-20T07:36:48.661+0000] {processor.py:183} INFO - Processing /opt/airflow/dags/check_version.py took 0.203 seconds
[2025-07-20T07:38:11.585+0000] {processor.py:161} INFO - Started process (PID=10475) to work on /opt/airflow/dags/check_version.py
[2025-07-20T07:38:11.593+0000] {processor.py:830} INFO - Processing file /opt/airflow/dags/check_version.py for tasks to queue
[2025-07-20T07:38:11.613+0000] {logging_mixin.py:188} INFO - [2025-07-20T07:38:11.612+0000] {dagbag.py:538} INFO - Filling up the DagBag from /opt/airflow/dags/check_version.py
[2025-07-20T07:38:11.829+0000] {processor.py:840} INFO - DAG(s) 'check_sklearn_version' retrieved from /opt/airflow/dags/check_version.py
[2025-07-20T07:38:11.933+0000] {logging_mixin.py:188} INFO - [2025-07-20T07:38:11.932+0000] {dag.py:3036} INFO - Sync 1 DAGs
[2025-07-20T07:38:11.962+0000] {logging_mixin.py:188} INFO - [2025-07-20T07:38:11.961+0000] {dag.py:3823} INFO - Setting next_dagrun for check_sklearn_version to None, run_after=None
[2025-07-20T07:38:12.050+0000] {processor.py:183} INFO - Processing /opt/airflow/dags/check_version.py took 0.471 seconds
[2025-07-20T07:38:42.490+0000] {processor.py:161} INFO - Started process (PID=10524) to work on /opt/airflow/dags/check_version.py
[2025-07-20T07:38:42.491+0000] {processor.py:830} INFO - Processing file /opt/airflow/dags/check_version.py for tasks to queue
[2025-07-20T07:38:42.492+0000] {logging_mixin.py:188} INFO - [2025-07-20T07:38:42.491+0000] {dagbag.py:538} INFO - Filling up the DagBag from /opt/airflow/dags/check_version.py
[2025-07-20T07:38:42.501+0000] {processor.py:840} INFO - DAG(s) 'check_sklearn_version' retrieved from /opt/airflow/dags/check_version.py
[2025-07-20T07:38:42.527+0000] {logging_mixin.py:188} INFO - [2025-07-20T07:38:42.526+0000] {dag.py:3036} INFO - Sync 1 DAGs
[2025-07-20T07:38:42.540+0000] {logging_mixin.py:188} INFO - [2025-07-20T07:38:42.539+0000] {dag.py:3823} INFO - Setting next_dagrun for check_sklearn_version to None, run_after=None
[2025-07-20T07:38:42.559+0000] {processor.py:183} INFO - Processing /opt/airflow/dags/check_version.py took 0.072 seconds
[2025-07-20T07:39:13.483+0000] {processor.py:161} INFO - Started process (PID=10559) to work on /opt/airflow/dags/check_version.py
[2025-07-20T07:39:13.484+0000] {processor.py:830} INFO - Processing file /opt/airflow/dags/check_version.py for tasks to queue
[2025-07-20T07:39:13.485+0000] {logging_mixin.py:188} INFO - [2025-07-20T07:39:13.485+0000] {dagbag.py:538} INFO - Filling up the DagBag from /opt/airflow/dags/check_version.py
[2025-07-20T07:39:13.497+0000] {processor.py:840} INFO - DAG(s) 'check_sklearn_version' retrieved from /opt/airflow/dags/check_version.py
[2025-07-20T07:39:13.522+0000] {logging_mixin.py:188} INFO - [2025-07-20T07:39:13.522+0000] {dag.py:3036} INFO - Sync 1 DAGs
[2025-07-20T07:39:13.536+0000] {logging_mixin.py:188} INFO - [2025-07-20T07:39:13.536+0000] {dag.py:3823} INFO - Setting next_dagrun for check_sklearn_version to None, run_after=None
[2025-07-20T07:39:13.555+0000] {processor.py:183} INFO - Processing /opt/airflow/dags/check_version.py took 0.076 seconds
[2025-07-20T07:39:44.462+0000] {processor.py:161} INFO - Started process (PID=10594) to work on /opt/airflow/dags/check_version.py
[2025-07-20T07:39:44.463+0000] {processor.py:830} INFO - Processing file /opt/airflow/dags/check_version.py for tasks to queue
[2025-07-20T07:39:44.464+0000] {logging_mixin.py:188} INFO - [2025-07-20T07:39:44.464+0000] {dagbag.py:538} INFO - Filling up the DagBag from /opt/airflow/dags/check_version.py
[2025-07-20T07:39:44.473+0000] {processor.py:840} INFO - DAG(s) 'check_sklearn_version' retrieved from /opt/airflow/dags/check_version.py
[2025-07-20T07:39:44.497+0000] {logging_mixin.py:188} INFO - [2025-07-20T07:39:44.497+0000] {dag.py:3036} INFO - Sync 1 DAGs
[2025-07-20T07:39:44.536+0000] {logging_mixin.py:188} INFO - [2025-07-20T07:39:44.536+0000] {dag.py:3823} INFO - Setting next_dagrun for check_sklearn_version to None, run_after=None
[2025-07-20T07:39:44.558+0000] {processor.py:183} INFO - Processing /opt/airflow/dags/check_version.py took 0.099 seconds
[2025-07-20T07:40:14.702+0000] {processor.py:161} INFO - Started process (PID=10629) to work on /opt/airflow/dags/check_version.py
[2025-07-20T07:40:14.703+0000] {processor.py:830} INFO - Processing file /opt/airflow/dags/check_version.py for tasks to queue
[2025-07-20T07:40:14.704+0000] {logging_mixin.py:188} INFO - [2025-07-20T07:40:14.704+0000] {dagbag.py:538} INFO - Filling up the DagBag from /opt/airflow/dags/check_version.py
[2025-07-20T07:40:14.716+0000] {processor.py:840} INFO - DAG(s) 'check_sklearn_version' retrieved from /opt/airflow/dags/check_version.py
[2025-07-20T07:40:14.741+0000] {logging_mixin.py:188} INFO - [2025-07-20T07:40:14.741+0000] {dag.py:3036} INFO - Sync 1 DAGs
[2025-07-20T07:40:14.753+0000] {logging_mixin.py:188} INFO - [2025-07-20T07:40:14.753+0000] {dag.py:3823} INFO - Setting next_dagrun for check_sklearn_version to None, run_after=None
[2025-07-20T07:40:14.773+0000] {processor.py:183} INFO - Processing /opt/airflow/dags/check_version.py took 0.074 seconds
[2025-07-20T07:40:44.877+0000] {processor.py:161} INFO - Started process (PID=10664) to work on /opt/airflow/dags/check_version.py
[2025-07-20T07:40:44.878+0000] {processor.py:830} INFO - Processing file /opt/airflow/dags/check_version.py for tasks to queue
[2025-07-20T07:40:44.879+0000] {logging_mixin.py:188} INFO - [2025-07-20T07:40:44.879+0000] {dagbag.py:538} INFO - Filling up the DagBag from /opt/airflow/dags/check_version.py
[2025-07-20T07:40:44.893+0000] {processor.py:840} INFO - DAG(s) 'check_sklearn_version' retrieved from /opt/airflow/dags/check_version.py
[2025-07-20T07:40:44.928+0000] {logging_mixin.py:188} INFO - [2025-07-20T07:40:44.928+0000] {dag.py:3036} INFO - Sync 1 DAGs
[2025-07-20T07:40:44.946+0000] {logging_mixin.py:188} INFO - [2025-07-20T07:40:44.946+0000] {dag.py:3823} INFO - Setting next_dagrun for check_sklearn_version to None, run_after=None
[2025-07-20T07:40:44.979+0000] {processor.py:183} INFO - Processing /opt/airflow/dags/check_version.py took 0.108 seconds
[2025-07-20T07:41:15.751+0000] {processor.py:161} INFO - Started process (PID=10699) to work on /opt/airflow/dags/check_version.py
[2025-07-20T07:41:15.752+0000] {processor.py:830} INFO - Processing file /opt/airflow/dags/check_version.py for tasks to queue
[2025-07-20T07:41:15.753+0000] {logging_mixin.py:188} INFO - [2025-07-20T07:41:15.753+0000] {dagbag.py:538} INFO - Filling up the DagBag from /opt/airflow/dags/check_version.py
[2025-07-20T07:41:15.763+0000] {processor.py:840} INFO - DAG(s) 'check_sklearn_version' retrieved from /opt/airflow/dags/check_version.py
[2025-07-20T07:41:15.790+0000] {logging_mixin.py:188} INFO - [2025-07-20T07:41:15.790+0000] {dag.py:3036} INFO - Sync 1 DAGs
[2025-07-20T07:41:15.808+0000] {logging_mixin.py:188} INFO - [2025-07-20T07:41:15.807+0000] {dag.py:3823} INFO - Setting next_dagrun for check_sklearn_version to None, run_after=None
[2025-07-20T07:41:15.831+0000] {processor.py:183} INFO - Processing /opt/airflow/dags/check_version.py took 0.084 seconds
[2025-07-20T07:41:46.188+0000] {processor.py:161} INFO - Started process (PID=10734) to work on /opt/airflow/dags/check_version.py
[2025-07-20T07:41:46.189+0000] {processor.py:830} INFO - Processing file /opt/airflow/dags/check_version.py for tasks to queue
[2025-07-20T07:41:46.190+0000] {logging_mixin.py:188} INFO - [2025-07-20T07:41:46.190+0000] {dagbag.py:538} INFO - Filling up the DagBag from /opt/airflow/dags/check_version.py
[2025-07-20T07:41:46.200+0000] {processor.py:840} INFO - DAG(s) 'check_sklearn_version' retrieved from /opt/airflow/dags/check_version.py
[2025-07-20T07:41:46.226+0000] {logging_mixin.py:188} INFO - [2025-07-20T07:41:46.226+0000] {dag.py:3036} INFO - Sync 1 DAGs
[2025-07-20T07:41:46.239+0000] {logging_mixin.py:188} INFO - [2025-07-20T07:41:46.239+0000] {dag.py:3823} INFO - Setting next_dagrun for check_sklearn_version to None, run_after=None
[2025-07-20T07:41:46.260+0000] {processor.py:183} INFO - Processing /opt/airflow/dags/check_version.py took 0.078 seconds
