[2025-07-20T06:47:56.165+0000] {processor.py:161} INFO - Started process (PID=219) to work on /opt/airflow/dags/eda_airflow.py
[2025-07-20T06:47:56.166+0000] {processor.py:830} INFO - Processing file /opt/airflow/dags/eda_airflow.py for tasks to queue
[2025-07-20T06:47:56.167+0000] {logging_mixin.py:188} INFO - [2025-07-20T06:47:56.167+0000] {dagbag.py:538} INFO - Filling up the DagBag from /opt/airflow/dags/eda_airflow.py
[2025-07-20T06:47:56.184+0000] {processor.py:840} INFO - DAG(s) 'launch_streamlit_dashboard' retrieved from /opt/airflow/dags/eda_airflow.py
[2025-07-20T06:47:56.330+0000] {logging_mixin.py:188} INFO - [2025-07-20T06:47:56.330+0000] {dag.py:3036} INFO - Sync 1 DAGs
[2025-07-20T06:47:56.342+0000] {logging_mixin.py:188} INFO - [2025-07-20T06:47:56.341+0000] {dag.py:3823} INFO - Setting next_dagrun for launch_streamlit_dashboard to None, run_after=None
[2025-07-20T06:47:56.363+0000] {processor.py:183} INFO - Processing /opt/airflow/dags/eda_airflow.py took 0.200 seconds
[2025-07-20T06:51:48.097+0000] {processor.py:161} INFO - Started process (PID=1743) to work on /opt/airflow/dags/eda_airflow.py
[2025-07-20T06:51:48.101+0000] {processor.py:830} INFO - Processing file /opt/airflow/dags/eda_airflow.py for tasks to queue
[2025-07-20T06:51:48.321+0000] {logging_mixin.py:188} INFO - [2025-07-20T06:51:48.321+0000] {dagbag.py:538} INFO - Filling up the DagBag from /opt/airflow/dags/eda_airflow.py
[2025-07-20T06:52:08.024+0000] {processor.py:840} INFO - DAG(s) 'launch_streamlit_dashboard' retrieved from /opt/airflow/dags/eda_airflow.py
[2025-07-20T06:53:40.381+0000] {processor.py:161} INFO - Started process (PID=2527) to work on /opt/airflow/dags/eda_airflow.py
[2025-07-20T06:53:40.385+0000] {processor.py:830} INFO - Processing file /opt/airflow/dags/eda_airflow.py for tasks to queue
[2025-07-20T06:53:40.386+0000] {logging_mixin.py:188} INFO - [2025-07-20T06:53:40.386+0000] {dagbag.py:538} INFO - Filling up the DagBag from /opt/airflow/dags/eda_airflow.py
[2025-07-20T06:53:40.523+0000] {processor.py:840} INFO - DAG(s) 'launch_streamlit_dashboard' retrieved from /opt/airflow/dags/eda_airflow.py
[2025-07-20T06:53:40.717+0000] {logging_mixin.py:188} INFO - [2025-07-20T06:53:40.717+0000] {dag.py:3036} INFO - Sync 1 DAGs
[2025-07-20T06:53:41.521+0000] {logging_mixin.py:188} INFO - [2025-07-20T06:53:41.520+0000] {dag.py:3823} INFO - Setting next_dagrun for launch_streamlit_dashboard to None, run_after=None
[2025-07-20T06:53:43.199+0000] {processor.py:183} INFO - Processing /opt/airflow/dags/eda_airflow.py took 2.824 seconds
[2025-07-20T06:54:17.645+0000] {processor.py:161} INFO - Started process (PID=2557) to work on /opt/airflow/dags/eda_airflow.py
[2025-07-20T06:54:17.696+0000] {processor.py:830} INFO - Processing file /opt/airflow/dags/eda_airflow.py for tasks to queue
[2025-07-20T06:54:17.699+0000] {logging_mixin.py:188} INFO - [2025-07-20T06:54:17.698+0000] {dagbag.py:538} INFO - Filling up the DagBag from /opt/airflow/dags/eda_airflow.py
[2025-07-20T06:54:18.618+0000] {processor.py:840} INFO - DAG(s) 'launch_streamlit_dashboard' retrieved from /opt/airflow/dags/eda_airflow.py
[2025-07-20T06:54:18.707+0000] {logging_mixin.py:188} INFO - [2025-07-20T06:54:18.707+0000] {dag.py:3036} INFO - Sync 1 DAGs
[2025-07-20T06:54:18.730+0000] {logging_mixin.py:188} INFO - [2025-07-20T06:54:18.729+0000] {dag.py:3823} INFO - Setting next_dagrun for launch_streamlit_dashboard to None, run_after=None
[2025-07-20T06:54:19.221+0000] {processor.py:183} INFO - Processing /opt/airflow/dags/eda_airflow.py took 1.616 seconds
[2025-07-20T06:54:51.469+0000] {processor.py:161} INFO - Started process (PID=2592) to work on /opt/airflow/dags/eda_airflow.py
[2025-07-20T06:54:51.471+0000] {processor.py:830} INFO - Processing file /opt/airflow/dags/eda_airflow.py for tasks to queue
[2025-07-20T06:54:51.473+0000] {logging_mixin.py:188} INFO - [2025-07-20T06:54:51.472+0000] {dagbag.py:538} INFO - Filling up the DagBag from /opt/airflow/dags/eda_airflow.py
[2025-07-20T06:54:51.740+0000] {processor.py:840} INFO - DAG(s) 'launch_streamlit_dashboard' retrieved from /opt/airflow/dags/eda_airflow.py
[2025-07-20T06:54:51.783+0000] {logging_mixin.py:188} INFO - [2025-07-20T06:54:51.782+0000] {dag.py:3036} INFO - Sync 1 DAGs
[2025-07-20T06:54:51.831+0000] {logging_mixin.py:188} INFO - [2025-07-20T06:54:51.831+0000] {dag.py:3823} INFO - Setting next_dagrun for launch_streamlit_dashboard to None, run_after=None
[2025-07-20T06:54:52.102+0000] {processor.py:183} INFO - Processing /opt/airflow/dags/eda_airflow.py took 0.639 seconds
[2025-07-20T06:55:22.650+0000] {processor.py:161} INFO - Started process (PID=2629) to work on /opt/airflow/dags/eda_airflow.py
[2025-07-20T06:55:22.672+0000] {processor.py:830} INFO - Processing file /opt/airflow/dags/eda_airflow.py for tasks to queue
[2025-07-20T06:55:22.674+0000] {logging_mixin.py:188} INFO - [2025-07-20T06:55:22.674+0000] {dagbag.py:538} INFO - Filling up the DagBag from /opt/airflow/dags/eda_airflow.py
[2025-07-20T06:55:22.709+0000] {processor.py:840} INFO - DAG(s) 'launch_streamlit_dashboard' retrieved from /opt/airflow/dags/eda_airflow.py
[2025-07-20T06:55:23.045+0000] {logging_mixin.py:188} INFO - [2025-07-20T06:55:23.045+0000] {dag.py:3036} INFO - Sync 1 DAGs
[2025-07-20T06:55:23.077+0000] {logging_mixin.py:188} INFO - [2025-07-20T06:55:23.076+0000] {dag.py:3823} INFO - Setting next_dagrun for launch_streamlit_dashboard to None, run_after=None
[2025-07-20T06:55:23.195+0000] {processor.py:183} INFO - Processing /opt/airflow/dags/eda_airflow.py took 0.551 seconds
[2025-07-20T06:55:59.301+0000] {processor.py:161} INFO - Started process (PID=2677) to work on /opt/airflow/dags/eda_airflow.py
[2025-07-20T06:55:59.318+0000] {processor.py:830} INFO - Processing file /opt/airflow/dags/eda_airflow.py for tasks to queue
[2025-07-20T06:55:59.321+0000] {logging_mixin.py:188} INFO - [2025-07-20T06:55:59.320+0000] {dagbag.py:538} INFO - Filling up the DagBag from /opt/airflow/dags/eda_airflow.py
[2025-07-20T06:55:59.368+0000] {processor.py:840} INFO - DAG(s) 'launch_streamlit_dashboard' retrieved from /opt/airflow/dags/eda_airflow.py
[2025-07-20T06:55:59.736+0000] {logging_mixin.py:188} INFO - [2025-07-20T06:55:59.735+0000] {dag.py:3036} INFO - Sync 1 DAGs
[2025-07-20T06:55:59.803+0000] {logging_mixin.py:188} INFO - [2025-07-20T06:55:59.803+0000] {dag.py:3823} INFO - Setting next_dagrun for launch_streamlit_dashboard to None, run_after=None
[2025-07-20T06:55:59.903+0000] {processor.py:183} INFO - Processing /opt/airflow/dags/eda_airflow.py took 0.609 seconds
[2025-07-20T06:56:32.098+0000] {processor.py:161} INFO - Started process (PID=2712) to work on /opt/airflow/dags/eda_airflow.py
[2025-07-20T06:56:32.105+0000] {processor.py:830} INFO - Processing file /opt/airflow/dags/eda_airflow.py for tasks to queue
[2025-07-20T06:56:32.114+0000] {logging_mixin.py:188} INFO - [2025-07-20T06:56:32.113+0000] {dagbag.py:538} INFO - Filling up the DagBag from /opt/airflow/dags/eda_airflow.py
[2025-07-20T06:56:32.269+0000] {processor.py:840} INFO - DAG(s) 'launch_streamlit_dashboard' retrieved from /opt/airflow/dags/eda_airflow.py
[2025-07-20T06:56:32.786+0000] {logging_mixin.py:188} INFO - [2025-07-20T06:56:32.786+0000] {dag.py:3036} INFO - Sync 1 DAGs
[2025-07-20T06:56:32.883+0000] {logging_mixin.py:188} INFO - [2025-07-20T06:56:32.882+0000] {dag.py:3823} INFO - Setting next_dagrun for launch_streamlit_dashboard to None, run_after=None
[2025-07-20T06:56:33.121+0000] {processor.py:183} INFO - Processing /opt/airflow/dags/eda_airflow.py took 1.029 seconds
[2025-07-20T06:57:03.404+0000] {processor.py:161} INFO - Started process (PID=2747) to work on /opt/airflow/dags/eda_airflow.py
[2025-07-20T06:57:03.426+0000] {processor.py:830} INFO - Processing file /opt/airflow/dags/eda_airflow.py for tasks to queue
[2025-07-20T06:57:03.428+0000] {logging_mixin.py:188} INFO - [2025-07-20T06:57:03.428+0000] {dagbag.py:538} INFO - Filling up the DagBag from /opt/airflow/dags/eda_airflow.py
[2025-07-20T06:57:03.459+0000] {processor.py:840} INFO - DAG(s) 'launch_streamlit_dashboard' retrieved from /opt/airflow/dags/eda_airflow.py
[2025-07-20T06:57:03.556+0000] {logging_mixin.py:188} INFO - [2025-07-20T06:57:03.555+0000] {dag.py:3036} INFO - Sync 1 DAGs
[2025-07-20T06:57:03.630+0000] {logging_mixin.py:188} INFO - [2025-07-20T06:57:03.630+0000] {dag.py:3823} INFO - Setting next_dagrun for launch_streamlit_dashboard to None, run_after=None
[2025-07-20T06:57:03.728+0000] {processor.py:183} INFO - Processing /opt/airflow/dags/eda_airflow.py took 0.332 seconds
[2025-07-20T06:57:34.530+0000] {processor.py:161} INFO - Started process (PID=2782) to work on /opt/airflow/dags/eda_airflow.py
[2025-07-20T06:57:34.549+0000] {processor.py:830} INFO - Processing file /opt/airflow/dags/eda_airflow.py for tasks to queue
[2025-07-20T06:57:34.552+0000] {logging_mixin.py:188} INFO - [2025-07-20T06:57:34.551+0000] {dagbag.py:538} INFO - Filling up the DagBag from /opt/airflow/dags/eda_airflow.py
[2025-07-20T06:57:34.577+0000] {processor.py:840} INFO - DAG(s) 'launch_streamlit_dashboard' retrieved from /opt/airflow/dags/eda_airflow.py
[2025-07-20T06:57:34.704+0000] {logging_mixin.py:188} INFO - [2025-07-20T06:57:34.703+0000] {dag.py:3036} INFO - Sync 1 DAGs
[2025-07-20T06:57:34.754+0000] {logging_mixin.py:188} INFO - [2025-07-20T06:57:34.754+0000] {dag.py:3823} INFO - Setting next_dagrun for launch_streamlit_dashboard to None, run_after=None
[2025-07-20T06:57:34.836+0000] {processor.py:183} INFO - Processing /opt/airflow/dags/eda_airflow.py took 0.313 seconds
[2025-07-20T06:58:38.821+0000] {processor.py:161} INFO - Started process (PID=2820) to work on /opt/airflow/dags/eda_airflow.py
[2025-07-20T06:58:38.822+0000] {processor.py:830} INFO - Processing file /opt/airflow/dags/eda_airflow.py for tasks to queue
[2025-07-20T06:58:38.823+0000] {logging_mixin.py:188} INFO - [2025-07-20T06:58:38.823+0000] {dagbag.py:538} INFO - Filling up the DagBag from /opt/airflow/dags/eda_airflow.py
[2025-07-20T06:58:38.882+0000] {processor.py:840} INFO - DAG(s) 'launch_streamlit_dashboard' retrieved from /opt/airflow/dags/eda_airflow.py
[2025-07-20T06:58:39.621+0000] {logging_mixin.py:188} INFO - [2025-07-20T06:58:39.621+0000] {dag.py:3036} INFO - Sync 1 DAGs
[2025-07-20T06:58:39.939+0000] {logging_mixin.py:188} INFO - [2025-07-20T06:58:39.938+0000] {dag.py:3823} INFO - Setting next_dagrun for launch_streamlit_dashboard to None, run_after=None
[2025-07-20T06:58:40.342+0000] {processor.py:183} INFO - Processing /opt/airflow/dags/eda_airflow.py took 1.459 seconds
[2025-07-20T06:59:11.807+0000] {processor.py:161} INFO - Started process (PID=2854) to work on /opt/airflow/dags/eda_airflow.py
[2025-07-20T06:59:11.842+0000] {processor.py:830} INFO - Processing file /opt/airflow/dags/eda_airflow.py for tasks to queue
[2025-07-20T06:59:11.995+0000] {logging_mixin.py:188} INFO - [2025-07-20T06:59:11.994+0000] {dagbag.py:538} INFO - Filling up the DagBag from /opt/airflow/dags/eda_airflow.py
[2025-07-20T06:59:12.037+0000] {processor.py:840} INFO - DAG(s) 'launch_streamlit_dashboard' retrieved from /opt/airflow/dags/eda_airflow.py
[2025-07-20T06:59:12.115+0000] {logging_mixin.py:188} INFO - [2025-07-20T06:59:12.114+0000] {dag.py:3036} INFO - Sync 1 DAGs
[2025-07-20T06:59:12.246+0000] {logging_mixin.py:188} INFO - [2025-07-20T06:59:12.245+0000] {dag.py:3823} INFO - Setting next_dagrun for launch_streamlit_dashboard to None, run_after=None
[2025-07-20T06:59:12.363+0000] {processor.py:183} INFO - Processing /opt/airflow/dags/eda_airflow.py took 0.604 seconds
[2025-07-20T06:59:44.132+0000] {processor.py:161} INFO - Started process (PID=2892) to work on /opt/airflow/dags/eda_airflow.py
[2025-07-20T06:59:44.134+0000] {processor.py:830} INFO - Processing file /opt/airflow/dags/eda_airflow.py for tasks to queue
[2025-07-20T06:59:44.190+0000] {logging_mixin.py:188} INFO - [2025-07-20T06:59:44.189+0000] {dagbag.py:538} INFO - Filling up the DagBag from /opt/airflow/dags/eda_airflow.py
[2025-07-20T06:59:44.269+0000] {processor.py:840} INFO - DAG(s) 'launch_streamlit_dashboard' retrieved from /opt/airflow/dags/eda_airflow.py
[2025-07-20T06:59:44.321+0000] {logging_mixin.py:188} INFO - [2025-07-20T06:59:44.321+0000] {dag.py:3036} INFO - Sync 1 DAGs
[2025-07-20T06:59:44.388+0000] {logging_mixin.py:188} INFO - [2025-07-20T06:59:44.388+0000] {dag.py:3823} INFO - Setting next_dagrun for launch_streamlit_dashboard to None, run_after=None
[2025-07-20T06:59:44.503+0000] {processor.py:183} INFO - Processing /opt/airflow/dags/eda_airflow.py took 0.375 seconds
[2025-07-20T07:00:15.180+0000] {processor.py:161} INFO - Started process (PID=2922) to work on /opt/airflow/dags/eda_airflow.py
[2025-07-20T07:00:15.190+0000] {processor.py:830} INFO - Processing file /opt/airflow/dags/eda_airflow.py for tasks to queue
[2025-07-20T07:00:15.192+0000] {logging_mixin.py:188} INFO - [2025-07-20T07:00:15.191+0000] {dagbag.py:538} INFO - Filling up the DagBag from /opt/airflow/dags/eda_airflow.py
[2025-07-20T07:00:15.242+0000] {processor.py:840} INFO - DAG(s) 'launch_streamlit_dashboard' retrieved from /opt/airflow/dags/eda_airflow.py
[2025-07-20T07:00:15.703+0000] {logging_mixin.py:188} INFO - [2025-07-20T07:00:15.702+0000] {dag.py:3036} INFO - Sync 1 DAGs
[2025-07-20T07:00:15.732+0000] {logging_mixin.py:188} INFO - [2025-07-20T07:00:15.732+0000] {dag.py:3823} INFO - Setting next_dagrun for launch_streamlit_dashboard to None, run_after=None
[2025-07-20T07:00:16.802+0000] {processor.py:183} INFO - Processing /opt/airflow/dags/eda_airflow.py took 1.628 seconds
[2025-07-20T07:00:47.528+0000] {processor.py:161} INFO - Started process (PID=2962) to work on /opt/airflow/dags/eda_airflow.py
[2025-07-20T07:00:47.530+0000] {processor.py:830} INFO - Processing file /opt/airflow/dags/eda_airflow.py for tasks to queue
[2025-07-20T07:00:47.532+0000] {logging_mixin.py:188} INFO - [2025-07-20T07:00:47.531+0000] {dagbag.py:538} INFO - Filling up the DagBag from /opt/airflow/dags/eda_airflow.py
[2025-07-20T07:00:47.589+0000] {processor.py:840} INFO - DAG(s) 'launch_streamlit_dashboard' retrieved from /opt/airflow/dags/eda_airflow.py
[2025-07-20T07:00:47.797+0000] {logging_mixin.py:188} INFO - [2025-07-20T07:00:47.796+0000] {dag.py:3036} INFO - Sync 1 DAGs
[2025-07-20T07:00:47.839+0000] {logging_mixin.py:188} INFO - [2025-07-20T07:00:47.838+0000] {dag.py:3823} INFO - Setting next_dagrun for launch_streamlit_dashboard to None, run_after=None
[2025-07-20T07:00:47.926+0000] {processor.py:183} INFO - Processing /opt/airflow/dags/eda_airflow.py took 0.403 seconds
[2025-07-20T07:01:55.111+0000] {processor.py:161} INFO - Started process (PID=2997) to work on /opt/airflow/dags/eda_airflow.py
[2025-07-20T07:01:55.112+0000] {processor.py:830} INFO - Processing file /opt/airflow/dags/eda_airflow.py for tasks to queue
[2025-07-20T07:01:55.113+0000] {logging_mixin.py:188} INFO - [2025-07-20T07:01:55.112+0000] {dagbag.py:538} INFO - Filling up the DagBag from /opt/airflow/dags/eda_airflow.py
[2025-07-20T07:01:55.955+0000] {processor.py:840} INFO - DAG(s) 'launch_streamlit_dashboard' retrieved from /opt/airflow/dags/eda_airflow.py
[2025-07-20T07:01:56.734+0000] {logging_mixin.py:188} INFO - [2025-07-20T07:01:56.733+0000] {dag.py:3036} INFO - Sync 1 DAGs
[2025-07-20T07:02:02.240+0000] {logging_mixin.py:188} INFO - [2025-07-20T07:02:02.239+0000] {dag.py:3823} INFO - Setting next_dagrun for launch_streamlit_dashboard to None, run_after=None
[2025-07-20T07:02:09.223+0000] {processor.py:183} INFO - Processing /opt/airflow/dags/eda_airflow.py took 14.115 seconds
[2025-07-20T07:02:42.942+0000] {processor.py:161} INFO - Started process (PID=3030) to work on /opt/airflow/dags/eda_airflow.py
[2025-07-20T07:02:42.946+0000] {processor.py:830} INFO - Processing file /opt/airflow/dags/eda_airflow.py for tasks to queue
[2025-07-20T07:02:42.950+0000] {logging_mixin.py:188} INFO - [2025-07-20T07:02:42.949+0000] {dagbag.py:538} INFO - Filling up the DagBag from /opt/airflow/dags/eda_airflow.py
[2025-07-20T07:02:42.971+0000] {processor.py:840} INFO - DAG(s) 'launch_streamlit_dashboard' retrieved from /opt/airflow/dags/eda_airflow.py
[2025-07-20T07:02:58.611+0000] {logging_mixin.py:188} INFO - [2025-07-20T07:02:58.610+0000] {dag.py:3036} INFO - Sync 1 DAGs
[2025-07-20T07:03:20.546+0000] {logging_mixin.py:188} INFO - [2025-07-20T07:03:20.545+0000] {dag.py:3823} INFO - Setting next_dagrun for launch_streamlit_dashboard to None, run_after=None
[2025-07-20T07:03:28.795+0000] {processor.py:183} INFO - Processing /opt/airflow/dags/eda_airflow.py took 45.893 seconds
[2025-07-20T07:04:30.346+0000] {processor.py:161} INFO - Started process (PID=3059) to work on /opt/airflow/dags/eda_airflow.py
[2025-07-20T07:04:30.346+0000] {processor.py:830} INFO - Processing file /opt/airflow/dags/eda_airflow.py for tasks to queue
[2025-07-20T07:04:30.347+0000] {logging_mixin.py:188} INFO - [2025-07-20T07:04:30.347+0000] {dagbag.py:538} INFO - Filling up the DagBag from /opt/airflow/dags/eda_airflow.py
[2025-07-20T07:04:30.364+0000] {processor.py:840} INFO - DAG(s) 'launch_streamlit_dashboard' retrieved from /opt/airflow/dags/eda_airflow.py
[2025-07-20T07:04:33.366+0000] {logging_mixin.py:188} INFO - [2025-07-20T07:04:33.366+0000] {dag.py:3036} INFO - Sync 1 DAGs
[2025-07-20T07:04:33.407+0000] {logging_mixin.py:188} INFO - [2025-07-20T07:04:33.406+0000] {dag.py:3823} INFO - Setting next_dagrun for launch_streamlit_dashboard to None, run_after=None
[2025-07-20T07:04:34.117+0000] {processor.py:183} INFO - Processing /opt/airflow/dags/eda_airflow.py took 3.774 seconds
[2025-07-20T07:09:21.131+0000] {processor.py:161} INFO - Started process (PID=3098) to work on /opt/airflow/dags/eda_airflow.py
[2025-07-20T07:09:21.132+0000] {processor.py:830} INFO - Processing file /opt/airflow/dags/eda_airflow.py for tasks to queue
[2025-07-20T07:09:21.133+0000] {logging_mixin.py:188} INFO - [2025-07-20T07:09:21.132+0000] {dagbag.py:538} INFO - Filling up the DagBag from /opt/airflow/dags/eda_airflow.py
[2025-07-20T07:09:21.142+0000] {processor.py:840} INFO - DAG(s) 'launch_streamlit_dashboard' retrieved from /opt/airflow/dags/eda_airflow.py
[2025-07-20T07:09:21.176+0000] {logging_mixin.py:188} INFO - [2025-07-20T07:09:21.175+0000] {dag.py:3036} INFO - Sync 1 DAGs
[2025-07-20T07:09:21.291+0000] {logging_mixin.py:188} INFO - [2025-07-20T07:09:21.291+0000] {dag.py:3823} INFO - Setting next_dagrun for launch_streamlit_dashboard to None, run_after=None
[2025-07-20T07:09:21.311+0000] {processor.py:183} INFO - Processing /opt/airflow/dags/eda_airflow.py took 0.182 seconds
[2025-07-20T07:09:51.361+0000] {processor.py:161} INFO - Started process (PID=3150) to work on /opt/airflow/dags/eda_airflow.py
[2025-07-20T07:09:51.362+0000] {processor.py:830} INFO - Processing file /opt/airflow/dags/eda_airflow.py for tasks to queue
[2025-07-20T07:09:51.363+0000] {logging_mixin.py:188} INFO - [2025-07-20T07:09:51.363+0000] {dagbag.py:538} INFO - Filling up the DagBag from /opt/airflow/dags/eda_airflow.py
[2025-07-20T07:09:51.373+0000] {processor.py:840} INFO - DAG(s) 'launch_streamlit_dashboard' retrieved from /opt/airflow/dags/eda_airflow.py
[2025-07-20T07:09:51.469+0000] {logging_mixin.py:188} INFO - [2025-07-20T07:09:51.469+0000] {dag.py:3036} INFO - Sync 1 DAGs
[2025-07-20T07:09:51.480+0000] {logging_mixin.py:188} INFO - [2025-07-20T07:09:51.480+0000] {dag.py:3823} INFO - Setting next_dagrun for launch_streamlit_dashboard to None, run_after=None
[2025-07-20T07:09:51.502+0000] {processor.py:183} INFO - Processing /opt/airflow/dags/eda_airflow.py took 0.144 seconds
[2025-07-20T07:10:21.545+0000] {processor.py:161} INFO - Started process (PID=3195) to work on /opt/airflow/dags/eda_airflow.py
[2025-07-20T07:10:21.546+0000] {processor.py:830} INFO - Processing file /opt/airflow/dags/eda_airflow.py for tasks to queue
[2025-07-20T07:10:21.547+0000] {logging_mixin.py:188} INFO - [2025-07-20T07:10:21.547+0000] {dagbag.py:538} INFO - Filling up the DagBag from /opt/airflow/dags/eda_airflow.py
[2025-07-20T07:10:21.556+0000] {processor.py:840} INFO - DAG(s) 'launch_streamlit_dashboard' retrieved from /opt/airflow/dags/eda_airflow.py
[2025-07-20T07:10:21.581+0000] {logging_mixin.py:188} INFO - [2025-07-20T07:10:21.581+0000] {dag.py:3036} INFO - Sync 1 DAGs
[2025-07-20T07:10:21.593+0000] {logging_mixin.py:188} INFO - [2025-07-20T07:10:21.593+0000] {dag.py:3823} INFO - Setting next_dagrun for launch_streamlit_dashboard to None, run_after=None
[2025-07-20T07:10:21.612+0000] {processor.py:183} INFO - Processing /opt/airflow/dags/eda_airflow.py took 0.070 seconds
[2025-07-20T07:10:52.644+0000] {processor.py:161} INFO - Started process (PID=3230) to work on /opt/airflow/dags/eda_airflow.py
[2025-07-20T07:10:52.645+0000] {processor.py:830} INFO - Processing file /opt/airflow/dags/eda_airflow.py for tasks to queue
[2025-07-20T07:10:52.646+0000] {logging_mixin.py:188} INFO - [2025-07-20T07:10:52.646+0000] {dagbag.py:538} INFO - Filling up the DagBag from /opt/airflow/dags/eda_airflow.py
[2025-07-20T07:10:52.657+0000] {processor.py:840} INFO - DAG(s) 'launch_streamlit_dashboard' retrieved from /opt/airflow/dags/eda_airflow.py
[2025-07-20T07:10:52.668+0000] {logging_mixin.py:188} INFO - [2025-07-20T07:10:52.668+0000] {dag.py:3036} INFO - Sync 1 DAGs
[2025-07-20T07:10:52.680+0000] {logging_mixin.py:188} INFO - [2025-07-20T07:10:52.680+0000] {dag.py:3823} INFO - Setting next_dagrun for launch_streamlit_dashboard to None, run_after=None
[2025-07-20T07:10:52.700+0000] {processor.py:183} INFO - Processing /opt/airflow/dags/eda_airflow.py took 0.059 seconds
[2025-07-20T07:11:23.434+0000] {processor.py:161} INFO - Started process (PID=3268) to work on /opt/airflow/dags/eda_airflow.py
[2025-07-20T07:11:23.436+0000] {processor.py:830} INFO - Processing file /opt/airflow/dags/eda_airflow.py for tasks to queue
[2025-07-20T07:11:23.437+0000] {logging_mixin.py:188} INFO - [2025-07-20T07:11:23.436+0000] {dagbag.py:538} INFO - Filling up the DagBag from /opt/airflow/dags/eda_airflow.py
[2025-07-20T07:11:23.448+0000] {processor.py:840} INFO - DAG(s) 'launch_streamlit_dashboard' retrieved from /opt/airflow/dags/eda_airflow.py
[2025-07-20T07:11:23.542+0000] {logging_mixin.py:188} INFO - [2025-07-20T07:11:23.542+0000] {dag.py:3036} INFO - Sync 1 DAGs
[2025-07-20T07:11:23.553+0000] {logging_mixin.py:188} INFO - [2025-07-20T07:11:23.552+0000] {dag.py:3823} INFO - Setting next_dagrun for launch_streamlit_dashboard to None, run_after=None
[2025-07-20T07:11:23.576+0000] {processor.py:183} INFO - Processing /opt/airflow/dags/eda_airflow.py took 0.145 seconds
[2025-07-20T07:11:53.659+0000] {processor.py:161} INFO - Started process (PID=3303) to work on /opt/airflow/dags/eda_airflow.py
[2025-07-20T07:11:53.660+0000] {processor.py:830} INFO - Processing file /opt/airflow/dags/eda_airflow.py for tasks to queue
[2025-07-20T07:11:53.662+0000] {logging_mixin.py:188} INFO - [2025-07-20T07:11:53.661+0000] {dagbag.py:538} INFO - Filling up the DagBag from /opt/airflow/dags/eda_airflow.py
[2025-07-20T07:11:53.674+0000] {processor.py:840} INFO - DAG(s) 'launch_streamlit_dashboard' retrieved from /opt/airflow/dags/eda_airflow.py
[2025-07-20T07:11:53.687+0000] {logging_mixin.py:188} INFO - [2025-07-20T07:11:53.687+0000] {dag.py:3036} INFO - Sync 1 DAGs
[2025-07-20T07:11:53.699+0000] {logging_mixin.py:188} INFO - [2025-07-20T07:11:53.699+0000] {dag.py:3823} INFO - Setting next_dagrun for launch_streamlit_dashboard to None, run_after=None
[2025-07-20T07:11:53.721+0000] {processor.py:183} INFO - Processing /opt/airflow/dags/eda_airflow.py took 0.066 seconds
[2025-07-20T07:12:23.801+0000] {processor.py:161} INFO - Started process (PID=3343) to work on /opt/airflow/dags/eda_airflow.py
[2025-07-20T07:12:23.802+0000] {processor.py:830} INFO - Processing file /opt/airflow/dags/eda_airflow.py for tasks to queue
[2025-07-20T07:12:23.803+0000] {logging_mixin.py:188} INFO - [2025-07-20T07:12:23.802+0000] {dagbag.py:538} INFO - Filling up the DagBag from /opt/airflow/dags/eda_airflow.py
[2025-07-20T07:12:23.815+0000] {processor.py:840} INFO - DAG(s) 'launch_streamlit_dashboard' retrieved from /opt/airflow/dags/eda_airflow.py
[2025-07-20T07:12:23.947+0000] {logging_mixin.py:188} INFO - [2025-07-20T07:12:23.947+0000] {dag.py:3036} INFO - Sync 1 DAGs
[2025-07-20T07:12:24.038+0000] {logging_mixin.py:188} INFO - [2025-07-20T07:12:24.038+0000] {dag.py:3823} INFO - Setting next_dagrun for launch_streamlit_dashboard to None, run_after=None
[2025-07-20T07:12:24.062+0000] {processor.py:183} INFO - Processing /opt/airflow/dags/eda_airflow.py took 0.264 seconds
[2025-07-20T07:12:54.364+0000] {processor.py:161} INFO - Started process (PID=3390) to work on /opt/airflow/dags/eda_airflow.py
[2025-07-20T07:12:54.365+0000] {processor.py:830} INFO - Processing file /opt/airflow/dags/eda_airflow.py for tasks to queue
[2025-07-20T07:12:54.366+0000] {logging_mixin.py:188} INFO - [2025-07-20T07:12:54.366+0000] {dagbag.py:538} INFO - Filling up the DagBag from /opt/airflow/dags/eda_airflow.py
[2025-07-20T07:12:54.376+0000] {processor.py:840} INFO - DAG(s) 'launch_streamlit_dashboard' retrieved from /opt/airflow/dags/eda_airflow.py
[2025-07-20T07:12:54.387+0000] {logging_mixin.py:188} INFO - [2025-07-20T07:12:54.387+0000] {dag.py:3036} INFO - Sync 1 DAGs
[2025-07-20T07:12:54.399+0000] {logging_mixin.py:188} INFO - [2025-07-20T07:12:54.399+0000] {dag.py:3823} INFO - Setting next_dagrun for launch_streamlit_dashboard to None, run_after=None
[2025-07-20T07:12:54.419+0000] {processor.py:183} INFO - Processing /opt/airflow/dags/eda_airflow.py took 0.059 seconds
[2025-07-20T07:13:24.895+0000] {processor.py:161} INFO - Started process (PID=3433) to work on /opt/airflow/dags/eda_airflow.py
[2025-07-20T07:13:24.896+0000] {processor.py:830} INFO - Processing file /opt/airflow/dags/eda_airflow.py for tasks to queue
[2025-07-20T07:13:24.897+0000] {logging_mixin.py:188} INFO - [2025-07-20T07:13:24.897+0000] {dagbag.py:538} INFO - Filling up the DagBag from /opt/airflow/dags/eda_airflow.py
[2025-07-20T07:13:24.908+0000] {processor.py:840} INFO - DAG(s) 'launch_streamlit_dashboard' retrieved from /opt/airflow/dags/eda_airflow.py
[2025-07-20T07:13:25.005+0000] {logging_mixin.py:188} INFO - [2025-07-20T07:13:25.005+0000] {dag.py:3036} INFO - Sync 1 DAGs
[2025-07-20T07:13:25.014+0000] {logging_mixin.py:188} INFO - [2025-07-20T07:13:25.014+0000] {dag.py:3823} INFO - Setting next_dagrun for launch_streamlit_dashboard to None, run_after=None
[2025-07-20T07:13:25.032+0000] {processor.py:183} INFO - Processing /opt/airflow/dags/eda_airflow.py took 0.139 seconds
[2025-07-20T07:13:55.411+0000] {processor.py:161} INFO - Started process (PID=3493) to work on /opt/airflow/dags/eda_airflow.py
[2025-07-20T07:13:55.412+0000] {processor.py:830} INFO - Processing file /opt/airflow/dags/eda_airflow.py for tasks to queue
[2025-07-20T07:13:55.413+0000] {logging_mixin.py:188} INFO - [2025-07-20T07:13:55.412+0000] {dagbag.py:538} INFO - Filling up the DagBag from /opt/airflow/dags/eda_airflow.py
[2025-07-20T07:13:55.423+0000] {processor.py:840} INFO - DAG(s) 'launch_streamlit_dashboard' retrieved from /opt/airflow/dags/eda_airflow.py
[2025-07-20T07:13:55.434+0000] {logging_mixin.py:188} INFO - [2025-07-20T07:13:55.434+0000] {dag.py:3036} INFO - Sync 1 DAGs
[2025-07-20T07:13:55.447+0000] {logging_mixin.py:188} INFO - [2025-07-20T07:13:55.447+0000] {dag.py:3823} INFO - Setting next_dagrun for launch_streamlit_dashboard to None, run_after=None
[2025-07-20T07:13:55.469+0000] {processor.py:183} INFO - Processing /opt/airflow/dags/eda_airflow.py took 0.062 seconds
[2025-07-20T07:14:26.373+0000] {processor.py:161} INFO - Started process (PID=3588) to work on /opt/airflow/dags/eda_airflow.py
[2025-07-20T07:14:26.374+0000] {processor.py:830} INFO - Processing file /opt/airflow/dags/eda_airflow.py for tasks to queue
[2025-07-20T07:14:26.376+0000] {logging_mixin.py:188} INFO - [2025-07-20T07:14:26.375+0000] {dagbag.py:538} INFO - Filling up the DagBag from /opt/airflow/dags/eda_airflow.py
[2025-07-20T07:14:26.389+0000] {processor.py:840} INFO - DAG(s) 'launch_streamlit_dashboard' retrieved from /opt/airflow/dags/eda_airflow.py
[2025-07-20T07:14:26.493+0000] {logging_mixin.py:188} INFO - [2025-07-20T07:14:26.493+0000] {dag.py:3036} INFO - Sync 1 DAGs
[2025-07-20T07:14:26.504+0000] {logging_mixin.py:188} INFO - [2025-07-20T07:14:26.504+0000] {dag.py:3823} INFO - Setting next_dagrun for launch_streamlit_dashboard to None, run_after=None
[2025-07-20T07:14:26.526+0000] {processor.py:183} INFO - Processing /opt/airflow/dags/eda_airflow.py took 0.157 seconds
[2025-07-20T07:14:59.336+0000] {processor.py:161} INFO - Started process (PID=4143) to work on /opt/airflow/dags/eda_airflow.py
[2025-07-20T07:14:59.371+0000] {processor.py:830} INFO - Processing file /opt/airflow/dags/eda_airflow.py for tasks to queue
[2025-07-20T07:14:59.385+0000] {logging_mixin.py:188} INFO - [2025-07-20T07:14:59.384+0000] {dagbag.py:538} INFO - Filling up the DagBag from /opt/airflow/dags/eda_airflow.py
[2025-07-20T07:14:59.501+0000] {processor.py:840} INFO - DAG(s) 'launch_streamlit_dashboard' retrieved from /opt/airflow/dags/eda_airflow.py
[2025-07-20T07:14:59.771+0000] {logging_mixin.py:188} INFO - [2025-07-20T07:14:59.770+0000] {dag.py:3036} INFO - Sync 1 DAGs
[2025-07-20T07:14:59.985+0000] {logging_mixin.py:188} INFO - [2025-07-20T07:14:59.984+0000] {dag.py:3823} INFO - Setting next_dagrun for launch_streamlit_dashboard to None, run_after=None
[2025-07-20T07:15:00.194+0000] {processor.py:183} INFO - Processing /opt/airflow/dags/eda_airflow.py took 0.864 seconds
[2025-07-20T07:16:27.776+0000] {processor.py:161} INFO - Started process (PID=5691) to work on /opt/airflow/dags/eda_airflow.py
[2025-07-20T07:16:27.813+0000] {processor.py:830} INFO - Processing file /opt/airflow/dags/eda_airflow.py for tasks to queue
[2025-07-20T07:16:27.868+0000] {logging_mixin.py:188} INFO - [2025-07-20T07:16:27.867+0000] {dagbag.py:538} INFO - Filling up the DagBag from /opt/airflow/dags/eda_airflow.py
[2025-07-20T07:16:29.123+0000] {processor.py:840} INFO - DAG(s) 'launch_streamlit_dashboard' retrieved from /opt/airflow/dags/eda_airflow.py
[2025-07-20T07:16:34.239+0000] {logging_mixin.py:188} INFO - [2025-07-20T07:16:34.238+0000] {dag.py:3036} INFO - Sync 1 DAGs
[2025-07-20T07:16:35.789+0000] {logging_mixin.py:188} INFO - [2025-07-20T07:16:35.788+0000] {dag.py:3823} INFO - Setting next_dagrun for launch_streamlit_dashboard to None, run_after=None
[2025-07-20T07:16:36.623+0000] {processor.py:183} INFO - Processing /opt/airflow/dags/eda_airflow.py took 8.914 seconds
[2025-07-20T07:17:07.025+0000] {processor.py:161} INFO - Started process (PID=5974) to work on /opt/airflow/dags/eda_airflow.py
[2025-07-20T07:17:07.101+0000] {processor.py:830} INFO - Processing file /opt/airflow/dags/eda_airflow.py for tasks to queue
[2025-07-20T07:17:07.103+0000] {logging_mixin.py:188} INFO - [2025-07-20T07:17:07.103+0000] {dagbag.py:538} INFO - Filling up the DagBag from /opt/airflow/dags/eda_airflow.py
[2025-07-20T07:17:07.189+0000] {processor.py:840} INFO - DAG(s) 'launch_streamlit_dashboard' retrieved from /opt/airflow/dags/eda_airflow.py
[2025-07-20T07:17:07.321+0000] {logging_mixin.py:188} INFO - [2025-07-20T07:17:07.320+0000] {dag.py:3036} INFO - Sync 1 DAGs
[2025-07-20T07:17:07.366+0000] {logging_mixin.py:188} INFO - [2025-07-20T07:17:07.366+0000] {dag.py:3823} INFO - Setting next_dagrun for launch_streamlit_dashboard to None, run_after=None
[2025-07-20T07:17:07.458+0000] {processor.py:183} INFO - Processing /opt/airflow/dags/eda_airflow.py took 0.439 seconds
[2025-07-20T07:18:05.197+0000] {processor.py:161} INFO - Started process (PID=6051) to work on /opt/airflow/dags/eda_airflow.py
[2025-07-20T07:18:05.199+0000] {processor.py:830} INFO - Processing file /opt/airflow/dags/eda_airflow.py for tasks to queue
[2025-07-20T07:18:05.202+0000] {logging_mixin.py:188} INFO - [2025-07-20T07:18:05.201+0000] {dagbag.py:538} INFO - Filling up the DagBag from /opt/airflow/dags/eda_airflow.py
[2025-07-20T07:18:05.240+0000] {processor.py:840} INFO - DAG(s) 'launch_streamlit_dashboard' retrieved from /opt/airflow/dags/eda_airflow.py
[2025-07-20T07:18:07.882+0000] {logging_mixin.py:188} INFO - [2025-07-20T07:18:07.882+0000] {dag.py:3036} INFO - Sync 1 DAGs
[2025-07-20T07:18:07.935+0000] {logging_mixin.py:188} INFO - [2025-07-20T07:18:07.935+0000] {dag.py:3823} INFO - Setting next_dagrun for launch_streamlit_dashboard to None, run_after=None
[2025-07-20T07:18:08.025+0000] {processor.py:183} INFO - Processing /opt/airflow/dags/eda_airflow.py took 2.844 seconds
[2025-07-20T07:18:38.541+0000] {processor.py:161} INFO - Started process (PID=6115) to work on /opt/airflow/dags/eda_airflow.py
[2025-07-20T07:18:38.562+0000] {processor.py:830} INFO - Processing file /opt/airflow/dags/eda_airflow.py for tasks to queue
[2025-07-20T07:18:38.565+0000] {logging_mixin.py:188} INFO - [2025-07-20T07:18:38.564+0000] {dagbag.py:538} INFO - Filling up the DagBag from /opt/airflow/dags/eda_airflow.py
[2025-07-20T07:18:39.804+0000] {processor.py:840} INFO - DAG(s) 'launch_streamlit_dashboard' retrieved from /opt/airflow/dags/eda_airflow.py
[2025-07-20T07:18:41.129+0000] {logging_mixin.py:188} INFO - [2025-07-20T07:18:41.128+0000] {dag.py:3036} INFO - Sync 1 DAGs
[2025-07-20T07:18:41.338+0000] {logging_mixin.py:188} INFO - [2025-07-20T07:18:41.338+0000] {dag.py:3823} INFO - Setting next_dagrun for launch_streamlit_dashboard to None, run_after=None
[2025-07-20T07:18:41.587+0000] {processor.py:183} INFO - Processing /opt/airflow/dags/eda_airflow.py took 3.053 seconds
[2025-07-20T07:19:12.029+0000] {processor.py:161} INFO - Started process (PID=6149) to work on /opt/airflow/dags/eda_airflow.py
[2025-07-20T07:19:12.031+0000] {processor.py:830} INFO - Processing file /opt/airflow/dags/eda_airflow.py for tasks to queue
[2025-07-20T07:19:12.033+0000] {logging_mixin.py:188} INFO - [2025-07-20T07:19:12.032+0000] {dagbag.py:538} INFO - Filling up the DagBag from /opt/airflow/dags/eda_airflow.py
[2025-07-20T07:19:12.050+0000] {processor.py:840} INFO - DAG(s) 'launch_streamlit_dashboard' retrieved from /opt/airflow/dags/eda_airflow.py
[2025-07-20T07:19:19.943+0000] {logging_mixin.py:188} INFO - [2025-07-20T07:19:19.942+0000] {dag.py:3036} INFO - Sync 1 DAGs
[2025-07-20T07:19:20.005+0000] {logging_mixin.py:188} INFO - [2025-07-20T07:19:20.004+0000] {dag.py:3823} INFO - Setting next_dagrun for launch_streamlit_dashboard to None, run_after=None
[2025-07-20T07:19:20.132+0000] {processor.py:183} INFO - Processing /opt/airflow/dags/eda_airflow.py took 8.138 seconds
[2025-07-20T07:19:50.578+0000] {processor.py:161} INFO - Started process (PID=6185) to work on /opt/airflow/dags/eda_airflow.py
[2025-07-20T07:19:50.596+0000] {processor.py:830} INFO - Processing file /opt/airflow/dags/eda_airflow.py for tasks to queue
[2025-07-20T07:19:50.599+0000] {logging_mixin.py:188} INFO - [2025-07-20T07:19:50.598+0000] {dagbag.py:538} INFO - Filling up the DagBag from /opt/airflow/dags/eda_airflow.py
[2025-07-20T07:19:50.619+0000] {processor.py:840} INFO - DAG(s) 'launch_streamlit_dashboard' retrieved from /opt/airflow/dags/eda_airflow.py
[2025-07-20T07:19:50.690+0000] {logging_mixin.py:188} INFO - [2025-07-20T07:19:50.690+0000] {dag.py:3036} INFO - Sync 1 DAGs
[2025-07-20T07:19:50.763+0000] {logging_mixin.py:188} INFO - [2025-07-20T07:19:50.762+0000] {dag.py:3823} INFO - Setting next_dagrun for launch_streamlit_dashboard to None, run_after=None
[2025-07-20T07:19:50.847+0000] {processor.py:183} INFO - Processing /opt/airflow/dags/eda_airflow.py took 0.277 seconds
[2025-07-20T07:20:21.782+0000] {processor.py:161} INFO - Started process (PID=6220) to work on /opt/airflow/dags/eda_airflow.py
[2025-07-20T07:20:21.785+0000] {processor.py:830} INFO - Processing file /opt/airflow/dags/eda_airflow.py for tasks to queue
[2025-07-20T07:20:21.789+0000] {logging_mixin.py:188} INFO - [2025-07-20T07:20:21.789+0000] {dagbag.py:538} INFO - Filling up the DagBag from /opt/airflow/dags/eda_airflow.py
[2025-07-20T07:20:21.820+0000] {processor.py:840} INFO - DAG(s) 'launch_streamlit_dashboard' retrieved from /opt/airflow/dags/eda_airflow.py
[2025-07-20T07:20:21.879+0000] {logging_mixin.py:188} INFO - [2025-07-20T07:20:21.879+0000] {dag.py:3036} INFO - Sync 1 DAGs
[2025-07-20T07:20:21.951+0000] {logging_mixin.py:188} INFO - [2025-07-20T07:20:21.950+0000] {dag.py:3823} INFO - Setting next_dagrun for launch_streamlit_dashboard to None, run_after=None
[2025-07-20T07:20:22.069+0000] {processor.py:183} INFO - Processing /opt/airflow/dags/eda_airflow.py took 0.293 seconds
[2025-07-20T07:20:52.663+0000] {processor.py:161} INFO - Started process (PID=6272) to work on /opt/airflow/dags/eda_airflow.py
[2025-07-20T07:20:52.691+0000] {processor.py:830} INFO - Processing file /opt/airflow/dags/eda_airflow.py for tasks to queue
[2025-07-20T07:20:52.694+0000] {logging_mixin.py:188} INFO - [2025-07-20T07:20:52.693+0000] {dagbag.py:538} INFO - Filling up the DagBag from /opt/airflow/dags/eda_airflow.py
[2025-07-20T07:20:52.712+0000] {processor.py:840} INFO - DAG(s) 'launch_streamlit_dashboard' retrieved from /opt/airflow/dags/eda_airflow.py
[2025-07-20T07:20:52.998+0000] {logging_mixin.py:188} INFO - [2025-07-20T07:20:52.998+0000] {dag.py:3036} INFO - Sync 1 DAGs
[2025-07-20T07:20:53.048+0000] {logging_mixin.py:188} INFO - [2025-07-20T07:20:53.047+0000] {dag.py:3823} INFO - Setting next_dagrun for launch_streamlit_dashboard to None, run_after=None
[2025-07-20T07:20:53.159+0000] {processor.py:183} INFO - Processing /opt/airflow/dags/eda_airflow.py took 0.503 seconds
[2025-07-20T07:21:23.488+0000] {processor.py:161} INFO - Started process (PID=6308) to work on /opt/airflow/dags/eda_airflow.py
[2025-07-20T07:21:23.511+0000] {processor.py:830} INFO - Processing file /opt/airflow/dags/eda_airflow.py for tasks to queue
[2025-07-20T07:21:23.513+0000] {logging_mixin.py:188} INFO - [2025-07-20T07:21:23.513+0000] {dagbag.py:538} INFO - Filling up the DagBag from /opt/airflow/dags/eda_airflow.py
[2025-07-20T07:21:23.536+0000] {processor.py:840} INFO - DAG(s) 'launch_streamlit_dashboard' retrieved from /opt/airflow/dags/eda_airflow.py
[2025-07-20T07:21:23.682+0000] {logging_mixin.py:188} INFO - [2025-07-20T07:21:23.681+0000] {dag.py:3036} INFO - Sync 1 DAGs
[2025-07-20T07:21:23.725+0000] {logging_mixin.py:188} INFO - [2025-07-20T07:21:23.724+0000] {dag.py:3823} INFO - Setting next_dagrun for launch_streamlit_dashboard to None, run_after=None
[2025-07-20T07:21:23.803+0000] {processor.py:183} INFO - Processing /opt/airflow/dags/eda_airflow.py took 0.323 seconds
[2025-07-20T07:21:54.223+0000] {processor.py:161} INFO - Started process (PID=6360) to work on /opt/airflow/dags/eda_airflow.py
[2025-07-20T07:21:54.239+0000] {processor.py:830} INFO - Processing file /opt/airflow/dags/eda_airflow.py for tasks to queue
[2025-07-20T07:21:54.244+0000] {logging_mixin.py:188} INFO - [2025-07-20T07:21:54.243+0000] {dagbag.py:538} INFO - Filling up the DagBag from /opt/airflow/dags/eda_airflow.py
[2025-07-20T07:21:54.274+0000] {processor.py:840} INFO - DAG(s) 'launch_streamlit_dashboard' retrieved from /opt/airflow/dags/eda_airflow.py
[2025-07-20T07:21:54.343+0000] {logging_mixin.py:188} INFO - [2025-07-20T07:21:54.342+0000] {dag.py:3036} INFO - Sync 1 DAGs
[2025-07-20T07:21:54.407+0000] {logging_mixin.py:188} INFO - [2025-07-20T07:21:54.405+0000] {dag.py:3823} INFO - Setting next_dagrun for launch_streamlit_dashboard to None, run_after=None
[2025-07-20T07:21:54.565+0000] {processor.py:183} INFO - Processing /opt/airflow/dags/eda_airflow.py took 0.351 seconds
[2025-07-20T07:22:24.656+0000] {processor.py:161} INFO - Started process (PID=6446) to work on /opt/airflow/dags/eda_airflow.py
[2025-07-20T07:22:24.658+0000] {processor.py:830} INFO - Processing file /opt/airflow/dags/eda_airflow.py for tasks to queue
[2025-07-20T07:22:24.659+0000] {logging_mixin.py:188} INFO - [2025-07-20T07:22:24.659+0000] {dagbag.py:538} INFO - Filling up the DagBag from /opt/airflow/dags/eda_airflow.py
[2025-07-20T07:22:24.672+0000] {processor.py:840} INFO - DAG(s) 'launch_streamlit_dashboard' retrieved from /opt/airflow/dags/eda_airflow.py
[2025-07-20T07:22:24.821+0000] {logging_mixin.py:188} INFO - [2025-07-20T07:22:24.821+0000] {dag.py:3036} INFO - Sync 1 DAGs
[2025-07-20T07:22:24.833+0000] {logging_mixin.py:188} INFO - [2025-07-20T07:22:24.833+0000] {dag.py:3823} INFO - Setting next_dagrun for launch_streamlit_dashboard to None, run_after=None
[2025-07-20T07:22:24.860+0000] {processor.py:183} INFO - Processing /opt/airflow/dags/eda_airflow.py took 0.207 seconds
[2025-07-20T07:22:55.307+0000] {processor.py:161} INFO - Started process (PID=6845) to work on /opt/airflow/dags/eda_airflow.py
[2025-07-20T07:22:55.308+0000] {processor.py:830} INFO - Processing file /opt/airflow/dags/eda_airflow.py for tasks to queue
[2025-07-20T07:22:55.309+0000] {logging_mixin.py:188} INFO - [2025-07-20T07:22:55.309+0000] {dagbag.py:538} INFO - Filling up the DagBag from /opt/airflow/dags/eda_airflow.py
[2025-07-20T07:22:55.324+0000] {processor.py:840} INFO - DAG(s) 'launch_streamlit_dashboard' retrieved from /opt/airflow/dags/eda_airflow.py
[2025-07-20T07:22:55.355+0000] {logging_mixin.py:188} INFO - [2025-07-20T07:22:55.354+0000] {dag.py:3036} INFO - Sync 1 DAGs
[2025-07-20T07:22:55.370+0000] {logging_mixin.py:188} INFO - [2025-07-20T07:22:55.370+0000] {dag.py:3823} INFO - Setting next_dagrun for launch_streamlit_dashboard to None, run_after=None
[2025-07-20T07:22:55.399+0000] {processor.py:183} INFO - Processing /opt/airflow/dags/eda_airflow.py took 0.098 seconds
[2025-07-20T07:23:25.773+0000] {processor.py:161} INFO - Started process (PID=6880) to work on /opt/airflow/dags/eda_airflow.py
[2025-07-20T07:23:25.773+0000] {processor.py:830} INFO - Processing file /opt/airflow/dags/eda_airflow.py for tasks to queue
[2025-07-20T07:23:25.774+0000] {logging_mixin.py:188} INFO - [2025-07-20T07:23:25.774+0000] {dagbag.py:538} INFO - Filling up the DagBag from /opt/airflow/dags/eda_airflow.py
[2025-07-20T07:23:25.788+0000] {processor.py:840} INFO - DAG(s) 'launch_streamlit_dashboard' retrieved from /opt/airflow/dags/eda_airflow.py
[2025-07-20T07:23:25.819+0000] {logging_mixin.py:188} INFO - [2025-07-20T07:23:25.818+0000] {dag.py:3036} INFO - Sync 1 DAGs
[2025-07-20T07:23:25.840+0000] {logging_mixin.py:188} INFO - [2025-07-20T07:23:25.840+0000] {dag.py:3823} INFO - Setting next_dagrun for launch_streamlit_dashboard to None, run_after=None
[2025-07-20T07:23:25.861+0000] {processor.py:183} INFO - Processing /opt/airflow/dags/eda_airflow.py took 0.092 seconds
[2025-07-20T07:23:55.929+0000] {processor.py:161} INFO - Started process (PID=6915) to work on /opt/airflow/dags/eda_airflow.py
[2025-07-20T07:23:55.930+0000] {processor.py:830} INFO - Processing file /opt/airflow/dags/eda_airflow.py for tasks to queue
[2025-07-20T07:23:55.931+0000] {logging_mixin.py:188} INFO - [2025-07-20T07:23:55.931+0000] {dagbag.py:538} INFO - Filling up the DagBag from /opt/airflow/dags/eda_airflow.py
[2025-07-20T07:23:55.942+0000] {processor.py:840} INFO - DAG(s) 'launch_streamlit_dashboard' retrieved from /opt/airflow/dags/eda_airflow.py
[2025-07-20T07:23:56.042+0000] {logging_mixin.py:188} INFO - [2025-07-20T07:23:56.041+0000] {dag.py:3036} INFO - Sync 1 DAGs
[2025-07-20T07:23:56.050+0000] {logging_mixin.py:188} INFO - [2025-07-20T07:23:56.050+0000] {dag.py:3823} INFO - Setting next_dagrun for launch_streamlit_dashboard to None, run_after=None
[2025-07-20T07:23:56.068+0000] {processor.py:183} INFO - Processing /opt/airflow/dags/eda_airflow.py took 0.143 seconds
[2025-07-20T07:24:26.111+0000] {processor.py:161} INFO - Started process (PID=6950) to work on /opt/airflow/dags/eda_airflow.py
[2025-07-20T07:24:26.112+0000] {processor.py:830} INFO - Processing file /opt/airflow/dags/eda_airflow.py for tasks to queue
[2025-07-20T07:24:26.113+0000] {logging_mixin.py:188} INFO - [2025-07-20T07:24:26.113+0000] {dagbag.py:538} INFO - Filling up the DagBag from /opt/airflow/dags/eda_airflow.py
[2025-07-20T07:24:26.127+0000] {processor.py:840} INFO - DAG(s) 'launch_streamlit_dashboard' retrieved from /opt/airflow/dags/eda_airflow.py
[2025-07-20T07:24:26.154+0000] {logging_mixin.py:188} INFO - [2025-07-20T07:24:26.154+0000] {dag.py:3036} INFO - Sync 1 DAGs
[2025-07-20T07:24:26.168+0000] {logging_mixin.py:188} INFO - [2025-07-20T07:24:26.168+0000] {dag.py:3823} INFO - Setting next_dagrun for launch_streamlit_dashboard to None, run_after=None
[2025-07-20T07:24:26.193+0000] {processor.py:183} INFO - Processing /opt/airflow/dags/eda_airflow.py took 0.087 seconds
[2025-07-20T07:24:56.290+0000] {processor.py:161} INFO - Started process (PID=6985) to work on /opt/airflow/dags/eda_airflow.py
[2025-07-20T07:24:56.291+0000] {processor.py:830} INFO - Processing file /opt/airflow/dags/eda_airflow.py for tasks to queue
[2025-07-20T07:24:56.292+0000] {logging_mixin.py:188} INFO - [2025-07-20T07:24:56.292+0000] {dagbag.py:538} INFO - Filling up the DagBag from /opt/airflow/dags/eda_airflow.py
[2025-07-20T07:24:56.310+0000] {processor.py:840} INFO - DAG(s) 'launch_streamlit_dashboard' retrieved from /opt/airflow/dags/eda_airflow.py
[2025-07-20T07:24:56.326+0000] {logging_mixin.py:188} INFO - [2025-07-20T07:24:56.326+0000] {dag.py:3036} INFO - Sync 1 DAGs
[2025-07-20T07:24:56.348+0000] {logging_mixin.py:188} INFO - [2025-07-20T07:24:56.347+0000] {dag.py:3823} INFO - Setting next_dagrun for launch_streamlit_dashboard to None, run_after=None
[2025-07-20T07:24:56.405+0000] {processor.py:183} INFO - Processing /opt/airflow/dags/eda_airflow.py took 0.120 seconds
[2025-07-20T07:25:27.221+0000] {processor.py:161} INFO - Started process (PID=7020) to work on /opt/airflow/dags/eda_airflow.py
[2025-07-20T07:25:27.223+0000] {processor.py:830} INFO - Processing file /opt/airflow/dags/eda_airflow.py for tasks to queue
[2025-07-20T07:25:27.224+0000] {logging_mixin.py:188} INFO - [2025-07-20T07:25:27.224+0000] {dagbag.py:538} INFO - Filling up the DagBag from /opt/airflow/dags/eda_airflow.py
[2025-07-20T07:25:27.237+0000] {processor.py:840} INFO - DAG(s) 'launch_streamlit_dashboard' retrieved from /opt/airflow/dags/eda_airflow.py
[2025-07-20T07:25:27.348+0000] {logging_mixin.py:188} INFO - [2025-07-20T07:25:27.347+0000] {dag.py:3036} INFO - Sync 1 DAGs
[2025-07-20T07:25:27.358+0000] {logging_mixin.py:188} INFO - [2025-07-20T07:25:27.358+0000] {dag.py:3823} INFO - Setting next_dagrun for launch_streamlit_dashboard to None, run_after=None
[2025-07-20T07:25:27.382+0000] {processor.py:183} INFO - Processing /opt/airflow/dags/eda_airflow.py took 0.164 seconds
[2025-07-20T07:25:57.567+0000] {processor.py:161} INFO - Started process (PID=7057) to work on /opt/airflow/dags/eda_airflow.py
[2025-07-20T07:25:57.569+0000] {processor.py:830} INFO - Processing file /opt/airflow/dags/eda_airflow.py for tasks to queue
[2025-07-20T07:25:57.571+0000] {logging_mixin.py:188} INFO - [2025-07-20T07:25:57.570+0000] {dagbag.py:538} INFO - Filling up the DagBag from /opt/airflow/dags/eda_airflow.py
[2025-07-20T07:25:57.587+0000] {processor.py:840} INFO - DAG(s) 'launch_streamlit_dashboard' retrieved from /opt/airflow/dags/eda_airflow.py
[2025-07-20T07:25:57.610+0000] {logging_mixin.py:188} INFO - [2025-07-20T07:25:57.610+0000] {dag.py:3036} INFO - Sync 1 DAGs
[2025-07-20T07:25:57.621+0000] {logging_mixin.py:188} INFO - [2025-07-20T07:25:57.621+0000] {dag.py:3823} INFO - Setting next_dagrun for launch_streamlit_dashboard to None, run_after=None
[2025-07-20T07:25:57.641+0000] {processor.py:183} INFO - Processing /opt/airflow/dags/eda_airflow.py took 0.086 seconds
[2025-07-20T07:26:27.727+0000] {processor.py:161} INFO - Started process (PID=7090) to work on /opt/airflow/dags/eda_airflow.py
[2025-07-20T07:26:27.728+0000] {processor.py:830} INFO - Processing file /opt/airflow/dags/eda_airflow.py for tasks to queue
[2025-07-20T07:26:27.730+0000] {logging_mixin.py:188} INFO - [2025-07-20T07:26:27.729+0000] {dagbag.py:538} INFO - Filling up the DagBag from /opt/airflow/dags/eda_airflow.py
[2025-07-20T07:26:27.742+0000] {processor.py:840} INFO - DAG(s) 'launch_streamlit_dashboard' retrieved from /opt/airflow/dags/eda_airflow.py
[2025-07-20T07:26:27.752+0000] {logging_mixin.py:188} INFO - [2025-07-20T07:26:27.752+0000] {dag.py:3036} INFO - Sync 1 DAGs
[2025-07-20T07:26:27.767+0000] {logging_mixin.py:188} INFO - [2025-07-20T07:26:27.767+0000] {dag.py:3823} INFO - Setting next_dagrun for launch_streamlit_dashboard to None, run_after=None
[2025-07-20T07:26:27.790+0000] {processor.py:183} INFO - Processing /opt/airflow/dags/eda_airflow.py took 0.067 seconds
[2025-07-20T07:26:57.844+0000] {processor.py:161} INFO - Started process (PID=7125) to work on /opt/airflow/dags/eda_airflow.py
[2025-07-20T07:26:57.845+0000] {processor.py:830} INFO - Processing file /opt/airflow/dags/eda_airflow.py for tasks to queue
[2025-07-20T07:26:57.846+0000] {logging_mixin.py:188} INFO - [2025-07-20T07:26:57.846+0000] {dagbag.py:538} INFO - Filling up the DagBag from /opt/airflow/dags/eda_airflow.py
[2025-07-20T07:26:57.858+0000] {processor.py:840} INFO - DAG(s) 'launch_streamlit_dashboard' retrieved from /opt/airflow/dags/eda_airflow.py
[2025-07-20T07:26:57.965+0000] {logging_mixin.py:188} INFO - [2025-07-20T07:26:57.965+0000] {dag.py:3036} INFO - Sync 1 DAGs
[2025-07-20T07:26:57.974+0000] {logging_mixin.py:188} INFO - [2025-07-20T07:26:57.974+0000] {dag.py:3823} INFO - Setting next_dagrun for launch_streamlit_dashboard to None, run_after=None
[2025-07-20T07:26:57.993+0000] {processor.py:183} INFO - Processing /opt/airflow/dags/eda_airflow.py took 0.153 seconds
[2025-07-20T07:27:28.057+0000] {processor.py:161} INFO - Started process (PID=7162) to work on /opt/airflow/dags/eda_airflow.py
[2025-07-20T07:27:28.058+0000] {processor.py:830} INFO - Processing file /opt/airflow/dags/eda_airflow.py for tasks to queue
[2025-07-20T07:27:28.059+0000] {logging_mixin.py:188} INFO - [2025-07-20T07:27:28.058+0000] {dagbag.py:538} INFO - Filling up the DagBag from /opt/airflow/dags/eda_airflow.py
[2025-07-20T07:27:28.069+0000] {processor.py:840} INFO - DAG(s) 'launch_streamlit_dashboard' retrieved from /opt/airflow/dags/eda_airflow.py
[2025-07-20T07:27:28.093+0000] {logging_mixin.py:188} INFO - [2025-07-20T07:27:28.092+0000] {dag.py:3036} INFO - Sync 1 DAGs
[2025-07-20T07:27:28.104+0000] {logging_mixin.py:188} INFO - [2025-07-20T07:27:28.104+0000] {dag.py:3823} INFO - Setting next_dagrun for launch_streamlit_dashboard to None, run_after=None
[2025-07-20T07:27:28.123+0000] {processor.py:183} INFO - Processing /opt/airflow/dags/eda_airflow.py took 0.069 seconds
[2025-07-20T07:27:59.057+0000] {processor.py:161} INFO - Started process (PID=7195) to work on /opt/airflow/dags/eda_airflow.py
[2025-07-20T07:27:59.058+0000] {processor.py:830} INFO - Processing file /opt/airflow/dags/eda_airflow.py for tasks to queue
[2025-07-20T07:27:59.059+0000] {logging_mixin.py:188} INFO - [2025-07-20T07:27:59.059+0000] {dagbag.py:538} INFO - Filling up the DagBag from /opt/airflow/dags/eda_airflow.py
[2025-07-20T07:27:59.069+0000] {processor.py:840} INFO - DAG(s) 'launch_streamlit_dashboard' retrieved from /opt/airflow/dags/eda_airflow.py
[2025-07-20T07:27:59.079+0000] {logging_mixin.py:188} INFO - [2025-07-20T07:27:59.079+0000] {dag.py:3036} INFO - Sync 1 DAGs
[2025-07-20T07:27:59.092+0000] {logging_mixin.py:188} INFO - [2025-07-20T07:27:59.092+0000] {dag.py:3823} INFO - Setting next_dagrun for launch_streamlit_dashboard to None, run_after=None
[2025-07-20T07:27:59.116+0000] {processor.py:183} INFO - Processing /opt/airflow/dags/eda_airflow.py took 0.063 seconds
[2025-07-20T07:28:29.248+0000] {processor.py:161} INFO - Started process (PID=7279) to work on /opt/airflow/dags/eda_airflow.py
[2025-07-20T07:28:29.249+0000] {processor.py:830} INFO - Processing file /opt/airflow/dags/eda_airflow.py for tasks to queue
[2025-07-20T07:28:29.250+0000] {logging_mixin.py:188} INFO - [2025-07-20T07:28:29.249+0000] {dagbag.py:538} INFO - Filling up the DagBag from /opt/airflow/dags/eda_airflow.py
[2025-07-20T07:28:29.262+0000] {processor.py:840} INFO - DAG(s) 'launch_streamlit_dashboard' retrieved from /opt/airflow/dags/eda_airflow.py
[2025-07-20T07:28:29.371+0000] {logging_mixin.py:188} INFO - [2025-07-20T07:28:29.371+0000] {dag.py:3036} INFO - Sync 1 DAGs
[2025-07-20T07:28:29.382+0000] {logging_mixin.py:188} INFO - [2025-07-20T07:28:29.382+0000] {dag.py:3823} INFO - Setting next_dagrun for launch_streamlit_dashboard to None, run_after=None
[2025-07-20T07:28:29.403+0000] {processor.py:183} INFO - Processing /opt/airflow/dags/eda_airflow.py took 0.158 seconds
[2025-07-20T07:28:59.494+0000] {processor.py:161} INFO - Started process (PID=7314) to work on /opt/airflow/dags/eda_airflow.py
[2025-07-20T07:28:59.495+0000] {processor.py:830} INFO - Processing file /opt/airflow/dags/eda_airflow.py for tasks to queue
[2025-07-20T07:28:59.497+0000] {logging_mixin.py:188} INFO - [2025-07-20T07:28:59.496+0000] {dagbag.py:538} INFO - Filling up the DagBag from /opt/airflow/dags/eda_airflow.py
[2025-07-20T07:28:59.510+0000] {processor.py:840} INFO - DAG(s) 'launch_streamlit_dashboard' retrieved from /opt/airflow/dags/eda_airflow.py
[2025-07-20T07:28:59.532+0000] {logging_mixin.py:188} INFO - [2025-07-20T07:28:59.532+0000] {dag.py:3036} INFO - Sync 1 DAGs
[2025-07-20T07:28:59.543+0000] {logging_mixin.py:188} INFO - [2025-07-20T07:28:59.543+0000] {dag.py:3823} INFO - Setting next_dagrun for launch_streamlit_dashboard to None, run_after=None
[2025-07-20T07:28:59.565+0000] {processor.py:183} INFO - Processing /opt/airflow/dags/eda_airflow.py took 0.074 seconds
[2025-07-20T07:29:30.276+0000] {processor.py:161} INFO - Started process (PID=7349) to work on /opt/airflow/dags/eda_airflow.py
[2025-07-20T07:29:30.277+0000] {processor.py:830} INFO - Processing file /opt/airflow/dags/eda_airflow.py for tasks to queue
[2025-07-20T07:29:30.278+0000] {logging_mixin.py:188} INFO - [2025-07-20T07:29:30.278+0000] {dagbag.py:538} INFO - Filling up the DagBag from /opt/airflow/dags/eda_airflow.py
[2025-07-20T07:29:30.287+0000] {processor.py:840} INFO - DAG(s) 'launch_streamlit_dashboard' retrieved from /opt/airflow/dags/eda_airflow.py
[2025-07-20T07:29:30.298+0000] {logging_mixin.py:188} INFO - [2025-07-20T07:29:30.298+0000] {dag.py:3036} INFO - Sync 1 DAGs
[2025-07-20T07:29:30.310+0000] {logging_mixin.py:188} INFO - [2025-07-20T07:29:30.310+0000] {dag.py:3823} INFO - Setting next_dagrun for launch_streamlit_dashboard to None, run_after=None
[2025-07-20T07:29:30.335+0000] {processor.py:183} INFO - Processing /opt/airflow/dags/eda_airflow.py took 0.065 seconds
[2025-07-20T07:30:01.193+0000] {processor.py:161} INFO - Started process (PID=7384) to work on /opt/airflow/dags/eda_airflow.py
[2025-07-20T07:30:01.194+0000] {processor.py:830} INFO - Processing file /opt/airflow/dags/eda_airflow.py for tasks to queue
[2025-07-20T07:30:01.195+0000] {logging_mixin.py:188} INFO - [2025-07-20T07:30:01.195+0000] {dagbag.py:538} INFO - Filling up the DagBag from /opt/airflow/dags/eda_airflow.py
[2025-07-20T07:30:01.204+0000] {processor.py:840} INFO - DAG(s) 'launch_streamlit_dashboard' retrieved from /opt/airflow/dags/eda_airflow.py
[2025-07-20T07:30:01.314+0000] {logging_mixin.py:188} INFO - [2025-07-20T07:30:01.314+0000] {dag.py:3036} INFO - Sync 1 DAGs
[2025-07-20T07:30:01.324+0000] {logging_mixin.py:188} INFO - [2025-07-20T07:30:01.324+0000] {dag.py:3823} INFO - Setting next_dagrun for launch_streamlit_dashboard to None, run_after=None
[2025-07-20T07:30:01.344+0000] {processor.py:183} INFO - Processing /opt/airflow/dags/eda_airflow.py took 0.155 seconds
[2025-07-20T07:30:32.184+0000] {processor.py:161} INFO - Started process (PID=7438) to work on /opt/airflow/dags/eda_airflow.py
[2025-07-20T07:30:32.185+0000] {processor.py:830} INFO - Processing file /opt/airflow/dags/eda_airflow.py for tasks to queue
[2025-07-20T07:30:32.186+0000] {logging_mixin.py:188} INFO - [2025-07-20T07:30:32.185+0000] {dagbag.py:538} INFO - Filling up the DagBag from /opt/airflow/dags/eda_airflow.py
[2025-07-20T07:30:32.197+0000] {processor.py:840} INFO - DAG(s) 'launch_streamlit_dashboard' retrieved from /opt/airflow/dags/eda_airflow.py
[2025-07-20T07:30:32.223+0000] {logging_mixin.py:188} INFO - [2025-07-20T07:30:32.223+0000] {dag.py:3036} INFO - Sync 1 DAGs
[2025-07-20T07:30:32.235+0000] {logging_mixin.py:188} INFO - [2025-07-20T07:30:32.235+0000] {dag.py:3823} INFO - Setting next_dagrun for launch_streamlit_dashboard to None, run_after=None
[2025-07-20T07:30:32.259+0000] {processor.py:183} INFO - Processing /opt/airflow/dags/eda_airflow.py took 0.080 seconds
[2025-07-20T07:31:03.156+0000] {processor.py:161} INFO - Started process (PID=7473) to work on /opt/airflow/dags/eda_airflow.py
[2025-07-20T07:31:03.158+0000] {processor.py:830} INFO - Processing file /opt/airflow/dags/eda_airflow.py for tasks to queue
[2025-07-20T07:31:03.160+0000] {logging_mixin.py:188} INFO - [2025-07-20T07:31:03.160+0000] {dagbag.py:538} INFO - Filling up the DagBag from /opt/airflow/dags/eda_airflow.py
[2025-07-20T07:31:03.173+0000] {processor.py:840} INFO - DAG(s) 'launch_streamlit_dashboard' retrieved from /opt/airflow/dags/eda_airflow.py
[2025-07-20T07:31:03.186+0000] {logging_mixin.py:188} INFO - [2025-07-20T07:31:03.186+0000] {dag.py:3036} INFO - Sync 1 DAGs
[2025-07-20T07:31:03.206+0000] {logging_mixin.py:188} INFO - [2025-07-20T07:31:03.205+0000] {dag.py:3823} INFO - Setting next_dagrun for launch_streamlit_dashboard to None, run_after=None
[2025-07-20T07:31:03.234+0000] {processor.py:183} INFO - Processing /opt/airflow/dags/eda_airflow.py took 0.081 seconds
[2025-07-20T07:31:34.124+0000] {processor.py:161} INFO - Started process (PID=7508) to work on /opt/airflow/dags/eda_airflow.py
[2025-07-20T07:31:34.125+0000] {processor.py:830} INFO - Processing file /opt/airflow/dags/eda_airflow.py for tasks to queue
[2025-07-20T07:31:34.126+0000] {logging_mixin.py:188} INFO - [2025-07-20T07:31:34.126+0000] {dagbag.py:538} INFO - Filling up the DagBag from /opt/airflow/dags/eda_airflow.py
[2025-07-20T07:31:34.138+0000] {processor.py:840} INFO - DAG(s) 'launch_streamlit_dashboard' retrieved from /opt/airflow/dags/eda_airflow.py
[2025-07-20T07:31:34.254+0000] {logging_mixin.py:188} INFO - [2025-07-20T07:31:34.253+0000] {dag.py:3036} INFO - Sync 1 DAGs
[2025-07-20T07:31:34.263+0000] {logging_mixin.py:188} INFO - [2025-07-20T07:31:34.263+0000] {dag.py:3823} INFO - Setting next_dagrun for launch_streamlit_dashboard to None, run_after=None
[2025-07-20T07:31:34.283+0000] {processor.py:183} INFO - Processing /opt/airflow/dags/eda_airflow.py took 0.162 seconds
[2025-07-20T07:32:05.361+0000] {processor.py:161} INFO - Started process (PID=7745) to work on /opt/airflow/dags/eda_airflow.py
[2025-07-20T07:32:05.375+0000] {processor.py:830} INFO - Processing file /opt/airflow/dags/eda_airflow.py for tasks to queue
[2025-07-20T07:32:05.378+0000] {logging_mixin.py:188} INFO - [2025-07-20T07:32:05.378+0000] {dagbag.py:538} INFO - Filling up the DagBag from /opt/airflow/dags/eda_airflow.py
[2025-07-20T07:32:05.398+0000] {processor.py:840} INFO - DAG(s) 'launch_streamlit_dashboard' retrieved from /opt/airflow/dags/eda_airflow.py
[2025-07-20T07:32:05.448+0000] {logging_mixin.py:188} INFO - [2025-07-20T07:32:05.447+0000] {dag.py:3036} INFO - Sync 1 DAGs
[2025-07-20T07:32:05.493+0000] {logging_mixin.py:188} INFO - [2025-07-20T07:32:05.492+0000] {dag.py:3823} INFO - Setting next_dagrun for launch_streamlit_dashboard to None, run_after=None
[2025-07-20T07:32:05.580+0000] {processor.py:183} INFO - Processing /opt/airflow/dags/eda_airflow.py took 0.229 seconds
[2025-07-20T07:32:36.519+0000] {processor.py:161} INFO - Started process (PID=8163) to work on /opt/airflow/dags/eda_airflow.py
[2025-07-20T07:32:36.558+0000] {processor.py:830} INFO - Processing file /opt/airflow/dags/eda_airflow.py for tasks to queue
[2025-07-20T07:32:36.561+0000] {logging_mixin.py:188} INFO - [2025-07-20T07:32:36.560+0000] {dagbag.py:538} INFO - Filling up the DagBag from /opt/airflow/dags/eda_airflow.py
[2025-07-20T07:32:36.611+0000] {processor.py:840} INFO - DAG(s) 'launch_streamlit_dashboard' retrieved from /opt/airflow/dags/eda_airflow.py
[2025-07-20T07:32:36.736+0000] {logging_mixin.py:188} INFO - [2025-07-20T07:32:36.736+0000] {dag.py:3036} INFO - Sync 1 DAGs
[2025-07-20T07:32:36.870+0000] {logging_mixin.py:188} INFO - [2025-07-20T07:32:36.870+0000] {dag.py:3823} INFO - Setting next_dagrun for launch_streamlit_dashboard to None, run_after=None
[2025-07-20T07:32:37.052+0000] {processor.py:183} INFO - Processing /opt/airflow/dags/eda_airflow.py took 0.632 seconds
[2025-07-20T07:34:25.557+0000] {processor.py:161} INFO - Started process (PID=9923) to work on /opt/airflow/dags/eda_airflow.py
[2025-07-20T07:34:25.559+0000] {processor.py:830} INFO - Processing file /opt/airflow/dags/eda_airflow.py for tasks to queue
[2025-07-20T07:34:25.560+0000] {logging_mixin.py:188} INFO - [2025-07-20T07:34:25.560+0000] {dagbag.py:538} INFO - Filling up the DagBag from /opt/airflow/dags/eda_airflow.py
[2025-07-20T07:34:25.578+0000] {processor.py:840} INFO - DAG(s) 'launch_streamlit_dashboard' retrieved from /opt/airflow/dags/eda_airflow.py
[2025-07-20T07:34:26.531+0000] {logging_mixin.py:188} INFO - [2025-07-20T07:34:26.530+0000] {dag.py:3036} INFO - Sync 1 DAGs
[2025-07-20T07:34:27.146+0000] {logging_mixin.py:188} INFO - [2025-07-20T07:34:27.145+0000] {dag.py:3823} INFO - Setting next_dagrun for launch_streamlit_dashboard to None, run_after=None
[2025-07-20T07:35:15.897+0000] {processor.py:183} INFO - Processing /opt/airflow/dags/eda_airflow.py took 50.347 seconds
[2025-07-20T07:35:46.148+0000] {processor.py:161} INFO - Started process (PID=9984) to work on /opt/airflow/dags/eda_airflow.py
[2025-07-20T07:35:46.149+0000] {processor.py:830} INFO - Processing file /opt/airflow/dags/eda_airflow.py for tasks to queue
[2025-07-20T07:35:46.150+0000] {logging_mixin.py:188} INFO - [2025-07-20T07:35:46.150+0000] {dagbag.py:538} INFO - Filling up the DagBag from /opt/airflow/dags/eda_airflow.py
[2025-07-20T07:35:46.166+0000] {processor.py:840} INFO - DAG(s) 'launch_streamlit_dashboard' retrieved from /opt/airflow/dags/eda_airflow.py
[2025-07-20T07:35:46.179+0000] {logging_mixin.py:188} INFO - [2025-07-20T07:35:46.178+0000] {dag.py:3036} INFO - Sync 1 DAGs
[2025-07-20T07:35:46.199+0000] {logging_mixin.py:188} INFO - [2025-07-20T07:35:46.198+0000] {dag.py:3823} INFO - Setting next_dagrun for launch_streamlit_dashboard to None, run_after=None
[2025-07-20T07:35:46.223+0000] {processor.py:183} INFO - Processing /opt/airflow/dags/eda_airflow.py took 0.081 seconds
[2025-07-20T07:36:16.903+0000] {processor.py:161} INFO - Started process (PID=10019) to work on /opt/airflow/dags/eda_airflow.py
[2025-07-20T07:36:16.904+0000] {processor.py:830} INFO - Processing file /opt/airflow/dags/eda_airflow.py for tasks to queue
[2025-07-20T07:36:16.905+0000] {logging_mixin.py:188} INFO - [2025-07-20T07:36:16.905+0000] {dagbag.py:538} INFO - Filling up the DagBag from /opt/airflow/dags/eda_airflow.py
[2025-07-20T07:36:16.917+0000] {processor.py:840} INFO - DAG(s) 'launch_streamlit_dashboard' retrieved from /opt/airflow/dags/eda_airflow.py
[2025-07-20T07:36:17.241+0000] {logging_mixin.py:188} INFO - [2025-07-20T07:36:17.240+0000] {dag.py:3036} INFO - Sync 1 DAGs
[2025-07-20T07:36:17.249+0000] {logging_mixin.py:188} INFO - [2025-07-20T07:36:17.249+0000] {dag.py:3823} INFO - Setting next_dagrun for launch_streamlit_dashboard to None, run_after=None
[2025-07-20T07:36:17.268+0000] {processor.py:183} INFO - Processing /opt/airflow/dags/eda_airflow.py took 0.369 seconds
[2025-07-20T07:36:47.439+0000] {processor.py:161} INFO - Started process (PID=10056) to work on /opt/airflow/dags/eda_airflow.py
[2025-07-20T07:36:47.440+0000] {processor.py:830} INFO - Processing file /opt/airflow/dags/eda_airflow.py for tasks to queue
[2025-07-20T07:36:47.441+0000] {logging_mixin.py:188} INFO - [2025-07-20T07:36:47.441+0000] {dagbag.py:538} INFO - Filling up the DagBag from /opt/airflow/dags/eda_airflow.py
[2025-07-20T07:36:47.452+0000] {processor.py:840} INFO - DAG(s) 'launch_streamlit_dashboard' retrieved from /opt/airflow/dags/eda_airflow.py
[2025-07-20T07:36:47.476+0000] {logging_mixin.py:188} INFO - [2025-07-20T07:36:47.476+0000] {dag.py:3036} INFO - Sync 1 DAGs
[2025-07-20T07:36:47.594+0000] {logging_mixin.py:188} INFO - [2025-07-20T07:36:47.594+0000] {dag.py:3823} INFO - Setting next_dagrun for launch_streamlit_dashboard to None, run_after=None
[2025-07-20T07:36:47.613+0000] {processor.py:183} INFO - Processing /opt/airflow/dags/eda_airflow.py took 0.176 seconds
[2025-07-20T07:37:41.343+0000] {processor.py:161} INFO - Started process (PID=10211) to work on /opt/airflow/dags/eda_airflow.py
[2025-07-20T07:37:42.283+0000] {processor.py:830} INFO - Processing file /opt/airflow/dags/eda_airflow.py for tasks to queue
[2025-07-20T07:37:42.462+0000] {logging_mixin.py:188} INFO - [2025-07-20T07:37:42.381+0000] {dagbag.py:538} INFO - Filling up the DagBag from /opt/airflow/dags/eda_airflow.py
[2025-07-20T07:37:45.984+0000] {processor.py:840} INFO - DAG(s) 'launch_streamlit_dashboard' retrieved from /opt/airflow/dags/eda_airflow.py
[2025-07-20T07:38:41.283+0000] {processor.py:161} INFO - Started process (PID=10514) to work on /opt/airflow/dags/eda_airflow.py
[2025-07-20T07:38:41.284+0000] {processor.py:830} INFO - Processing file /opt/airflow/dags/eda_airflow.py for tasks to queue
[2025-07-20T07:38:41.285+0000] {logging_mixin.py:188} INFO - [2025-07-20T07:38:41.285+0000] {dagbag.py:538} INFO - Filling up the DagBag from /opt/airflow/dags/eda_airflow.py
[2025-07-20T07:38:41.295+0000] {processor.py:840} INFO - DAG(s) 'launch_streamlit_dashboard' retrieved from /opt/airflow/dags/eda_airflow.py
[2025-07-20T07:38:41.385+0000] {logging_mixin.py:188} INFO - [2025-07-20T07:38:41.385+0000] {dag.py:3036} INFO - Sync 1 DAGs
[2025-07-20T07:38:41.395+0000] {logging_mixin.py:188} INFO - [2025-07-20T07:38:41.394+0000] {dag.py:3823} INFO - Setting next_dagrun for launch_streamlit_dashboard to None, run_after=None
[2025-07-20T07:38:41.417+0000] {processor.py:183} INFO - Processing /opt/airflow/dags/eda_airflow.py took 0.136 seconds
[2025-07-20T07:39:12.334+0000] {processor.py:161} INFO - Started process (PID=10552) to work on /opt/airflow/dags/eda_airflow.py
[2025-07-20T07:39:12.335+0000] {processor.py:830} INFO - Processing file /opt/airflow/dags/eda_airflow.py for tasks to queue
[2025-07-20T07:39:12.336+0000] {logging_mixin.py:188} INFO - [2025-07-20T07:39:12.336+0000] {dagbag.py:538} INFO - Filling up the DagBag from /opt/airflow/dags/eda_airflow.py
[2025-07-20T07:39:12.347+0000] {processor.py:840} INFO - DAG(s) 'launch_streamlit_dashboard' retrieved from /opt/airflow/dags/eda_airflow.py
[2025-07-20T07:39:12.377+0000] {logging_mixin.py:188} INFO - [2025-07-20T07:39:12.377+0000] {dag.py:3036} INFO - Sync 1 DAGs
[2025-07-20T07:39:12.390+0000] {logging_mixin.py:188} INFO - [2025-07-20T07:39:12.390+0000] {dag.py:3823} INFO - Setting next_dagrun for launch_streamlit_dashboard to None, run_after=None
[2025-07-20T07:39:12.417+0000] {processor.py:183} INFO - Processing /opt/airflow/dags/eda_airflow.py took 0.086 seconds
[2025-07-20T07:39:43.342+0000] {processor.py:161} INFO - Started process (PID=10587) to work on /opt/airflow/dags/eda_airflow.py
[2025-07-20T07:39:43.342+0000] {processor.py:830} INFO - Processing file /opt/airflow/dags/eda_airflow.py for tasks to queue
[2025-07-20T07:39:43.343+0000] {logging_mixin.py:188} INFO - [2025-07-20T07:39:43.343+0000] {dagbag.py:538} INFO - Filling up the DagBag from /opt/airflow/dags/eda_airflow.py
[2025-07-20T07:39:43.353+0000] {processor.py:840} INFO - DAG(s) 'launch_streamlit_dashboard' retrieved from /opt/airflow/dags/eda_airflow.py
[2025-07-20T07:39:43.365+0000] {logging_mixin.py:188} INFO - [2025-07-20T07:39:43.365+0000] {dag.py:3036} INFO - Sync 1 DAGs
[2025-07-20T07:39:43.377+0000] {logging_mixin.py:188} INFO - [2025-07-20T07:39:43.377+0000] {dag.py:3823} INFO - Setting next_dagrun for launch_streamlit_dashboard to None, run_after=None
[2025-07-20T07:39:43.398+0000] {processor.py:183} INFO - Processing /opt/airflow/dags/eda_airflow.py took 0.059 seconds
[2025-07-20T07:40:13.516+0000] {processor.py:161} INFO - Started process (PID=10622) to work on /opt/airflow/dags/eda_airflow.py
[2025-07-20T07:40:13.518+0000] {processor.py:830} INFO - Processing file /opt/airflow/dags/eda_airflow.py for tasks to queue
[2025-07-20T07:40:13.520+0000] {logging_mixin.py:188} INFO - [2025-07-20T07:40:13.519+0000] {dagbag.py:538} INFO - Filling up the DagBag from /opt/airflow/dags/eda_airflow.py
[2025-07-20T07:40:13.537+0000] {processor.py:840} INFO - DAG(s) 'launch_streamlit_dashboard' retrieved from /opt/airflow/dags/eda_airflow.py
[2025-07-20T07:40:13.642+0000] {logging_mixin.py:188} INFO - [2025-07-20T07:40:13.642+0000] {dag.py:3036} INFO - Sync 1 DAGs
[2025-07-20T07:40:13.652+0000] {logging_mixin.py:188} INFO - [2025-07-20T07:40:13.651+0000] {dag.py:3823} INFO - Setting next_dagrun for launch_streamlit_dashboard to None, run_after=None
[2025-07-20T07:40:13.707+0000] {processor.py:183} INFO - Processing /opt/airflow/dags/eda_airflow.py took 0.196 seconds
[2025-07-20T07:40:43.853+0000] {processor.py:161} INFO - Started process (PID=10659) to work on /opt/airflow/dags/eda_airflow.py
[2025-07-20T07:40:43.855+0000] {processor.py:830} INFO - Processing file /opt/airflow/dags/eda_airflow.py for tasks to queue
[2025-07-20T07:40:43.856+0000] {logging_mixin.py:188} INFO - [2025-07-20T07:40:43.856+0000] {dagbag.py:538} INFO - Filling up the DagBag from /opt/airflow/dags/eda_airflow.py
[2025-07-20T07:40:43.867+0000] {processor.py:840} INFO - DAG(s) 'launch_streamlit_dashboard' retrieved from /opt/airflow/dags/eda_airflow.py
[2025-07-20T07:40:43.893+0000] {logging_mixin.py:188} INFO - [2025-07-20T07:40:43.893+0000] {dag.py:3036} INFO - Sync 1 DAGs
[2025-07-20T07:40:43.907+0000] {logging_mixin.py:188} INFO - [2025-07-20T07:40:43.907+0000] {dag.py:3823} INFO - Setting next_dagrun for launch_streamlit_dashboard to None, run_after=None
[2025-07-20T07:40:43.932+0000] {processor.py:183} INFO - Processing /opt/airflow/dags/eda_airflow.py took 0.083 seconds
[2025-07-20T07:41:14.700+0000] {processor.py:161} INFO - Started process (PID=10692) to work on /opt/airflow/dags/eda_airflow.py
[2025-07-20T07:41:14.701+0000] {processor.py:830} INFO - Processing file /opt/airflow/dags/eda_airflow.py for tasks to queue
[2025-07-20T07:41:14.702+0000] {logging_mixin.py:188} INFO - [2025-07-20T07:41:14.702+0000] {dagbag.py:538} INFO - Filling up the DagBag from /opt/airflow/dags/eda_airflow.py
[2025-07-20T07:41:14.714+0000] {processor.py:840} INFO - DAG(s) 'launch_streamlit_dashboard' retrieved from /opt/airflow/dags/eda_airflow.py
[2025-07-20T07:41:14.726+0000] {logging_mixin.py:188} INFO - [2025-07-20T07:41:14.726+0000] {dag.py:3036} INFO - Sync 1 DAGs
[2025-07-20T07:41:14.740+0000] {logging_mixin.py:188} INFO - [2025-07-20T07:41:14.740+0000] {dag.py:3823} INFO - Setting next_dagrun for launch_streamlit_dashboard to None, run_after=None
[2025-07-20T07:41:14.762+0000] {processor.py:183} INFO - Processing /opt/airflow/dags/eda_airflow.py took 0.067 seconds
[2025-07-20T07:41:44.964+0000] {processor.py:161} INFO - Started process (PID=10727) to work on /opt/airflow/dags/eda_airflow.py
[2025-07-20T07:41:44.965+0000] {processor.py:830} INFO - Processing file /opt/airflow/dags/eda_airflow.py for tasks to queue
[2025-07-20T07:41:44.966+0000] {logging_mixin.py:188} INFO - [2025-07-20T07:41:44.966+0000] {dagbag.py:538} INFO - Filling up the DagBag from /opt/airflow/dags/eda_airflow.py
[2025-07-20T07:41:44.977+0000] {processor.py:840} INFO - DAG(s) 'launch_streamlit_dashboard' retrieved from /opt/airflow/dags/eda_airflow.py
[2025-07-20T07:41:45.189+0000] {logging_mixin.py:188} INFO - [2025-07-20T07:41:45.189+0000] {dag.py:3036} INFO - Sync 1 DAGs
[2025-07-20T07:41:45.199+0000] {logging_mixin.py:188} INFO - [2025-07-20T07:41:45.199+0000] {dag.py:3823} INFO - Setting next_dagrun for launch_streamlit_dashboard to None, run_after=None
[2025-07-20T07:41:45.221+0000] {processor.py:183} INFO - Processing /opt/airflow/dags/eda_airflow.py took 0.260 seconds
