[2025-07-20T06:47:55.991+0000] {processor.py:161} INFO - Started process (PID=199) to work on /opt/airflow/dags/modal_airflow.py
[2025-07-20T06:47:55.992+0000] {processor.py:830} INFO - Processing file /opt/airflow/dags/modal_airflow.py for tasks to queue
[2025-07-20T06:47:55.993+0000] {logging_mixin.py:188} INFO - [2025-07-20T06:47:55.993+0000] {dagbag.py:538} INFO - Filling up the DagBag from /opt/airflow/dags/modal_airflow.py
[2025-07-20T06:47:56.013+0000] {processor.py:840} INFO - DAG(s) 'ml_model_training_pipeline_with_mlflow' retrieved from /opt/airflow/dags/modal_airflow.py
[2025-07-20T06:47:56.048+0000] {logging_mixin.py:188} INFO - [2025-07-20T06:47:56.048+0000] {dag.py:3036} INFO - Sync 1 DAGs
[2025-07-20T06:47:56.065+0000] {logging_mixin.py:188} INFO - [2025-07-20T06:47:56.065+0000] {dag.py:3823} INFO - Setting next_dagrun for ml_model_training_pipeline_with_mlflow to None, run_after=None
[2025-07-20T06:47:56.111+0000] {processor.py:183} INFO - Processing /opt/airflow/dags/modal_airflow.py took 0.123 seconds
[2025-07-20T06:49:53.633+0000] {processor.py:161} INFO - Started process (PID=1138) to work on /opt/airflow/dags/modal_airflow.py
[2025-07-20T06:49:54.293+0000] {processor.py:830} INFO - Processing file /opt/airflow/dags/modal_airflow.py for tasks to queue
[2025-07-20T06:49:54.463+0000] {logging_mixin.py:188} INFO - [2025-07-20T06:49:54.460+0000] {dagbag.py:538} INFO - Filling up the DagBag from /opt/airflow/dags/modal_airflow.py
[2025-07-20T06:50:10.395+0000] {processor.py:840} INFO - DAG(s) 'ml_model_training_pipeline_with_mlflow' retrieved from /opt/airflow/dags/modal_airflow.py
[2025-07-20T06:53:24.567+0000] {processor.py:161} INFO - Started process (PID=2514) to work on /opt/airflow/dags/modal_airflow.py
[2025-07-20T06:53:24.568+0000] {processor.py:830} INFO - Processing file /opt/airflow/dags/modal_airflow.py for tasks to queue
[2025-07-20T06:53:24.570+0000] {logging_mixin.py:188} INFO - [2025-07-20T06:53:24.569+0000] {dagbag.py:538} INFO - Filling up the DagBag from /opt/airflow/dags/modal_airflow.py
[2025-07-20T06:53:24.949+0000] {processor.py:840} INFO - DAG(s) 'ml_model_training_pipeline_with_mlflow' retrieved from /opt/airflow/dags/modal_airflow.py
[2025-07-20T06:53:38.865+0000] {logging_mixin.py:188} INFO - [2025-07-20T06:53:38.864+0000] {dag.py:3036} INFO - Sync 1 DAGs
[2025-07-20T06:53:39.565+0000] {logging_mixin.py:188} INFO - [2025-07-20T06:53:39.564+0000] {dag.py:3823} INFO - Setting next_dagrun for ml_model_training_pipeline_with_mlflow to None, run_after=None
[2025-07-20T06:53:40.023+0000] {processor.py:183} INFO - Processing /opt/airflow/dags/modal_airflow.py took 15.915 seconds
[2025-07-20T06:54:11.015+0000] {processor.py:161} INFO - Started process (PID=2549) to work on /opt/airflow/dags/modal_airflow.py
[2025-07-20T06:54:11.059+0000] {processor.py:830} INFO - Processing file /opt/airflow/dags/modal_airflow.py for tasks to queue
[2025-07-20T06:54:11.126+0000] {logging_mixin.py:188} INFO - [2025-07-20T06:54:11.126+0000] {dagbag.py:538} INFO - Filling up the DagBag from /opt/airflow/dags/modal_airflow.py
[2025-07-20T06:54:11.287+0000] {processor.py:840} INFO - DAG(s) 'ml_model_training_pipeline_with_mlflow' retrieved from /opt/airflow/dags/modal_airflow.py
[2025-07-20T06:54:13.309+0000] {logging_mixin.py:188} INFO - [2025-07-20T06:54:13.308+0000] {dag.py:3036} INFO - Sync 1 DAGs
[2025-07-20T06:54:15.777+0000] {logging_mixin.py:188} INFO - [2025-07-20T06:54:15.776+0000] {dag.py:3823} INFO - Setting next_dagrun for ml_model_training_pipeline_with_mlflow to None, run_after=None
[2025-07-20T06:54:16.218+0000] {processor.py:183} INFO - Processing /opt/airflow/dags/modal_airflow.py took 5.212 seconds
[2025-07-20T06:54:49.358+0000] {processor.py:161} INFO - Started process (PID=2584) to work on /opt/airflow/dags/modal_airflow.py
[2025-07-20T06:54:49.635+0000] {processor.py:830} INFO - Processing file /opt/airflow/dags/modal_airflow.py for tasks to queue
[2025-07-20T06:54:49.642+0000] {logging_mixin.py:188} INFO - [2025-07-20T06:54:49.640+0000] {dagbag.py:538} INFO - Filling up the DagBag from /opt/airflow/dags/modal_airflow.py
[2025-07-20T06:54:49.760+0000] {processor.py:840} INFO - DAG(s) 'ml_model_training_pipeline_with_mlflow' retrieved from /opt/airflow/dags/modal_airflow.py
[2025-07-20T06:54:49.845+0000] {logging_mixin.py:188} INFO - [2025-07-20T06:54:49.844+0000] {dag.py:3036} INFO - Sync 1 DAGs
[2025-07-20T06:54:49.880+0000] {logging_mixin.py:188} INFO - [2025-07-20T06:54:49.880+0000] {dag.py:3823} INFO - Setting next_dagrun for ml_model_training_pipeline_with_mlflow to None, run_after=None
[2025-07-20T06:54:51.038+0000] {processor.py:183} INFO - Processing /opt/airflow/dags/modal_airflow.py took 1.901 seconds
[2025-07-20T06:55:21.580+0000] {processor.py:161} INFO - Started process (PID=2619) to work on /opt/airflow/dags/modal_airflow.py
[2025-07-20T06:55:21.583+0000] {processor.py:830} INFO - Processing file /opt/airflow/dags/modal_airflow.py for tasks to queue
[2025-07-20T06:55:21.585+0000] {logging_mixin.py:188} INFO - [2025-07-20T06:55:21.584+0000] {dagbag.py:538} INFO - Filling up the DagBag from /opt/airflow/dags/modal_airflow.py
[2025-07-20T06:55:21.649+0000] {processor.py:840} INFO - DAG(s) 'ml_model_training_pipeline_with_mlflow' retrieved from /opt/airflow/dags/modal_airflow.py
[2025-07-20T06:55:21.699+0000] {logging_mixin.py:188} INFO - [2025-07-20T06:55:21.698+0000] {dag.py:3036} INFO - Sync 1 DAGs
[2025-07-20T06:55:21.744+0000] {logging_mixin.py:188} INFO - [2025-07-20T06:55:21.743+0000] {dag.py:3823} INFO - Setting next_dagrun for ml_model_training_pipeline_with_mlflow to None, run_after=None
[2025-07-20T06:55:21.816+0000] {processor.py:183} INFO - Processing /opt/airflow/dags/modal_airflow.py took 0.241 seconds
[2025-07-20T06:55:53.283+0000] {processor.py:161} INFO - Started process (PID=2654) to work on /opt/airflow/dags/modal_airflow.py
[2025-07-20T06:55:53.286+0000] {processor.py:830} INFO - Processing file /opt/airflow/dags/modal_airflow.py for tasks to queue
[2025-07-20T06:55:53.288+0000] {logging_mixin.py:188} INFO - [2025-07-20T06:55:53.287+0000] {dagbag.py:538} INFO - Filling up the DagBag from /opt/airflow/dags/modal_airflow.py
[2025-07-20T06:55:56.233+0000] {processor.py:840} INFO - DAG(s) 'ml_model_training_pipeline_with_mlflow' retrieved from /opt/airflow/dags/modal_airflow.py
[2025-07-20T06:55:57.774+0000] {logging_mixin.py:188} INFO - [2025-07-20T06:55:57.774+0000] {dag.py:3036} INFO - Sync 1 DAGs
[2025-07-20T06:55:57.842+0000] {logging_mixin.py:188} INFO - [2025-07-20T06:55:57.841+0000] {dag.py:3823} INFO - Setting next_dagrun for ml_model_training_pipeline_with_mlflow to None, run_after=None
[2025-07-20T06:55:57.958+0000] {processor.py:183} INFO - Processing /opt/airflow/dags/modal_airflow.py took 4.680 seconds
[2025-07-20T06:56:30.389+0000] {processor.py:161} INFO - Started process (PID=2698) to work on /opt/airflow/dags/modal_airflow.py
[2025-07-20T06:56:30.406+0000] {processor.py:830} INFO - Processing file /opt/airflow/dags/modal_airflow.py for tasks to queue
[2025-07-20T06:56:30.427+0000] {logging_mixin.py:188} INFO - [2025-07-20T06:56:30.426+0000] {dagbag.py:538} INFO - Filling up the DagBag from /opt/airflow/dags/modal_airflow.py
[2025-07-20T06:56:30.995+0000] {processor.py:840} INFO - DAG(s) 'ml_model_training_pipeline_with_mlflow' retrieved from /opt/airflow/dags/modal_airflow.py
[2025-07-20T06:56:31.160+0000] {logging_mixin.py:188} INFO - [2025-07-20T06:56:31.160+0000] {dag.py:3036} INFO - Sync 1 DAGs
[2025-07-20T06:56:31.265+0000] {logging_mixin.py:188} INFO - [2025-07-20T06:56:31.264+0000] {dag.py:3823} INFO - Setting next_dagrun for ml_model_training_pipeline_with_mlflow to None, run_after=None
[2025-07-20T06:56:31.516+0000] {processor.py:183} INFO - Processing /opt/airflow/dags/modal_airflow.py took 1.160 seconds
[2025-07-20T06:57:02.500+0000] {processor.py:161} INFO - Started process (PID=2737) to work on /opt/airflow/dags/modal_airflow.py
[2025-07-20T06:57:02.506+0000] {processor.py:830} INFO - Processing file /opt/airflow/dags/modal_airflow.py for tasks to queue
[2025-07-20T06:57:02.508+0000] {logging_mixin.py:188} INFO - [2025-07-20T06:57:02.508+0000] {dagbag.py:538} INFO - Filling up the DagBag from /opt/airflow/dags/modal_airflow.py
[2025-07-20T06:57:02.830+0000] {processor.py:840} INFO - DAG(s) 'ml_model_training_pipeline_with_mlflow' retrieved from /opt/airflow/dags/modal_airflow.py
[2025-07-20T06:57:02.944+0000] {logging_mixin.py:188} INFO - [2025-07-20T06:57:02.943+0000] {dag.py:3036} INFO - Sync 1 DAGs
[2025-07-20T06:57:03.043+0000] {logging_mixin.py:188} INFO - [2025-07-20T06:57:03.042+0000] {dag.py:3823} INFO - Setting next_dagrun for ml_model_training_pipeline_with_mlflow to None, run_after=None
[2025-07-20T06:57:03.162+0000] {processor.py:183} INFO - Processing /opt/airflow/dags/modal_airflow.py took 0.729 seconds
[2025-07-20T06:57:33.731+0000] {processor.py:161} INFO - Started process (PID=2772) to work on /opt/airflow/dags/modal_airflow.py
[2025-07-20T06:57:33.749+0000] {processor.py:830} INFO - Processing file /opt/airflow/dags/modal_airflow.py for tasks to queue
[2025-07-20T06:57:33.752+0000] {logging_mixin.py:188} INFO - [2025-07-20T06:57:33.751+0000] {dagbag.py:538} INFO - Filling up the DagBag from /opt/airflow/dags/modal_airflow.py
[2025-07-20T06:57:33.916+0000] {processor.py:840} INFO - DAG(s) 'ml_model_training_pipeline_with_mlflow' retrieved from /opt/airflow/dags/modal_airflow.py
[2025-07-20T06:57:34.039+0000] {logging_mixin.py:188} INFO - [2025-07-20T06:57:34.038+0000] {dag.py:3036} INFO - Sync 1 DAGs
[2025-07-20T06:57:34.073+0000] {logging_mixin.py:188} INFO - [2025-07-20T06:57:34.073+0000] {dag.py:3823} INFO - Setting next_dagrun for ml_model_training_pipeline_with_mlflow to None, run_after=None
[2025-07-20T06:57:34.199+0000] {processor.py:183} INFO - Processing /opt/airflow/dags/modal_airflow.py took 0.474 seconds
[2025-07-20T06:58:34.513+0000] {processor.py:161} INFO - Started process (PID=2809) to work on /opt/airflow/dags/modal_airflow.py
[2025-07-20T06:58:34.514+0000] {processor.py:830} INFO - Processing file /opt/airflow/dags/modal_airflow.py for tasks to queue
[2025-07-20T06:58:34.515+0000] {logging_mixin.py:188} INFO - [2025-07-20T06:58:34.515+0000] {dagbag.py:538} INFO - Filling up the DagBag from /opt/airflow/dags/modal_airflow.py
[2025-07-20T06:58:35.105+0000] {processor.py:840} INFO - DAG(s) 'ml_model_training_pipeline_with_mlflow' retrieved from /opt/airflow/dags/modal_airflow.py
[2025-07-20T06:58:35.393+0000] {logging_mixin.py:188} INFO - [2025-07-20T06:58:35.393+0000] {dag.py:3036} INFO - Sync 1 DAGs
[2025-07-20T06:58:35.428+0000] {logging_mixin.py:188} INFO - [2025-07-20T06:58:35.427+0000] {dag.py:3823} INFO - Setting next_dagrun for ml_model_training_pipeline_with_mlflow to None, run_after=None
[2025-07-20T06:58:35.540+0000] {processor.py:183} INFO - Processing /opt/airflow/dags/modal_airflow.py took 1.030 seconds
[2025-07-20T06:59:08.063+0000] {processor.py:161} INFO - Started process (PID=2844) to work on /opt/airflow/dags/modal_airflow.py
[2025-07-20T06:59:08.068+0000] {processor.py:830} INFO - Processing file /opt/airflow/dags/modal_airflow.py for tasks to queue
[2025-07-20T06:59:08.070+0000] {logging_mixin.py:188} INFO - [2025-07-20T06:59:08.070+0000] {dagbag.py:538} INFO - Filling up the DagBag from /opt/airflow/dags/modal_airflow.py
[2025-07-20T06:59:08.155+0000] {processor.py:840} INFO - DAG(s) 'ml_model_training_pipeline_with_mlflow' retrieved from /opt/airflow/dags/modal_airflow.py
[2025-07-20T06:59:08.222+0000] {logging_mixin.py:188} INFO - [2025-07-20T06:59:08.221+0000] {dag.py:3036} INFO - Sync 1 DAGs
[2025-07-20T06:59:08.287+0000] {logging_mixin.py:188} INFO - [2025-07-20T06:59:08.287+0000] {dag.py:3823} INFO - Setting next_dagrun for ml_model_training_pipeline_with_mlflow to None, run_after=None
[2025-07-20T06:59:08.441+0000] {processor.py:183} INFO - Processing /opt/airflow/dags/modal_airflow.py took 0.385 seconds
[2025-07-20T06:59:38.988+0000] {processor.py:161} INFO - Started process (PID=2879) to work on /opt/airflow/dags/modal_airflow.py
[2025-07-20T06:59:38.994+0000] {processor.py:830} INFO - Processing file /opt/airflow/dags/modal_airflow.py for tasks to queue
[2025-07-20T06:59:38.997+0000] {logging_mixin.py:188} INFO - [2025-07-20T06:59:38.996+0000] {dagbag.py:538} INFO - Filling up the DagBag from /opt/airflow/dags/modal_airflow.py
[2025-07-20T06:59:39.426+0000] {processor.py:840} INFO - DAG(s) 'ml_model_training_pipeline_with_mlflow' retrieved from /opt/airflow/dags/modal_airflow.py
[2025-07-20T06:59:39.527+0000] {logging_mixin.py:188} INFO - [2025-07-20T06:59:39.526+0000] {dag.py:3036} INFO - Sync 1 DAGs
[2025-07-20T06:59:39.588+0000] {logging_mixin.py:188} INFO - [2025-07-20T06:59:39.587+0000] {dag.py:3823} INFO - Setting next_dagrun for ml_model_training_pipeline_with_mlflow to None, run_after=None
[2025-07-20T06:59:39.766+0000] {processor.py:183} INFO - Processing /opt/airflow/dags/modal_airflow.py took 0.783 seconds
[2025-07-20T07:00:12.667+0000] {processor.py:161} INFO - Started process (PID=2912) to work on /opt/airflow/dags/modal_airflow.py
[2025-07-20T07:00:12.710+0000] {processor.py:830} INFO - Processing file /opt/airflow/dags/modal_airflow.py for tasks to queue
[2025-07-20T07:00:12.712+0000] {logging_mixin.py:188} INFO - [2025-07-20T07:00:12.711+0000] {dagbag.py:538} INFO - Filling up the DagBag from /opt/airflow/dags/modal_airflow.py
[2025-07-20T07:00:13.088+0000] {processor.py:840} INFO - DAG(s) 'ml_model_training_pipeline_with_mlflow' retrieved from /opt/airflow/dags/modal_airflow.py
[2025-07-20T07:00:13.591+0000] {logging_mixin.py:188} INFO - [2025-07-20T07:00:13.591+0000] {dag.py:3036} INFO - Sync 1 DAGs
[2025-07-20T07:00:13.616+0000] {logging_mixin.py:188} INFO - [2025-07-20T07:00:13.616+0000] {dag.py:3823} INFO - Setting next_dagrun for ml_model_training_pipeline_with_mlflow to None, run_after=None
[2025-07-20T07:00:14.001+0000] {processor.py:183} INFO - Processing /opt/airflow/dags/modal_airflow.py took 1.338 seconds
[2025-07-20T07:00:45.545+0000] {processor.py:161} INFO - Started process (PID=2949) to work on /opt/airflow/dags/modal_airflow.py
[2025-07-20T07:00:45.546+0000] {processor.py:830} INFO - Processing file /opt/airflow/dags/modal_airflow.py for tasks to queue
[2025-07-20T07:00:45.547+0000] {logging_mixin.py:188} INFO - [2025-07-20T07:00:45.547+0000] {dagbag.py:538} INFO - Filling up the DagBag from /opt/airflow/dags/modal_airflow.py
[2025-07-20T07:00:45.570+0000] {processor.py:840} INFO - DAG(s) 'ml_model_training_pipeline_with_mlflow' retrieved from /opt/airflow/dags/modal_airflow.py
[2025-07-20T07:00:45.730+0000] {logging_mixin.py:188} INFO - [2025-07-20T07:00:45.730+0000] {dag.py:3036} INFO - Sync 1 DAGs
[2025-07-20T07:00:45.765+0000] {logging_mixin.py:188} INFO - [2025-07-20T07:00:45.764+0000] {dag.py:3823} INFO - Setting next_dagrun for ml_model_training_pipeline_with_mlflow to None, run_after=None
[2025-07-20T07:00:46.024+0000] {processor.py:183} INFO - Processing /opt/airflow/dags/modal_airflow.py took 0.483 seconds
[2025-07-20T07:01:24.660+0000] {processor.py:161} INFO - Started process (PID=2982) to work on /opt/airflow/dags/modal_airflow.py
[2025-07-20T07:01:24.711+0000] {processor.py:830} INFO - Processing file /opt/airflow/dags/modal_airflow.py for tasks to queue
[2025-07-20T07:01:24.763+0000] {logging_mixin.py:188} INFO - [2025-07-20T07:01:24.762+0000] {dagbag.py:538} INFO - Filling up the DagBag from /opt/airflow/dags/modal_airflow.py
[2025-07-20T07:01:25.817+0000] {processor.py:840} INFO - DAG(s) 'ml_model_training_pipeline_with_mlflow' retrieved from /opt/airflow/dags/modal_airflow.py
[2025-07-20T07:01:26.009+0000] {logging_mixin.py:188} INFO - [2025-07-20T07:01:26.009+0000] {dag.py:3036} INFO - Sync 1 DAGs
[2025-07-20T07:01:26.178+0000] {logging_mixin.py:188} INFO - [2025-07-20T07:01:26.177+0000] {dag.py:3823} INFO - Setting next_dagrun for ml_model_training_pipeline_with_mlflow to None, run_after=None
[2025-07-20T07:01:29.235+0000] {processor.py:183} INFO - Processing /opt/airflow/dags/modal_airflow.py took 4.581 seconds
[2025-07-20T07:02:27.827+0000] {processor.py:161} INFO - Started process (PID=3010) to work on /opt/airflow/dags/modal_airflow.py
[2025-07-20T07:02:27.828+0000] {processor.py:830} INFO - Processing file /opt/airflow/dags/modal_airflow.py for tasks to queue
[2025-07-20T07:02:27.829+0000] {logging_mixin.py:188} INFO - [2025-07-20T07:02:27.829+0000] {dagbag.py:538} INFO - Filling up the DagBag from /opt/airflow/dags/modal_airflow.py
[2025-07-20T07:02:28.661+0000] {processor.py:840} INFO - DAG(s) 'ml_model_training_pipeline_with_mlflow' retrieved from /opt/airflow/dags/modal_airflow.py
[2025-07-20T07:02:33.491+0000] {logging_mixin.py:188} INFO - [2025-07-20T07:02:33.490+0000] {dag.py:3036} INFO - Sync 1 DAGs
[2025-07-20T07:02:36.784+0000] {logging_mixin.py:188} INFO - [2025-07-20T07:02:36.783+0000] {dag.py:3823} INFO - Setting next_dagrun for ml_model_training_pipeline_with_mlflow to None, run_after=None
[2025-07-20T07:02:36.806+0000] {processor.py:183} INFO - Processing /opt/airflow/dags/modal_airflow.py took 8.982 seconds
[2025-07-20T07:04:21.055+0000] {processor.py:161} INFO - Started process (PID=3041) to work on /opt/airflow/dags/modal_airflow.py
[2025-07-20T07:04:21.056+0000] {processor.py:830} INFO - Processing file /opt/airflow/dags/modal_airflow.py for tasks to queue
[2025-07-20T07:04:21.057+0000] {logging_mixin.py:188} INFO - [2025-07-20T07:04:21.056+0000] {dagbag.py:538} INFO - Filling up the DagBag from /opt/airflow/dags/modal_airflow.py
[2025-07-20T07:04:21.072+0000] {processor.py:840} INFO - DAG(s) 'ml_model_training_pipeline_with_mlflow' retrieved from /opt/airflow/dags/modal_airflow.py
[2025-07-20T07:04:21.104+0000] {logging_mixin.py:188} INFO - [2025-07-20T07:04:21.103+0000] {dag.py:3036} INFO - Sync 1 DAGs
[2025-07-20T07:04:21.118+0000] {logging_mixin.py:188} INFO - [2025-07-20T07:04:21.117+0000] {dag.py:3823} INFO - Setting next_dagrun for ml_model_training_pipeline_with_mlflow to None, run_after=None
[2025-07-20T07:04:21.846+0000] {processor.py:183} INFO - Processing /opt/airflow/dags/modal_airflow.py took 0.796 seconds
[2025-07-20T07:08:58.215+0000] {processor.py:161} INFO - Started process (PID=3088) to work on /opt/airflow/dags/modal_airflow.py
[2025-07-20T07:08:58.217+0000] {processor.py:830} INFO - Processing file /opt/airflow/dags/modal_airflow.py for tasks to queue
[2025-07-20T07:08:58.219+0000] {logging_mixin.py:188} INFO - [2025-07-20T07:08:58.218+0000] {dagbag.py:538} INFO - Filling up the DagBag from /opt/airflow/dags/modal_airflow.py
[2025-07-20T07:08:58.240+0000] {processor.py:840} INFO - DAG(s) 'ml_model_training_pipeline_with_mlflow' retrieved from /opt/airflow/dags/modal_airflow.py
[2025-07-20T07:08:58.289+0000] {logging_mixin.py:188} INFO - [2025-07-20T07:08:58.289+0000] {dag.py:3036} INFO - Sync 1 DAGs
[2025-07-20T07:09:18.881+0000] {logging_mixin.py:188} INFO - [2025-07-20T07:09:18.880+0000] {dag.py:3823} INFO - Setting next_dagrun for ml_model_training_pipeline_with_mlflow to None, run_after=None
[2025-07-20T07:09:19.960+0000] {processor.py:183} INFO - Processing /opt/airflow/dags/modal_airflow.py took 21.891 seconds
[2025-07-20T07:09:50.057+0000] {processor.py:161} INFO - Started process (PID=3130) to work on /opt/airflow/dags/modal_airflow.py
[2025-07-20T07:09:50.058+0000] {processor.py:830} INFO - Processing file /opt/airflow/dags/modal_airflow.py for tasks to queue
[2025-07-20T07:09:50.059+0000] {logging_mixin.py:188} INFO - [2025-07-20T07:09:50.058+0000] {dagbag.py:538} INFO - Filling up the DagBag from /opt/airflow/dags/modal_airflow.py
[2025-07-20T07:09:50.069+0000] {processor.py:840} INFO - DAG(s) 'ml_model_training_pipeline_with_mlflow' retrieved from /opt/airflow/dags/modal_airflow.py
[2025-07-20T07:09:50.093+0000] {logging_mixin.py:188} INFO - [2025-07-20T07:09:50.092+0000] {dag.py:3036} INFO - Sync 1 DAGs
[2025-07-20T07:09:50.107+0000] {logging_mixin.py:188} INFO - [2025-07-20T07:09:50.107+0000] {dag.py:3823} INFO - Setting next_dagrun for ml_model_training_pipeline_with_mlflow to None, run_after=None
[2025-07-20T07:09:50.126+0000] {processor.py:183} INFO - Processing /opt/airflow/dags/modal_airflow.py took 0.072 seconds
[2025-07-20T07:10:20.337+0000] {processor.py:161} INFO - Started process (PID=3180) to work on /opt/airflow/dags/modal_airflow.py
[2025-07-20T07:10:20.339+0000] {processor.py:830} INFO - Processing file /opt/airflow/dags/modal_airflow.py for tasks to queue
[2025-07-20T07:10:20.340+0000] {logging_mixin.py:188} INFO - [2025-07-20T07:10:20.339+0000] {dagbag.py:538} INFO - Filling up the DagBag from /opt/airflow/dags/modal_airflow.py
[2025-07-20T07:10:20.355+0000] {processor.py:840} INFO - DAG(s) 'ml_model_training_pipeline_with_mlflow' retrieved from /opt/airflow/dags/modal_airflow.py
[2025-07-20T07:10:20.413+0000] {logging_mixin.py:188} INFO - [2025-07-20T07:10:20.413+0000] {dag.py:3036} INFO - Sync 1 DAGs
[2025-07-20T07:10:20.424+0000] {logging_mixin.py:188} INFO - [2025-07-20T07:10:20.424+0000] {dag.py:3823} INFO - Setting next_dagrun for ml_model_training_pipeline_with_mlflow to None, run_after=None
[2025-07-20T07:10:20.447+0000] {processor.py:183} INFO - Processing /opt/airflow/dags/modal_airflow.py took 0.122 seconds
[2025-07-20T07:10:51.357+0000] {processor.py:161} INFO - Started process (PID=3215) to work on /opt/airflow/dags/modal_airflow.py
[2025-07-20T07:10:51.358+0000] {processor.py:830} INFO - Processing file /opt/airflow/dags/modal_airflow.py for tasks to queue
[2025-07-20T07:10:51.359+0000] {logging_mixin.py:188} INFO - [2025-07-20T07:10:51.358+0000] {dagbag.py:538} INFO - Filling up the DagBag from /opt/airflow/dags/modal_airflow.py
[2025-07-20T07:10:51.371+0000] {processor.py:840} INFO - DAG(s) 'ml_model_training_pipeline_with_mlflow' retrieved from /opt/airflow/dags/modal_airflow.py
[2025-07-20T07:10:51.397+0000] {logging_mixin.py:188} INFO - [2025-07-20T07:10:51.397+0000] {dag.py:3036} INFO - Sync 1 DAGs
[2025-07-20T07:10:51.408+0000] {logging_mixin.py:188} INFO - [2025-07-20T07:10:51.408+0000] {dag.py:3823} INFO - Setting next_dagrun for ml_model_training_pipeline_with_mlflow to None, run_after=None
[2025-07-20T07:10:51.576+0000] {processor.py:183} INFO - Processing /opt/airflow/dags/modal_airflow.py took 0.222 seconds
[2025-07-20T07:11:22.523+0000] {processor.py:161} INFO - Started process (PID=3255) to work on /opt/airflow/dags/modal_airflow.py
[2025-07-20T07:11:22.524+0000] {processor.py:830} INFO - Processing file /opt/airflow/dags/modal_airflow.py for tasks to queue
[2025-07-20T07:11:22.525+0000] {logging_mixin.py:188} INFO - [2025-07-20T07:11:22.524+0000] {dagbag.py:538} INFO - Filling up the DagBag from /opt/airflow/dags/modal_airflow.py
[2025-07-20T07:11:22.538+0000] {processor.py:840} INFO - DAG(s) 'ml_model_training_pipeline_with_mlflow' retrieved from /opt/airflow/dags/modal_airflow.py
[2025-07-20T07:11:22.563+0000] {logging_mixin.py:188} INFO - [2025-07-20T07:11:22.563+0000] {dag.py:3036} INFO - Sync 1 DAGs
[2025-07-20T07:11:22.950+0000] {logging_mixin.py:188} INFO - [2025-07-20T07:11:22.949+0000] {dag.py:3823} INFO - Setting next_dagrun for ml_model_training_pipeline_with_mlflow to None, run_after=None
[2025-07-20T07:11:23.260+0000] {processor.py:183} INFO - Processing /opt/airflow/dags/modal_airflow.py took 0.740 seconds
[2025-07-20T07:11:53.412+0000] {processor.py:161} INFO - Started process (PID=3290) to work on /opt/airflow/dags/modal_airflow.py
[2025-07-20T07:11:53.413+0000] {processor.py:830} INFO - Processing file /opt/airflow/dags/modal_airflow.py for tasks to queue
[2025-07-20T07:11:53.414+0000] {logging_mixin.py:188} INFO - [2025-07-20T07:11:53.414+0000] {dagbag.py:538} INFO - Filling up the DagBag from /opt/airflow/dags/modal_airflow.py
[2025-07-20T07:11:53.425+0000] {processor.py:840} INFO - DAG(s) 'ml_model_training_pipeline_with_mlflow' retrieved from /opt/airflow/dags/modal_airflow.py
[2025-07-20T07:11:53.465+0000] {logging_mixin.py:188} INFO - [2025-07-20T07:11:53.465+0000] {dag.py:3036} INFO - Sync 1 DAGs
[2025-07-20T07:11:53.477+0000] {logging_mixin.py:188} INFO - [2025-07-20T07:11:53.476+0000] {dag.py:3823} INFO - Setting next_dagrun for ml_model_training_pipeline_with_mlflow to None, run_after=None
[2025-07-20T07:11:53.496+0000] {processor.py:183} INFO - Processing /opt/airflow/dags/modal_airflow.py took 0.086 seconds
[2025-07-20T07:12:23.582+0000] {processor.py:161} INFO - Started process (PID=3330) to work on /opt/airflow/dags/modal_airflow.py
[2025-07-20T07:12:23.583+0000] {processor.py:830} INFO - Processing file /opt/airflow/dags/modal_airflow.py for tasks to queue
[2025-07-20T07:12:23.584+0000] {logging_mixin.py:188} INFO - [2025-07-20T07:12:23.583+0000] {dagbag.py:538} INFO - Filling up the DagBag from /opt/airflow/dags/modal_airflow.py
[2025-07-20T07:12:23.596+0000] {processor.py:840} INFO - DAG(s) 'ml_model_training_pipeline_with_mlflow' retrieved from /opt/airflow/dags/modal_airflow.py
[2025-07-20T07:12:23.620+0000] {logging_mixin.py:188} INFO - [2025-07-20T07:12:23.620+0000] {dag.py:3036} INFO - Sync 1 DAGs
[2025-07-20T07:12:23.631+0000] {logging_mixin.py:188} INFO - [2025-07-20T07:12:23.631+0000] {dag.py:3823} INFO - Setting next_dagrun for ml_model_training_pipeline_with_mlflow to None, run_after=None
[2025-07-20T07:12:23.653+0000] {processor.py:183} INFO - Processing /opt/airflow/dags/modal_airflow.py took 0.074 seconds
[2025-07-20T07:12:54.066+0000] {processor.py:161} INFO - Started process (PID=3375) to work on /opt/airflow/dags/modal_airflow.py
[2025-07-20T07:12:54.068+0000] {processor.py:830} INFO - Processing file /opt/airflow/dags/modal_airflow.py for tasks to queue
[2025-07-20T07:12:54.070+0000] {logging_mixin.py:188} INFO - [2025-07-20T07:12:54.069+0000] {dagbag.py:538} INFO - Filling up the DagBag from /opt/airflow/dags/modal_airflow.py
[2025-07-20T07:12:54.088+0000] {processor.py:840} INFO - DAG(s) 'ml_model_training_pipeline_with_mlflow' retrieved from /opt/airflow/dags/modal_airflow.py
[2025-07-20T07:12:54.120+0000] {logging_mixin.py:188} INFO - [2025-07-20T07:12:54.120+0000] {dag.py:3036} INFO - Sync 1 DAGs
[2025-07-20T07:12:54.133+0000] {logging_mixin.py:188} INFO - [2025-07-20T07:12:54.133+0000] {dag.py:3823} INFO - Setting next_dagrun for ml_model_training_pipeline_with_mlflow to None, run_after=None
[2025-07-20T07:12:54.153+0000] {processor.py:183} INFO - Processing /opt/airflow/dags/modal_airflow.py took 0.094 seconds
[2025-07-20T07:13:24.788+0000] {processor.py:161} INFO - Started process (PID=3425) to work on /opt/airflow/dags/modal_airflow.py
[2025-07-20T07:13:24.789+0000] {processor.py:830} INFO - Processing file /opt/airflow/dags/modal_airflow.py for tasks to queue
[2025-07-20T07:13:24.790+0000] {logging_mixin.py:188} INFO - [2025-07-20T07:13:24.790+0000] {dagbag.py:538} INFO - Filling up the DagBag from /opt/airflow/dags/modal_airflow.py
[2025-07-20T07:13:24.801+0000] {processor.py:840} INFO - DAG(s) 'ml_model_training_pipeline_with_mlflow' retrieved from /opt/airflow/dags/modal_airflow.py
[2025-07-20T07:13:24.824+0000] {logging_mixin.py:188} INFO - [2025-07-20T07:13:24.824+0000] {dag.py:3036} INFO - Sync 1 DAGs
[2025-07-20T07:13:24.835+0000] {logging_mixin.py:188} INFO - [2025-07-20T07:13:24.835+0000] {dag.py:3823} INFO - Setting next_dagrun for ml_model_training_pipeline_with_mlflow to None, run_after=None
[2025-07-20T07:13:24.853+0000] {processor.py:183} INFO - Processing /opt/airflow/dags/modal_airflow.py took 0.068 seconds
[2025-07-20T07:13:55.239+0000] {processor.py:161} INFO - Started process (PID=3483) to work on /opt/airflow/dags/modal_airflow.py
[2025-07-20T07:13:55.240+0000] {processor.py:830} INFO - Processing file /opt/airflow/dags/modal_airflow.py for tasks to queue
[2025-07-20T07:13:55.241+0000] {logging_mixin.py:188} INFO - [2025-07-20T07:13:55.241+0000] {dagbag.py:538} INFO - Filling up the DagBag from /opt/airflow/dags/modal_airflow.py
[2025-07-20T07:13:55.254+0000] {processor.py:840} INFO - DAG(s) 'ml_model_training_pipeline_with_mlflow' retrieved from /opt/airflow/dags/modal_airflow.py
[2025-07-20T07:13:55.278+0000] {logging_mixin.py:188} INFO - [2025-07-20T07:13:55.278+0000] {dag.py:3036} INFO - Sync 1 DAGs
[2025-07-20T07:13:55.290+0000] {logging_mixin.py:188} INFO - [2025-07-20T07:13:55.289+0000] {dag.py:3823} INFO - Setting next_dagrun for ml_model_training_pipeline_with_mlflow to None, run_after=None
[2025-07-20T07:13:55.315+0000] {processor.py:183} INFO - Processing /opt/airflow/dags/modal_airflow.py took 0.078 seconds
[2025-07-20T07:14:26.039+0000] {processor.py:161} INFO - Started process (PID=3576) to work on /opt/airflow/dags/modal_airflow.py
[2025-07-20T07:14:26.048+0000] {processor.py:830} INFO - Processing file /opt/airflow/dags/modal_airflow.py for tasks to queue
[2025-07-20T07:14:26.051+0000] {logging_mixin.py:188} INFO - [2025-07-20T07:14:26.050+0000] {dagbag.py:538} INFO - Filling up the DagBag from /opt/airflow/dags/modal_airflow.py
[2025-07-20T07:14:26.076+0000] {processor.py:840} INFO - DAG(s) 'ml_model_training_pipeline_with_mlflow' retrieved from /opt/airflow/dags/modal_airflow.py
[2025-07-20T07:14:26.112+0000] {logging_mixin.py:188} INFO - [2025-07-20T07:14:26.112+0000] {dag.py:3036} INFO - Sync 1 DAGs
[2025-07-20T07:14:26.133+0000] {logging_mixin.py:188} INFO - [2025-07-20T07:14:26.133+0000] {dag.py:3823} INFO - Setting next_dagrun for ml_model_training_pipeline_with_mlflow to None, run_after=None
[2025-07-20T07:14:26.193+0000] {processor.py:183} INFO - Processing /opt/airflow/dags/modal_airflow.py took 0.158 seconds
[2025-07-20T07:14:57.550+0000] {processor.py:161} INFO - Started process (PID=4098) to work on /opt/airflow/dags/modal_airflow.py
[2025-07-20T07:14:57.553+0000] {processor.py:830} INFO - Processing file /opt/airflow/dags/modal_airflow.py for tasks to queue
[2025-07-20T07:14:57.555+0000] {logging_mixin.py:188} INFO - [2025-07-20T07:14:57.554+0000] {dagbag.py:538} INFO - Filling up the DagBag from /opt/airflow/dags/modal_airflow.py
[2025-07-20T07:14:57.856+0000] {processor.py:840} INFO - DAG(s) 'ml_model_training_pipeline_with_mlflow' retrieved from /opt/airflow/dags/modal_airflow.py
[2025-07-20T07:14:58.101+0000] {logging_mixin.py:188} INFO - [2025-07-20T07:14:58.101+0000] {dag.py:3036} INFO - Sync 1 DAGs
[2025-07-20T07:14:58.246+0000] {logging_mixin.py:188} INFO - [2025-07-20T07:14:58.246+0000] {dag.py:3823} INFO - Setting next_dagrun for ml_model_training_pipeline_with_mlflow to None, run_after=None
[2025-07-20T07:14:58.539+0000] {processor.py:183} INFO - Processing /opt/airflow/dags/modal_airflow.py took 0.996 seconds
[2025-07-20T07:15:44.636+0000] {processor.py:161} INFO - Started process (PID=5090) to work on /opt/airflow/dags/modal_airflow.py
[2025-07-20T07:15:44.797+0000] {processor.py:830} INFO - Processing file /opt/airflow/dags/modal_airflow.py for tasks to queue
[2025-07-20T07:15:44.802+0000] {logging_mixin.py:188} INFO - [2025-07-20T07:15:44.802+0000] {dagbag.py:538} INFO - Filling up the DagBag from /opt/airflow/dags/modal_airflow.py
[2025-07-20T07:16:16.862+0000] {processor.py:840} INFO - DAG(s) 'ml_model_training_pipeline_with_mlflow' retrieved from /opt/airflow/dags/modal_airflow.py
[2025-07-20T07:16:50.155+0000] {processor.py:161} INFO - Started process (PID=5937) to work on /opt/airflow/dags/modal_airflow.py
[2025-07-20T07:16:50.170+0000] {processor.py:830} INFO - Processing file /opt/airflow/dags/modal_airflow.py for tasks to queue
[2025-07-20T07:16:50.206+0000] {logging_mixin.py:188} INFO - [2025-07-20T07:16:50.205+0000] {dagbag.py:538} INFO - Filling up the DagBag from /opt/airflow/dags/modal_airflow.py
[2025-07-20T07:16:50.225+0000] {processor.py:840} INFO - DAG(s) 'ml_model_training_pipeline_with_mlflow' retrieved from /opt/airflow/dags/modal_airflow.py
[2025-07-20T07:16:50.485+0000] {logging_mixin.py:188} INFO - [2025-07-20T07:16:50.485+0000] {dag.py:3036} INFO - Sync 1 DAGs
[2025-07-20T07:16:50.533+0000] {logging_mixin.py:188} INFO - [2025-07-20T07:16:50.533+0000] {dag.py:3823} INFO - Setting next_dagrun for ml_model_training_pipeline_with_mlflow to None, run_after=None
[2025-07-20T07:16:50.583+0000] {processor.py:183} INFO - Processing /opt/airflow/dags/modal_airflow.py took 0.816 seconds
[2025-07-20T07:17:21.330+0000] {processor.py:161} INFO - Started process (PID=5999) to work on /opt/airflow/dags/modal_airflow.py
[2025-07-20T07:17:21.335+0000] {processor.py:830} INFO - Processing file /opt/airflow/dags/modal_airflow.py for tasks to queue
[2025-07-20T07:17:21.359+0000] {logging_mixin.py:188} INFO - [2025-07-20T07:17:21.358+0000] {dagbag.py:538} INFO - Filling up the DagBag from /opt/airflow/dags/modal_airflow.py
[2025-07-20T07:17:21.422+0000] {processor.py:840} INFO - DAG(s) 'ml_model_training_pipeline_with_mlflow' retrieved from /opt/airflow/dags/modal_airflow.py
[2025-07-20T07:17:26.716+0000] {logging_mixin.py:188} INFO - [2025-07-20T07:17:26.715+0000] {dag.py:3036} INFO - Sync 1 DAGs
[2025-07-20T07:17:26.823+0000] {logging_mixin.py:188} INFO - [2025-07-20T07:17:26.822+0000] {dag.py:3823} INFO - Setting next_dagrun for ml_model_training_pipeline_with_mlflow to None, run_after=None
[2025-07-20T07:17:28.826+0000] {processor.py:183} INFO - Processing /opt/airflow/dags/modal_airflow.py took 7.698 seconds
[2025-07-20T07:18:03.241+0000] {processor.py:161} INFO - Started process (PID=6041) to work on /opt/airflow/dags/modal_airflow.py
[2025-07-20T07:18:03.265+0000] {processor.py:830} INFO - Processing file /opt/airflow/dags/modal_airflow.py for tasks to queue
[2025-07-20T07:18:03.270+0000] {logging_mixin.py:188} INFO - [2025-07-20T07:18:03.269+0000] {dagbag.py:538} INFO - Filling up the DagBag from /opt/airflow/dags/modal_airflow.py
[2025-07-20T07:18:03.648+0000] {processor.py:840} INFO - DAG(s) 'ml_model_training_pipeline_with_mlflow' retrieved from /opt/airflow/dags/modal_airflow.py
[2025-07-20T07:18:04.687+0000] {logging_mixin.py:188} INFO - [2025-07-20T07:18:04.686+0000] {dag.py:3036} INFO - Sync 1 DAGs
[2025-07-20T07:18:04.794+0000] {logging_mixin.py:188} INFO - [2025-07-20T07:18:04.793+0000] {dag.py:3823} INFO - Setting next_dagrun for ml_model_training_pipeline_with_mlflow to None, run_after=None
[2025-07-20T07:18:04.884+0000] {processor.py:183} INFO - Processing /opt/airflow/dags/modal_airflow.py took 1.727 seconds
[2025-07-20T07:18:35.839+0000] {processor.py:161} INFO - Started process (PID=6098) to work on /opt/airflow/dags/modal_airflow.py
[2025-07-20T07:18:35.852+0000] {processor.py:830} INFO - Processing file /opt/airflow/dags/modal_airflow.py for tasks to queue
[2025-07-20T07:18:35.855+0000] {logging_mixin.py:188} INFO - [2025-07-20T07:18:35.854+0000] {dagbag.py:538} INFO - Filling up the DagBag from /opt/airflow/dags/modal_airflow.py
[2025-07-20T07:18:35.878+0000] {processor.py:840} INFO - DAG(s) 'ml_model_training_pipeline_with_mlflow' retrieved from /opt/airflow/dags/modal_airflow.py
[2025-07-20T07:18:36.009+0000] {logging_mixin.py:188} INFO - [2025-07-20T07:18:36.009+0000] {dag.py:3036} INFO - Sync 1 DAGs
[2025-07-20T07:18:36.189+0000] {logging_mixin.py:188} INFO - [2025-07-20T07:18:36.188+0000] {dag.py:3823} INFO - Setting next_dagrun for ml_model_training_pipeline_with_mlflow to None, run_after=None
[2025-07-20T07:18:36.441+0000] {processor.py:183} INFO - Processing /opt/airflow/dags/modal_airflow.py took 0.609 seconds
[2025-07-20T07:19:06.982+0000] {processor.py:161} INFO - Started process (PID=6135) to work on /opt/airflow/dags/modal_airflow.py
[2025-07-20T07:19:06.999+0000] {processor.py:830} INFO - Processing file /opt/airflow/dags/modal_airflow.py for tasks to queue
[2025-07-20T07:19:07.001+0000] {logging_mixin.py:188} INFO - [2025-07-20T07:19:07.000+0000] {dagbag.py:538} INFO - Filling up the DagBag from /opt/airflow/dags/modal_airflow.py
[2025-07-20T07:19:07.027+0000] {processor.py:840} INFO - DAG(s) 'ml_model_training_pipeline_with_mlflow' retrieved from /opt/airflow/dags/modal_airflow.py
[2025-07-20T07:19:07.120+0000] {logging_mixin.py:188} INFO - [2025-07-20T07:19:07.119+0000] {dag.py:3036} INFO - Sync 1 DAGs
[2025-07-20T07:19:07.152+0000] {logging_mixin.py:188} INFO - [2025-07-20T07:19:07.151+0000] {dag.py:3823} INFO - Setting next_dagrun for ml_model_training_pipeline_with_mlflow to None, run_after=None
[2025-07-20T07:19:07.218+0000] {processor.py:183} INFO - Processing /opt/airflow/dags/modal_airflow.py took 0.241 seconds
[2025-07-20T07:19:37.612+0000] {processor.py:161} INFO - Started process (PID=6170) to work on /opt/airflow/dags/modal_airflow.py
[2025-07-20T07:19:37.615+0000] {processor.py:830} INFO - Processing file /opt/airflow/dags/modal_airflow.py for tasks to queue
[2025-07-20T07:19:37.617+0000] {logging_mixin.py:188} INFO - [2025-07-20T07:19:37.617+0000] {dagbag.py:538} INFO - Filling up the DagBag from /opt/airflow/dags/modal_airflow.py
[2025-07-20T07:19:37.655+0000] {processor.py:840} INFO - DAG(s) 'ml_model_training_pipeline_with_mlflow' retrieved from /opt/airflow/dags/modal_airflow.py
[2025-07-20T07:19:37.758+0000] {logging_mixin.py:188} INFO - [2025-07-20T07:19:37.757+0000] {dag.py:3036} INFO - Sync 1 DAGs
[2025-07-20T07:19:37.809+0000] {logging_mixin.py:188} INFO - [2025-07-20T07:19:37.809+0000] {dag.py:3823} INFO - Setting next_dagrun for ml_model_training_pipeline_with_mlflow to None, run_after=None
[2025-07-20T07:19:37.932+0000] {processor.py:183} INFO - Processing /opt/airflow/dags/modal_airflow.py took 0.326 seconds
[2025-07-20T07:20:08.726+0000] {processor.py:161} INFO - Started process (PID=6205) to work on /opt/airflow/dags/modal_airflow.py
[2025-07-20T07:20:08.728+0000] {processor.py:830} INFO - Processing file /opt/airflow/dags/modal_airflow.py for tasks to queue
[2025-07-20T07:20:08.731+0000] {logging_mixin.py:188} INFO - [2025-07-20T07:20:08.730+0000] {dagbag.py:538} INFO - Filling up the DagBag from /opt/airflow/dags/modal_airflow.py
[2025-07-20T07:20:08.778+0000] {processor.py:840} INFO - DAG(s) 'ml_model_training_pipeline_with_mlflow' retrieved from /opt/airflow/dags/modal_airflow.py
[2025-07-20T07:20:08.879+0000] {logging_mixin.py:188} INFO - [2025-07-20T07:20:08.879+0000] {dag.py:3036} INFO - Sync 1 DAGs
[2025-07-20T07:20:08.931+0000] {logging_mixin.py:188} INFO - [2025-07-20T07:20:08.931+0000] {dag.py:3823} INFO - Setting next_dagrun for ml_model_training_pipeline_with_mlflow to None, run_after=None
[2025-07-20T07:20:09.030+0000] {processor.py:183} INFO - Processing /opt/airflow/dags/modal_airflow.py took 0.313 seconds
[2025-07-20T07:20:40.003+0000] {processor.py:161} INFO - Started process (PID=6258) to work on /opt/airflow/dags/modal_airflow.py
[2025-07-20T07:20:40.012+0000] {processor.py:830} INFO - Processing file /opt/airflow/dags/modal_airflow.py for tasks to queue
[2025-07-20T07:20:40.015+0000] {logging_mixin.py:188} INFO - [2025-07-20T07:20:40.014+0000] {dagbag.py:538} INFO - Filling up the DagBag from /opt/airflow/dags/modal_airflow.py
[2025-07-20T07:20:40.042+0000] {processor.py:840} INFO - DAG(s) 'ml_model_training_pipeline_with_mlflow' retrieved from /opt/airflow/dags/modal_airflow.py
[2025-07-20T07:20:40.120+0000] {logging_mixin.py:188} INFO - [2025-07-20T07:20:40.120+0000] {dag.py:3036} INFO - Sync 1 DAGs
[2025-07-20T07:20:40.178+0000] {logging_mixin.py:188} INFO - [2025-07-20T07:20:40.178+0000] {dag.py:3823} INFO - Setting next_dagrun for ml_model_training_pipeline_with_mlflow to None, run_after=None
[2025-07-20T07:20:40.279+0000] {processor.py:183} INFO - Processing /opt/airflow/dags/modal_airflow.py took 0.282 seconds
[2025-07-20T07:21:10.929+0000] {processor.py:161} INFO - Started process (PID=6293) to work on /opt/airflow/dags/modal_airflow.py
[2025-07-20T07:21:10.951+0000] {processor.py:830} INFO - Processing file /opt/airflow/dags/modal_airflow.py for tasks to queue
[2025-07-20T07:21:10.955+0000] {logging_mixin.py:188} INFO - [2025-07-20T07:21:10.954+0000] {dagbag.py:538} INFO - Filling up the DagBag from /opt/airflow/dags/modal_airflow.py
[2025-07-20T07:21:10.979+0000] {processor.py:840} INFO - DAG(s) 'ml_model_training_pipeline_with_mlflow' retrieved from /opt/airflow/dags/modal_airflow.py
[2025-07-20T07:21:11.082+0000] {logging_mixin.py:188} INFO - [2025-07-20T07:21:11.081+0000] {dag.py:3036} INFO - Sync 1 DAGs
[2025-07-20T07:21:11.145+0000] {logging_mixin.py:188} INFO - [2025-07-20T07:21:11.145+0000] {dag.py:3823} INFO - Setting next_dagrun for ml_model_training_pipeline_with_mlflow to None, run_after=None
[2025-07-20T07:21:11.254+0000] {processor.py:183} INFO - Processing /opt/airflow/dags/modal_airflow.py took 0.333 seconds
[2025-07-20T07:21:41.796+0000] {processor.py:161} INFO - Started process (PID=6345) to work on /opt/airflow/dags/modal_airflow.py
[2025-07-20T07:21:41.807+0000] {processor.py:830} INFO - Processing file /opt/airflow/dags/modal_airflow.py for tasks to queue
[2025-07-20T07:21:41.810+0000] {logging_mixin.py:188} INFO - [2025-07-20T07:21:41.810+0000] {dagbag.py:538} INFO - Filling up the DagBag from /opt/airflow/dags/modal_airflow.py
[2025-07-20T07:21:41.836+0000] {processor.py:840} INFO - DAG(s) 'ml_model_training_pipeline_with_mlflow' retrieved from /opt/airflow/dags/modal_airflow.py
[2025-07-20T07:21:42.027+0000] {logging_mixin.py:188} INFO - [2025-07-20T07:21:42.026+0000] {dag.py:3036} INFO - Sync 1 DAGs
[2025-07-20T07:21:42.110+0000] {logging_mixin.py:188} INFO - [2025-07-20T07:21:42.109+0000] {dag.py:3823} INFO - Setting next_dagrun for ml_model_training_pipeline_with_mlflow to None, run_after=None
[2025-07-20T07:21:42.253+0000] {processor.py:183} INFO - Processing /opt/airflow/dags/modal_airflow.py took 0.463 seconds
[2025-07-20T07:22:13.159+0000] {processor.py:161} INFO - Started process (PID=6383) to work on /opt/airflow/dags/modal_airflow.py
[2025-07-20T07:22:13.161+0000] {processor.py:830} INFO - Processing file /opt/airflow/dags/modal_airflow.py for tasks to queue
[2025-07-20T07:22:13.162+0000] {logging_mixin.py:188} INFO - [2025-07-20T07:22:13.162+0000] {dagbag.py:538} INFO - Filling up the DagBag from /opt/airflow/dags/modal_airflow.py
[2025-07-20T07:22:13.177+0000] {processor.py:840} INFO - DAG(s) 'ml_model_training_pipeline_with_mlflow' retrieved from /opt/airflow/dags/modal_airflow.py
[2025-07-20T07:22:13.231+0000] {logging_mixin.py:188} INFO - [2025-07-20T07:22:13.231+0000] {dag.py:3036} INFO - Sync 1 DAGs
[2025-07-20T07:22:13.245+0000] {logging_mixin.py:188} INFO - [2025-07-20T07:22:13.244+0000] {dag.py:3823} INFO - Setting next_dagrun for ml_model_training_pipeline_with_mlflow to None, run_after=None
[2025-07-20T07:22:13.271+0000] {processor.py:183} INFO - Processing /opt/airflow/dags/modal_airflow.py took 0.118 seconds
[2025-07-20T07:22:45.194+0000] {processor.py:161} INFO - Started process (PID=6830) to work on /opt/airflow/dags/modal_airflow.py
[2025-07-20T07:22:45.196+0000] {processor.py:830} INFO - Processing file /opt/airflow/dags/modal_airflow.py for tasks to queue
[2025-07-20T07:22:45.221+0000] {logging_mixin.py:188} INFO - [2025-07-20T07:22:45.220+0000] {dagbag.py:538} INFO - Filling up the DagBag from /opt/airflow/dags/modal_airflow.py
[2025-07-20T07:22:45.333+0000] {processor.py:840} INFO - DAG(s) 'ml_model_training_pipeline_with_mlflow' retrieved from /opt/airflow/dags/modal_airflow.py
[2025-07-20T07:22:45.452+0000] {logging_mixin.py:188} INFO - [2025-07-20T07:22:45.452+0000] {dag.py:3036} INFO - Sync 1 DAGs
[2025-07-20T07:22:45.594+0000] {logging_mixin.py:188} INFO - [2025-07-20T07:22:45.594+0000] {dag.py:3823} INFO - Setting next_dagrun for ml_model_training_pipeline_with_mlflow to None, run_after=None
[2025-07-20T07:22:45.866+0000] {processor.py:183} INFO - Processing /opt/airflow/dags/modal_airflow.py took 0.753 seconds
[2025-07-20T07:23:16.369+0000] {processor.py:161} INFO - Started process (PID=6865) to work on /opt/airflow/dags/modal_airflow.py
[2025-07-20T07:23:16.370+0000] {processor.py:830} INFO - Processing file /opt/airflow/dags/modal_airflow.py for tasks to queue
[2025-07-20T07:23:16.371+0000] {logging_mixin.py:188} INFO - [2025-07-20T07:23:16.370+0000] {dagbag.py:538} INFO - Filling up the DagBag from /opt/airflow/dags/modal_airflow.py
[2025-07-20T07:23:16.387+0000] {processor.py:840} INFO - DAG(s) 'ml_model_training_pipeline_with_mlflow' retrieved from /opt/airflow/dags/modal_airflow.py
[2025-07-20T07:23:16.415+0000] {logging_mixin.py:188} INFO - [2025-07-20T07:23:16.415+0000] {dag.py:3036} INFO - Sync 1 DAGs
[2025-07-20T07:23:16.428+0000] {logging_mixin.py:188} INFO - [2025-07-20T07:23:16.428+0000] {dag.py:3823} INFO - Setting next_dagrun for ml_model_training_pipeline_with_mlflow to None, run_after=None
[2025-07-20T07:23:16.453+0000] {processor.py:183} INFO - Processing /opt/airflow/dags/modal_airflow.py took 0.087 seconds
[2025-07-20T07:23:46.583+0000] {processor.py:161} INFO - Started process (PID=6897) to work on /opt/airflow/dags/modal_airflow.py
[2025-07-20T07:23:46.584+0000] {processor.py:830} INFO - Processing file /opt/airflow/dags/modal_airflow.py for tasks to queue
[2025-07-20T07:23:46.585+0000] {logging_mixin.py:188} INFO - [2025-07-20T07:23:46.585+0000] {dagbag.py:538} INFO - Filling up the DagBag from /opt/airflow/dags/modal_airflow.py
[2025-07-20T07:23:46.597+0000] {processor.py:840} INFO - DAG(s) 'ml_model_training_pipeline_with_mlflow' retrieved from /opt/airflow/dags/modal_airflow.py
[2025-07-20T07:23:46.622+0000] {logging_mixin.py:188} INFO - [2025-07-20T07:23:46.622+0000] {dag.py:3036} INFO - Sync 1 DAGs
[2025-07-20T07:23:46.633+0000] {logging_mixin.py:188} INFO - [2025-07-20T07:23:46.633+0000] {dag.py:3823} INFO - Setting next_dagrun for ml_model_training_pipeline_with_mlflow to None, run_after=None
[2025-07-20T07:23:46.654+0000] {processor.py:183} INFO - Processing /opt/airflow/dags/modal_airflow.py took 0.073 seconds
[2025-07-20T07:24:17.584+0000] {processor.py:161} INFO - Started process (PID=6935) to work on /opt/airflow/dags/modal_airflow.py
[2025-07-20T07:24:17.585+0000] {processor.py:830} INFO - Processing file /opt/airflow/dags/modal_airflow.py for tasks to queue
[2025-07-20T07:24:17.586+0000] {logging_mixin.py:188} INFO - [2025-07-20T07:24:17.586+0000] {dagbag.py:538} INFO - Filling up the DagBag from /opt/airflow/dags/modal_airflow.py
[2025-07-20T07:24:17.599+0000] {processor.py:840} INFO - DAG(s) 'ml_model_training_pipeline_with_mlflow' retrieved from /opt/airflow/dags/modal_airflow.py
[2025-07-20T07:24:17.798+0000] {logging_mixin.py:188} INFO - [2025-07-20T07:24:17.798+0000] {dag.py:3036} INFO - Sync 1 DAGs
[2025-07-20T07:24:17.813+0000] {logging_mixin.py:188} INFO - [2025-07-20T07:24:17.812+0000] {dag.py:3823} INFO - Setting next_dagrun for ml_model_training_pipeline_with_mlflow to None, run_after=None
[2025-07-20T07:24:17.837+0000] {processor.py:183} INFO - Processing /opt/airflow/dags/modal_airflow.py took 0.257 seconds
[2025-07-20T07:24:48.146+0000] {processor.py:161} INFO - Started process (PID=6972) to work on /opt/airflow/dags/modal_airflow.py
[2025-07-20T07:24:48.153+0000] {processor.py:830} INFO - Processing file /opt/airflow/dags/modal_airflow.py for tasks to queue
[2025-07-20T07:24:48.155+0000] {logging_mixin.py:188} INFO - [2025-07-20T07:24:48.155+0000] {dagbag.py:538} INFO - Filling up the DagBag from /opt/airflow/dags/modal_airflow.py
[2025-07-20T07:24:48.182+0000] {processor.py:840} INFO - DAG(s) 'ml_model_training_pipeline_with_mlflow' retrieved from /opt/airflow/dags/modal_airflow.py
[2025-07-20T07:24:48.237+0000] {logging_mixin.py:188} INFO - [2025-07-20T07:24:48.237+0000] {dag.py:3036} INFO - Sync 1 DAGs
[2025-07-20T07:24:48.259+0000] {logging_mixin.py:188} INFO - [2025-07-20T07:24:48.259+0000] {dag.py:3823} INFO - Setting next_dagrun for ml_model_training_pipeline_with_mlflow to None, run_after=None
[2025-07-20T07:24:48.295+0000] {processor.py:183} INFO - Processing /opt/airflow/dags/modal_airflow.py took 0.153 seconds
[2025-07-20T07:25:18.934+0000] {processor.py:161} INFO - Started process (PID=7005) to work on /opt/airflow/dags/modal_airflow.py
[2025-07-20T07:25:18.935+0000] {processor.py:830} INFO - Processing file /opt/airflow/dags/modal_airflow.py for tasks to queue
[2025-07-20T07:25:18.935+0000] {logging_mixin.py:188} INFO - [2025-07-20T07:25:18.935+0000] {dagbag.py:538} INFO - Filling up the DagBag from /opt/airflow/dags/modal_airflow.py
[2025-07-20T07:25:18.947+0000] {processor.py:840} INFO - DAG(s) 'ml_model_training_pipeline_with_mlflow' retrieved from /opt/airflow/dags/modal_airflow.py
[2025-07-20T07:25:18.972+0000] {logging_mixin.py:188} INFO - [2025-07-20T07:25:18.972+0000] {dag.py:3036} INFO - Sync 1 DAGs
[2025-07-20T07:25:18.985+0000] {logging_mixin.py:188} INFO - [2025-07-20T07:25:18.985+0000] {dag.py:3823} INFO - Setting next_dagrun for ml_model_training_pipeline_with_mlflow to None, run_after=None
[2025-07-20T07:25:19.010+0000] {processor.py:183} INFO - Processing /opt/airflow/dags/modal_airflow.py took 0.080 seconds
[2025-07-20T07:25:49.957+0000] {processor.py:161} INFO - Started process (PID=7040) to work on /opt/airflow/dags/modal_airflow.py
[2025-07-20T07:25:49.958+0000] {processor.py:830} INFO - Processing file /opt/airflow/dags/modal_airflow.py for tasks to queue
[2025-07-20T07:25:49.959+0000] {logging_mixin.py:188} INFO - [2025-07-20T07:25:49.959+0000] {dagbag.py:538} INFO - Filling up the DagBag from /opt/airflow/dags/modal_airflow.py
[2025-07-20T07:25:49.971+0000] {processor.py:840} INFO - DAG(s) 'ml_model_training_pipeline_with_mlflow' retrieved from /opt/airflow/dags/modal_airflow.py
[2025-07-20T07:25:50.003+0000] {logging_mixin.py:188} INFO - [2025-07-20T07:25:50.003+0000] {dag.py:3036} INFO - Sync 1 DAGs
[2025-07-20T07:25:50.017+0000] {logging_mixin.py:188} INFO - [2025-07-20T07:25:50.017+0000] {dag.py:3823} INFO - Setting next_dagrun for ml_model_training_pipeline_with_mlflow to None, run_after=None
[2025-07-20T07:25:50.042+0000] {processor.py:183} INFO - Processing /opt/airflow/dags/modal_airflow.py took 0.088 seconds
[2025-07-20T07:26:20.285+0000] {processor.py:161} INFO - Started process (PID=7075) to work on /opt/airflow/dags/modal_airflow.py
[2025-07-20T07:26:20.286+0000] {processor.py:830} INFO - Processing file /opt/airflow/dags/modal_airflow.py for tasks to queue
[2025-07-20T07:26:20.287+0000] {logging_mixin.py:188} INFO - [2025-07-20T07:26:20.287+0000] {dagbag.py:538} INFO - Filling up the DagBag from /opt/airflow/dags/modal_airflow.py
[2025-07-20T07:26:20.305+0000] {processor.py:840} INFO - DAG(s) 'ml_model_training_pipeline_with_mlflow' retrieved from /opt/airflow/dags/modal_airflow.py
[2025-07-20T07:26:20.344+0000] {logging_mixin.py:188} INFO - [2025-07-20T07:26:20.343+0000] {dag.py:3036} INFO - Sync 1 DAGs
[2025-07-20T07:26:20.367+0000] {logging_mixin.py:188} INFO - [2025-07-20T07:26:20.367+0000] {dag.py:3823} INFO - Setting next_dagrun for ml_model_training_pipeline_with_mlflow to None, run_after=None
[2025-07-20T07:26:20.393+0000] {processor.py:183} INFO - Processing /opt/airflow/dags/modal_airflow.py took 0.113 seconds
[2025-07-20T07:26:50.442+0000] {processor.py:161} INFO - Started process (PID=7107) to work on /opt/airflow/dags/modal_airflow.py
[2025-07-20T07:26:50.443+0000] {processor.py:830} INFO - Processing file /opt/airflow/dags/modal_airflow.py for tasks to queue
[2025-07-20T07:26:50.444+0000] {logging_mixin.py:188} INFO - [2025-07-20T07:26:50.444+0000] {dagbag.py:538} INFO - Filling up the DagBag from /opt/airflow/dags/modal_airflow.py
[2025-07-20T07:26:50.456+0000] {processor.py:840} INFO - DAG(s) 'ml_model_training_pipeline_with_mlflow' retrieved from /opt/airflow/dags/modal_airflow.py
[2025-07-20T07:26:50.480+0000] {logging_mixin.py:188} INFO - [2025-07-20T07:26:50.479+0000] {dag.py:3036} INFO - Sync 1 DAGs
[2025-07-20T07:26:50.493+0000] {logging_mixin.py:188} INFO - [2025-07-20T07:26:50.493+0000] {dag.py:3823} INFO - Setting next_dagrun for ml_model_training_pipeline_with_mlflow to None, run_after=None
[2025-07-20T07:26:50.513+0000] {processor.py:183} INFO - Processing /opt/airflow/dags/modal_airflow.py took 0.074 seconds
[2025-07-20T07:27:20.666+0000] {processor.py:161} INFO - Started process (PID=7145) to work on /opt/airflow/dags/modal_airflow.py
[2025-07-20T07:27:20.667+0000] {processor.py:830} INFO - Processing file /opt/airflow/dags/modal_airflow.py for tasks to queue
[2025-07-20T07:27:20.668+0000] {logging_mixin.py:188} INFO - [2025-07-20T07:27:20.668+0000] {dagbag.py:538} INFO - Filling up the DagBag from /opt/airflow/dags/modal_airflow.py
[2025-07-20T07:27:20.680+0000] {processor.py:840} INFO - DAG(s) 'ml_model_training_pipeline_with_mlflow' retrieved from /opt/airflow/dags/modal_airflow.py
[2025-07-20T07:27:20.708+0000] {logging_mixin.py:188} INFO - [2025-07-20T07:27:20.707+0000] {dag.py:3036} INFO - Sync 1 DAGs
[2025-07-20T07:27:20.719+0000] {logging_mixin.py:188} INFO - [2025-07-20T07:27:20.719+0000] {dag.py:3823} INFO - Setting next_dagrun for ml_model_training_pipeline_with_mlflow to None, run_after=None
[2025-07-20T07:27:20.742+0000] {processor.py:183} INFO - Processing /opt/airflow/dags/modal_airflow.py took 0.079 seconds
[2025-07-20T07:27:51.682+0000] {processor.py:161} INFO - Started process (PID=7180) to work on /opt/airflow/dags/modal_airflow.py
[2025-07-20T07:27:51.683+0000] {processor.py:830} INFO - Processing file /opt/airflow/dags/modal_airflow.py for tasks to queue
[2025-07-20T07:27:51.684+0000] {logging_mixin.py:188} INFO - [2025-07-20T07:27:51.684+0000] {dagbag.py:538} INFO - Filling up the DagBag from /opt/airflow/dags/modal_airflow.py
[2025-07-20T07:27:51.696+0000] {processor.py:840} INFO - DAG(s) 'ml_model_training_pipeline_with_mlflow' retrieved from /opt/airflow/dags/modal_airflow.py
[2025-07-20T07:27:51.722+0000] {logging_mixin.py:188} INFO - [2025-07-20T07:27:51.721+0000] {dag.py:3036} INFO - Sync 1 DAGs
[2025-07-20T07:27:51.738+0000] {logging_mixin.py:188} INFO - [2025-07-20T07:27:51.737+0000] {dag.py:3823} INFO - Setting next_dagrun for ml_model_training_pipeline_with_mlflow to None, run_after=None
[2025-07-20T07:27:51.763+0000] {processor.py:183} INFO - Processing /opt/airflow/dags/modal_airflow.py took 0.084 seconds
[2025-07-20T07:28:21.877+0000] {processor.py:161} INFO - Started process (PID=7258) to work on /opt/airflow/dags/modal_airflow.py
[2025-07-20T07:28:21.878+0000] {processor.py:830} INFO - Processing file /opt/airflow/dags/modal_airflow.py for tasks to queue
[2025-07-20T07:28:21.879+0000] {logging_mixin.py:188} INFO - [2025-07-20T07:28:21.879+0000] {dagbag.py:538} INFO - Filling up the DagBag from /opt/airflow/dags/modal_airflow.py
[2025-07-20T07:28:21.897+0000] {processor.py:840} INFO - DAG(s) 'ml_model_training_pipeline_with_mlflow' retrieved from /opt/airflow/dags/modal_airflow.py
[2025-07-20T07:28:21.937+0000] {logging_mixin.py:188} INFO - [2025-07-20T07:28:21.937+0000] {dag.py:3036} INFO - Sync 1 DAGs
[2025-07-20T07:28:21.955+0000] {logging_mixin.py:188} INFO - [2025-07-20T07:28:21.954+0000] {dag.py:3823} INFO - Setting next_dagrun for ml_model_training_pipeline_with_mlflow to None, run_after=None
[2025-07-20T07:28:21.985+0000] {processor.py:183} INFO - Processing /opt/airflow/dags/modal_airflow.py took 0.113 seconds
[2025-07-20T07:28:52.087+0000] {processor.py:161} INFO - Started process (PID=7296) to work on /opt/airflow/dags/modal_airflow.py
[2025-07-20T07:28:52.088+0000] {processor.py:830} INFO - Processing file /opt/airflow/dags/modal_airflow.py for tasks to queue
[2025-07-20T07:28:52.089+0000] {logging_mixin.py:188} INFO - [2025-07-20T07:28:52.088+0000] {dagbag.py:538} INFO - Filling up the DagBag from /opt/airflow/dags/modal_airflow.py
[2025-07-20T07:28:52.100+0000] {processor.py:840} INFO - DAG(s) 'ml_model_training_pipeline_with_mlflow' retrieved from /opt/airflow/dags/modal_airflow.py
[2025-07-20T07:28:52.129+0000] {logging_mixin.py:188} INFO - [2025-07-20T07:28:52.129+0000] {dag.py:3036} INFO - Sync 1 DAGs
[2025-07-20T07:28:52.140+0000] {logging_mixin.py:188} INFO - [2025-07-20T07:28:52.139+0000] {dag.py:3823} INFO - Setting next_dagrun for ml_model_training_pipeline_with_mlflow to None, run_after=None
[2025-07-20T07:28:52.158+0000] {processor.py:183} INFO - Processing /opt/airflow/dags/modal_airflow.py took 0.074 seconds
[2025-07-20T07:29:23.047+0000] {processor.py:161} INFO - Started process (PID=7334) to work on /opt/airflow/dags/modal_airflow.py
[2025-07-20T07:29:23.048+0000] {processor.py:830} INFO - Processing file /opt/airflow/dags/modal_airflow.py for tasks to queue
[2025-07-20T07:29:23.049+0000] {logging_mixin.py:188} INFO - [2025-07-20T07:29:23.049+0000] {dagbag.py:538} INFO - Filling up the DagBag from /opt/airflow/dags/modal_airflow.py
[2025-07-20T07:29:23.062+0000] {processor.py:840} INFO - DAG(s) 'ml_model_training_pipeline_with_mlflow' retrieved from /opt/airflow/dags/modal_airflow.py
[2025-07-20T07:29:23.089+0000] {logging_mixin.py:188} INFO - [2025-07-20T07:29:23.089+0000] {dag.py:3036} INFO - Sync 1 DAGs
[2025-07-20T07:29:23.103+0000] {logging_mixin.py:188} INFO - [2025-07-20T07:29:23.103+0000] {dag.py:3823} INFO - Setting next_dagrun for ml_model_training_pipeline_with_mlflow to None, run_after=None
[2025-07-20T07:29:23.123+0000] {processor.py:183} INFO - Processing /opt/airflow/dags/modal_airflow.py took 0.079 seconds
[2025-07-20T07:29:53.917+0000] {processor.py:161} INFO - Started process (PID=7369) to work on /opt/airflow/dags/modal_airflow.py
[2025-07-20T07:29:53.918+0000] {processor.py:830} INFO - Processing file /opt/airflow/dags/modal_airflow.py for tasks to queue
[2025-07-20T07:29:53.919+0000] {logging_mixin.py:188} INFO - [2025-07-20T07:29:53.918+0000] {dagbag.py:538} INFO - Filling up the DagBag from /opt/airflow/dags/modal_airflow.py
[2025-07-20T07:29:53.930+0000] {processor.py:840} INFO - DAG(s) 'ml_model_training_pipeline_with_mlflow' retrieved from /opt/airflow/dags/modal_airflow.py
[2025-07-20T07:29:53.955+0000] {logging_mixin.py:188} INFO - [2025-07-20T07:29:53.955+0000] {dag.py:3036} INFO - Sync 1 DAGs
[2025-07-20T07:29:53.967+0000] {logging_mixin.py:188} INFO - [2025-07-20T07:29:53.966+0000] {dag.py:3823} INFO - Setting next_dagrun for ml_model_training_pipeline_with_mlflow to None, run_after=None
[2025-07-20T07:29:53.987+0000] {processor.py:183} INFO - Processing /opt/airflow/dags/modal_airflow.py took 0.074 seconds
[2025-07-20T07:30:24.889+0000] {processor.py:161} INFO - Started process (PID=7423) to work on /opt/airflow/dags/modal_airflow.py
[2025-07-20T07:30:24.890+0000] {processor.py:830} INFO - Processing file /opt/airflow/dags/modal_airflow.py for tasks to queue
[2025-07-20T07:30:24.891+0000] {logging_mixin.py:188} INFO - [2025-07-20T07:30:24.891+0000] {dagbag.py:538} INFO - Filling up the DagBag from /opt/airflow/dags/modal_airflow.py
[2025-07-20T07:30:24.907+0000] {processor.py:840} INFO - DAG(s) 'ml_model_training_pipeline_with_mlflow' retrieved from /opt/airflow/dags/modal_airflow.py
[2025-07-20T07:30:24.934+0000] {logging_mixin.py:188} INFO - [2025-07-20T07:30:24.934+0000] {dag.py:3036} INFO - Sync 1 DAGs
[2025-07-20T07:30:24.948+0000] {logging_mixin.py:188} INFO - [2025-07-20T07:30:24.948+0000] {dag.py:3823} INFO - Setting next_dagrun for ml_model_training_pipeline_with_mlflow to None, run_after=None
[2025-07-20T07:30:24.969+0000] {processor.py:183} INFO - Processing /opt/airflow/dags/modal_airflow.py took 0.084 seconds
[2025-07-20T07:30:56.040+0000] {processor.py:161} INFO - Started process (PID=7460) to work on /opt/airflow/dags/modal_airflow.py
[2025-07-20T07:30:56.042+0000] {processor.py:830} INFO - Processing file /opt/airflow/dags/modal_airflow.py for tasks to queue
[2025-07-20T07:30:56.045+0000] {logging_mixin.py:188} INFO - [2025-07-20T07:30:56.045+0000] {dagbag.py:538} INFO - Filling up the DagBag from /opt/airflow/dags/modal_airflow.py
[2025-07-20T07:30:56.063+0000] {processor.py:840} INFO - DAG(s) 'ml_model_training_pipeline_with_mlflow' retrieved from /opt/airflow/dags/modal_airflow.py
[2025-07-20T07:30:56.094+0000] {logging_mixin.py:188} INFO - [2025-07-20T07:30:56.094+0000] {dag.py:3036} INFO - Sync 1 DAGs
[2025-07-20T07:30:56.110+0000] {logging_mixin.py:188} INFO - [2025-07-20T07:30:56.109+0000] {dag.py:3823} INFO - Setting next_dagrun for ml_model_training_pipeline_with_mlflow to None, run_after=None
[2025-07-20T07:30:56.134+0000] {processor.py:183} INFO - Processing /opt/airflow/dags/modal_airflow.py took 0.098 seconds
[2025-07-20T07:31:26.860+0000] {processor.py:161} INFO - Started process (PID=7493) to work on /opt/airflow/dags/modal_airflow.py
[2025-07-20T07:31:26.861+0000] {processor.py:830} INFO - Processing file /opt/airflow/dags/modal_airflow.py for tasks to queue
[2025-07-20T07:31:26.862+0000] {logging_mixin.py:188} INFO - [2025-07-20T07:31:26.862+0000] {dagbag.py:538} INFO - Filling up the DagBag from /opt/airflow/dags/modal_airflow.py
[2025-07-20T07:31:26.875+0000] {processor.py:840} INFO - DAG(s) 'ml_model_training_pipeline_with_mlflow' retrieved from /opt/airflow/dags/modal_airflow.py
[2025-07-20T07:31:26.901+0000] {logging_mixin.py:188} INFO - [2025-07-20T07:31:26.901+0000] {dag.py:3036} INFO - Sync 1 DAGs
[2025-07-20T07:31:26.913+0000] {logging_mixin.py:188} INFO - [2025-07-20T07:31:26.913+0000] {dag.py:3823} INFO - Setting next_dagrun for ml_model_training_pipeline_with_mlflow to None, run_after=None
[2025-07-20T07:31:26.935+0000] {processor.py:183} INFO - Processing /opt/airflow/dags/modal_airflow.py took 0.079 seconds
[2025-07-20T07:31:57.651+0000] {processor.py:161} INFO - Started process (PID=7574) to work on /opt/airflow/dags/modal_airflow.py
[2025-07-20T07:31:57.652+0000] {processor.py:830} INFO - Processing file /opt/airflow/dags/modal_airflow.py for tasks to queue
[2025-07-20T07:31:57.654+0000] {logging_mixin.py:188} INFO - [2025-07-20T07:31:57.653+0000] {dagbag.py:538} INFO - Filling up the DagBag from /opt/airflow/dags/modal_airflow.py
[2025-07-20T07:31:57.669+0000] {processor.py:840} INFO - DAG(s) 'ml_model_training_pipeline_with_mlflow' retrieved from /opt/airflow/dags/modal_airflow.py
[2025-07-20T07:31:57.697+0000] {logging_mixin.py:188} INFO - [2025-07-20T07:31:57.697+0000] {dag.py:3036} INFO - Sync 1 DAGs
[2025-07-20T07:31:57.713+0000] {logging_mixin.py:188} INFO - [2025-07-20T07:31:57.713+0000] {dag.py:3823} INFO - Setting next_dagrun for ml_model_training_pipeline_with_mlflow to None, run_after=None
[2025-07-20T07:31:57.740+0000] {processor.py:183} INFO - Processing /opt/airflow/dags/modal_airflow.py took 0.093 seconds
[2025-07-20T07:32:29.713+0000] {processor.py:161} INFO - Started process (PID=8038) to work on /opt/airflow/dags/modal_airflow.py
[2025-07-20T07:32:29.744+0000] {processor.py:830} INFO - Processing file /opt/airflow/dags/modal_airflow.py for tasks to queue
[2025-07-20T07:32:29.746+0000] {logging_mixin.py:188} INFO - [2025-07-20T07:32:29.746+0000] {dagbag.py:538} INFO - Filling up the DagBag from /opt/airflow/dags/modal_airflow.py
[2025-07-20T07:32:29.777+0000] {processor.py:840} INFO - DAG(s) 'ml_model_training_pipeline_with_mlflow' retrieved from /opt/airflow/dags/modal_airflow.py
[2025-07-20T07:32:29.905+0000] {logging_mixin.py:188} INFO - [2025-07-20T07:32:29.904+0000] {dag.py:3036} INFO - Sync 1 DAGs
[2025-07-20T07:32:30.053+0000] {logging_mixin.py:188} INFO - [2025-07-20T07:32:30.053+0000] {dag.py:3823} INFO - Setting next_dagrun for ml_model_training_pipeline_with_mlflow to None, run_after=None
[2025-07-20T07:32:30.311+0000] {processor.py:183} INFO - Processing /opt/airflow/dags/modal_airflow.py took 0.609 seconds
[2025-07-20T07:34:23.803+0000] {processor.py:161} INFO - Started process (PID=9915) to work on /opt/airflow/dags/modal_airflow.py
[2025-07-20T07:34:23.821+0000] {processor.py:830} INFO - Processing file /opt/airflow/dags/modal_airflow.py for tasks to queue
[2025-07-20T07:34:23.827+0000] {logging_mixin.py:188} INFO - [2025-07-20T07:34:23.826+0000] {dagbag.py:538} INFO - Filling up the DagBag from /opt/airflow/dags/modal_airflow.py
[2025-07-20T07:34:23.841+0000] {processor.py:840} INFO - DAG(s) 'ml_model_training_pipeline_with_mlflow' retrieved from /opt/airflow/dags/modal_airflow.py
[2025-07-20T07:34:23.945+0000] {logging_mixin.py:188} INFO - [2025-07-20T07:34:23.944+0000] {dag.py:3036} INFO - Sync 1 DAGs
[2025-07-20T07:34:24.831+0000] {logging_mixin.py:188} INFO - [2025-07-20T07:34:24.830+0000] {dag.py:3823} INFO - Setting next_dagrun for ml_model_training_pipeline_with_mlflow to None, run_after=None
[2025-07-20T07:34:25.169+0000] {processor.py:183} INFO - Processing /opt/airflow/dags/modal_airflow.py took 1.370 seconds
[2025-07-20T07:35:16.318+0000] {processor.py:161} INFO - Started process (PID=9969) to work on /opt/airflow/dags/modal_airflow.py
[2025-07-20T07:35:16.319+0000] {processor.py:830} INFO - Processing file /opt/airflow/dags/modal_airflow.py for tasks to queue
[2025-07-20T07:35:16.320+0000] {logging_mixin.py:188} INFO - [2025-07-20T07:35:16.319+0000] {dagbag.py:538} INFO - Filling up the DagBag from /opt/airflow/dags/modal_airflow.py
[2025-07-20T07:35:16.333+0000] {processor.py:840} INFO - DAG(s) 'ml_model_training_pipeline_with_mlflow' retrieved from /opt/airflow/dags/modal_airflow.py
[2025-07-20T07:35:16.362+0000] {logging_mixin.py:188} INFO - [2025-07-20T07:35:16.361+0000] {dag.py:3036} INFO - Sync 1 DAGs
[2025-07-20T07:35:16.375+0000] {logging_mixin.py:188} INFO - [2025-07-20T07:35:16.375+0000] {dag.py:3823} INFO - Setting next_dagrun for ml_model_training_pipeline_with_mlflow to None, run_after=None
[2025-07-20T07:35:16.398+0000] {processor.py:183} INFO - Processing /opt/airflow/dags/modal_airflow.py took 0.084 seconds
[2025-07-20T07:35:47.535+0000] {processor.py:161} INFO - Started process (PID=10006) to work on /opt/airflow/dags/modal_airflow.py
[2025-07-20T07:35:47.536+0000] {processor.py:830} INFO - Processing file /opt/airflow/dags/modal_airflow.py for tasks to queue
[2025-07-20T07:35:47.537+0000] {logging_mixin.py:188} INFO - [2025-07-20T07:35:47.537+0000] {dagbag.py:538} INFO - Filling up the DagBag from /opt/airflow/dags/modal_airflow.py
[2025-07-20T07:35:47.550+0000] {processor.py:840} INFO - DAG(s) 'ml_model_training_pipeline_with_mlflow' retrieved from /opt/airflow/dags/modal_airflow.py
[2025-07-20T07:35:47.579+0000] {logging_mixin.py:188} INFO - [2025-07-20T07:35:47.579+0000] {dag.py:3036} INFO - Sync 1 DAGs
[2025-07-20T07:35:47.594+0000] {logging_mixin.py:188} INFO - [2025-07-20T07:35:47.593+0000] {dag.py:3823} INFO - Setting next_dagrun for ml_model_training_pipeline_with_mlflow to None, run_after=None
[2025-07-20T07:35:47.618+0000] {processor.py:183} INFO - Processing /opt/airflow/dags/modal_airflow.py took 0.086 seconds
[2025-07-20T07:36:18.330+0000] {processor.py:161} INFO - Started process (PID=10041) to work on /opt/airflow/dags/modal_airflow.py
[2025-07-20T07:36:18.331+0000] {processor.py:830} INFO - Processing file /opt/airflow/dags/modal_airflow.py for tasks to queue
[2025-07-20T07:36:18.332+0000] {logging_mixin.py:188} INFO - [2025-07-20T07:36:18.332+0000] {dagbag.py:538} INFO - Filling up the DagBag from /opt/airflow/dags/modal_airflow.py
[2025-07-20T07:36:18.345+0000] {processor.py:840} INFO - DAG(s) 'ml_model_training_pipeline_with_mlflow' retrieved from /opt/airflow/dags/modal_airflow.py
[2025-07-20T07:36:18.372+0000] {logging_mixin.py:188} INFO - [2025-07-20T07:36:18.372+0000] {dag.py:3036} INFO - Sync 1 DAGs
[2025-07-20T07:36:18.385+0000] {logging_mixin.py:188} INFO - [2025-07-20T07:36:18.384+0000] {dag.py:3823} INFO - Setting next_dagrun for ml_model_training_pipeline_with_mlflow to None, run_after=None
[2025-07-20T07:36:18.564+0000] {processor.py:183} INFO - Processing /opt/airflow/dags/modal_airflow.py took 0.237 seconds
[2025-07-20T07:36:49.146+0000] {processor.py:161} INFO - Started process (PID=10076) to work on /opt/airflow/dags/modal_airflow.py
[2025-07-20T07:36:49.147+0000] {processor.py:830} INFO - Processing file /opt/airflow/dags/modal_airflow.py for tasks to queue
[2025-07-20T07:36:49.148+0000] {logging_mixin.py:188} INFO - [2025-07-20T07:36:49.147+0000] {dagbag.py:538} INFO - Filling up the DagBag from /opt/airflow/dags/modal_airflow.py
[2025-07-20T07:36:49.159+0000] {processor.py:840} INFO - DAG(s) 'ml_model_training_pipeline_with_mlflow' retrieved from /opt/airflow/dags/modal_airflow.py
[2025-07-20T07:36:49.184+0000] {logging_mixin.py:188} INFO - [2025-07-20T07:36:49.184+0000] {dag.py:3036} INFO - Sync 1 DAGs
[2025-07-20T07:36:49.196+0000] {logging_mixin.py:188} INFO - [2025-07-20T07:36:49.196+0000] {dag.py:3823} INFO - Setting next_dagrun for ml_model_training_pipeline_with_mlflow to None, run_after=None
[2025-07-20T07:36:49.218+0000] {processor.py:183} INFO - Processing /opt/airflow/dags/modal_airflow.py took 0.075 seconds
[2025-07-20T07:38:12.298+0000] {processor.py:161} INFO - Started process (PID=10495) to work on /opt/airflow/dags/modal_airflow.py
[2025-07-20T07:38:12.300+0000] {processor.py:830} INFO - Processing file /opt/airflow/dags/modal_airflow.py for tasks to queue
[2025-07-20T07:38:12.301+0000] {logging_mixin.py:188} INFO - [2025-07-20T07:38:12.301+0000] {dagbag.py:538} INFO - Filling up the DagBag from /opt/airflow/dags/modal_airflow.py
[2025-07-20T07:38:12.318+0000] {processor.py:840} INFO - DAG(s) 'ml_model_training_pipeline_with_mlflow' retrieved from /opt/airflow/dags/modal_airflow.py
[2025-07-20T07:38:12.350+0000] {logging_mixin.py:188} INFO - [2025-07-20T07:38:12.349+0000] {dag.py:3036} INFO - Sync 1 DAGs
[2025-07-20T07:38:12.372+0000] {logging_mixin.py:188} INFO - [2025-07-20T07:38:12.372+0000] {dag.py:3823} INFO - Setting next_dagrun for ml_model_training_pipeline_with_mlflow to None, run_after=None
[2025-07-20T07:38:12.539+0000] {processor.py:183} INFO - Processing /opt/airflow/dags/modal_airflow.py took 0.244 seconds
[2025-07-20T07:38:42.607+0000] {processor.py:161} INFO - Started process (PID=10532) to work on /opt/airflow/dags/modal_airflow.py
[2025-07-20T07:38:42.608+0000] {processor.py:830} INFO - Processing file /opt/airflow/dags/modal_airflow.py for tasks to queue
[2025-07-20T07:38:42.609+0000] {logging_mixin.py:188} INFO - [2025-07-20T07:38:42.609+0000] {dagbag.py:538} INFO - Filling up the DagBag from /opt/airflow/dags/modal_airflow.py
[2025-07-20T07:38:42.623+0000] {processor.py:840} INFO - DAG(s) 'ml_model_training_pipeline_with_mlflow' retrieved from /opt/airflow/dags/modal_airflow.py
[2025-07-20T07:38:42.660+0000] {logging_mixin.py:188} INFO - [2025-07-20T07:38:42.660+0000] {dag.py:3036} INFO - Sync 1 DAGs
[2025-07-20T07:38:42.676+0000] {logging_mixin.py:188} INFO - [2025-07-20T07:38:42.676+0000] {dag.py:3823} INFO - Setting next_dagrun for ml_model_training_pipeline_with_mlflow to None, run_after=None
[2025-07-20T07:38:42.699+0000] {processor.py:183} INFO - Processing /opt/airflow/dags/modal_airflow.py took 0.096 seconds
[2025-07-20T07:39:13.592+0000] {processor.py:161} INFO - Started process (PID=10567) to work on /opt/airflow/dags/modal_airflow.py
[2025-07-20T07:39:13.593+0000] {processor.py:830} INFO - Processing file /opt/airflow/dags/modal_airflow.py for tasks to queue
[2025-07-20T07:39:13.593+0000] {logging_mixin.py:188} INFO - [2025-07-20T07:39:13.593+0000] {dagbag.py:538} INFO - Filling up the DagBag from /opt/airflow/dags/modal_airflow.py
[2025-07-20T07:39:13.606+0000] {processor.py:840} INFO - DAG(s) 'ml_model_training_pipeline_with_mlflow' retrieved from /opt/airflow/dags/modal_airflow.py
[2025-07-20T07:39:13.633+0000] {logging_mixin.py:188} INFO - [2025-07-20T07:39:13.633+0000] {dag.py:3036} INFO - Sync 1 DAGs
[2025-07-20T07:39:13.646+0000] {logging_mixin.py:188} INFO - [2025-07-20T07:39:13.646+0000] {dag.py:3823} INFO - Setting next_dagrun for ml_model_training_pipeline_with_mlflow to None, run_after=None
[2025-07-20T07:39:13.666+0000] {processor.py:183} INFO - Processing /opt/airflow/dags/modal_airflow.py took 0.078 seconds
[2025-07-20T07:39:44.596+0000] {processor.py:161} INFO - Started process (PID=10602) to work on /opt/airflow/dags/modal_airflow.py
[2025-07-20T07:39:44.597+0000] {processor.py:830} INFO - Processing file /opt/airflow/dags/modal_airflow.py for tasks to queue
[2025-07-20T07:39:44.598+0000] {logging_mixin.py:188} INFO - [2025-07-20T07:39:44.598+0000] {dagbag.py:538} INFO - Filling up the DagBag from /opt/airflow/dags/modal_airflow.py
[2025-07-20T07:39:44.611+0000] {processor.py:840} INFO - DAG(s) 'ml_model_training_pipeline_with_mlflow' retrieved from /opt/airflow/dags/modal_airflow.py
[2025-07-20T07:39:44.637+0000] {logging_mixin.py:188} INFO - [2025-07-20T07:39:44.637+0000] {dag.py:3036} INFO - Sync 1 DAGs
[2025-07-20T07:39:44.648+0000] {logging_mixin.py:188} INFO - [2025-07-20T07:39:44.648+0000] {dag.py:3823} INFO - Setting next_dagrun for ml_model_training_pipeline_with_mlflow to None, run_after=None
[2025-07-20T07:39:44.669+0000] {processor.py:183} INFO - Processing /opt/airflow/dags/modal_airflow.py took 0.076 seconds
[2025-07-20T07:40:14.809+0000] {processor.py:161} INFO - Started process (PID=10639) to work on /opt/airflow/dags/modal_airflow.py
[2025-07-20T07:40:14.810+0000] {processor.py:830} INFO - Processing file /opt/airflow/dags/modal_airflow.py for tasks to queue
[2025-07-20T07:40:14.811+0000] {logging_mixin.py:188} INFO - [2025-07-20T07:40:14.811+0000] {dagbag.py:538} INFO - Filling up the DagBag from /opt/airflow/dags/modal_airflow.py
[2025-07-20T07:40:14.823+0000] {processor.py:840} INFO - DAG(s) 'ml_model_training_pipeline_with_mlflow' retrieved from /opt/airflow/dags/modal_airflow.py
[2025-07-20T07:40:14.849+0000] {logging_mixin.py:188} INFO - [2025-07-20T07:40:14.849+0000] {dag.py:3036} INFO - Sync 1 DAGs
[2025-07-20T07:40:14.862+0000] {logging_mixin.py:188} INFO - [2025-07-20T07:40:14.861+0000] {dag.py:3823} INFO - Setting next_dagrun for ml_model_training_pipeline_with_mlflow to None, run_after=None
[2025-07-20T07:40:14.882+0000] {processor.py:183} INFO - Processing /opt/airflow/dags/modal_airflow.py took 0.076 seconds
[2025-07-20T07:40:45.031+0000] {processor.py:161} INFO - Started process (PID=10672) to work on /opt/airflow/dags/modal_airflow.py
[2025-07-20T07:40:45.032+0000] {processor.py:830} INFO - Processing file /opt/airflow/dags/modal_airflow.py for tasks to queue
[2025-07-20T07:40:45.033+0000] {logging_mixin.py:188} INFO - [2025-07-20T07:40:45.032+0000] {dagbag.py:538} INFO - Filling up the DagBag from /opt/airflow/dags/modal_airflow.py
[2025-07-20T07:40:45.048+0000] {processor.py:840} INFO - DAG(s) 'ml_model_training_pipeline_with_mlflow' retrieved from /opt/airflow/dags/modal_airflow.py
[2025-07-20T07:40:45.086+0000] {logging_mixin.py:188} INFO - [2025-07-20T07:40:45.085+0000] {dag.py:3036} INFO - Sync 1 DAGs
[2025-07-20T07:40:45.110+0000] {logging_mixin.py:188} INFO - [2025-07-20T07:40:45.110+0000] {dag.py:3823} INFO - Setting next_dagrun for ml_model_training_pipeline_with_mlflow to None, run_after=None
[2025-07-20T07:40:45.144+0000] {processor.py:183} INFO - Processing /opt/airflow/dags/modal_airflow.py took 0.118 seconds
[2025-07-20T07:41:16.094+0000] {processor.py:161} INFO - Started process (PID=10709) to work on /opt/airflow/dags/modal_airflow.py
[2025-07-20T07:41:16.096+0000] {processor.py:830} INFO - Processing file /opt/airflow/dags/modal_airflow.py for tasks to queue
[2025-07-20T07:41:16.097+0000] {logging_mixin.py:188} INFO - [2025-07-20T07:41:16.096+0000] {dagbag.py:538} INFO - Filling up the DagBag from /opt/airflow/dags/modal_airflow.py
[2025-07-20T07:41:16.111+0000] {processor.py:840} INFO - DAG(s) 'ml_model_training_pipeline_with_mlflow' retrieved from /opt/airflow/dags/modal_airflow.py
[2025-07-20T07:41:16.139+0000] {logging_mixin.py:188} INFO - [2025-07-20T07:41:16.139+0000] {dag.py:3036} INFO - Sync 1 DAGs
[2025-07-20T07:41:16.151+0000] {logging_mixin.py:188} INFO - [2025-07-20T07:41:16.150+0000] {dag.py:3823} INFO - Setting next_dagrun for ml_model_training_pipeline_with_mlflow to None, run_after=None
[2025-07-20T07:41:16.172+0000] {processor.py:183} INFO - Processing /opt/airflow/dags/modal_airflow.py took 0.088 seconds
[2025-07-20T07:41:46.463+0000] {processor.py:161} INFO - Started process (PID=10749) to work on /opt/airflow/dags/modal_airflow.py
[2025-07-20T07:41:46.464+0000] {processor.py:830} INFO - Processing file /opt/airflow/dags/modal_airflow.py for tasks to queue
[2025-07-20T07:41:46.465+0000] {logging_mixin.py:188} INFO - [2025-07-20T07:41:46.464+0000] {dagbag.py:538} INFO - Filling up the DagBag from /opt/airflow/dags/modal_airflow.py
[2025-07-20T07:41:46.476+0000] {processor.py:840} INFO - DAG(s) 'ml_model_training_pipeline_with_mlflow' retrieved from /opt/airflow/dags/modal_airflow.py
[2025-07-20T07:41:46.501+0000] {logging_mixin.py:188} INFO - [2025-07-20T07:41:46.501+0000] {dag.py:3036} INFO - Sync 1 DAGs
[2025-07-20T07:41:46.513+0000] {logging_mixin.py:188} INFO - [2025-07-20T07:41:46.512+0000] {dag.py:3823} INFO - Setting next_dagrun for ml_model_training_pipeline_with_mlflow to None, run_after=None
[2025-07-20T07:41:46.533+0000] {processor.py:183} INFO - Processing /opt/airflow/dags/modal_airflow.py took 0.073 seconds
