[2025-07-20T06:47:56.150+0000] {processor.py:161} INFO - Started process (PID=216) to work on /opt/airflow/dags/preprocess_airflow.py
[2025-07-20T06:47:56.151+0000] {processor.py:830} INFO - Processing file /opt/airflow/dags/preprocess_airflow.py for tasks to queue
[2025-07-20T06:47:56.153+0000] {logging_mixin.py:188} INFO - [2025-07-20T06:47:56.152+0000] {dagbag.py:538} INFO - Filling up the DagBag from /opt/airflow/dags/preprocess_airflow.py
[2025-07-20T06:47:56.169+0000] {processor.py:840} INFO - DAG(s) 'run_preprocess_scriptttttttttttttttttttttttttt' retrieved from /opt/airflow/dags/preprocess_airflow.py
[2025-07-20T06:47:56.192+0000] {logging_mixin.py:188} INFO - [2025-07-20T06:47:56.191+0000] {dag.py:3036} INFO - Sync 1 DAGs
[2025-07-20T06:47:56.204+0000] {logging_mixin.py:188} INFO - [2025-07-20T06:47:56.204+0000] {dag.py:3823} INFO - Setting next_dagrun for run_preprocess_scriptttttttttttttttttttttttttt to None, run_after=None
[2025-07-20T06:47:56.226+0000] {processor.py:183} INFO - Processing /opt/airflow/dags/preprocess_airflow.py took 0.080 seconds
[2025-07-20T06:50:40.506+0000] {processor.py:161} INFO - Started process (PID=1683) to work on /opt/airflow/dags/preprocess_airflow.py
[2025-07-20T06:50:41.183+0000] {processor.py:830} INFO - Processing file /opt/airflow/dags/preprocess_airflow.py for tasks to queue
[2025-07-20T06:50:43.211+0000] {logging_mixin.py:188} INFO - [2025-07-20T06:50:43.210+0000] {dagbag.py:538} INFO - Filling up the DagBag from /opt/airflow/dags/preprocess_airflow.py
[2025-07-20T06:50:46.890+0000] {processor.py:840} INFO - DAG(s) 'run_preprocess_scriptttttttttttttttttttttttttt' retrieved from /opt/airflow/dags/preprocess_airflow.py
[2025-07-20T06:53:40.215+0000] {processor.py:161} INFO - Started process (PID=2522) to work on /opt/airflow/dags/preprocess_airflow.py
[2025-07-20T06:53:40.220+0000] {processor.py:830} INFO - Processing file /opt/airflow/dags/preprocess_airflow.py for tasks to queue
[2025-07-20T06:53:40.223+0000] {logging_mixin.py:188} INFO - [2025-07-20T06:53:40.222+0000] {dagbag.py:538} INFO - Filling up the DagBag from /opt/airflow/dags/preprocess_airflow.py
[2025-07-20T06:53:40.268+0000] {processor.py:840} INFO - DAG(s) 'run_preprocess_scriptttttttttttttttttttttttttt' retrieved from /opt/airflow/dags/preprocess_airflow.py
[2025-07-20T06:53:40.601+0000] {logging_mixin.py:188} INFO - [2025-07-20T06:53:40.600+0000] {dag.py:3036} INFO - Sync 1 DAGs
[2025-07-20T06:53:42.910+0000] {logging_mixin.py:188} INFO - [2025-07-20T06:53:42.909+0000] {dag.py:3823} INFO - Setting next_dagrun for run_preprocess_scriptttttttttttttttttttttttttt to None, run_after=None
[2025-07-20T06:53:44.411+0000] {processor.py:183} INFO - Processing /opt/airflow/dags/preprocess_airflow.py took 4.202 seconds
[2025-07-20T06:54:19.678+0000] {processor.py:161} INFO - Started process (PID=2569) to work on /opt/airflow/dags/preprocess_airflow.py
[2025-07-20T06:54:19.686+0000] {processor.py:830} INFO - Processing file /opt/airflow/dags/preprocess_airflow.py for tasks to queue
[2025-07-20T06:54:19.690+0000] {logging_mixin.py:188} INFO - [2025-07-20T06:54:19.690+0000] {dagbag.py:538} INFO - Filling up the DagBag from /opt/airflow/dags/preprocess_airflow.py
[2025-07-20T06:54:19.747+0000] {processor.py:840} INFO - DAG(s) 'run_preprocess_scriptttttttttttttttttttttttttt' retrieved from /opt/airflow/dags/preprocess_airflow.py
[2025-07-20T06:54:19.818+0000] {logging_mixin.py:188} INFO - [2025-07-20T06:54:19.818+0000] {dag.py:3036} INFO - Sync 1 DAGs
[2025-07-20T06:54:19.848+0000] {logging_mixin.py:188} INFO - [2025-07-20T06:54:19.846+0000] {dag.py:3823} INFO - Setting next_dagrun for run_preprocess_scriptttttttttttttttttttttttttt to None, run_after=None
[2025-07-20T06:54:19.970+0000] {processor.py:183} INFO - Processing /opt/airflow/dags/preprocess_airflow.py took 0.299 seconds
[2025-07-20T06:54:52.437+0000] {processor.py:161} INFO - Started process (PID=2602) to work on /opt/airflow/dags/preprocess_airflow.py
[2025-07-20T06:54:53.572+0000] {processor.py:830} INFO - Processing file /opt/airflow/dags/preprocess_airflow.py for tasks to queue
[2025-07-20T06:54:53.577+0000] {logging_mixin.py:188} INFO - [2025-07-20T06:54:53.574+0000] {dagbag.py:538} INFO - Filling up the DagBag from /opt/airflow/dags/preprocess_airflow.py
[2025-07-20T06:54:53.689+0000] {processor.py:840} INFO - DAG(s) 'run_preprocess_scriptttttttttttttttttttttttttt' retrieved from /opt/airflow/dags/preprocess_airflow.py
[2025-07-20T06:54:53.919+0000] {logging_mixin.py:188} INFO - [2025-07-20T06:54:53.918+0000] {dag.py:3036} INFO - Sync 1 DAGs
[2025-07-20T06:54:53.969+0000] {logging_mixin.py:188} INFO - [2025-07-20T06:54:53.968+0000] {dag.py:3823} INFO - Setting next_dagrun for run_preprocess_scriptttttttttttttttttttttttttt to None, run_after=None
[2025-07-20T06:54:54.097+0000] {processor.py:183} INFO - Processing /opt/airflow/dags/preprocess_airflow.py took 1.666 seconds
[2025-07-20T06:55:24.475+0000] {processor.py:161} INFO - Started process (PID=2637) to work on /opt/airflow/dags/preprocess_airflow.py
[2025-07-20T06:55:24.485+0000] {processor.py:830} INFO - Processing file /opt/airflow/dags/preprocess_airflow.py for tasks to queue
[2025-07-20T06:55:24.500+0000] {logging_mixin.py:188} INFO - [2025-07-20T06:55:24.499+0000] {dagbag.py:538} INFO - Filling up the DagBag from /opt/airflow/dags/preprocess_airflow.py
[2025-07-20T06:55:24.531+0000] {processor.py:840} INFO - DAG(s) 'run_preprocess_scriptttttttttttttttttttttttttt' retrieved from /opt/airflow/dags/preprocess_airflow.py
[2025-07-20T06:55:25.281+0000] {logging_mixin.py:188} INFO - [2025-07-20T06:55:25.280+0000] {dag.py:3036} INFO - Sync 1 DAGs
[2025-07-20T06:55:25.565+0000] {logging_mixin.py:188} INFO - [2025-07-20T06:55:25.564+0000] {dag.py:3823} INFO - Setting next_dagrun for run_preprocess_scriptttttttttttttttttttttttttt to None, run_after=None
[2025-07-20T06:55:26.834+0000] {processor.py:183} INFO - Processing /opt/airflow/dags/preprocess_airflow.py took 2.370 seconds
[2025-07-20T06:55:58.773+0000] {processor.py:161} INFO - Started process (PID=2672) to work on /opt/airflow/dags/preprocess_airflow.py
[2025-07-20T06:55:58.776+0000] {processor.py:830} INFO - Processing file /opt/airflow/dags/preprocess_airflow.py for tasks to queue
[2025-07-20T06:55:58.783+0000] {logging_mixin.py:188} INFO - [2025-07-20T06:55:58.781+0000] {dagbag.py:538} INFO - Filling up the DagBag from /opt/airflow/dags/preprocess_airflow.py
[2025-07-20T06:55:58.869+0000] {processor.py:840} INFO - DAG(s) 'run_preprocess_scriptttttttttttttttttttttttttt' retrieved from /opt/airflow/dags/preprocess_airflow.py
[2025-07-20T06:55:59.540+0000] {logging_mixin.py:188} INFO - [2025-07-20T06:55:59.539+0000] {dag.py:3036} INFO - Sync 1 DAGs
[2025-07-20T06:55:59.611+0000] {logging_mixin.py:188} INFO - [2025-07-20T06:55:59.610+0000] {dag.py:3823} INFO - Setting next_dagrun for run_preprocess_scriptttttttttttttttttttttttttt to None, run_after=None
[2025-07-20T06:55:59.728+0000] {processor.py:183} INFO - Processing /opt/airflow/dags/preprocess_airflow.py took 0.962 seconds
[2025-07-20T06:56:31.885+0000] {processor.py:161} INFO - Started process (PID=2708) to work on /opt/airflow/dags/preprocess_airflow.py
[2025-07-20T06:56:31.900+0000] {processor.py:830} INFO - Processing file /opt/airflow/dags/preprocess_airflow.py for tasks to queue
[2025-07-20T06:56:31.913+0000] {logging_mixin.py:188} INFO - [2025-07-20T06:56:31.912+0000] {dagbag.py:538} INFO - Filling up the DagBag from /opt/airflow/dags/preprocess_airflow.py
[2025-07-20T06:56:32.011+0000] {processor.py:840} INFO - DAG(s) 'run_preprocess_scriptttttttttttttttttttttttttt' retrieved from /opt/airflow/dags/preprocess_airflow.py
[2025-07-20T06:56:32.195+0000] {logging_mixin.py:188} INFO - [2025-07-20T06:56:32.194+0000] {dag.py:3036} INFO - Sync 1 DAGs
[2025-07-20T06:56:32.269+0000] {logging_mixin.py:188} INFO - [2025-07-20T06:56:32.268+0000] {dag.py:3823} INFO - Setting next_dagrun for run_preprocess_scriptttttttttttttttttttttttttt to None, run_after=None
[2025-07-20T06:56:32.573+0000] {processor.py:183} INFO - Processing /opt/airflow/dags/preprocess_airflow.py took 0.734 seconds
[2025-07-20T06:57:03.361+0000] {processor.py:161} INFO - Started process (PID=2744) to work on /opt/airflow/dags/preprocess_airflow.py
[2025-07-20T06:57:03.378+0000] {processor.py:830} INFO - Processing file /opt/airflow/dags/preprocess_airflow.py for tasks to queue
[2025-07-20T06:57:03.380+0000] {logging_mixin.py:188} INFO - [2025-07-20T06:57:03.380+0000] {dagbag.py:538} INFO - Filling up the DagBag from /opt/airflow/dags/preprocess_airflow.py
[2025-07-20T06:57:03.417+0000] {processor.py:840} INFO - DAG(s) 'run_preprocess_scriptttttttttttttttttttttttttt' retrieved from /opt/airflow/dags/preprocess_airflow.py
[2025-07-20T06:57:03.677+0000] {logging_mixin.py:188} INFO - [2025-07-20T06:57:03.677+0000] {dag.py:3036} INFO - Sync 1 DAGs
[2025-07-20T06:57:03.726+0000] {logging_mixin.py:188} INFO - [2025-07-20T06:57:03.725+0000] {dag.py:3823} INFO - Setting next_dagrun for run_preprocess_scriptttttttttttttttttttttttttt to None, run_after=None
[2025-07-20T06:57:03.889+0000] {processor.py:183} INFO - Processing /opt/airflow/dags/preprocess_airflow.py took 0.536 seconds
[2025-07-20T06:57:34.443+0000] {processor.py:161} INFO - Started process (PID=2779) to work on /opt/airflow/dags/preprocess_airflow.py
[2025-07-20T06:57:34.459+0000] {processor.py:830} INFO - Processing file /opt/airflow/dags/preprocess_airflow.py for tasks to queue
[2025-07-20T06:57:34.462+0000] {logging_mixin.py:188} INFO - [2025-07-20T06:57:34.461+0000] {dagbag.py:538} INFO - Filling up the DagBag from /opt/airflow/dags/preprocess_airflow.py
[2025-07-20T06:57:34.535+0000] {processor.py:840} INFO - DAG(s) 'run_preprocess_scriptttttttttttttttttttttttttt' retrieved from /opt/airflow/dags/preprocess_airflow.py
[2025-07-20T06:57:34.704+0000] {logging_mixin.py:188} INFO - [2025-07-20T06:57:34.703+0000] {dag.py:3036} INFO - Sync 1 DAGs
[2025-07-20T06:57:34.764+0000] {logging_mixin.py:188} INFO - [2025-07-20T06:57:34.763+0000] {dag.py:3823} INFO - Setting next_dagrun for run_preprocess_scriptttttttttttttttttttttttttt to None, run_after=None
[2025-07-20T06:57:34.847+0000] {processor.py:183} INFO - Processing /opt/airflow/dags/preprocess_airflow.py took 0.412 seconds
[2025-07-20T06:58:37.991+0000] {processor.py:161} INFO - Started process (PID=2819) to work on /opt/airflow/dags/preprocess_airflow.py
[2025-07-20T06:58:37.994+0000] {processor.py:830} INFO - Processing file /opt/airflow/dags/preprocess_airflow.py for tasks to queue
[2025-07-20T06:58:38.004+0000] {logging_mixin.py:188} INFO - [2025-07-20T06:58:38.003+0000] {dagbag.py:538} INFO - Filling up the DagBag from /opt/airflow/dags/preprocess_airflow.py
[2025-07-20T06:58:38.508+0000] {processor.py:840} INFO - DAG(s) 'run_preprocess_scriptttttttttttttttttttttttttt' retrieved from /opt/airflow/dags/preprocess_airflow.py
[2025-07-20T06:58:38.917+0000] {logging_mixin.py:188} INFO - [2025-07-20T06:58:38.916+0000] {dag.py:3036} INFO - Sync 1 DAGs
[2025-07-20T06:58:38.965+0000] {logging_mixin.py:188} INFO - [2025-07-20T06:58:38.964+0000] {dag.py:3823} INFO - Setting next_dagrun for run_preprocess_scriptttttttttttttttttttttttttt to None, run_after=None
[2025-07-20T06:58:41.251+0000] {processor.py:183} INFO - Processing /opt/airflow/dags/preprocess_airflow.py took 3.199 seconds
[2025-07-20T06:59:12.079+0000] {processor.py:161} INFO - Started process (PID=2857) to work on /opt/airflow/dags/preprocess_airflow.py
[2025-07-20T06:59:12.081+0000] {processor.py:830} INFO - Processing file /opt/airflow/dags/preprocess_airflow.py for tasks to queue
[2025-07-20T06:59:12.086+0000] {logging_mixin.py:188} INFO - [2025-07-20T06:59:12.083+0000] {dagbag.py:538} INFO - Filling up the DagBag from /opt/airflow/dags/preprocess_airflow.py
[2025-07-20T06:59:12.256+0000] {processor.py:840} INFO - DAG(s) 'run_preprocess_scriptttttttttttttttttttttttttt' retrieved from /opt/airflow/dags/preprocess_airflow.py
[2025-07-20T06:59:12.363+0000] {logging_mixin.py:188} INFO - [2025-07-20T06:59:12.362+0000] {dag.py:3036} INFO - Sync 1 DAGs
[2025-07-20T06:59:12.437+0000] {logging_mixin.py:188} INFO - [2025-07-20T06:59:12.436+0000] {dag.py:3823} INFO - Setting next_dagrun for run_preprocess_scriptttttttttttttttttttttttttt to None, run_after=None
[2025-07-20T06:59:12.524+0000] {processor.py:183} INFO - Processing /opt/airflow/dags/preprocess_airflow.py took 0.451 seconds
[2025-07-20T06:59:43.888+0000] {processor.py:161} INFO - Started process (PID=2889) to work on /opt/airflow/dags/preprocess_airflow.py
[2025-07-20T06:59:43.891+0000] {processor.py:830} INFO - Processing file /opt/airflow/dags/preprocess_airflow.py for tasks to queue
[2025-07-20T06:59:43.893+0000] {logging_mixin.py:188} INFO - [2025-07-20T06:59:43.892+0000] {dagbag.py:538} INFO - Filling up the DagBag from /opt/airflow/dags/preprocess_airflow.py
[2025-07-20T06:59:44.111+0000] {processor.py:840} INFO - DAG(s) 'run_preprocess_scriptttttttttttttttttttttttttt' retrieved from /opt/airflow/dags/preprocess_airflow.py
[2025-07-20T06:59:44.332+0000] {logging_mixin.py:188} INFO - [2025-07-20T06:59:44.332+0000] {dag.py:3036} INFO - Sync 1 DAGs
[2025-07-20T06:59:44.601+0000] {logging_mixin.py:188} INFO - [2025-07-20T06:59:44.601+0000] {dag.py:3823} INFO - Setting next_dagrun for run_preprocess_scriptttttttttttttttttttttttttt to None, run_after=None
[2025-07-20T06:59:44.880+0000] {processor.py:183} INFO - Processing /opt/airflow/dags/preprocess_airflow.py took 0.998 seconds
[2025-07-20T07:00:15.609+0000] {processor.py:161} INFO - Started process (PID=2927) to work on /opt/airflow/dags/preprocess_airflow.py
[2025-07-20T07:00:15.611+0000] {processor.py:830} INFO - Processing file /opt/airflow/dags/preprocess_airflow.py for tasks to queue
[2025-07-20T07:00:15.613+0000] {logging_mixin.py:188} INFO - [2025-07-20T07:00:15.612+0000] {dagbag.py:538} INFO - Filling up the DagBag from /opt/airflow/dags/preprocess_airflow.py
[2025-07-20T07:00:15.632+0000] {processor.py:840} INFO - DAG(s) 'run_preprocess_scriptttttttttttttttttttttttttt' retrieved from /opt/airflow/dags/preprocess_airflow.py
[2025-07-20T07:00:15.811+0000] {logging_mixin.py:188} INFO - [2025-07-20T07:00:15.811+0000] {dag.py:3036} INFO - Sync 1 DAGs
[2025-07-20T07:00:15.873+0000] {logging_mixin.py:188} INFO - [2025-07-20T07:00:15.872+0000] {dag.py:3823} INFO - Setting next_dagrun for run_preprocess_scriptttttttttttttttttttttttttt to None, run_after=None
[2025-07-20T07:00:16.834+0000] {processor.py:183} INFO - Processing /opt/airflow/dags/preprocess_airflow.py took 1.230 seconds
[2025-07-20T07:00:47.382+0000] {processor.py:161} INFO - Started process (PID=2959) to work on /opt/airflow/dags/preprocess_airflow.py
[2025-07-20T07:00:47.384+0000] {processor.py:830} INFO - Processing file /opt/airflow/dags/preprocess_airflow.py for tasks to queue
[2025-07-20T07:00:47.387+0000] {logging_mixin.py:188} INFO - [2025-07-20T07:00:47.386+0000] {dagbag.py:538} INFO - Filling up the DagBag from /opt/airflow/dags/preprocess_airflow.py
[2025-07-20T07:00:47.439+0000] {processor.py:840} INFO - DAG(s) 'run_preprocess_scriptttttttttttttttttttttttttt' retrieved from /opt/airflow/dags/preprocess_airflow.py
[2025-07-20T07:00:47.629+0000] {logging_mixin.py:188} INFO - [2025-07-20T07:00:47.629+0000] {dag.py:3036} INFO - Sync 1 DAGs
[2025-07-20T07:00:47.649+0000] {logging_mixin.py:188} INFO - [2025-07-20T07:00:47.649+0000] {dag.py:3823} INFO - Setting next_dagrun for run_preprocess_scriptttttttttttttttttttttttttt to None, run_after=None
[2025-07-20T07:00:47.706+0000] {processor.py:183} INFO - Processing /opt/airflow/dags/preprocess_airflow.py took 0.329 seconds
[2025-07-20T07:01:52.006+0000] {processor.py:161} INFO - Started process (PID=2992) to work on /opt/airflow/dags/preprocess_airflow.py
[2025-07-20T07:01:52.634+0000] {processor.py:830} INFO - Processing file /opt/airflow/dags/preprocess_airflow.py for tasks to queue
[2025-07-20T07:01:52.687+0000] {logging_mixin.py:188} INFO - [2025-07-20T07:01:52.686+0000] {dagbag.py:538} INFO - Filling up the DagBag from /opt/airflow/dags/preprocess_airflow.py
[2025-07-20T07:01:54.508+0000] {processor.py:840} INFO - DAG(s) 'run_preprocess_scriptttttttttttttttttttttttttt' retrieved from /opt/airflow/dags/preprocess_airflow.py
[2025-07-20T07:01:54.909+0000] {logging_mixin.py:188} INFO - [2025-07-20T07:01:54.909+0000] {dag.py:3036} INFO - Sync 1 DAGs
[2025-07-20T07:01:54.924+0000] {logging_mixin.py:188} INFO - [2025-07-20T07:01:54.924+0000] {dag.py:3823} INFO - Setting next_dagrun for run_preprocess_scriptttttttttttttttttttttttttt to None, run_after=None
[2025-07-20T07:01:55.074+0000] {processor.py:183} INFO - Processing /opt/airflow/dags/preprocess_airflow.py took 4.584 seconds
[2025-07-20T07:02:37.560+0000] {processor.py:161} INFO - Started process (PID=3020) to work on /opt/airflow/dags/preprocess_airflow.py
[2025-07-20T07:02:37.562+0000] {processor.py:830} INFO - Processing file /opt/airflow/dags/preprocess_airflow.py for tasks to queue
[2025-07-20T07:02:37.564+0000] {logging_mixin.py:188} INFO - [2025-07-20T07:02:37.564+0000] {dagbag.py:538} INFO - Filling up the DagBag from /opt/airflow/dags/preprocess_airflow.py
[2025-07-20T07:02:37.584+0000] {processor.py:840} INFO - DAG(s) 'run_preprocess_scriptttttttttttttttttttttttttt' retrieved from /opt/airflow/dags/preprocess_airflow.py
[2025-07-20T07:02:37.607+0000] {logging_mixin.py:188} INFO - [2025-07-20T07:02:37.606+0000] {dag.py:3036} INFO - Sync 1 DAGs
[2025-07-20T07:02:40.416+0000] {logging_mixin.py:188} INFO - [2025-07-20T07:02:40.415+0000] {dag.py:3823} INFO - Setting next_dagrun for run_preprocess_scriptttttttttttttttttttttttttt to None, run_after=None
[2025-07-20T07:02:41.497+0000] {processor.py:183} INFO - Processing /opt/airflow/dags/preprocess_airflow.py took 4.047 seconds
[2025-07-20T07:04:22.042+0000] {processor.py:161} INFO - Started process (PID=3049) to work on /opt/airflow/dags/preprocess_airflow.py
[2025-07-20T07:04:22.044+0000] {processor.py:830} INFO - Processing file /opt/airflow/dags/preprocess_airflow.py for tasks to queue
[2025-07-20T07:04:22.045+0000] {logging_mixin.py:188} INFO - [2025-07-20T07:04:22.044+0000] {dagbag.py:538} INFO - Filling up the DagBag from /opt/airflow/dags/preprocess_airflow.py
[2025-07-20T07:04:22.063+0000] {processor.py:840} INFO - DAG(s) 'run_preprocess_scriptttttttttttttttttttttttttt' retrieved from /opt/airflow/dags/preprocess_airflow.py
[2025-07-20T07:04:22.635+0000] {logging_mixin.py:188} INFO - [2025-07-20T07:04:22.635+0000] {dag.py:3036} INFO - Sync 1 DAGs
[2025-07-20T07:04:22.648+0000] {logging_mixin.py:188} INFO - [2025-07-20T07:04:22.647+0000] {dag.py:3823} INFO - Setting next_dagrun for run_preprocess_scriptttttttttttttttttttttttttt to None, run_after=None
[2025-07-20T07:04:25.683+0000] {processor.py:183} INFO - Processing /opt/airflow/dags/preprocess_airflow.py took 3.644 seconds
[2025-07-20T07:09:20.039+0000] {processor.py:161} INFO - Started process (PID=3093) to work on /opt/airflow/dags/preprocess_airflow.py
[2025-07-20T07:09:20.040+0000] {processor.py:830} INFO - Processing file /opt/airflow/dags/preprocess_airflow.py for tasks to queue
[2025-07-20T07:09:20.041+0000] {logging_mixin.py:188} INFO - [2025-07-20T07:09:20.040+0000] {dagbag.py:538} INFO - Filling up the DagBag from /opt/airflow/dags/preprocess_airflow.py
[2025-07-20T07:09:20.050+0000] {processor.py:840} INFO - DAG(s) 'run_preprocess_scriptttttttttttttttttttttttttt' retrieved from /opt/airflow/dags/preprocess_airflow.py
[2025-07-20T07:09:20.681+0000] {logging_mixin.py:188} INFO - [2025-07-20T07:09:20.680+0000] {dag.py:3036} INFO - Sync 1 DAGs
[2025-07-20T07:09:20.690+0000] {logging_mixin.py:188} INFO - [2025-07-20T07:09:20.689+0000] {dag.py:3823} INFO - Setting next_dagrun for run_preprocess_scriptttttttttttttttttttttttttt to None, run_after=None
[2025-07-20T07:09:20.707+0000] {processor.py:183} INFO - Processing /opt/airflow/dags/preprocess_airflow.py took 0.671 seconds
[2025-07-20T07:09:51.255+0000] {processor.py:161} INFO - Started process (PID=3143) to work on /opt/airflow/dags/preprocess_airflow.py
[2025-07-20T07:09:51.256+0000] {processor.py:830} INFO - Processing file /opt/airflow/dags/preprocess_airflow.py for tasks to queue
[2025-07-20T07:09:51.257+0000] {logging_mixin.py:188} INFO - [2025-07-20T07:09:51.257+0000] {dagbag.py:538} INFO - Filling up the DagBag from /opt/airflow/dags/preprocess_airflow.py
[2025-07-20T07:09:51.268+0000] {processor.py:840} INFO - DAG(s) 'run_preprocess_scriptttttttttttttttttttttttttt' retrieved from /opt/airflow/dags/preprocess_airflow.py
[2025-07-20T07:09:51.293+0000] {logging_mixin.py:188} INFO - [2025-07-20T07:09:51.292+0000] {dag.py:3036} INFO - Sync 1 DAGs
[2025-07-20T07:09:51.304+0000] {logging_mixin.py:188} INFO - [2025-07-20T07:09:51.304+0000] {dag.py:3823} INFO - Setting next_dagrun for run_preprocess_scriptttttttttttttttttttttttttt to None, run_after=None
[2025-07-20T07:09:51.323+0000] {processor.py:183} INFO - Processing /opt/airflow/dags/preprocess_airflow.py took 0.071 seconds
[2025-07-20T07:10:21.447+0000] {processor.py:161} INFO - Started process (PID=3190) to work on /opt/airflow/dags/preprocess_airflow.py
[2025-07-20T07:10:21.448+0000] {processor.py:830} INFO - Processing file /opt/airflow/dags/preprocess_airflow.py for tasks to queue
[2025-07-20T07:10:21.449+0000] {logging_mixin.py:188} INFO - [2025-07-20T07:10:21.448+0000] {dagbag.py:538} INFO - Filling up the DagBag from /opt/airflow/dags/preprocess_airflow.py
[2025-07-20T07:10:21.457+0000] {processor.py:840} INFO - DAG(s) 'run_preprocess_scriptttttttttttttttttttttttttt' retrieved from /opt/airflow/dags/preprocess_airflow.py
[2025-07-20T07:10:21.482+0000] {logging_mixin.py:188} INFO - [2025-07-20T07:10:21.482+0000] {dag.py:3036} INFO - Sync 1 DAGs
[2025-07-20T07:10:21.494+0000] {logging_mixin.py:188} INFO - [2025-07-20T07:10:21.494+0000] {dag.py:3823} INFO - Setting next_dagrun for run_preprocess_scriptttttttttttttttttttttttttt to None, run_after=None
[2025-07-20T07:10:21.512+0000] {processor.py:183} INFO - Processing /opt/airflow/dags/preprocess_airflow.py took 0.068 seconds
[2025-07-20T07:10:51.635+0000] {processor.py:161} INFO - Started process (PID=3223) to work on /opt/airflow/dags/preprocess_airflow.py
[2025-07-20T07:10:51.637+0000] {processor.py:830} INFO - Processing file /opt/airflow/dags/preprocess_airflow.py for tasks to queue
[2025-07-20T07:10:51.639+0000] {logging_mixin.py:188} INFO - [2025-07-20T07:10:51.639+0000] {dagbag.py:538} INFO - Filling up the DagBag from /opt/airflow/dags/preprocess_airflow.py
[2025-07-20T07:10:51.656+0000] {processor.py:840} INFO - DAG(s) 'run_preprocess_scriptttttttttttttttttttttttttt' retrieved from /opt/airflow/dags/preprocess_airflow.py
[2025-07-20T07:10:51.689+0000] {logging_mixin.py:188} INFO - [2025-07-20T07:10:51.689+0000] {dag.py:3036} INFO - Sync 1 DAGs
[2025-07-20T07:10:51.701+0000] {logging_mixin.py:188} INFO - [2025-07-20T07:10:51.701+0000] {dag.py:3823} INFO - Setting next_dagrun for run_preprocess_scriptttttttttttttttttttttttttt to None, run_after=None
[2025-07-20T07:10:52.481+0000] {processor.py:183} INFO - Processing /opt/airflow/dags/preprocess_airflow.py took 0.851 seconds
[2025-07-20T07:11:23.309+0000] {processor.py:161} INFO - Started process (PID=3263) to work on /opt/airflow/dags/preprocess_airflow.py
[2025-07-20T07:11:23.310+0000] {processor.py:830} INFO - Processing file /opt/airflow/dags/preprocess_airflow.py for tasks to queue
[2025-07-20T07:11:23.311+0000] {logging_mixin.py:188} INFO - [2025-07-20T07:11:23.310+0000] {dagbag.py:538} INFO - Filling up the DagBag from /opt/airflow/dags/preprocess_airflow.py
[2025-07-20T07:11:23.321+0000] {processor.py:840} INFO - DAG(s) 'run_preprocess_scriptttttttttttttttttttttttttt' retrieved from /opt/airflow/dags/preprocess_airflow.py
[2025-07-20T07:11:23.390+0000] {logging_mixin.py:188} INFO - [2025-07-20T07:11:23.390+0000] {dag.py:3036} INFO - Sync 1 DAGs
[2025-07-20T07:11:23.403+0000] {logging_mixin.py:188} INFO - [2025-07-20T07:11:23.403+0000] {dag.py:3823} INFO - Setting next_dagrun for run_preprocess_scriptttttttttttttttttttttttttt to None, run_after=None
[2025-07-20T07:11:23.430+0000] {processor.py:183} INFO - Processing /opt/airflow/dags/preprocess_airflow.py took 0.124 seconds
[2025-07-20T07:11:53.539+0000] {processor.py:161} INFO - Started process (PID=3298) to work on /opt/airflow/dags/preprocess_airflow.py
[2025-07-20T07:11:53.540+0000] {processor.py:830} INFO - Processing file /opt/airflow/dags/preprocess_airflow.py for tasks to queue
[2025-07-20T07:11:53.541+0000] {logging_mixin.py:188} INFO - [2025-07-20T07:11:53.541+0000] {dagbag.py:538} INFO - Filling up the DagBag from /opt/airflow/dags/preprocess_airflow.py
[2025-07-20T07:11:53.551+0000] {processor.py:840} INFO - DAG(s) 'run_preprocess_scriptttttttttttttttttttttttttt' retrieved from /opt/airflow/dags/preprocess_airflow.py
[2025-07-20T07:11:53.578+0000] {logging_mixin.py:188} INFO - [2025-07-20T07:11:53.578+0000] {dag.py:3036} INFO - Sync 1 DAGs
[2025-07-20T07:11:53.592+0000] {logging_mixin.py:188} INFO - [2025-07-20T07:11:53.591+0000] {dag.py:3823} INFO - Setting next_dagrun for run_preprocess_scriptttttttttttttttttttttttttt to None, run_after=None
[2025-07-20T07:11:53.616+0000] {processor.py:183} INFO - Processing /opt/airflow/dags/preprocess_airflow.py took 0.080 seconds
[2025-07-20T07:12:23.693+0000] {processor.py:161} INFO - Started process (PID=3335) to work on /opt/airflow/dags/preprocess_airflow.py
[2025-07-20T07:12:23.694+0000] {processor.py:830} INFO - Processing file /opt/airflow/dags/preprocess_airflow.py for tasks to queue
[2025-07-20T07:12:23.695+0000] {logging_mixin.py:188} INFO - [2025-07-20T07:12:23.694+0000] {dagbag.py:538} INFO - Filling up the DagBag from /opt/airflow/dags/preprocess_airflow.py
[2025-07-20T07:12:23.704+0000] {processor.py:840} INFO - DAG(s) 'run_preprocess_scriptttttttttttttttttttttttttt' retrieved from /opt/airflow/dags/preprocess_airflow.py
[2025-07-20T07:12:23.727+0000] {logging_mixin.py:188} INFO - [2025-07-20T07:12:23.727+0000] {dag.py:3036} INFO - Sync 1 DAGs
[2025-07-20T07:12:23.738+0000] {logging_mixin.py:188} INFO - [2025-07-20T07:12:23.738+0000] {dag.py:3823} INFO - Setting next_dagrun for run_preprocess_scriptttttttttttttttttttttttttt to None, run_after=None
[2025-07-20T07:12:23.758+0000] {processor.py:183} INFO - Processing /opt/airflow/dags/preprocess_airflow.py took 0.068 seconds
[2025-07-20T07:12:54.076+0000] {processor.py:161} INFO - Started process (PID=3378) to work on /opt/airflow/dags/preprocess_airflow.py
[2025-07-20T07:12:54.078+0000] {processor.py:830} INFO - Processing file /opt/airflow/dags/preprocess_airflow.py for tasks to queue
[2025-07-20T07:12:54.079+0000] {logging_mixin.py:188} INFO - [2025-07-20T07:12:54.079+0000] {dagbag.py:538} INFO - Filling up the DagBag from /opt/airflow/dags/preprocess_airflow.py
[2025-07-20T07:12:54.092+0000] {processor.py:840} INFO - DAG(s) 'run_preprocess_scriptttttttttttttttttttttttttt' retrieved from /opt/airflow/dags/preprocess_airflow.py
[2025-07-20T07:12:54.120+0000] {logging_mixin.py:188} INFO - [2025-07-20T07:12:54.120+0000] {dag.py:3036} INFO - Sync 1 DAGs
[2025-07-20T07:12:54.133+0000] {logging_mixin.py:188} INFO - [2025-07-20T07:12:54.132+0000] {dag.py:3823} INFO - Setting next_dagrun for run_preprocess_scriptttttttttttttttttttttttttt to None, run_after=None
[2025-07-20T07:12:54.154+0000] {processor.py:183} INFO - Processing /opt/airflow/dags/preprocess_airflow.py took 0.082 seconds
[2025-07-20T07:13:24.887+0000] {processor.py:161} INFO - Started process (PID=3430) to work on /opt/airflow/dags/preprocess_airflow.py
[2025-07-20T07:13:24.888+0000] {processor.py:830} INFO - Processing file /opt/airflow/dags/preprocess_airflow.py for tasks to queue
[2025-07-20T07:13:24.889+0000] {logging_mixin.py:188} INFO - [2025-07-20T07:13:24.888+0000] {dagbag.py:538} INFO - Filling up the DagBag from /opt/airflow/dags/preprocess_airflow.py
[2025-07-20T07:13:24.899+0000] {processor.py:840} INFO - DAG(s) 'run_preprocess_scriptttttttttttttttttttttttttt' retrieved from /opt/airflow/dags/preprocess_airflow.py
[2025-07-20T07:13:24.923+0000] {logging_mixin.py:188} INFO - [2025-07-20T07:13:24.923+0000] {dag.py:3036} INFO - Sync 1 DAGs
[2025-07-20T07:13:24.934+0000] {logging_mixin.py:188} INFO - [2025-07-20T07:13:24.933+0000] {dag.py:3823} INFO - Setting next_dagrun for run_preprocess_scriptttttttttttttttttttttttttt to None, run_after=None
[2025-07-20T07:13:24.952+0000] {processor.py:183} INFO - Processing /opt/airflow/dags/preprocess_airflow.py took 0.069 seconds
[2025-07-20T07:13:55.351+0000] {processor.py:161} INFO - Started process (PID=3488) to work on /opt/airflow/dags/preprocess_airflow.py
[2025-07-20T07:13:55.352+0000] {processor.py:830} INFO - Processing file /opt/airflow/dags/preprocess_airflow.py for tasks to queue
[2025-07-20T07:13:55.353+0000] {logging_mixin.py:188} INFO - [2025-07-20T07:13:55.353+0000] {dagbag.py:538} INFO - Filling up the DagBag from /opt/airflow/dags/preprocess_airflow.py
[2025-07-20T07:13:55.363+0000] {processor.py:840} INFO - DAG(s) 'run_preprocess_scriptttttttttttttttttttttttttt' retrieved from /opt/airflow/dags/preprocess_airflow.py
[2025-07-20T07:13:55.386+0000] {logging_mixin.py:188} INFO - [2025-07-20T07:13:55.386+0000] {dag.py:3036} INFO - Sync 1 DAGs
[2025-07-20T07:13:55.399+0000] {logging_mixin.py:188} INFO - [2025-07-20T07:13:55.398+0000] {dag.py:3823} INFO - Setting next_dagrun for run_preprocess_scriptttttttttttttttttttttttttt to None, run_after=None
[2025-07-20T07:13:55.418+0000] {processor.py:183} INFO - Processing /opt/airflow/dags/preprocess_airflow.py took 0.070 seconds
[2025-07-20T07:14:26.233+0000] {processor.py:161} INFO - Started process (PID=3583) to work on /opt/airflow/dags/preprocess_airflow.py
[2025-07-20T07:14:26.235+0000] {processor.py:830} INFO - Processing file /opt/airflow/dags/preprocess_airflow.py for tasks to queue
[2025-07-20T07:14:26.236+0000] {logging_mixin.py:188} INFO - [2025-07-20T07:14:26.235+0000] {dagbag.py:538} INFO - Filling up the DagBag from /opt/airflow/dags/preprocess_airflow.py
[2025-07-20T07:14:26.246+0000] {processor.py:840} INFO - DAG(s) 'run_preprocess_scriptttttttttttttttttttttttttt' retrieved from /opt/airflow/dags/preprocess_airflow.py
[2025-07-20T07:14:26.272+0000] {logging_mixin.py:188} INFO - [2025-07-20T07:14:26.272+0000] {dag.py:3036} INFO - Sync 1 DAGs
[2025-07-20T07:14:26.285+0000] {logging_mixin.py:188} INFO - [2025-07-20T07:14:26.285+0000] {dag.py:3823} INFO - Setting next_dagrun for run_preprocess_scriptttttttttttttttttttttttttt to None, run_after=None
[2025-07-20T07:14:26.333+0000] {processor.py:183} INFO - Processing /opt/airflow/dags/preprocess_airflow.py took 0.104 seconds
[2025-07-20T07:14:58.747+0000] {processor.py:161} INFO - Started process (PID=4127) to work on /opt/airflow/dags/preprocess_airflow.py
[2025-07-20T07:14:58.753+0000] {processor.py:830} INFO - Processing file /opt/airflow/dags/preprocess_airflow.py for tasks to queue
[2025-07-20T07:14:58.756+0000] {logging_mixin.py:188} INFO - [2025-07-20T07:14:58.755+0000] {dagbag.py:538} INFO - Filling up the DagBag from /opt/airflow/dags/preprocess_airflow.py
[2025-07-20T07:14:58.778+0000] {processor.py:840} INFO - DAG(s) 'run_preprocess_scriptttttttttttttttttttttttttt' retrieved from /opt/airflow/dags/preprocess_airflow.py
[2025-07-20T07:14:58.856+0000] {logging_mixin.py:188} INFO - [2025-07-20T07:14:58.855+0000] {dag.py:3036} INFO - Sync 1 DAGs
[2025-07-20T07:14:58.904+0000] {logging_mixin.py:188} INFO - [2025-07-20T07:14:58.903+0000] {dag.py:3823} INFO - Setting next_dagrun for run_preprocess_scriptttttttttttttttttttttttttt to None, run_after=None
[2025-07-20T07:14:58.947+0000] {processor.py:183} INFO - Processing /opt/airflow/dags/preprocess_airflow.py took 0.206 seconds
[2025-07-20T07:16:27.130+0000] {processor.py:161} INFO - Started process (PID=5661) to work on /opt/airflow/dags/preprocess_airflow.py
[2025-07-20T07:16:27.131+0000] {processor.py:830} INFO - Processing file /opt/airflow/dags/preprocess_airflow.py for tasks to queue
[2025-07-20T07:16:27.134+0000] {logging_mixin.py:188} INFO - [2025-07-20T07:16:27.133+0000] {dagbag.py:538} INFO - Filling up the DagBag from /opt/airflow/dags/preprocess_airflow.py
[2025-07-20T07:16:27.190+0000] {processor.py:840} INFO - DAG(s) 'run_preprocess_scriptttttttttttttttttttttttttt' retrieved from /opt/airflow/dags/preprocess_airflow.py
[2025-07-20T07:16:27.377+0000] {logging_mixin.py:188} INFO - [2025-07-20T07:16:27.376+0000] {dag.py:3036} INFO - Sync 1 DAGs
[2025-07-20T07:16:27.604+0000] {logging_mixin.py:188} INFO - [2025-07-20T07:16:27.603+0000] {dag.py:3823} INFO - Setting next_dagrun for run_preprocess_scriptttttttttttttttttttttttttt to None, run_after=None
[2025-07-20T07:16:28.088+0000] {processor.py:183} INFO - Processing /opt/airflow/dags/preprocess_airflow.py took 0.964 seconds
[2025-07-20T07:16:58.907+0000] {processor.py:161} INFO - Started process (PID=5962) to work on /opt/airflow/dags/preprocess_airflow.py
[2025-07-20T07:16:58.910+0000] {processor.py:830} INFO - Processing file /opt/airflow/dags/preprocess_airflow.py for tasks to queue
[2025-07-20T07:16:58.931+0000] {logging_mixin.py:188} INFO - [2025-07-20T07:16:58.930+0000] {dagbag.py:538} INFO - Filling up the DagBag from /opt/airflow/dags/preprocess_airflow.py
[2025-07-20T07:16:58.948+0000] {processor.py:840} INFO - DAG(s) 'run_preprocess_scriptttttttttttttttttttttttttt' retrieved from /opt/airflow/dags/preprocess_airflow.py
[2025-07-20T07:16:59.041+0000] {logging_mixin.py:188} INFO - [2025-07-20T07:16:59.040+0000] {dag.py:3036} INFO - Sync 1 DAGs
[2025-07-20T07:16:59.063+0000] {logging_mixin.py:188} INFO - [2025-07-20T07:16:59.062+0000] {dag.py:3823} INFO - Setting next_dagrun for run_preprocess_scriptttttttttttttttttttttttttt to None, run_after=None
[2025-07-20T07:16:59.150+0000] {processor.py:183} INFO - Processing /opt/airflow/dags/preprocess_airflow.py took 0.249 seconds
[2025-07-20T07:17:29.838+0000] {processor.py:161} INFO - Started process (PID=6014) to work on /opt/airflow/dags/preprocess_airflow.py
[2025-07-20T07:17:29.840+0000] {processor.py:830} INFO - Processing file /opt/airflow/dags/preprocess_airflow.py for tasks to queue
[2025-07-20T07:17:29.842+0000] {logging_mixin.py:188} INFO - [2025-07-20T07:17:29.842+0000] {dagbag.py:538} INFO - Filling up the DagBag from /opt/airflow/dags/preprocess_airflow.py
[2025-07-20T07:17:29.867+0000] {processor.py:840} INFO - DAG(s) 'run_preprocess_scriptttttttttttttttttttttttttt' retrieved from /opt/airflow/dags/preprocess_airflow.py
[2025-07-20T07:17:29.940+0000] {logging_mixin.py:188} INFO - [2025-07-20T07:17:29.939+0000] {dag.py:3036} INFO - Sync 1 DAGs
[2025-07-20T07:17:30.002+0000] {logging_mixin.py:188} INFO - [2025-07-20T07:17:30.001+0000] {dag.py:3823} INFO - Setting next_dagrun for run_preprocess_scriptttttttttttttttttttttttttt to None, run_after=None
[2025-07-20T07:17:30.067+0000] {processor.py:183} INFO - Processing /opt/airflow/dags/preprocess_airflow.py took 0.234 seconds
[2025-07-20T07:18:05.125+0000] {processor.py:161} INFO - Started process (PID=6048) to work on /opt/airflow/dags/preprocess_airflow.py
[2025-07-20T07:18:05.127+0000] {processor.py:830} INFO - Processing file /opt/airflow/dags/preprocess_airflow.py for tasks to queue
[2025-07-20T07:18:05.132+0000] {logging_mixin.py:188} INFO - [2025-07-20T07:18:05.131+0000] {dagbag.py:538} INFO - Filling up the DagBag from /opt/airflow/dags/preprocess_airflow.py
[2025-07-20T07:18:05.181+0000] {processor.py:840} INFO - DAG(s) 'run_preprocess_scriptttttttttttttttttttttttttt' retrieved from /opt/airflow/dags/preprocess_airflow.py
[2025-07-20T07:18:05.261+0000] {logging_mixin.py:188} INFO - [2025-07-20T07:18:05.260+0000] {dag.py:3036} INFO - Sync 1 DAGs
[2025-07-20T07:18:05.413+0000] {logging_mixin.py:188} INFO - [2025-07-20T07:18:05.413+0000] {dag.py:3823} INFO - Setting next_dagrun for run_preprocess_scriptttttttttttttttttttttttttt to None, run_after=None
[2025-07-20T07:18:05.673+0000] {processor.py:183} INFO - Processing /opt/airflow/dags/preprocess_airflow.py took 0.566 seconds
[2025-07-20T07:18:36.665+0000] {processor.py:161} INFO - Started process (PID=6104) to work on /opt/airflow/dags/preprocess_airflow.py
[2025-07-20T07:18:36.686+0000] {processor.py:830} INFO - Processing file /opt/airflow/dags/preprocess_airflow.py for tasks to queue
[2025-07-20T07:18:36.689+0000] {logging_mixin.py:188} INFO - [2025-07-20T07:18:36.689+0000] {dagbag.py:538} INFO - Filling up the DagBag from /opt/airflow/dags/preprocess_airflow.py
[2025-07-20T07:18:36.730+0000] {processor.py:840} INFO - DAG(s) 'run_preprocess_scriptttttttttttttttttttttttttt' retrieved from /opt/airflow/dags/preprocess_airflow.py
[2025-07-20T07:18:36.840+0000] {logging_mixin.py:188} INFO - [2025-07-20T07:18:36.840+0000] {dag.py:3036} INFO - Sync 1 DAGs
[2025-07-20T07:18:36.911+0000] {logging_mixin.py:188} INFO - [2025-07-20T07:18:36.910+0000] {dag.py:3823} INFO - Setting next_dagrun for run_preprocess_scriptttttttttttttttttttttttttt to None, run_after=None
[2025-07-20T07:18:37.035+0000] {processor.py:183} INFO - Processing /opt/airflow/dags/preprocess_airflow.py took 0.378 seconds
[2025-07-20T07:19:07.333+0000] {processor.py:161} INFO - Started process (PID=6142) to work on /opt/airflow/dags/preprocess_airflow.py
[2025-07-20T07:19:07.335+0000] {processor.py:830} INFO - Processing file /opt/airflow/dags/preprocess_airflow.py for tasks to queue
[2025-07-20T07:19:07.350+0000] {logging_mixin.py:188} INFO - [2025-07-20T07:19:07.349+0000] {dagbag.py:538} INFO - Filling up the DagBag from /opt/airflow/dags/preprocess_airflow.py
[2025-07-20T07:19:07.369+0000] {processor.py:840} INFO - DAG(s) 'run_preprocess_scriptttttttttttttttttttttttttt' retrieved from /opt/airflow/dags/preprocess_airflow.py
[2025-07-20T07:19:07.480+0000] {logging_mixin.py:188} INFO - [2025-07-20T07:19:07.479+0000] {dag.py:3036} INFO - Sync 1 DAGs
[2025-07-20T07:19:07.537+0000] {logging_mixin.py:188} INFO - [2025-07-20T07:19:07.536+0000] {dag.py:3823} INFO - Setting next_dagrun for run_preprocess_scriptttttttttttttttttttttttttt to None, run_after=None
[2025-07-20T07:19:07.609+0000] {processor.py:183} INFO - Processing /opt/airflow/dags/preprocess_airflow.py took 0.281 seconds
[2025-07-20T07:19:37.955+0000] {processor.py:161} INFO - Started process (PID=6175) to work on /opt/airflow/dags/preprocess_airflow.py
[2025-07-20T07:19:37.966+0000] {processor.py:830} INFO - Processing file /opt/airflow/dags/preprocess_airflow.py for tasks to queue
[2025-07-20T07:19:37.969+0000] {logging_mixin.py:188} INFO - [2025-07-20T07:19:37.968+0000] {dagbag.py:538} INFO - Filling up the DagBag from /opt/airflow/dags/preprocess_airflow.py
[2025-07-20T07:19:37.995+0000] {processor.py:840} INFO - DAG(s) 'run_preprocess_scriptttttttttttttttttttttttttt' retrieved from /opt/airflow/dags/preprocess_airflow.py
[2025-07-20T07:19:38.079+0000] {logging_mixin.py:188} INFO - [2025-07-20T07:19:38.078+0000] {dag.py:3036} INFO - Sync 1 DAGs
[2025-07-20T07:19:38.140+0000] {logging_mixin.py:188} INFO - [2025-07-20T07:19:38.140+0000] {dag.py:3823} INFO - Setting next_dagrun for run_preprocess_scriptttttttttttttttttttttttttt to None, run_after=None
[2025-07-20T07:19:38.218+0000] {processor.py:183} INFO - Processing /opt/airflow/dags/preprocess_airflow.py took 0.270 seconds
[2025-07-20T07:20:09.194+0000] {processor.py:161} INFO - Started process (PID=6210) to work on /opt/airflow/dags/preprocess_airflow.py
[2025-07-20T07:20:09.212+0000] {processor.py:830} INFO - Processing file /opt/airflow/dags/preprocess_airflow.py for tasks to queue
[2025-07-20T07:20:09.216+0000] {logging_mixin.py:188} INFO - [2025-07-20T07:20:09.215+0000] {dagbag.py:538} INFO - Filling up the DagBag from /opt/airflow/dags/preprocess_airflow.py
[2025-07-20T07:20:09.246+0000] {processor.py:840} INFO - DAG(s) 'run_preprocess_scriptttttttttttttttttttttttttt' retrieved from /opt/airflow/dags/preprocess_airflow.py
[2025-07-20T07:20:09.329+0000] {logging_mixin.py:188} INFO - [2025-07-20T07:20:09.329+0000] {dag.py:3036} INFO - Sync 1 DAGs
[2025-07-20T07:20:09.387+0000] {logging_mixin.py:188} INFO - [2025-07-20T07:20:09.386+0000] {dag.py:3823} INFO - Setting next_dagrun for run_preprocess_scriptttttttttttttttttttttttttt to None, run_after=None
[2025-07-20T07:20:09.463+0000] {processor.py:183} INFO - Processing /opt/airflow/dags/preprocess_airflow.py took 0.276 seconds
[2025-07-20T07:20:40.462+0000] {processor.py:161} INFO - Started process (PID=6265) to work on /opt/airflow/dags/preprocess_airflow.py
[2025-07-20T07:20:40.470+0000] {processor.py:830} INFO - Processing file /opt/airflow/dags/preprocess_airflow.py for tasks to queue
[2025-07-20T07:20:40.473+0000] {logging_mixin.py:188} INFO - [2025-07-20T07:20:40.472+0000] {dagbag.py:538} INFO - Filling up the DagBag from /opt/airflow/dags/preprocess_airflow.py
[2025-07-20T07:20:40.500+0000] {processor.py:840} INFO - DAG(s) 'run_preprocess_scriptttttttttttttttttttttttttt' retrieved from /opt/airflow/dags/preprocess_airflow.py
[2025-07-20T07:20:40.587+0000] {logging_mixin.py:188} INFO - [2025-07-20T07:20:40.581+0000] {dag.py:3036} INFO - Sync 1 DAGs
[2025-07-20T07:20:40.617+0000] {logging_mixin.py:188} INFO - [2025-07-20T07:20:40.616+0000] {dag.py:3823} INFO - Setting next_dagrun for run_preprocess_scriptttttttttttttttttttttttttt to None, run_after=None
[2025-07-20T07:20:40.723+0000] {processor.py:183} INFO - Processing /opt/airflow/dags/preprocess_airflow.py took 0.268 seconds
[2025-07-20T07:21:11.420+0000] {processor.py:161} INFO - Started process (PID=6300) to work on /opt/airflow/dags/preprocess_airflow.py
[2025-07-20T07:21:11.422+0000] {processor.py:830} INFO - Processing file /opt/airflow/dags/preprocess_airflow.py for tasks to queue
[2025-07-20T07:21:11.442+0000] {logging_mixin.py:188} INFO - [2025-07-20T07:21:11.441+0000] {dagbag.py:538} INFO - Filling up the DagBag from /opt/airflow/dags/preprocess_airflow.py
[2025-07-20T07:21:11.461+0000] {processor.py:840} INFO - DAG(s) 'run_preprocess_scriptttttttttttttttttttttttttt' retrieved from /opt/airflow/dags/preprocess_airflow.py
[2025-07-20T07:21:11.642+0000] {logging_mixin.py:188} INFO - [2025-07-20T07:21:11.642+0000] {dag.py:3036} INFO - Sync 1 DAGs
[2025-07-20T07:21:11.716+0000] {logging_mixin.py:188} INFO - [2025-07-20T07:21:11.715+0000] {dag.py:3823} INFO - Setting next_dagrun for run_preprocess_scriptttttttttttttttttttttttttt to None, run_after=None
[2025-07-20T07:21:11.860+0000] {processor.py:183} INFO - Processing /opt/airflow/dags/preprocess_airflow.py took 0.447 seconds
[2025-07-20T07:21:42.419+0000] {processor.py:161} INFO - Started process (PID=6350) to work on /opt/airflow/dags/preprocess_airflow.py
[2025-07-20T07:21:42.439+0000] {processor.py:830} INFO - Processing file /opt/airflow/dags/preprocess_airflow.py for tasks to queue
[2025-07-20T07:21:42.444+0000] {logging_mixin.py:188} INFO - [2025-07-20T07:21:42.443+0000] {dagbag.py:538} INFO - Filling up the DagBag from /opt/airflow/dags/preprocess_airflow.py
[2025-07-20T07:21:42.479+0000] {processor.py:840} INFO - DAG(s) 'run_preprocess_scriptttttttttttttttttttttttttt' retrieved from /opt/airflow/dags/preprocess_airflow.py
[2025-07-20T07:21:42.600+0000] {logging_mixin.py:188} INFO - [2025-07-20T07:21:42.599+0000] {dag.py:3036} INFO - Sync 1 DAGs
[2025-07-20T07:21:42.648+0000] {logging_mixin.py:188} INFO - [2025-07-20T07:21:42.647+0000] {dag.py:3823} INFO - Setting next_dagrun for run_preprocess_scriptttttttttttttttttttttttttt to None, run_after=None
[2025-07-20T07:21:42.812+0000] {processor.py:183} INFO - Processing /opt/airflow/dags/preprocess_airflow.py took 0.402 seconds
[2025-07-20T07:22:13.279+0000] {processor.py:161} INFO - Started process (PID=6388) to work on /opt/airflow/dags/preprocess_airflow.py
[2025-07-20T07:22:13.280+0000] {processor.py:830} INFO - Processing file /opt/airflow/dags/preprocess_airflow.py for tasks to queue
[2025-07-20T07:22:13.281+0000] {logging_mixin.py:188} INFO - [2025-07-20T07:22:13.281+0000] {dagbag.py:538} INFO - Filling up the DagBag from /opt/airflow/dags/preprocess_airflow.py
[2025-07-20T07:22:13.294+0000] {processor.py:840} INFO - DAG(s) 'run_preprocess_scriptttttttttttttttttttttttttt' retrieved from /opt/airflow/dags/preprocess_airflow.py
[2025-07-20T07:22:13.318+0000] {logging_mixin.py:188} INFO - [2025-07-20T07:22:13.317+0000] {dag.py:3036} INFO - Sync 1 DAGs
[2025-07-20T07:22:13.330+0000] {logging_mixin.py:188} INFO - [2025-07-20T07:22:13.329+0000] {dag.py:3823} INFO - Setting next_dagrun for run_preprocess_scriptttttttttttttttttttttttttt to None, run_after=None
[2025-07-20T07:22:13.348+0000] {processor.py:183} INFO - Processing /opt/airflow/dags/preprocess_airflow.py took 0.073 seconds
[2025-07-20T07:22:46.238+0000] {processor.py:161} INFO - Started process (PID=6837) to work on /opt/airflow/dags/preprocess_airflow.py
[2025-07-20T07:22:46.281+0000] {processor.py:830} INFO - Processing file /opt/airflow/dags/preprocess_airflow.py for tasks to queue
[2025-07-20T07:22:46.284+0000] {logging_mixin.py:188} INFO - [2025-07-20T07:22:46.283+0000] {dagbag.py:538} INFO - Filling up the DagBag from /opt/airflow/dags/preprocess_airflow.py
[2025-07-20T07:22:46.319+0000] {processor.py:840} INFO - DAG(s) 'run_preprocess_scriptttttttttttttttttttttttttt' retrieved from /opt/airflow/dags/preprocess_airflow.py
[2025-07-20T07:22:46.394+0000] {logging_mixin.py:188} INFO - [2025-07-20T07:22:46.394+0000] {dag.py:3036} INFO - Sync 1 DAGs
[2025-07-20T07:22:46.408+0000] {logging_mixin.py:188} INFO - [2025-07-20T07:22:46.407+0000] {dag.py:3823} INFO - Setting next_dagrun for run_preprocess_scriptttttttttttttttttttttttttt to None, run_after=None
[2025-07-20T07:22:46.432+0000] {processor.py:183} INFO - Processing /opt/airflow/dags/preprocess_airflow.py took 0.270 seconds
[2025-07-20T07:23:16.488+0000] {processor.py:161} INFO - Started process (PID=6870) to work on /opt/airflow/dags/preprocess_airflow.py
[2025-07-20T07:23:16.489+0000] {processor.py:830} INFO - Processing file /opt/airflow/dags/preprocess_airflow.py for tasks to queue
[2025-07-20T07:23:16.490+0000] {logging_mixin.py:188} INFO - [2025-07-20T07:23:16.490+0000] {dagbag.py:538} INFO - Filling up the DagBag from /opt/airflow/dags/preprocess_airflow.py
[2025-07-20T07:23:16.501+0000] {processor.py:840} INFO - DAG(s) 'run_preprocess_scriptttttttttttttttttttttttttt' retrieved from /opt/airflow/dags/preprocess_airflow.py
[2025-07-20T07:23:16.531+0000] {logging_mixin.py:188} INFO - [2025-07-20T07:23:16.531+0000] {dag.py:3036} INFO - Sync 1 DAGs
[2025-07-20T07:23:16.545+0000] {logging_mixin.py:188} INFO - [2025-07-20T07:23:16.544+0000] {dag.py:3823} INFO - Setting next_dagrun for run_preprocess_scriptttttttttttttttttttttttttt to None, run_after=None
[2025-07-20T07:23:16.565+0000] {processor.py:183} INFO - Processing /opt/airflow/dags/preprocess_airflow.py took 0.081 seconds
[2025-07-20T07:23:46.696+0000] {processor.py:161} INFO - Started process (PID=6905) to work on /opt/airflow/dags/preprocess_airflow.py
[2025-07-20T07:23:46.697+0000] {processor.py:830} INFO - Processing file /opt/airflow/dags/preprocess_airflow.py for tasks to queue
[2025-07-20T07:23:46.698+0000] {logging_mixin.py:188} INFO - [2025-07-20T07:23:46.698+0000] {dagbag.py:538} INFO - Filling up the DagBag from /opt/airflow/dags/preprocess_airflow.py
[2025-07-20T07:23:46.709+0000] {processor.py:840} INFO - DAG(s) 'run_preprocess_scriptttttttttttttttttttttttttt' retrieved from /opt/airflow/dags/preprocess_airflow.py
[2025-07-20T07:23:46.733+0000] {logging_mixin.py:188} INFO - [2025-07-20T07:23:46.733+0000] {dag.py:3036} INFO - Sync 1 DAGs
[2025-07-20T07:23:46.746+0000] {logging_mixin.py:188} INFO - [2025-07-20T07:23:46.746+0000] {dag.py:3823} INFO - Setting next_dagrun for run_preprocess_scriptttttttttttttttttttttttttt to None, run_after=None
[2025-07-20T07:23:46.769+0000] {processor.py:183} INFO - Processing /opt/airflow/dags/preprocess_airflow.py took 0.077 seconds
[2025-07-20T07:24:17.818+0000] {processor.py:161} INFO - Started process (PID=6940) to work on /opt/airflow/dags/preprocess_airflow.py
[2025-07-20T07:24:17.819+0000] {processor.py:830} INFO - Processing file /opt/airflow/dags/preprocess_airflow.py for tasks to queue
[2025-07-20T07:24:17.821+0000] {logging_mixin.py:188} INFO - [2025-07-20T07:24:17.820+0000] {dagbag.py:538} INFO - Filling up the DagBag from /opt/airflow/dags/preprocess_airflow.py
[2025-07-20T07:24:17.835+0000] {processor.py:840} INFO - DAG(s) 'run_preprocess_scriptttttttttttttttttttttttttt' retrieved from /opt/airflow/dags/preprocess_airflow.py
[2025-07-20T07:24:17.866+0000] {logging_mixin.py:188} INFO - [2025-07-20T07:24:17.866+0000] {dag.py:3036} INFO - Sync 1 DAGs
[2025-07-20T07:24:17.878+0000] {logging_mixin.py:188} INFO - [2025-07-20T07:24:17.877+0000] {dag.py:3823} INFO - Setting next_dagrun for run_preprocess_scriptttttttttttttttttttttttttt to None, run_after=None
[2025-07-20T07:24:17.897+0000] {processor.py:183} INFO - Processing /opt/airflow/dags/preprocess_airflow.py took 0.082 seconds
[2025-07-20T07:24:48.163+0000] {processor.py:161} INFO - Started process (PID=6975) to work on /opt/airflow/dags/preprocess_airflow.py
[2025-07-20T07:24:48.165+0000] {processor.py:830} INFO - Processing file /opt/airflow/dags/preprocess_airflow.py for tasks to queue
[2025-07-20T07:24:48.171+0000] {logging_mixin.py:188} INFO - [2025-07-20T07:24:48.171+0000] {dagbag.py:538} INFO - Filling up the DagBag from /opt/airflow/dags/preprocess_airflow.py
[2025-07-20T07:24:48.192+0000] {processor.py:840} INFO - DAG(s) 'run_preprocess_scriptttttttttttttttttttttttttt' retrieved from /opt/airflow/dags/preprocess_airflow.py
[2025-07-20T07:24:48.240+0000] {logging_mixin.py:188} INFO - [2025-07-20T07:24:48.240+0000] {dag.py:3036} INFO - Sync 1 DAGs
[2025-07-20T07:24:48.263+0000] {logging_mixin.py:188} INFO - [2025-07-20T07:24:48.262+0000] {dag.py:3823} INFO - Setting next_dagrun for run_preprocess_scriptttttttttttttttttttttttttt to None, run_after=None
[2025-07-20T07:24:48.303+0000] {processor.py:183} INFO - Processing /opt/airflow/dags/preprocess_airflow.py took 0.145 seconds
[2025-07-20T07:25:19.036+0000] {processor.py:161} INFO - Started process (PID=7012) to work on /opt/airflow/dags/preprocess_airflow.py
[2025-07-20T07:25:19.037+0000] {processor.py:830} INFO - Processing file /opt/airflow/dags/preprocess_airflow.py for tasks to queue
[2025-07-20T07:25:19.038+0000] {logging_mixin.py:188} INFO - [2025-07-20T07:25:19.038+0000] {dagbag.py:538} INFO - Filling up the DagBag from /opt/airflow/dags/preprocess_airflow.py
[2025-07-20T07:25:19.048+0000] {processor.py:840} INFO - DAG(s) 'run_preprocess_scriptttttttttttttttttttttttttt' retrieved from /opt/airflow/dags/preprocess_airflow.py
[2025-07-20T07:25:19.073+0000] {logging_mixin.py:188} INFO - [2025-07-20T07:25:19.073+0000] {dag.py:3036} INFO - Sync 1 DAGs
[2025-07-20T07:25:19.085+0000] {logging_mixin.py:188} INFO - [2025-07-20T07:25:19.085+0000] {dag.py:3823} INFO - Setting next_dagrun for run_preprocess_scriptttttttttttttttttttttttttt to None, run_after=None
[2025-07-20T07:25:19.106+0000] {processor.py:183} INFO - Processing /opt/airflow/dags/preprocess_airflow.py took 0.073 seconds
[2025-07-20T07:25:50.050+0000] {processor.py:161} INFO - Started process (PID=7045) to work on /opt/airflow/dags/preprocess_airflow.py
[2025-07-20T07:25:50.051+0000] {processor.py:830} INFO - Processing file /opt/airflow/dags/preprocess_airflow.py for tasks to queue
[2025-07-20T07:25:50.053+0000] {logging_mixin.py:188} INFO - [2025-07-20T07:25:50.052+0000] {dagbag.py:538} INFO - Filling up the DagBag from /opt/airflow/dags/preprocess_airflow.py
[2025-07-20T07:25:50.065+0000] {processor.py:840} INFO - DAG(s) 'run_preprocess_scriptttttttttttttttttttttttttt' retrieved from /opt/airflow/dags/preprocess_airflow.py
[2025-07-20T07:25:50.089+0000] {logging_mixin.py:188} INFO - [2025-07-20T07:25:50.089+0000] {dag.py:3036} INFO - Sync 1 DAGs
[2025-07-20T07:25:50.102+0000] {logging_mixin.py:188} INFO - [2025-07-20T07:25:50.102+0000] {dag.py:3823} INFO - Setting next_dagrun for run_preprocess_scriptttttttttttttttttttttttttt to None, run_after=None
[2025-07-20T07:25:50.126+0000] {processor.py:183} INFO - Processing /opt/airflow/dags/preprocess_airflow.py took 0.079 seconds
[2025-07-20T07:26:20.435+0000] {processor.py:161} INFO - Started process (PID=7080) to work on /opt/airflow/dags/preprocess_airflow.py
[2025-07-20T07:26:20.436+0000] {processor.py:830} INFO - Processing file /opt/airflow/dags/preprocess_airflow.py for tasks to queue
[2025-07-20T07:26:20.437+0000] {logging_mixin.py:188} INFO - [2025-07-20T07:26:20.437+0000] {dagbag.py:538} INFO - Filling up the DagBag from /opt/airflow/dags/preprocess_airflow.py
[2025-07-20T07:26:20.453+0000] {processor.py:840} INFO - DAG(s) 'run_preprocess_scriptttttttttttttttttttttttttt' retrieved from /opt/airflow/dags/preprocess_airflow.py
[2025-07-20T07:26:20.486+0000] {logging_mixin.py:188} INFO - [2025-07-20T07:26:20.486+0000] {dag.py:3036} INFO - Sync 1 DAGs
[2025-07-20T07:26:20.508+0000] {logging_mixin.py:188} INFO - [2025-07-20T07:26:20.508+0000] {dag.py:3823} INFO - Setting next_dagrun for run_preprocess_scriptttttttttttttttttttttttttt to None, run_after=None
[2025-07-20T07:26:20.535+0000] {processor.py:183} INFO - Processing /opt/airflow/dags/preprocess_airflow.py took 0.103 seconds
[2025-07-20T07:26:50.649+0000] {processor.py:161} INFO - Started process (PID=7117) to work on /opt/airflow/dags/preprocess_airflow.py
[2025-07-20T07:26:50.650+0000] {processor.py:830} INFO - Processing file /opt/airflow/dags/preprocess_airflow.py for tasks to queue
[2025-07-20T07:26:50.651+0000] {logging_mixin.py:188} INFO - [2025-07-20T07:26:50.651+0000] {dagbag.py:538} INFO - Filling up the DagBag from /opt/airflow/dags/preprocess_airflow.py
[2025-07-20T07:26:50.661+0000] {processor.py:840} INFO - DAG(s) 'run_preprocess_scriptttttttttttttttttttttttttt' retrieved from /opt/airflow/dags/preprocess_airflow.py
[2025-07-20T07:26:50.684+0000] {logging_mixin.py:188} INFO - [2025-07-20T07:26:50.684+0000] {dag.py:3036} INFO - Sync 1 DAGs
[2025-07-20T07:26:50.695+0000] {logging_mixin.py:188} INFO - [2025-07-20T07:26:50.695+0000] {dag.py:3823} INFO - Setting next_dagrun for run_preprocess_scriptttttttttttttttttttttttttt to None, run_after=None
[2025-07-20T07:26:50.712+0000] {processor.py:183} INFO - Processing /opt/airflow/dags/preprocess_airflow.py took 0.067 seconds
[2025-07-20T07:27:20.754+0000] {processor.py:161} INFO - Started process (PID=7150) to work on /opt/airflow/dags/preprocess_airflow.py
[2025-07-20T07:27:20.755+0000] {processor.py:830} INFO - Processing file /opt/airflow/dags/preprocess_airflow.py for tasks to queue
[2025-07-20T07:27:20.756+0000] {logging_mixin.py:188} INFO - [2025-07-20T07:27:20.756+0000] {dagbag.py:538} INFO - Filling up the DagBag from /opt/airflow/dags/preprocess_airflow.py
[2025-07-20T07:27:20.766+0000] {processor.py:840} INFO - DAG(s) 'run_preprocess_scriptttttttttttttttttttttttttt' retrieved from /opt/airflow/dags/preprocess_airflow.py
[2025-07-20T07:27:20.789+0000] {logging_mixin.py:188} INFO - [2025-07-20T07:27:20.789+0000] {dag.py:3036} INFO - Sync 1 DAGs
[2025-07-20T07:27:20.800+0000] {logging_mixin.py:188} INFO - [2025-07-20T07:27:20.800+0000] {dag.py:3823} INFO - Setting next_dagrun for run_preprocess_scriptttttttttttttttttttttttttt to None, run_after=None
[2025-07-20T07:27:20.819+0000] {processor.py:183} INFO - Processing /opt/airflow/dags/preprocess_airflow.py took 0.068 seconds
[2025-07-20T07:27:51.795+0000] {processor.py:161} INFO - Started process (PID=7185) to work on /opt/airflow/dags/preprocess_airflow.py
[2025-07-20T07:27:51.796+0000] {processor.py:830} INFO - Processing file /opt/airflow/dags/preprocess_airflow.py for tasks to queue
[2025-07-20T07:27:51.798+0000] {logging_mixin.py:188} INFO - [2025-07-20T07:27:51.797+0000] {dagbag.py:538} INFO - Filling up the DagBag from /opt/airflow/dags/preprocess_airflow.py
[2025-07-20T07:27:51.809+0000] {processor.py:840} INFO - DAG(s) 'run_preprocess_scriptttttttttttttttttttttttttt' retrieved from /opt/airflow/dags/preprocess_airflow.py
[2025-07-20T07:27:51.836+0000] {logging_mixin.py:188} INFO - [2025-07-20T07:27:51.836+0000] {dag.py:3036} INFO - Sync 1 DAGs
[2025-07-20T07:27:51.850+0000] {logging_mixin.py:188} INFO - [2025-07-20T07:27:51.849+0000] {dag.py:3823} INFO - Setting next_dagrun for run_preprocess_scriptttttttttttttttttttttttttt to None, run_after=None
[2025-07-20T07:27:51.866+0000] {processor.py:183} INFO - Processing /opt/airflow/dags/preprocess_airflow.py took 0.075 seconds
[2025-07-20T07:28:22.034+0000] {processor.py:161} INFO - Started process (PID=7266) to work on /opt/airflow/dags/preprocess_airflow.py
[2025-07-20T07:28:22.035+0000] {processor.py:830} INFO - Processing file /opt/airflow/dags/preprocess_airflow.py for tasks to queue
[2025-07-20T07:28:22.037+0000] {logging_mixin.py:188} INFO - [2025-07-20T07:28:22.037+0000] {dagbag.py:538} INFO - Filling up the DagBag from /opt/airflow/dags/preprocess_airflow.py
[2025-07-20T07:28:22.057+0000] {processor.py:840} INFO - DAG(s) 'run_preprocess_scriptttttttttttttttttttttttttt' retrieved from /opt/airflow/dags/preprocess_airflow.py
[2025-07-20T07:28:22.104+0000] {logging_mixin.py:188} INFO - [2025-07-20T07:28:22.104+0000] {dag.py:3036} INFO - Sync 1 DAGs
[2025-07-20T07:28:22.128+0000] {logging_mixin.py:188} INFO - [2025-07-20T07:28:22.128+0000] {dag.py:3823} INFO - Setting next_dagrun for run_preprocess_scriptttttttttttttttttttttttttt to None, run_after=None
[2025-07-20T07:28:22.161+0000] {processor.py:183} INFO - Processing /opt/airflow/dags/preprocess_airflow.py took 0.131 seconds
[2025-07-20T07:28:52.283+0000] {processor.py:161} INFO - Started process (PID=7306) to work on /opt/airflow/dags/preprocess_airflow.py
[2025-07-20T07:28:52.284+0000] {processor.py:830} INFO - Processing file /opt/airflow/dags/preprocess_airflow.py for tasks to queue
[2025-07-20T07:28:52.285+0000] {logging_mixin.py:188} INFO - [2025-07-20T07:28:52.285+0000] {dagbag.py:538} INFO - Filling up the DagBag from /opt/airflow/dags/preprocess_airflow.py
[2025-07-20T07:28:52.298+0000] {processor.py:840} INFO - DAG(s) 'run_preprocess_scriptttttttttttttttttttttttttt' retrieved from /opt/airflow/dags/preprocess_airflow.py
[2025-07-20T07:28:52.327+0000] {logging_mixin.py:188} INFO - [2025-07-20T07:28:52.326+0000] {dag.py:3036} INFO - Sync 1 DAGs
[2025-07-20T07:28:52.338+0000] {logging_mixin.py:188} INFO - [2025-07-20T07:28:52.338+0000] {dag.py:3823} INFO - Setting next_dagrun for run_preprocess_scriptttttttttttttttttttttttttt to None, run_after=None
[2025-07-20T07:28:52.358+0000] {processor.py:183} INFO - Processing /opt/airflow/dags/preprocess_airflow.py took 0.079 seconds
[2025-07-20T07:29:23.153+0000] {processor.py:161} INFO - Started process (PID=7339) to work on /opt/airflow/dags/preprocess_airflow.py
[2025-07-20T07:29:23.154+0000] {processor.py:830} INFO - Processing file /opt/airflow/dags/preprocess_airflow.py for tasks to queue
[2025-07-20T07:29:23.155+0000] {logging_mixin.py:188} INFO - [2025-07-20T07:29:23.155+0000] {dagbag.py:538} INFO - Filling up the DagBag from /opt/airflow/dags/preprocess_airflow.py
[2025-07-20T07:29:23.166+0000] {processor.py:840} INFO - DAG(s) 'run_preprocess_scriptttttttttttttttttttttttttt' retrieved from /opt/airflow/dags/preprocess_airflow.py
[2025-07-20T07:29:23.192+0000] {logging_mixin.py:188} INFO - [2025-07-20T07:29:23.192+0000] {dag.py:3036} INFO - Sync 1 DAGs
[2025-07-20T07:29:23.204+0000] {logging_mixin.py:188} INFO - [2025-07-20T07:29:23.204+0000] {dag.py:3823} INFO - Setting next_dagrun for run_preprocess_scriptttttttttttttttttttttttttt to None, run_after=None
[2025-07-20T07:29:23.223+0000] {processor.py:183} INFO - Processing /opt/airflow/dags/preprocess_airflow.py took 0.074 seconds
[2025-07-20T07:29:53.996+0000] {processor.py:161} INFO - Started process (PID=7374) to work on /opt/airflow/dags/preprocess_airflow.py
[2025-07-20T07:29:53.997+0000] {processor.py:830} INFO - Processing file /opt/airflow/dags/preprocess_airflow.py for tasks to queue
[2025-07-20T07:29:53.998+0000] {logging_mixin.py:188} INFO - [2025-07-20T07:29:53.998+0000] {dagbag.py:538} INFO - Filling up the DagBag from /opt/airflow/dags/preprocess_airflow.py
[2025-07-20T07:29:54.009+0000] {processor.py:840} INFO - DAG(s) 'run_preprocess_scriptttttttttttttttttttttttttt' retrieved from /opt/airflow/dags/preprocess_airflow.py
[2025-07-20T07:29:54.032+0000] {logging_mixin.py:188} INFO - [2025-07-20T07:29:54.032+0000] {dag.py:3036} INFO - Sync 1 DAGs
[2025-07-20T07:29:54.043+0000] {logging_mixin.py:188} INFO - [2025-07-20T07:29:54.043+0000] {dag.py:3823} INFO - Setting next_dagrun for run_preprocess_scriptttttttttttttttttttttttttt to None, run_after=None
[2025-07-20T07:29:54.062+0000] {processor.py:183} INFO - Processing /opt/airflow/dags/preprocess_airflow.py took 0.069 seconds
[2025-07-20T07:30:24.962+0000] {processor.py:161} INFO - Started process (PID=7428) to work on /opt/airflow/dags/preprocess_airflow.py
[2025-07-20T07:30:24.963+0000] {processor.py:830} INFO - Processing file /opt/airflow/dags/preprocess_airflow.py for tasks to queue
[2025-07-20T07:30:24.964+0000] {logging_mixin.py:188} INFO - [2025-07-20T07:30:24.964+0000] {dagbag.py:538} INFO - Filling up the DagBag from /opt/airflow/dags/preprocess_airflow.py
[2025-07-20T07:30:24.977+0000] {processor.py:840} INFO - DAG(s) 'run_preprocess_scriptttttttttttttttttttttttttt' retrieved from /opt/airflow/dags/preprocess_airflow.py
[2025-07-20T07:30:25.006+0000] {logging_mixin.py:188} INFO - [2025-07-20T07:30:25.006+0000] {dag.py:3036} INFO - Sync 1 DAGs
[2025-07-20T07:30:25.019+0000] {logging_mixin.py:188} INFO - [2025-07-20T07:30:25.019+0000] {dag.py:3823} INFO - Setting next_dagrun for run_preprocess_scriptttttttttttttttttttttttttt to None, run_after=None
[2025-07-20T07:30:25.039+0000] {processor.py:183} INFO - Processing /opt/airflow/dags/preprocess_airflow.py took 0.080 seconds
[2025-07-20T07:30:56.053+0000] {processor.py:161} INFO - Started process (PID=7463) to work on /opt/airflow/dags/preprocess_airflow.py
[2025-07-20T07:30:56.054+0000] {processor.py:830} INFO - Processing file /opt/airflow/dags/preprocess_airflow.py for tasks to queue
[2025-07-20T07:30:56.055+0000] {logging_mixin.py:188} INFO - [2025-07-20T07:30:56.055+0000] {dagbag.py:538} INFO - Filling up the DagBag from /opt/airflow/dags/preprocess_airflow.py
[2025-07-20T07:30:56.070+0000] {processor.py:840} INFO - DAG(s) 'run_preprocess_scriptttttttttttttttttttttttttt' retrieved from /opt/airflow/dags/preprocess_airflow.py
[2025-07-20T07:30:56.101+0000] {logging_mixin.py:188} INFO - [2025-07-20T07:30:56.101+0000] {dag.py:3036} INFO - Sync 1 DAGs
[2025-07-20T07:30:56.117+0000] {logging_mixin.py:188} INFO - [2025-07-20T07:30:56.117+0000] {dag.py:3823} INFO - Setting next_dagrun for run_preprocess_scriptttttttttttttttttttttttttt to None, run_after=None
[2025-07-20T07:30:56.143+0000] {processor.py:183} INFO - Processing /opt/airflow/dags/preprocess_airflow.py took 0.093 seconds
[2025-07-20T07:31:26.947+0000] {processor.py:161} INFO - Started process (PID=7498) to work on /opt/airflow/dags/preprocess_airflow.py
[2025-07-20T07:31:26.948+0000] {processor.py:830} INFO - Processing file /opt/airflow/dags/preprocess_airflow.py for tasks to queue
[2025-07-20T07:31:26.949+0000] {logging_mixin.py:188} INFO - [2025-07-20T07:31:26.949+0000] {dagbag.py:538} INFO - Filling up the DagBag from /opt/airflow/dags/preprocess_airflow.py
[2025-07-20T07:31:26.960+0000] {processor.py:840} INFO - DAG(s) 'run_preprocess_scriptttttttttttttttttttttttttt' retrieved from /opt/airflow/dags/preprocess_airflow.py
[2025-07-20T07:31:26.984+0000] {logging_mixin.py:188} INFO - [2025-07-20T07:31:26.984+0000] {dag.py:3036} INFO - Sync 1 DAGs
[2025-07-20T07:31:26.995+0000] {logging_mixin.py:188} INFO - [2025-07-20T07:31:26.995+0000] {dag.py:3823} INFO - Setting next_dagrun for run_preprocess_scriptttttttttttttttttttttttttt to None, run_after=None
[2025-07-20T07:31:27.015+0000] {processor.py:183} INFO - Processing /opt/airflow/dags/preprocess_airflow.py took 0.071 seconds
[2025-07-20T07:31:57.728+0000] {processor.py:161} INFO - Started process (PID=7579) to work on /opt/airflow/dags/preprocess_airflow.py
[2025-07-20T07:31:57.730+0000] {processor.py:830} INFO - Processing file /opt/airflow/dags/preprocess_airflow.py for tasks to queue
[2025-07-20T07:31:57.732+0000] {logging_mixin.py:188} INFO - [2025-07-20T07:31:57.731+0000] {dagbag.py:538} INFO - Filling up the DagBag from /opt/airflow/dags/preprocess_airflow.py
[2025-07-20T07:31:57.746+0000] {processor.py:840} INFO - DAG(s) 'run_preprocess_scriptttttttttttttttttttttttttt' retrieved from /opt/airflow/dags/preprocess_airflow.py
[2025-07-20T07:31:57.776+0000] {logging_mixin.py:188} INFO - [2025-07-20T07:31:57.776+0000] {dag.py:3036} INFO - Sync 1 DAGs
[2025-07-20T07:31:57.788+0000] {logging_mixin.py:188} INFO - [2025-07-20T07:31:57.787+0000] {dag.py:3823} INFO - Setting next_dagrun for run_preprocess_scriptttttttttttttttttttttttttt to None, run_after=None
[2025-07-20T07:31:57.806+0000] {processor.py:183} INFO - Processing /opt/airflow/dags/preprocess_airflow.py took 0.081 seconds
[2025-07-20T07:32:30.708+0000] {processor.py:161} INFO - Started process (PID=8054) to work on /opt/airflow/dags/preprocess_airflow.py
[2025-07-20T07:32:30.733+0000] {processor.py:830} INFO - Processing file /opt/airflow/dags/preprocess_airflow.py for tasks to queue
[2025-07-20T07:32:30.737+0000] {logging_mixin.py:188} INFO - [2025-07-20T07:32:30.736+0000] {dagbag.py:538} INFO - Filling up the DagBag from /opt/airflow/dags/preprocess_airflow.py
[2025-07-20T07:32:30.890+0000] {processor.py:840} INFO - DAG(s) 'run_preprocess_scriptttttttttttttttttttttttttt' retrieved from /opt/airflow/dags/preprocess_airflow.py
[2025-07-20T07:32:30.984+0000] {logging_mixin.py:188} INFO - [2025-07-20T07:32:30.984+0000] {dag.py:3036} INFO - Sync 1 DAGs
[2025-07-20T07:32:31.129+0000] {logging_mixin.py:188} INFO - [2025-07-20T07:32:31.128+0000] {dag.py:3823} INFO - Setting next_dagrun for run_preprocess_scriptttttttttttttttttttttttttt to None, run_after=None
[2025-07-20T07:32:31.282+0000] {processor.py:183} INFO - Processing /opt/airflow/dags/preprocess_airflow.py took 0.580 seconds
[2025-07-20T07:34:23.920+0000] {processor.py:161} INFO - Started process (PID=9918) to work on /opt/airflow/dags/preprocess_airflow.py
[2025-07-20T07:34:23.923+0000] {processor.py:830} INFO - Processing file /opt/airflow/dags/preprocess_airflow.py for tasks to queue
[2025-07-20T07:34:23.925+0000] {logging_mixin.py:188} INFO - [2025-07-20T07:34:23.925+0000] {dagbag.py:538} INFO - Filling up the DagBag from /opt/airflow/dags/preprocess_airflow.py
[2025-07-20T07:34:23.939+0000] {processor.py:840} INFO - DAG(s) 'run_preprocess_scriptttttttttttttttttttttttttt' retrieved from /opt/airflow/dags/preprocess_airflow.py
[2025-07-20T07:34:24.937+0000] {logging_mixin.py:188} INFO - [2025-07-20T07:34:24.936+0000] {dag.py:3036} INFO - Sync 1 DAGs
[2025-07-20T07:34:25.530+0000] {logging_mixin.py:188} INFO - [2025-07-20T07:34:25.530+0000] {dag.py:3823} INFO - Setting next_dagrun for run_preprocess_scriptttttttttttttttttttttttttt to None, run_after=None
[2025-07-20T07:34:25.562+0000] {processor.py:183} INFO - Processing /opt/airflow/dags/preprocess_airflow.py took 1.645 seconds
[2025-07-20T07:35:16.432+0000] {processor.py:161} INFO - Started process (PID=9974) to work on /opt/airflow/dags/preprocess_airflow.py
[2025-07-20T07:35:16.433+0000] {processor.py:830} INFO - Processing file /opt/airflow/dags/preprocess_airflow.py for tasks to queue
[2025-07-20T07:35:16.434+0000] {logging_mixin.py:188} INFO - [2025-07-20T07:35:16.434+0000] {dagbag.py:538} INFO - Filling up the DagBag from /opt/airflow/dags/preprocess_airflow.py
[2025-07-20T07:35:16.445+0000] {processor.py:840} INFO - DAG(s) 'run_preprocess_scriptttttttttttttttttttttttttt' retrieved from /opt/airflow/dags/preprocess_airflow.py
[2025-07-20T07:35:16.474+0000] {logging_mixin.py:188} INFO - [2025-07-20T07:35:16.474+0000] {dag.py:3036} INFO - Sync 1 DAGs
[2025-07-20T07:35:16.487+0000] {logging_mixin.py:188} INFO - [2025-07-20T07:35:16.487+0000] {dag.py:3823} INFO - Setting next_dagrun for run_preprocess_scriptttttttttttttttttttttttttt to None, run_after=None
[2025-07-20T07:35:16.511+0000] {processor.py:183} INFO - Processing /opt/airflow/dags/preprocess_airflow.py took 0.082 seconds
[2025-07-20T07:35:47.542+0000] {processor.py:161} INFO - Started process (PID=10009) to work on /opt/airflow/dags/preprocess_airflow.py
[2025-07-20T07:35:47.543+0000] {processor.py:830} INFO - Processing file /opt/airflow/dags/preprocess_airflow.py for tasks to queue
[2025-07-20T07:35:47.545+0000] {logging_mixin.py:188} INFO - [2025-07-20T07:35:47.544+0000] {dagbag.py:538} INFO - Filling up the DagBag from /opt/airflow/dags/preprocess_airflow.py
[2025-07-20T07:35:47.556+0000] {processor.py:840} INFO - DAG(s) 'run_preprocess_scriptttttttttttttttttttttttttt' retrieved from /opt/airflow/dags/preprocess_airflow.py
[2025-07-20T07:35:47.584+0000] {logging_mixin.py:188} INFO - [2025-07-20T07:35:47.583+0000] {dag.py:3036} INFO - Sync 1 DAGs
[2025-07-20T07:35:47.597+0000] {logging_mixin.py:188} INFO - [2025-07-20T07:35:47.597+0000] {dag.py:3823} INFO - Setting next_dagrun for run_preprocess_scriptttttttttttttttttttttttttt to None, run_after=None
[2025-07-20T07:35:47.621+0000] {processor.py:183} INFO - Processing /opt/airflow/dags/preprocess_airflow.py took 0.082 seconds
[2025-07-20T07:36:18.338+0000] {processor.py:161} INFO - Started process (PID=10044) to work on /opt/airflow/dags/preprocess_airflow.py
[2025-07-20T07:36:18.339+0000] {processor.py:830} INFO - Processing file /opt/airflow/dags/preprocess_airflow.py for tasks to queue
[2025-07-20T07:36:18.340+0000] {logging_mixin.py:188} INFO - [2025-07-20T07:36:18.340+0000] {dagbag.py:538} INFO - Filling up the DagBag from /opt/airflow/dags/preprocess_airflow.py
[2025-07-20T07:36:18.351+0000] {processor.py:840} INFO - DAG(s) 'run_preprocess_scriptttttttttttttttttttttttttt' retrieved from /opt/airflow/dags/preprocess_airflow.py
[2025-07-20T07:36:18.378+0000] {logging_mixin.py:188} INFO - [2025-07-20T07:36:18.378+0000] {dag.py:3036} INFO - Sync 1 DAGs
[2025-07-20T07:36:18.391+0000] {logging_mixin.py:188} INFO - [2025-07-20T07:36:18.391+0000] {dag.py:3823} INFO - Setting next_dagrun for run_preprocess_scriptttttttttttttttttttttttttt to None, run_after=None
[2025-07-20T07:36:18.566+0000] {processor.py:183} INFO - Processing /opt/airflow/dags/preprocess_airflow.py took 0.232 seconds
[2025-07-20T07:36:49.154+0000] {processor.py:161} INFO - Started process (PID=10079) to work on /opt/airflow/dags/preprocess_airflow.py
[2025-07-20T07:36:49.155+0000] {processor.py:830} INFO - Processing file /opt/airflow/dags/preprocess_airflow.py for tasks to queue
[2025-07-20T07:36:49.155+0000] {logging_mixin.py:188} INFO - [2025-07-20T07:36:49.155+0000] {dagbag.py:538} INFO - Filling up the DagBag from /opt/airflow/dags/preprocess_airflow.py
[2025-07-20T07:36:49.165+0000] {processor.py:840} INFO - DAG(s) 'run_preprocess_scriptttttttttttttttttttttttttt' retrieved from /opt/airflow/dags/preprocess_airflow.py
[2025-07-20T07:36:49.190+0000] {logging_mixin.py:188} INFO - [2025-07-20T07:36:49.189+0000] {dag.py:3036} INFO - Sync 1 DAGs
[2025-07-20T07:36:49.201+0000] {logging_mixin.py:188} INFO - [2025-07-20T07:36:49.201+0000] {dag.py:3823} INFO - Setting next_dagrun for run_preprocess_scriptttttttttttttttttttttttttt to None, run_after=None
[2025-07-20T07:36:49.223+0000] {processor.py:183} INFO - Processing /opt/airflow/dags/preprocess_airflow.py took 0.072 seconds
[2025-07-20T07:38:12.581+0000] {processor.py:161} INFO - Started process (PID=10502) to work on /opt/airflow/dags/preprocess_airflow.py
[2025-07-20T07:38:12.582+0000] {processor.py:830} INFO - Processing file /opt/airflow/dags/preprocess_airflow.py for tasks to queue
[2025-07-20T07:38:12.583+0000] {logging_mixin.py:188} INFO - [2025-07-20T07:38:12.583+0000] {dagbag.py:538} INFO - Filling up the DagBag from /opt/airflow/dags/preprocess_airflow.py
[2025-07-20T07:38:12.594+0000] {processor.py:840} INFO - DAG(s) 'run_preprocess_scriptttttttttttttttttttttttttt' retrieved from /opt/airflow/dags/preprocess_airflow.py
[2025-07-20T07:38:12.620+0000] {logging_mixin.py:188} INFO - [2025-07-20T07:38:12.620+0000] {dag.py:3036} INFO - Sync 1 DAGs
[2025-07-20T07:38:12.632+0000] {logging_mixin.py:188} INFO - [2025-07-20T07:38:12.632+0000] {dag.py:3823} INFO - Setting next_dagrun for run_preprocess_scriptttttttttttttttttttttttttt to None, run_after=None
[2025-07-20T07:38:12.652+0000] {processor.py:183} INFO - Processing /opt/airflow/dags/preprocess_airflow.py took 0.074 seconds
[2025-07-20T07:38:42.726+0000] {processor.py:161} INFO - Started process (PID=10539) to work on /opt/airflow/dags/preprocess_airflow.py
[2025-07-20T07:38:42.727+0000] {processor.py:830} INFO - Processing file /opt/airflow/dags/preprocess_airflow.py for tasks to queue
[2025-07-20T07:38:42.728+0000] {logging_mixin.py:188} INFO - [2025-07-20T07:38:42.727+0000] {dagbag.py:538} INFO - Filling up the DagBag from /opt/airflow/dags/preprocess_airflow.py
[2025-07-20T07:38:42.737+0000] {processor.py:840} INFO - DAG(s) 'run_preprocess_scriptttttttttttttttttttttttttt' retrieved from /opt/airflow/dags/preprocess_airflow.py
[2025-07-20T07:38:42.761+0000] {logging_mixin.py:188} INFO - [2025-07-20T07:38:42.761+0000] {dag.py:3036} INFO - Sync 1 DAGs
[2025-07-20T07:38:42.775+0000] {logging_mixin.py:188} INFO - [2025-07-20T07:38:42.775+0000] {dag.py:3823} INFO - Setting next_dagrun for run_preprocess_scriptttttttttttttttttttttttttt to None, run_after=None
[2025-07-20T07:38:42.798+0000] {processor.py:183} INFO - Processing /opt/airflow/dags/preprocess_airflow.py took 0.075 seconds
[2025-07-20T07:39:13.672+0000] {processor.py:161} INFO - Started process (PID=10572) to work on /opt/airflow/dags/preprocess_airflow.py
[2025-07-20T07:39:13.673+0000] {processor.py:830} INFO - Processing file /opt/airflow/dags/preprocess_airflow.py for tasks to queue
[2025-07-20T07:39:13.674+0000] {logging_mixin.py:188} INFO - [2025-07-20T07:39:13.674+0000] {dagbag.py:538} INFO - Filling up the DagBag from /opt/airflow/dags/preprocess_airflow.py
[2025-07-20T07:39:13.685+0000] {processor.py:840} INFO - DAG(s) 'run_preprocess_scriptttttttttttttttttttttttttt' retrieved from /opt/airflow/dags/preprocess_airflow.py
[2025-07-20T07:39:13.796+0000] {logging_mixin.py:188} INFO - [2025-07-20T07:39:13.796+0000] {dag.py:3036} INFO - Sync 1 DAGs
[2025-07-20T07:39:13.809+0000] {logging_mixin.py:188} INFO - [2025-07-20T07:39:13.809+0000] {dag.py:3823} INFO - Setting next_dagrun for run_preprocess_scriptttttttttttttttttttttttttt to None, run_after=None
[2025-07-20T07:39:13.826+0000] {processor.py:183} INFO - Processing /opt/airflow/dags/preprocess_airflow.py took 0.157 seconds
[2025-07-20T07:39:44.618+0000] {processor.py:161} INFO - Started process (PID=10607) to work on /opt/airflow/dags/preprocess_airflow.py
[2025-07-20T07:39:44.619+0000] {processor.py:830} INFO - Processing file /opt/airflow/dags/preprocess_airflow.py for tasks to queue
[2025-07-20T07:39:44.620+0000] {logging_mixin.py:188} INFO - [2025-07-20T07:39:44.620+0000] {dagbag.py:538} INFO - Filling up the DagBag from /opt/airflow/dags/preprocess_airflow.py
[2025-07-20T07:39:44.629+0000] {processor.py:840} INFO - DAG(s) 'run_preprocess_scriptttttttttttttttttttttttttt' retrieved from /opt/airflow/dags/preprocess_airflow.py
[2025-07-20T07:39:44.654+0000] {logging_mixin.py:188} INFO - [2025-07-20T07:39:44.654+0000] {dag.py:3036} INFO - Sync 1 DAGs
[2025-07-20T07:39:44.666+0000] {logging_mixin.py:188} INFO - [2025-07-20T07:39:44.666+0000] {dag.py:3823} INFO - Setting next_dagrun for run_preprocess_scriptttttttttttttttttttttttttt to None, run_after=None
[2025-07-20T07:39:44.686+0000] {processor.py:183} INFO - Processing /opt/airflow/dags/preprocess_airflow.py took 0.071 seconds
[2025-07-20T07:40:14.817+0000] {processor.py:161} INFO - Started process (PID=10642) to work on /opt/airflow/dags/preprocess_airflow.py
[2025-07-20T07:40:14.818+0000] {processor.py:830} INFO - Processing file /opt/airflow/dags/preprocess_airflow.py for tasks to queue
[2025-07-20T07:40:14.819+0000] {logging_mixin.py:188} INFO - [2025-07-20T07:40:14.819+0000] {dagbag.py:538} INFO - Filling up the DagBag from /opt/airflow/dags/preprocess_airflow.py
[2025-07-20T07:40:14.831+0000] {processor.py:840} INFO - DAG(s) 'run_preprocess_scriptttttttttttttttttttttttttt' retrieved from /opt/airflow/dags/preprocess_airflow.py
[2025-07-20T07:40:14.855+0000] {logging_mixin.py:188} INFO - [2025-07-20T07:40:14.855+0000] {dag.py:3036} INFO - Sync 1 DAGs
[2025-07-20T07:40:14.867+0000] {logging_mixin.py:188} INFO - [2025-07-20T07:40:14.867+0000] {dag.py:3823} INFO - Setting next_dagrun for run_preprocess_scriptttttttttttttttttttttttttt to None, run_after=None
[2025-07-20T07:40:14.887+0000] {processor.py:183} INFO - Processing /opt/airflow/dags/preprocess_airflow.py took 0.073 seconds
[2025-07-20T07:40:45.162+0000] {processor.py:161} INFO - Started process (PID=10677) to work on /opt/airflow/dags/preprocess_airflow.py
[2025-07-20T07:40:45.164+0000] {processor.py:830} INFO - Processing file /opt/airflow/dags/preprocess_airflow.py for tasks to queue
[2025-07-20T07:40:45.165+0000] {logging_mixin.py:188} INFO - [2025-07-20T07:40:45.165+0000] {dagbag.py:538} INFO - Filling up the DagBag from /opt/airflow/dags/preprocess_airflow.py
[2025-07-20T07:40:45.182+0000] {processor.py:840} INFO - DAG(s) 'run_preprocess_scriptttttttttttttttttttttttttt' retrieved from /opt/airflow/dags/preprocess_airflow.py
[2025-07-20T07:40:45.216+0000] {logging_mixin.py:188} INFO - [2025-07-20T07:40:45.215+0000] {dag.py:3036} INFO - Sync 1 DAGs
[2025-07-20T07:40:45.232+0000] {logging_mixin.py:188} INFO - [2025-07-20T07:40:45.232+0000] {dag.py:3823} INFO - Setting next_dagrun for run_preprocess_scriptttttttttttttttttttttttttt to None, run_after=None
[2025-07-20T07:40:45.263+0000] {processor.py:183} INFO - Processing /opt/airflow/dags/preprocess_airflow.py took 0.109 seconds
[2025-07-20T07:41:16.099+0000] {processor.py:161} INFO - Started process (PID=10712) to work on /opt/airflow/dags/preprocess_airflow.py
[2025-07-20T07:41:16.101+0000] {processor.py:830} INFO - Processing file /opt/airflow/dags/preprocess_airflow.py for tasks to queue
[2025-07-20T07:41:16.102+0000] {logging_mixin.py:188} INFO - [2025-07-20T07:41:16.102+0000] {dagbag.py:538} INFO - Filling up the DagBag from /opt/airflow/dags/preprocess_airflow.py
[2025-07-20T07:41:16.113+0000] {processor.py:840} INFO - DAG(s) 'run_preprocess_scriptttttttttttttttttttttttttt' retrieved from /opt/airflow/dags/preprocess_airflow.py
[2025-07-20T07:41:16.139+0000] {logging_mixin.py:188} INFO - [2025-07-20T07:41:16.139+0000] {dag.py:3036} INFO - Sync 1 DAGs
[2025-07-20T07:41:16.150+0000] {logging_mixin.py:188} INFO - [2025-07-20T07:41:16.150+0000] {dag.py:3823} INFO - Setting next_dagrun for run_preprocess_scriptttttttttttttttttttttttttt to None, run_after=None
[2025-07-20T07:41:16.171+0000] {processor.py:183} INFO - Processing /opt/airflow/dags/preprocess_airflow.py took 0.076 seconds
[2025-07-20T07:41:46.334+0000] {processor.py:161} INFO - Started process (PID=10744) to work on /opt/airflow/dags/preprocess_airflow.py
[2025-07-20T07:41:46.335+0000] {processor.py:830} INFO - Processing file /opt/airflow/dags/preprocess_airflow.py for tasks to queue
[2025-07-20T07:41:46.336+0000] {logging_mixin.py:188} INFO - [2025-07-20T07:41:46.335+0000] {dagbag.py:538} INFO - Filling up the DagBag from /opt/airflow/dags/preprocess_airflow.py
[2025-07-20T07:41:46.346+0000] {processor.py:840} INFO - DAG(s) 'run_preprocess_scriptttttttttttttttttttttttttt' retrieved from /opt/airflow/dags/preprocess_airflow.py
[2025-07-20T07:41:46.370+0000] {logging_mixin.py:188} INFO - [2025-07-20T07:41:46.369+0000] {dag.py:3036} INFO - Sync 1 DAGs
[2025-07-20T07:41:46.381+0000] {logging_mixin.py:188} INFO - [2025-07-20T07:41:46.380+0000] {dag.py:3823} INFO - Setting next_dagrun for run_preprocess_scriptttttttttttttttttttttttttt to None, run_after=None
[2025-07-20T07:41:46.400+0000] {processor.py:183} INFO - Processing /opt/airflow/dags/preprocess_airflow.py took 0.070 seconds
