[2025-07-19T10:18:51.362+0000] {taskinstance.py:1956} INFO - Dependencies all met for dep_context=non-requeueable deps ti=<TaskInstance: ml_model_training_pipeline_with_mlflow.train_ml_model_with_mlflow manual__2025-07-19T10:16:58.578903+00:00 [queued]>
[2025-07-19T10:18:51.370+0000] {taskinstance.py:1956} INFO - Dependencies all met for dep_context=requeueable deps ti=<TaskInstance: ml_model_training_pipeline_with_mlflow.train_ml_model_with_mlflow manual__2025-07-19T10:16:58.578903+00:00 [queued]>
[2025-07-19T10:18:51.371+0000] {taskinstance.py:2170} INFO - Starting attempt 1 of 2
[2025-07-19T10:18:51.436+0000] {taskinstance.py:2191} INFO - Executing <Task(PythonOperator): train_ml_model_with_mlflow> on 2025-07-19 10:16:58.578903+00:00
[2025-07-19T10:18:51.522+0000] {standard_task_runner.py:60} INFO - Started process 11660 to run task
[2025-07-19T10:18:51.525+0000] {standard_task_runner.py:87} INFO - Running: ['***', 'tasks', 'run', 'ml_model_training_pipeline_with_mlflow', 'train_ml_model_with_mlflow', 'manual__2025-07-19T10:16:58.578903+00:00', '--job-id', '90', '--raw', '--subdir', 'DAGS_FOLDER/modal_***.py', '--cfg-path', '/tmp/tmp48ke8gq7']
[2025-07-19T10:18:51.527+0000] {standard_task_runner.py:88} INFO - Job 90: Subtask train_ml_model_with_mlflow
[2025-07-19T10:18:51.773+0000] {task_command.py:423} INFO - Running <TaskInstance: ml_model_training_pipeline_with_mlflow.train_ml_model_with_mlflow manual__2025-07-19T10:16:58.578903+00:00 [running]> on host 2b6a031b4c87
[2025-07-19T10:18:52.098+0000] {taskinstance.py:2480} INFO - Exporting env vars: AIRFLOW_CTX_DAG_OWNER='ml_team' AIRFLOW_CTX_DAG_ID='ml_model_training_pipeline_with_mlflow' AIRFLOW_CTX_TASK_ID='train_ml_model_with_mlflow' AIRFLOW_CTX_EXECUTION_DATE='2025-07-19T10:16:58.578903+00:00' AIRFLOW_CTX_TRY_NUMBER='1' AIRFLOW_CTX_DAG_RUN_ID='manual__2025-07-19T10:16:58.578903+00:00'
[2025-07-19T10:19:52.731+0000] {modal_airflow.py:776} ERROR - Error in ML training: No module named 'mlflow'
[2025-07-19T10:19:52.731+0000] {taskinstance.py:2698} ERROR - Task failed with exception
Traceback (most recent call last):
  File "/home/airflow/.local/lib/python3.8/site-packages/airflow/models/taskinstance.py", line 433, in _execute_task
    result = execute_callable(context=context, **execute_callable_kwargs)
  File "/home/airflow/.local/lib/python3.8/site-packages/airflow/operators/python.py", line 199, in execute
    return_value = self.execute_callable()
  File "/home/airflow/.local/lib/python3.8/site-packages/airflow/operators/python.py", line 216, in execute_callable
    return self.python_callable(*self.op_args, **self.op_kwargs)
  File "/opt/airflow/dags/modal_airflow.py", line 433, in run_ml_training
    import mlflow
ModuleNotFoundError: No module named 'mlflow'
[2025-07-19T10:19:52.744+0000] {taskinstance.py:1138} INFO - Marking task as UP_FOR_RETRY. dag_id=ml_model_training_pipeline_with_mlflow, task_id=train_ml_model_with_mlflow, execution_date=20250719T101658, start_date=20250719T101851, end_date=20250719T101952
[2025-07-19T10:19:52.785+0000] {standard_task_runner.py:107} ERROR - Failed to execute job 90 for task train_ml_model_with_mlflow (No module named 'mlflow'; 11660)
[2025-07-19T10:19:52.808+0000] {local_task_job_runner.py:234} INFO - Task exited with return code 1
[2025-07-19T10:19:52.825+0000] {taskinstance.py:3280} INFO - 0 downstream tasks scheduled from follow-on schedule check
