[2025-07-18T21:52:08.385+0000] {taskinstance.py:1090} INFO - Dependencies all met for dep_context=non-requeueable deps ti=<TaskInstance: run_eda_script_python.run_eda manual__2025-07-18T21:51:52.547410+00:00 [queued]>
[2025-07-18T21:52:08.393+0000] {taskinstance.py:1090} INFO - Dependencies all met for dep_context=requeueable deps ti=<TaskInstance: run_eda_script_python.run_eda manual__2025-07-18T21:51:52.547410+00:00 [queued]>
[2025-07-18T21:52:08.394+0000] {taskinstance.py:1288} INFO - 
--------------------------------------------------------------------------------
[2025-07-18T21:52:08.394+0000] {taskinstance.py:1289} INFO - Starting attempt 1 of 2
[2025-07-18T21:52:08.395+0000] {taskinstance.py:1290} INFO - 
--------------------------------------------------------------------------------
[2025-07-18T21:52:08.407+0000] {taskinstance.py:1309} INFO - Executing <Task(PythonOperator): run_eda> on 2025-07-18 21:51:52.547410+00:00
[2025-07-18T21:52:08.516+0000] {standard_task_runner.py:55} INFO - Started process 393 to run task
[2025-07-18T21:52:08.519+0000] {standard_task_runner.py:82} INFO - Running: ['***', 'tasks', 'run', 'run_eda_script_python', 'run_eda', 'manual__2025-07-18T21:51:52.547410+00:00', '--job-id', '6', '--raw', '--subdir', 'DAGS_FOLDER/demo.py', '--cfg-path', '/tmp/tmp8io6z1i0']
[2025-07-18T21:52:08.521+0000] {standard_task_runner.py:83} INFO - Job 6: Subtask run_eda
[2025-07-18T21:52:09.199+0000] {task_command.py:389} INFO - Running <TaskInstance: run_eda_script_python.run_eda manual__2025-07-18T21:51:52.547410+00:00 [running]> on host 9609dee7e891
[2025-07-18T21:52:09.642+0000] {taskinstance.py:1516} INFO - Exporting the following env vars:
AIRFLOW_CTX_DAG_OWNER=***
AIRFLOW_CTX_DAG_ID=run_eda_script_python
AIRFLOW_CTX_TASK_ID=run_eda
AIRFLOW_CTX_EXECUTION_DATE=2025-07-18T21:51:52.547410+00:00
AIRFLOW_CTX_TRY_NUMBER=1
AIRFLOW_CTX_DAG_RUN_ID=manual__2025-07-18T21:51:52.547410+00:00
[2025-07-18T21:52:48.791+0000] {font_manager.py:1095} WARNING - Matplotlib is building the font cache; this may take a moment.
[2025-07-18T21:52:49.234+0000] {font_manager.py:1639} INFO - generated new fontManager
[2025-07-18T21:53:44.863+0000] {python.py:177} INFO - Done. Returned value was: None
[2025-07-18T21:53:44.876+0000] {taskinstance.py:1327} INFO - Marking task as SUCCESS. dag_id=run_eda_script_python, task_id=run_eda, execution_date=20250718T215152, start_date=20250718T215208, end_date=20250718T215344
[2025-07-18T21:53:45.054+0000] {local_task_job.py:212} INFO - Task exited with return code 0
[2025-07-18T21:53:45.112+0000] {taskinstance.py:2596} INFO - 0 downstream tasks scheduled from follow-on schedule check
