[2025-07-19T04:55:58.584+0000] {taskinstance.py:1090} INFO - Dependencies all met for dep_context=non-requeueable deps ti=<TaskInstance: run_preprocess_script_fixed.run_eda manual__2025-07-19T04:55:16.194500+00:00 [queued]>
[2025-07-19T04:56:03.327+0000] {taskinstance.py:1090} INFO - Dependencies all met for dep_context=requeueable deps ti=<TaskInstance: run_preprocess_script_fixed.run_eda manual__2025-07-19T04:55:16.194500+00:00 [queued]>
[2025-07-19T04:56:03.329+0000] {taskinstance.py:1288} INFO - 
--------------------------------------------------------------------------------
[2025-07-19T04:56:03.331+0000] {taskinstance.py:1289} INFO - Starting attempt 1 of 2
[2025-07-19T04:56:03.332+0000] {taskinstance.py:1290} INFO - 
--------------------------------------------------------------------------------
[2025-07-19T04:56:07.977+0000] {taskinstance.py:1309} INFO - Executing <Task(PythonOperator): run_eda> on 2025-07-19 04:55:16.194500+00:00
[2025-07-19T04:56:08.174+0000] {standard_task_runner.py:55} INFO - Started process 1199 to run task
[2025-07-19T04:56:08.523+0000] {standard_task_runner.py:82} INFO - Running: ['***', 'tasks', 'run', 'run_preprocess_script_fixed', 'run_eda', 'manual__2025-07-19T04:55:16.194500+00:00', '--job-id', '25', '--raw', '--subdir', 'DAGS_FOLDER/preprocess_***.py', '--cfg-path', '/tmp/tmpm31d0ysq']
[2025-07-19T04:56:08.529+0000] {standard_task_runner.py:83} INFO - Job 25: Subtask run_eda
[2025-07-19T04:56:19.516+0000] {task_command.py:389} INFO - Running <TaskInstance: run_preprocess_script_fixed.run_eda manual__2025-07-19T04:55:16.194500+00:00 [running]> on host 398705dcf644
[2025-07-19T04:56:19.815+0000] {taskinstance.py:1516} INFO - Exporting the following env vars:
AIRFLOW_CTX_DAG_OWNER=***
AIRFLOW_CTX_DAG_ID=run_preprocess_script_fixed
AIRFLOW_CTX_TASK_ID=run_eda
AIRFLOW_CTX_EXECUTION_DATE=2025-07-19T04:55:16.194500+00:00
AIRFLOW_CTX_TRY_NUMBER=1
AIRFLOW_CTX_DAG_RUN_ID=manual__2025-07-19T04:55:16.194500+00:00
[2025-07-19T04:56:19.816+0000] {taskinstance.py:1776} ERROR - Task failed with exception
Traceback (most recent call last):
  File "/home/airflow/.local/lib/python3.10/site-packages/airflow/operators/python.py", line 175, in execute
    return_value = self.execute_callable()
  File "/home/airflow/.local/lib/python3.10/site-packages/airflow/operators/python.py", line 192, in execute_callable
    return self.python_callable(*self.op_args, **self.op_kwargs)
  File "/opt/airflow/dags/preprocess_airflow.py", line 14, in run_eda_script
    with open(script_path, 'r') as f:
FileNotFoundError: [Errno 2] No such file or directory: 'airflow\\dags\\preprocess.py'
[2025-07-19T04:56:20.159+0000] {taskinstance.py:1327} INFO - Marking task as UP_FOR_RETRY. dag_id=run_preprocess_script_fixed, task_id=run_eda, execution_date=20250719T045516, start_date=20250719T045558, end_date=20250719T045620
[2025-07-19T04:56:20.290+0000] {standard_task_runner.py:100} ERROR - Failed to execute job 25 for task run_eda ([Errno 2] No such file or directory: 'airflow\\dags\\preprocess.py'; 1199)
[2025-07-19T04:56:20.537+0000] {local_task_job.py:212} INFO - Task exited with return code 1
[2025-07-19T04:56:20.581+0000] {taskinstance.py:2596} INFO - 0 downstream tasks scheduled from follow-on schedule check
