[2025-07-19T07:21:54.946+0000] {taskinstance.py:1956} INFO - Dependencies all met for dep_context=non-requeueable deps ti=<TaskInstance: run_preprocess_scriptttttttttttttttttttttttttt.execute_preprocess_script manual__2025-07-19T07:21:43.903852+00:00 [queued]>
[2025-07-19T07:21:54.956+0000] {taskinstance.py:1956} INFO - Dependencies all met for dep_context=requeueable deps ti=<TaskInstance: run_preprocess_scriptttttttttttttttttttttttttt.execute_preprocess_script manual__2025-07-19T07:21:43.903852+00:00 [queued]>
[2025-07-19T07:21:54.957+0000] {taskinstance.py:2170} INFO - Starting attempt 1 of 1
[2025-07-19T07:21:54.973+0000] {taskinstance.py:2191} INFO - Executing <Task(BashOperator): execute_preprocess_script> on 2025-07-19 07:21:43.903852+00:00
[2025-07-19T07:21:54.980+0000] {standard_task_runner.py:60} INFO - Started process 3974 to run task
[2025-07-19T07:21:54.984+0000] {standard_task_runner.py:87} INFO - Running: ['***', 'tasks', 'run', 'run_preprocess_scriptttttttttttttttttttttttttt', 'execute_preprocess_script', 'manual__2025-07-19T07:21:43.903852+00:00', '--job-id', '70', '--raw', '--subdir', 'DAGS_FOLDER/preprocess_***.py', '--cfg-path', '/tmp/tmpa06mnog9']
[2025-07-19T07:21:54.988+0000] {standard_task_runner.py:88} INFO - Job 70: Subtask execute_preprocess_script
[2025-07-19T07:21:55.046+0000] {task_command.py:423} INFO - Running <TaskInstance: run_preprocess_scriptttttttttttttttttttttttttt.execute_preprocess_script manual__2025-07-19T07:21:43.903852+00:00 [running]> on host 2b6a031b4c87
[2025-07-19T07:21:55.254+0000] {taskinstance.py:2480} INFO - Exporting env vars: AIRFLOW_CTX_DAG_OWNER='***' AIRFLOW_CTX_DAG_ID='run_preprocess_scriptttttttttttttttttttttttttt' AIRFLOW_CTX_TASK_ID='execute_preprocess_script' AIRFLOW_CTX_EXECUTION_DATE='2025-07-19T07:21:43.903852+00:00' AIRFLOW_CTX_TRY_NUMBER='1' AIRFLOW_CTX_DAG_RUN_ID='manual__2025-07-19T07:21:43.903852+00:00'
[2025-07-19T07:21:55.393+0000] {subprocess.py:63} INFO - Tmp dir root location: /tmp
[2025-07-19T07:21:55.529+0000] {subprocess.py:75} INFO - Running command: ['/usr/bin/bash', '-c', 'python /opt/***/dags/preprocess.py']
[2025-07-19T07:21:55.568+0000] {subprocess.py:86} INFO - Output:
[2025-07-19T07:22:43.387+0000] {subprocess.py:93} INFO - ✅ All libraries imported successfully!
[2025-07-19T07:22:43.388+0000] {subprocess.py:93} INFO - Input file: C:\Users\Minfy.DESKTOP-3E50D5N\Music\customer_lead\***\data\Lead Scoring.csv
[2025-07-19T07:22:43.389+0000] {subprocess.py:93} INFO - Output folder: C:\Users\Minfy.DESKTOP-3E50D5N\Music\customer_lead\***\data
[2025-07-19T07:22:43.389+0000] {subprocess.py:93} INFO - 🔄 Loading data from: C:\Users\Minfy.DESKTOP-3E50D5N\Music\customer_lead\***\data\Lead Scoring.csv
[2025-07-19T07:22:43.390+0000] {subprocess.py:93} INFO - ❌ Error loading data: [Errno 2] No such file or directory: 'C:\\Users\\Minfy.DESKTOP-3E50D5N\\Music\\customer_lead\\***\\data\\Lead Scoring.csv'
[2025-07-19T07:22:43.548+0000] {subprocess.py:93} INFO - Traceback (most recent call last):
[2025-07-19T07:22:43.549+0000] {subprocess.py:93} INFO -   File "/opt/***/dags/preprocess.py", line 38, in <module>
[2025-07-19T07:22:43.549+0000] {subprocess.py:93} INFO -     df = load_data(INPUT_PATH)
[2025-07-19T07:22:43.550+0000] {subprocess.py:93} INFO -   File "/opt/***/dags/preprocess.py", line 30, in load_data
[2025-07-19T07:22:43.550+0000] {subprocess.py:93} INFO -     df = pd.read_csv(input_path)
[2025-07-19T07:22:43.551+0000] {subprocess.py:93} INFO -   File "/home/***/.local/lib/python3.8/site-packages/pandas/io/parsers/readers.py", line 912, in read_csv
[2025-07-19T07:22:43.551+0000] {subprocess.py:93} INFO -     return _read(filepath_or_buffer, kwds)
[2025-07-19T07:22:43.551+0000] {subprocess.py:93} INFO -   File "/home/***/.local/lib/python3.8/site-packages/pandas/io/parsers/readers.py", line 577, in _read
[2025-07-19T07:22:43.552+0000] {subprocess.py:93} INFO -     parser = TextFileReader(filepath_or_buffer, **kwds)
[2025-07-19T07:22:43.552+0000] {subprocess.py:93} INFO -   File "/home/***/.local/lib/python3.8/site-packages/pandas/io/parsers/readers.py", line 1407, in __init__
[2025-07-19T07:22:43.553+0000] {subprocess.py:93} INFO -     self._engine = self._make_engine(f, self.engine)
[2025-07-19T07:22:43.553+0000] {subprocess.py:93} INFO -   File "/home/***/.local/lib/python3.8/site-packages/pandas/io/parsers/readers.py", line 1661, in _make_engine
[2025-07-19T07:22:43.554+0000] {subprocess.py:93} INFO -     self.handles = get_handle(
[2025-07-19T07:22:43.554+0000] {subprocess.py:93} INFO -   File "/home/***/.local/lib/python3.8/site-packages/pandas/io/common.py", line 859, in get_handle
[2025-07-19T07:22:43.554+0000] {subprocess.py:93} INFO -     handle = open(
[2025-07-19T07:22:43.555+0000] {subprocess.py:93} INFO - FileNotFoundError: [Errno 2] No such file or directory: 'C:\\Users\\Minfy.DESKTOP-3E50D5N\\Music\\customer_lead\\***\\data\\Lead Scoring.csv'
[2025-07-19T07:22:47.349+0000] {subprocess.py:97} INFO - Command exited with return code 1
[2025-07-19T07:22:47.358+0000] {taskinstance.py:2698} ERROR - Task failed with exception
Traceback (most recent call last):
  File "/home/airflow/.local/lib/python3.8/site-packages/airflow/models/taskinstance.py", line 433, in _execute_task
    result = execute_callable(context=context, **execute_callable_kwargs)
  File "/home/airflow/.local/lib/python3.8/site-packages/airflow/operators/bash.py", line 212, in execute
    raise AirflowException(
airflow.exceptions.AirflowException: Bash command failed. The command returned a non-zero exit code 1.
[2025-07-19T07:22:47.484+0000] {taskinstance.py:1138} INFO - Marking task as FAILED. dag_id=run_preprocess_scriptttttttttttttttttttttttttt, task_id=execute_preprocess_script, execution_date=20250719T072143, start_date=20250719T072154, end_date=20250719T072247
[2025-07-19T07:22:47.498+0000] {standard_task_runner.py:107} ERROR - Failed to execute job 70 for task execute_preprocess_script (Bash command failed. The command returned a non-zero exit code 1.; 3974)
[2025-07-19T07:22:47.520+0000] {local_task_job_runner.py:234} INFO - Task exited with return code 1
[2025-07-19T07:22:47.603+0000] {taskinstance.py:3280} INFO - 0 downstream tasks scheduled from follow-on schedule check
