[2025-07-19T06:05:50.958+0000] {taskinstance.py:1956} INFO - Dependencies all met for dep_context=non-requeueable deps ti=<TaskInstance: check_sklearn_version.check_sklearn_version_installed manual__2025-07-19T06:04:39.094153+00:00 [queued]>
[2025-07-19T06:05:51.485+0000] {taskinstance.py:1956} INFO - Dependencies all met for dep_context=requeueable deps ti=<TaskInstance: check_sklearn_version.check_sklearn_version_installed manual__2025-07-19T06:04:39.094153+00:00 [queued]>
[2025-07-19T06:05:51.487+0000] {taskinstance.py:2170} INFO - Starting attempt 1 of 1
[2025-07-19T06:05:51.752+0000] {taskinstance.py:2191} INFO - Executing <Task(BashOperator): check_sklearn_version_installed> on 2025-07-19 06:04:39.094153+00:00
[2025-07-19T06:05:51.810+0000] {standard_task_runner.py:60} INFO - Started process 1420 to run task
[2025-07-19T06:05:51.817+0000] {standard_task_runner.py:87} INFO - Running: ['***', 'tasks', 'run', 'check_sklearn_version', 'check_sklearn_version_installed', 'manual__2025-07-19T06:04:39.094153+00:00', '--job-id', '38', '--raw', '--subdir', 'DAGS_FOLDER/check_version.py', '--cfg-path', '/tmp/tmpa7q934b9']
[2025-07-19T06:05:51.821+0000] {standard_task_runner.py:88} INFO - Job 38: Subtask check_sklearn_version_installed
[2025-07-19T06:05:51.974+0000] {task_command.py:423} INFO - Running <TaskInstance: check_sklearn_version.check_sklearn_version_installed manual__2025-07-19T06:04:39.094153+00:00 [running]> on host 2b6a031b4c87
[2025-07-19T06:05:56.601+0000] {taskinstance.py:2480} INFO - Exporting env vars: AIRFLOW_CTX_DAG_OWNER='***' AIRFLOW_CTX_DAG_ID='check_sklearn_version' AIRFLOW_CTX_TASK_ID='check_sklearn_version_installed' AIRFLOW_CTX_EXECUTION_DATE='2025-07-19T06:04:39.094153+00:00' AIRFLOW_CTX_TRY_NUMBER='1' AIRFLOW_CTX_DAG_RUN_ID='manual__2025-07-19T06:04:39.094153+00:00'
[2025-07-19T06:05:56.630+0000] {subprocess.py:63} INFO - Tmp dir root location: /tmp
[2025-07-19T06:05:56.679+0000] {subprocess.py:75} INFO - Running command: ['/usr/bin/bash', '-c', 'pip show scikit-learn']
[2025-07-19T06:05:56.832+0000] {subprocess.py:86} INFO - Output:
[2025-07-19T06:06:05.317+0000] {subprocess.py:93} INFO - Name: scikit-learn
[2025-07-19T06:06:05.318+0000] {subprocess.py:93} INFO - Version: 1.3.2
[2025-07-19T06:06:05.319+0000] {subprocess.py:93} INFO - Summary: A set of python modules for machine learning and data mining
[2025-07-19T06:06:05.320+0000] {subprocess.py:93} INFO - Home-page: http://scikit-learn.org
[2025-07-19T06:06:05.320+0000] {subprocess.py:93} INFO - Author:
[2025-07-19T06:06:05.321+0000] {subprocess.py:93} INFO - Author-email:
[2025-07-19T06:06:05.322+0000] {subprocess.py:93} INFO - License: new BSD
[2025-07-19T06:06:05.323+0000] {subprocess.py:93} INFO - Location: /home/***/.local/lib/python3.8/site-packages
[2025-07-19T06:06:05.324+0000] {subprocess.py:93} INFO - Requires: joblib, numpy, scipy, threadpoolctl
[2025-07-19T06:06:05.324+0000] {subprocess.py:93} INFO - Required-by:
[2025-07-19T06:06:05.473+0000] {subprocess.py:97} INFO - Command exited with return code 0
[2025-07-19T06:06:06.051+0000] {taskinstance.py:1138} INFO - Marking task as SUCCESS. dag_id=check_sklearn_version, task_id=check_sklearn_version_installed, execution_date=20250719T060439, start_date=20250719T060550, end_date=20250719T060606
[2025-07-19T06:06:06.315+0000] {local_task_job_runner.py:234} INFO - Task exited with return code 0
[2025-07-19T06:06:06.460+0000] {taskinstance.py:3280} INFO - 0 downstream tasks scheduled from follow-on schedule check
