[2025-07-19T05:44:31.286+0000] {taskinstance.py:1956} INFO - Dependencies all met for dep_context=non-requeueable deps ti=<TaskInstance: check_sklearn_version.check_sklearn_version_installed manual__2025-07-19T05:44:11.603217+00:00 [queued]>
[2025-07-19T05:44:31.298+0000] {taskinstance.py:1956} INFO - Dependencies all met for dep_context=requeueable deps ti=<TaskInstance: check_sklearn_version.check_sklearn_version_installed manual__2025-07-19T05:44:11.603217+00:00 [queued]>
[2025-07-19T05:44:31.299+0000] {taskinstance.py:2170} INFO - Starting attempt 1 of 1
[2025-07-19T05:44:31.323+0000] {taskinstance.py:2191} INFO - Executing <Task(BashOperator): check_sklearn_version_installed> on 2025-07-19 05:44:11.603217+00:00
[2025-07-19T05:44:31.415+0000] {standard_task_runner.py:60} INFO - Started process 780 to run task
[2025-07-19T05:44:31.421+0000] {standard_task_runner.py:87} INFO - Running: ['***', 'tasks', 'run', 'check_sklearn_version', 'check_sklearn_version_installed', 'manual__2025-07-19T05:44:11.603217+00:00', '--job-id', '36', '--raw', '--subdir', 'DAGS_FOLDER/check_version.py', '--cfg-path', '/tmp/tmp102z_jbn']
[2025-07-19T05:44:31.425+0000] {standard_task_runner.py:88} INFO - Job 36: Subtask check_sklearn_version_installed
[2025-07-19T05:44:31.534+0000] {task_command.py:423} INFO - Running <TaskInstance: check_sklearn_version.check_sklearn_version_installed manual__2025-07-19T05:44:11.603217+00:00 [running]> on host 2b6a031b4c87
[2025-07-19T05:44:31.935+0000] {taskinstance.py:2480} INFO - Exporting env vars: AIRFLOW_CTX_DAG_OWNER='***' AIRFLOW_CTX_DAG_ID='check_sklearn_version' AIRFLOW_CTX_TASK_ID='check_sklearn_version_installed' AIRFLOW_CTX_EXECUTION_DATE='2025-07-19T05:44:11.603217+00:00' AIRFLOW_CTX_TRY_NUMBER='1' AIRFLOW_CTX_DAG_RUN_ID='manual__2025-07-19T05:44:11.603217+00:00'
[2025-07-19T05:44:31.937+0000] {subprocess.py:63} INFO - Tmp dir root location: /tmp
[2025-07-19T05:44:31.939+0000] {subprocess.py:75} INFO - Running command: ['/usr/bin/bash', '-c', 'pip show scikit-learn']
[2025-07-19T05:44:31.956+0000] {subprocess.py:86} INFO - Output:
[2025-07-19T05:44:32.600+0000] {subprocess.py:93} INFO - WARNING: Package(s) not found: scikit-learn
[2025-07-19T05:44:32.651+0000] {subprocess.py:97} INFO - Command exited with return code 1
[2025-07-19T05:44:32.695+0000] {taskinstance.py:2698} ERROR - Task failed with exception
Traceback (most recent call last):
  File "/home/airflow/.local/lib/python3.8/site-packages/airflow/models/taskinstance.py", line 433, in _execute_task
    result = execute_callable(context=context, **execute_callable_kwargs)
  File "/home/airflow/.local/lib/python3.8/site-packages/airflow/operators/bash.py", line 212, in execute
    raise AirflowException(
airflow.exceptions.AirflowException: Bash command failed. The command returned a non-zero exit code 1.
[2025-07-19T05:44:32.721+0000] {taskinstance.py:1138} INFO - Marking task as FAILED. dag_id=check_sklearn_version, task_id=check_sklearn_version_installed, execution_date=20250719T054411, start_date=20250719T054431, end_date=20250719T054432
[2025-07-19T05:44:32.765+0000] {standard_task_runner.py:107} ERROR - Failed to execute job 36 for task check_sklearn_version_installed (Bash command failed. The command returned a non-zero exit code 1.; 780)
[2025-07-19T05:44:32.807+0000] {local_task_job_runner.py:234} INFO - Task exited with return code 1
[2025-07-19T05:44:32.825+0000] {taskinstance.py:3280} INFO - 0 downstream tasks scheduled from follow-on schedule check
