[2025-07-19T08:32:06.229+0000] {taskinstance.py:1956} INFO - Dependencies all met for dep_context=non-requeueable deps ti=<TaskInstance: run_eda_script_fixedddddddddddddd.run_eda manual__2025-07-19T08:27:36.614753+00:00 [queued]>
[2025-07-19T08:32:07.211+0000] {taskinstance.py:1956} INFO - Dependencies all met for dep_context=requeueable deps ti=<TaskInstance: run_eda_script_fixedddddddddddddd.run_eda manual__2025-07-19T08:27:36.614753+00:00 [queued]>
[2025-07-19T08:32:07.213+0000] {taskinstance.py:2170} INFO - Starting attempt 1 of 1
[2025-07-19T08:32:08.434+0000] {taskinstance.py:2191} INFO - Executing <Task(PythonOperator): run_eda> on 2025-07-19 08:27:36.614753+00:00
[2025-07-19T08:32:09.083+0000] {standard_task_runner.py:60} INFO - Started process 6974 to run task
[2025-07-19T08:32:09.115+0000] {standard_task_runner.py:87} INFO - Running: ['***', 'tasks', 'run', 'run_eda_script_fixedddddddddddddd', 'run_eda', 'manual__2025-07-19T08:27:36.614753+00:00', '--job-id', '78', '--raw', '--subdir', 'DAGS_FOLDER/eda_***.py', '--cfg-path', '/tmp/tmpxy4e1bcr']
[2025-07-19T08:32:09.126+0000] {standard_task_runner.py:88} INFO - Job 78: Subtask run_eda
[2025-07-19T08:32:09.766+0000] {task_command.py:423} INFO - Running <TaskInstance: run_eda_script_fixedddddddddddddd.run_eda manual__2025-07-19T08:27:36.614753+00:00 [running]> on host 2b6a031b4c87
[2025-07-19T08:32:13.172+0000] {taskinstance.py:2480} INFO - Exporting env vars: AIRFLOW_CTX_DAG_OWNER='***' AIRFLOW_CTX_DAG_ID='run_eda_script_fixedddddddddddddd' AIRFLOW_CTX_TASK_ID='run_eda' AIRFLOW_CTX_EXECUTION_DATE='2025-07-19T08:27:36.614753+00:00' AIRFLOW_CTX_TRY_NUMBER='1' AIRFLOW_CTX_DAG_RUN_ID='manual__2025-07-19T08:27:36.614753+00:00'
[2025-07-19T08:40:04.138+0000] {logging_mixin.py:188} WARNING - 2025-07-19 08:40:04.137 WARNING streamlit.runtime.scriptrunner_utils.script_run_context: Thread 'MainThread': missing ScriptRunContext! This warning can be ignored when running in bare mode.
[2025-07-19T08:40:04.140+0000] {logging_mixin.py:188} WARNING - 2025-07-19 08:40:04.140 WARNING streamlit.runtime.scriptrunner_utils.script_run_context: Thread 'MainThread': missing ScriptRunContext! This warning can be ignored when running in bare mode.
[2025-07-19T08:41:00.332+0000] {logging_mixin.py:188} WARNING - 2025-07-19 08:41:00.300 
  Warning: to view this Streamlit app on a browser, run it with the following
  command:

    streamlit run /home/***/.local/bin/*** [ARGUMENTS]
[2025-07-19T08:41:00.347+0000] {logging_mixin.py:188} WARNING - 2025-07-19 08:41:00.347 Thread 'MainThread': missing ScriptRunContext! This warning can be ignored when running in bare mode.
[2025-07-19T08:41:00.349+0000] {logging_mixin.py:188} WARNING - 2025-07-19 08:41:00.349 No runtime found, using MemoryCacheStorageManager
[2025-07-19T08:41:00.386+0000] {python.py:201} INFO - Done. Returned value was: None
[2025-07-19T08:41:01.210+0000] {taskinstance.py:1138} INFO - Marking task as SUCCESS. dag_id=run_eda_script_fixedddddddddddddd, task_id=run_eda, execution_date=20250719T082736, start_date=20250719T083206, end_date=20250719T084101
[2025-07-19T08:41:01.638+0000] {local_task_job_runner.py:234} INFO - Task exited with return code 0
[2025-07-19T08:41:01.697+0000] {taskinstance.py:3280} INFO - 0 downstream tasks scheduled from follow-on schedule check
