[2025-07-19T04:19:02.044+0000] {taskinstance.py:1090} INFO - Dependencies all met for dep_context=non-requeueable deps ti=<TaskInstance: run_eda_script_python.run_eda manual__2025-07-19T04:18:51.671393+00:00 [queued]>
[2025-07-19T04:19:02.052+0000] {taskinstance.py:1090} INFO - Dependencies all met for dep_context=requeueable deps ti=<TaskInstance: run_eda_script_python.run_eda manual__2025-07-19T04:18:51.671393+00:00 [queued]>
[2025-07-19T04:19:02.052+0000] {taskinstance.py:1288} INFO - 
--------------------------------------------------------------------------------
[2025-07-19T04:19:02.053+0000] {taskinstance.py:1289} INFO - Starting attempt 1 of 2
[2025-07-19T04:19:02.053+0000] {taskinstance.py:1290} INFO - 
--------------------------------------------------------------------------------
[2025-07-19T04:19:02.070+0000] {taskinstance.py:1309} INFO - Executing <Task(PythonOperator): run_eda> on 2025-07-19 04:18:51.671393+00:00
[2025-07-19T04:19:02.094+0000] {standard_task_runner.py:55} INFO - Started process 432 to run task
[2025-07-19T04:19:02.096+0000] {standard_task_runner.py:82} INFO - Running: ['***', 'tasks', 'run', 'run_eda_script_python', 'run_eda', 'manual__2025-07-19T04:18:51.671393+00:00', '--job-id', '5', '--raw', '--subdir', 'DAGS_FOLDER/example.py', '--cfg-path', '/tmp/tmpd84zwpkp']
[2025-07-19T04:19:02.098+0000] {standard_task_runner.py:83} INFO - Job 5: Subtask run_eda
[2025-07-19T04:19:02.150+0000] {task_command.py:389} INFO - Running <TaskInstance: run_eda_script_python.run_eda manual__2025-07-19T04:18:51.671393+00:00 [running]> on host 398705dcf644
[2025-07-19T04:19:02.430+0000] {taskinstance.py:1516} INFO - Exporting the following env vars:
AIRFLOW_CTX_DAG_OWNER=***
AIRFLOW_CTX_DAG_ID=run_eda_script_python
AIRFLOW_CTX_TASK_ID=run_eda
AIRFLOW_CTX_EXECUTION_DATE=2025-07-19T04:18:51.671393+00:00
AIRFLOW_CTX_TRY_NUMBER=1
AIRFLOW_CTX_DAG_RUN_ID=manual__2025-07-19T04:18:51.671393+00:00
[2025-07-19T04:19:09.226+0000] {font_manager.py:1639} INFO - generated new fontManager
[2025-07-19T04:20:06.993+0000] {python.py:177} INFO - Done. Returned value was: None
[2025-07-19T04:20:07.205+0000] {taskinstance.py:1327} INFO - Marking task as SUCCESS. dag_id=run_eda_script_python, task_id=run_eda, execution_date=20250719T041851, start_date=20250719T041902, end_date=20250719T042007
[2025-07-19T04:20:07.366+0000] {local_task_job.py:212} INFO - Task exited with return code 0
[2025-07-19T04:20:07.425+0000] {taskinstance.py:2596} INFO - 0 downstream tasks scheduled from follow-on schedule check
