[2025-07-19T04:34:00.482+0000] {taskinstance.py:1090} INFO - Dependencies all met for dep_context=non-requeueable deps ti=<TaskInstance: run_preprocessing_script.run_preprocess manual__2025-07-19T04:33:58.061667+00:00 [queued]>
[2025-07-19T04:34:00.490+0000] {taskinstance.py:1090} INFO - Dependencies all met for dep_context=requeueable deps ti=<TaskInstance: run_preprocessing_script.run_preprocess manual__2025-07-19T04:33:58.061667+00:00 [queued]>
[2025-07-19T04:34:00.491+0000] {taskinstance.py:1288} INFO - 
--------------------------------------------------------------------------------
[2025-07-19T04:34:00.491+0000] {taskinstance.py:1289} INFO - Starting attempt 1 of 2
[2025-07-19T04:34:00.492+0000] {taskinstance.py:1290} INFO - 
--------------------------------------------------------------------------------
[2025-07-19T04:34:00.509+0000] {taskinstance.py:1309} INFO - Executing <Task(PythonOperator): run_preprocess> on 2025-07-19 04:33:58.061667+00:00
[2025-07-19T04:34:00.515+0000] {standard_task_runner.py:55} INFO - Started process 866 to run task
[2025-07-19T04:34:00.520+0000] {standard_task_runner.py:82} INFO - Running: ['***', 'tasks', 'run', 'run_preprocessing_script', 'run_preprocess', 'manual__2025-07-19T04:33:58.061667+00:00', '--job-id', '14', '--raw', '--subdir', 'DAGS_FOLDER/example.py', '--cfg-path', '/tmp/tmp_n61f0c4']
[2025-07-19T04:34:00.523+0000] {standard_task_runner.py:83} INFO - Job 14: Subtask run_preprocess
[2025-07-19T04:34:01.938+0000] {task_command.py:389} INFO - Running <TaskInstance: run_preprocessing_script.run_preprocess manual__2025-07-19T04:33:58.061667+00:00 [running]> on host 398705dcf644
[2025-07-19T04:34:02.082+0000] {taskinstance.py:1516} INFO - Exporting the following env vars:
AIRFLOW_CTX_DAG_OWNER=***
AIRFLOW_CTX_DAG_ID=run_preprocessing_script
AIRFLOW_CTX_TASK_ID=run_preprocess
AIRFLOW_CTX_EXECUTION_DATE=2025-07-19T04:33:58.061667+00:00
AIRFLOW_CTX_TRY_NUMBER=1
AIRFLOW_CTX_DAG_RUN_ID=manual__2025-07-19T04:33:58.061667+00:00
[2025-07-19T04:34:02.084+0000] {taskinstance.py:1776} ERROR - Task failed with exception
Traceback (most recent call last):
  File "/home/airflow/.local/lib/python3.10/site-packages/airflow/operators/python.py", line 175, in execute
    return_value = self.execute_callable()
  File "/home/airflow/.local/lib/python3.10/site-packages/airflow/operators/python.py", line 192, in execute_callable
    return self.python_callable(*self.op_args, **self.op_kwargs)
  File "/opt/airflow/dags/example.py", line 10, in run_preprocessing_script
    with open(SCRIPT_PATH, 'r', encoding='utf-8') as f:
FileNotFoundError: [Errno 2] No such file or directory: 'airflow\\scripts\\preprocess.py'
[2025-07-19T04:34:02.098+0000] {taskinstance.py:1327} INFO - Marking task as UP_FOR_RETRY. dag_id=run_preprocessing_script, task_id=run_preprocess, execution_date=20250719T043358, start_date=20250719T043400, end_date=20250719T043402
[2025-07-19T04:34:02.107+0000] {standard_task_runner.py:100} ERROR - Failed to execute job 14 for task run_preprocess ([Errno 2] No such file or directory: 'airflow\\scripts\\preprocess.py'; 866)
[2025-07-19T04:34:02.141+0000] {local_task_job.py:212} INFO - Task exited with return code 1
[2025-07-19T04:34:02.154+0000] {taskinstance.py:2596} INFO - 0 downstream tasks scheduled from follow-on schedule check
