[2025-07-19T04:36:11.479+0000] {taskinstance.py:1090} INFO - Dependencies all met for dep_context=non-requeueable deps ti=<TaskInstance: run_eda_script_python.run_eda manual__2025-07-19T04:36:02.770260+00:00 [queued]>
[2025-07-19T04:36:11.504+0000] {taskinstance.py:1090} INFO - Dependencies all met for dep_context=requeueable deps ti=<TaskInstance: run_eda_script_python.run_eda manual__2025-07-19T04:36:02.770260+00:00 [queued]>
[2025-07-19T04:36:11.505+0000] {taskinstance.py:1288} INFO - 
--------------------------------------------------------------------------------
[2025-07-19T04:36:11.505+0000] {taskinstance.py:1289} INFO - Starting attempt 1 of 2
[2025-07-19T04:36:11.505+0000] {taskinstance.py:1290} INFO - 
--------------------------------------------------------------------------------
[2025-07-19T04:36:11.519+0000] {taskinstance.py:1309} INFO - Executing <Task(PythonOperator): run_eda> on 2025-07-19 04:36:02.770260+00:00
[2025-07-19T04:36:11.559+0000] {standard_task_runner.py:55} INFO - Started process 908 to run task
[2025-07-19T04:36:11.572+0000] {standard_task_runner.py:82} INFO - Running: ['***', 'tasks', 'run', 'run_eda_script_python', 'run_eda', 'manual__2025-07-19T04:36:02.770260+00:00', '--job-id', '15', '--raw', '--subdir', 'DAGS_FOLDER/demo.py', '--cfg-path', '/tmp/tmpht158xrg']
[2025-07-19T04:36:11.584+0000] {standard_task_runner.py:83} INFO - Job 15: Subtask run_eda
[2025-07-19T04:36:11.864+0000] {task_command.py:389} INFO - Running <TaskInstance: run_eda_script_python.run_eda manual__2025-07-19T04:36:02.770260+00:00 [running]> on host 398705dcf644
[2025-07-19T04:36:14.017+0000] {taskinstance.py:1516} INFO - Exporting the following env vars:
AIRFLOW_CTX_DAG_OWNER=***
AIRFLOW_CTX_DAG_ID=run_eda_script_python
AIRFLOW_CTX_TASK_ID=run_eda
AIRFLOW_CTX_EXECUTION_DATE=2025-07-19T04:36:02.770260+00:00
AIRFLOW_CTX_TRY_NUMBER=1
AIRFLOW_CTX_DAG_RUN_ID=manual__2025-07-19T04:36:02.770260+00:00
[2025-07-19T04:37:01.243+0000] {logging_mixin.py:137} INFO - ✅ All libraries imported successfully!
[2025-07-19T04:37:01.314+0000] {logging_mixin.py:137} INFO - Input file: C:\Users\Minfy.DESKTOP-3E50D5N\Desktop\final_capstone\raw_data\Lead Scoring.csv
[2025-07-19T04:37:01.316+0000] {logging_mixin.py:137} INFO - Output folder: C:\Users\Minfy.DESKTOP-3E50D5N\Desktop\final_capstone\preprocess\preprocessed_output
[2025-07-19T04:37:01.317+0000] {logging_mixin.py:137} INFO - 🔄 Loading data from: C:\Users\Minfy.DESKTOP-3E50D5N\Desktop\final_capstone\raw_data\Lead Scoring.csv
[2025-07-19T04:37:01.319+0000] {logging_mixin.py:137} INFO - ❌ Error loading data: name 'pd' is not defined
[2025-07-19T04:37:01.350+0000] {taskinstance.py:1776} ERROR - Task failed with exception
Traceback (most recent call last):
  File "/home/airflow/.local/lib/python3.10/site-packages/airflow/operators/python.py", line 175, in execute
    return_value = self.execute_callable()
  File "/home/airflow/.local/lib/python3.10/site-packages/airflow/operators/python.py", line 192, in execute_callable
    return self.python_callable(*self.op_args, **self.op_kwargs)
  File "/opt/airflow/dags/demo.py", line 17, in run_eda_script
    exec(f.read())
  File "<string>", line 37, in <module>
  File "<string>", line 29, in load_data
NameError: name 'pd' is not defined
[2025-07-19T04:37:03.034+0000] {taskinstance.py:1327} INFO - Marking task as UP_FOR_RETRY. dag_id=run_eda_script_python, task_id=run_eda, execution_date=20250719T043602, start_date=20250719T043611, end_date=20250719T043702
[2025-07-19T04:37:06.142+0000] {standard_task_runner.py:100} ERROR - Failed to execute job 15 for task run_eda (name 'pd' is not defined; 908)
[2025-07-19T04:37:06.308+0000] {local_task_job.py:212} INFO - Task exited with return code 1
[2025-07-19T04:37:06.501+0000] {taskinstance.py:2596} INFO - 0 downstream tasks scheduled from follow-on schedule check
