[2025-07-19T04:19:57.578+0000] {taskinstance.py:1090} INFO - Dependencies all met for dep_context=non-requeueable deps ti=<TaskInstance: run_eda_script_python.run_eda manual__2025-07-19T04:17:20.920107+00:00 [queued]>
[2025-07-19T04:19:57.601+0000] {taskinstance.py:1090} INFO - Dependencies all met for dep_context=requeueable deps ti=<TaskInstance: run_eda_script_python.run_eda manual__2025-07-19T04:17:20.920107+00:00 [queued]>
[2025-07-19T04:19:57.601+0000] {taskinstance.py:1288} INFO - 
--------------------------------------------------------------------------------
[2025-07-19T04:19:57.602+0000] {taskinstance.py:1289} INFO - Starting attempt 2 of 2
[2025-07-19T04:19:57.603+0000] {taskinstance.py:1290} INFO - 
--------------------------------------------------------------------------------
[2025-07-19T04:19:57.746+0000] {taskinstance.py:1309} INFO - Executing <Task(PythonOperator): run_eda> on 2025-07-19 04:17:20.920107+00:00
[2025-07-19T04:19:57.752+0000] {standard_task_runner.py:55} INFO - Started process 459 to run task
[2025-07-19T04:19:57.999+0000] {standard_task_runner.py:82} INFO - Running: ['***', 'tasks', 'run', 'run_eda_script_python', 'run_eda', 'manual__2025-07-19T04:17:20.920107+00:00', '--job-id', '6', '--raw', '--subdir', 'DAGS_FOLDER/example.py', '--cfg-path', '/tmp/tmp6nmgv7i5']
[2025-07-19T04:19:58.009+0000] {standard_task_runner.py:83} INFO - Job 6: Subtask run_eda
[2025-07-19T04:20:07.009+0000] {task_command.py:389} INFO - Running <TaskInstance: run_eda_script_python.run_eda manual__2025-07-19T04:17:20.920107+00:00 [running]> on host 398705dcf644
[2025-07-19T04:20:08.291+0000] {taskinstance.py:1516} INFO - Exporting the following env vars:
AIRFLOW_CTX_DAG_OWNER=***
AIRFLOW_CTX_DAG_ID=run_eda_script_python
AIRFLOW_CTX_TASK_ID=run_eda
AIRFLOW_CTX_EXECUTION_DATE=2025-07-19T04:17:20.920107+00:00
AIRFLOW_CTX_TRY_NUMBER=2
AIRFLOW_CTX_DAG_RUN_ID=manual__2025-07-19T04:17:20.920107+00:00
[2025-07-19T04:20:10.756+0000] {python.py:177} INFO - Done. Returned value was: None
[2025-07-19T04:20:10.852+0000] {taskinstance.py:1327} INFO - Marking task as SUCCESS. dag_id=run_eda_script_python, task_id=run_eda, execution_date=20250719T041720, start_date=20250719T041957, end_date=20250719T042010
[2025-07-19T04:20:11.012+0000] {local_task_job.py:212} INFO - Task exited with return code 0
[2025-07-19T04:20:11.025+0000] {taskinstance.py:2596} INFO - 0 downstream tasks scheduled from follow-on schedule check
