[2025-07-18T21:41:43.832+0000] {processor.py:153} INFO - Started process (PID=163) to work on /opt/airflow/dags/demo.py
[2025-07-18T21:41:43.834+0000] {processor.py:743} INFO - Processing file /opt/airflow/dags/demo.py for tasks to queue
[2025-07-18T21:41:43.835+0000] {logging_mixin.py:137} INFO - [2025-07-18T21:41:43.835+0000] {dagbag.py:532} INFO - Filling up the DagBag from /opt/airflow/dags/demo.py
[2025-07-18T21:41:43.884+0000] {processor.py:753} INFO - DAG(s) dict_keys(['run_eda']) retrieved from /opt/airflow/dags/demo.py
[2025-07-18T21:41:44.161+0000] {logging_mixin.py:137} INFO - [2025-07-18T21:41:44.161+0000] {manager.py:414} ERROR - Add View Menu Error: (psycopg2.errors.UniqueViolation) duplicate key value violates unique constraint "serialized_dag_pkey"
DETAIL:  Key (dag_id)=(run_eda) already exists.

[SQL: INSERT INTO serialized_dag (dag_id, fileloc, fileloc_hash, data, data_compressed, last_updated, dag_hash, processor_subdir) VALUES (%(dag_id)s, %(fileloc)s, %(fileloc_hash)s, %(data)s, %(data_compressed)s, %(last_updated)s, %(dag_hash)s, %(processor_subdir)s)]
[parameters: {'dag_id': 'run_eda', 'fileloc': '/opt/airflow/dags/demo.py', 'fileloc_hash': 64403942728217811, 'data': '{"__version": 1, "dag": {"_dag_id": "run_eda", "dataset_triggers": [], "fileloc": "/opt/airflow/dags/demo.py", "edge_info": {}, "start_date": 1704067 ... (708 characters truncated) ... onOperator", "_task_module": "airflow.operators.python", "_is_empty": false, "op_args": [], "op_kwargs": {}}], "dag_dependencies": [], "params": {}}}', 'data_compressed': None, 'last_updated': datetime.datetime(2025, 7, 18, 21, 41, 43, 915939, tzinfo=Timezone('UTC')), 'dag_hash': '4d9341f8d9544008278e41b4af08415b', 'processor_subdir': None}]
(Background on this error at: https://sqlalche.me/e/14/gkpj)
[2025-07-18T21:41:44.168+0000] {logging_mixin.py:137} INFO - [2025-07-18T21:41:44.167+0000] {manager.py:504} INFO - Created Permission View: can read on None
[2025-07-18T21:41:44.177+0000] {logging_mixin.py:137} INFO - [2025-07-18T21:41:44.176+0000] {manager.py:504} INFO - Created Permission View: can edit on DAG:run_eda
[2025-07-18T21:41:44.186+0000] {logging_mixin.py:137} INFO - [2025-07-18T21:41:44.186+0000] {manager.py:504} INFO - Created Permission View: can delete on DAG:run_eda
[2025-07-18T21:41:44.187+0000] {logging_mixin.py:137} INFO - [2025-07-18T21:41:44.187+0000] {dag.py:2705} INFO - Sync 1 DAGs
[2025-07-18T21:41:44.199+0000] {logging_mixin.py:137} INFO - [2025-07-18T21:41:44.199+0000] {dag.py:2726} INFO - Creating ORM DAG for run_eda
[2025-07-18T21:41:44.209+0000] {logging_mixin.py:137} INFO - [2025-07-18T21:41:44.209+0000] {dag.py:3452} INFO - Setting next_dagrun for run_eda to None, run_after=None
[2025-07-18T21:41:44.229+0000] {processor.py:175} INFO - Processing /opt/airflow/dags/demo.py took 0.402 seconds
[2025-07-18T21:42:16.074+0000] {processor.py:153} INFO - Started process (PID=174) to work on /opt/airflow/dags/demo.py
[2025-07-18T21:42:16.138+0000] {processor.py:743} INFO - Processing file /opt/airflow/dags/demo.py for tasks to queue
[2025-07-18T21:42:16.140+0000] {logging_mixin.py:137} INFO - [2025-07-18T21:42:16.140+0000] {dagbag.py:532} INFO - Filling up the DagBag from /opt/airflow/dags/demo.py
[2025-07-18T21:42:17.967+0000] {processor.py:753} INFO - DAG(s) dict_keys(['run_eda']) retrieved from /opt/airflow/dags/demo.py
[2025-07-18T21:42:18.423+0000] {logging_mixin.py:137} INFO - [2025-07-18T21:42:18.423+0000] {dag.py:2705} INFO - Sync 1 DAGs
[2025-07-18T21:42:18.522+0000] {logging_mixin.py:137} INFO - [2025-07-18T21:42:18.521+0000] {dag.py:3452} INFO - Setting next_dagrun for run_eda to None, run_after=None
[2025-07-18T21:42:18.654+0000] {processor.py:175} INFO - Processing /opt/airflow/dags/demo.py took 2.931 seconds
[2025-07-18T21:42:54.124+0000] {processor.py:153} INFO - Started process (PID=184) to work on /opt/airflow/dags/demo.py
[2025-07-18T21:42:54.132+0000] {processor.py:743} INFO - Processing file /opt/airflow/dags/demo.py for tasks to queue
[2025-07-18T21:42:54.134+0000] {logging_mixin.py:137} INFO - [2025-07-18T21:42:54.134+0000] {dagbag.py:532} INFO - Filling up the DagBag from /opt/airflow/dags/demo.py
[2025-07-18T21:42:55.177+0000] {processor.py:753} INFO - DAG(s) dict_keys(['run_eda']) retrieved from /opt/airflow/dags/demo.py
[2025-07-18T21:42:55.792+0000] {logging_mixin.py:137} INFO - [2025-07-18T21:42:55.792+0000] {dag.py:2705} INFO - Sync 1 DAGs
[2025-07-18T21:42:56.478+0000] {logging_mixin.py:137} INFO - [2025-07-18T21:42:56.478+0000] {dag.py:3452} INFO - Setting next_dagrun for run_eda to None, run_after=None
[2025-07-18T21:42:56.963+0000] {processor.py:175} INFO - Processing /opt/airflow/dags/demo.py took 3.498 seconds
[2025-07-18T21:43:27.653+0000] {processor.py:153} INFO - Started process (PID=194) to work on /opt/airflow/dags/demo.py
[2025-07-18T21:43:27.655+0000] {processor.py:743} INFO - Processing file /opt/airflow/dags/demo.py for tasks to queue
[2025-07-18T21:43:27.656+0000] {logging_mixin.py:137} INFO - [2025-07-18T21:43:27.656+0000] {dagbag.py:532} INFO - Filling up the DagBag from /opt/airflow/dags/demo.py
[2025-07-18T21:43:27.891+0000] {processor.py:753} INFO - DAG(s) dict_keys(['run_eda']) retrieved from /opt/airflow/dags/demo.py
[2025-07-18T21:43:28.502+0000] {logging_mixin.py:137} INFO - [2025-07-18T21:43:28.502+0000] {dag.py:2705} INFO - Sync 1 DAGs
[2025-07-18T21:43:28.522+0000] {logging_mixin.py:137} INFO - [2025-07-18T21:43:28.522+0000] {dag.py:3452} INFO - Setting next_dagrun for run_eda to None, run_after=None
[2025-07-18T21:43:29.824+0000] {processor.py:175} INFO - Processing /opt/airflow/dags/demo.py took 2.278 seconds
[2025-07-18T21:44:01.362+0000] {processor.py:153} INFO - Started process (PID=204) to work on /opt/airflow/dags/demo.py
[2025-07-18T21:44:01.363+0000] {processor.py:743} INFO - Processing file /opt/airflow/dags/demo.py for tasks to queue
[2025-07-18T21:44:01.364+0000] {logging_mixin.py:137} INFO - [2025-07-18T21:44:01.364+0000] {dagbag.py:532} INFO - Filling up the DagBag from /opt/airflow/dags/demo.py
[2025-07-18T21:44:01.505+0000] {processor.py:753} INFO - DAG(s) dict_keys(['run_eda']) retrieved from /opt/airflow/dags/demo.py
[2025-07-18T21:44:01.569+0000] {logging_mixin.py:137} INFO - [2025-07-18T21:44:01.568+0000] {dag.py:2705} INFO - Sync 1 DAGs
[2025-07-18T21:44:01.948+0000] {logging_mixin.py:137} INFO - [2025-07-18T21:44:01.948+0000] {dag.py:3452} INFO - Setting next_dagrun for run_eda to None, run_after=None
[2025-07-18T21:44:02.081+0000] {processor.py:175} INFO - Processing /opt/airflow/dags/demo.py took 0.726 seconds
[2025-07-18T21:44:32.852+0000] {processor.py:153} INFO - Started process (PID=214) to work on /opt/airflow/dags/demo.py
[2025-07-18T21:44:32.854+0000] {processor.py:743} INFO - Processing file /opt/airflow/dags/demo.py for tasks to queue
[2025-07-18T21:44:32.856+0000] {logging_mixin.py:137} INFO - [2025-07-18T21:44:32.856+0000] {dagbag.py:532} INFO - Filling up the DagBag from /opt/airflow/dags/demo.py
[2025-07-18T21:44:32.926+0000] {processor.py:753} INFO - DAG(s) dict_keys(['run_eda']) retrieved from /opt/airflow/dags/demo.py
[2025-07-18T21:44:32.992+0000] {logging_mixin.py:137} INFO - [2025-07-18T21:44:32.991+0000] {dag.py:2705} INFO - Sync 1 DAGs
[2025-07-18T21:44:33.056+0000] {logging_mixin.py:137} INFO - [2025-07-18T21:44:33.056+0000] {dag.py:3452} INFO - Setting next_dagrun for run_eda to None, run_after=None
[2025-07-18T21:44:33.126+0000] {processor.py:175} INFO - Processing /opt/airflow/dags/demo.py took 0.292 seconds
[2025-07-18T21:45:03.395+0000] {processor.py:153} INFO - Started process (PID=226) to work on /opt/airflow/dags/demo.py
[2025-07-18T21:45:03.397+0000] {processor.py:743} INFO - Processing file /opt/airflow/dags/demo.py for tasks to queue
[2025-07-18T21:45:03.399+0000] {logging_mixin.py:137} INFO - [2025-07-18T21:45:03.398+0000] {dagbag.py:532} INFO - Filling up the DagBag from /opt/airflow/dags/demo.py
[2025-07-18T21:45:03.427+0000] {processor.py:753} INFO - DAG(s) dict_keys(['run_eda']) retrieved from /opt/airflow/dags/demo.py
[2025-07-18T21:45:03.495+0000] {logging_mixin.py:137} INFO - [2025-07-18T21:45:03.495+0000] {dag.py:2705} INFO - Sync 1 DAGs
[2025-07-18T21:45:03.524+0000] {logging_mixin.py:137} INFO - [2025-07-18T21:45:03.524+0000] {dag.py:3452} INFO - Setting next_dagrun for run_eda to None, run_after=None
[2025-07-18T21:45:03.562+0000] {processor.py:175} INFO - Processing /opt/airflow/dags/demo.py took 0.171 seconds
[2025-07-18T21:45:33.611+0000] {processor.py:153} INFO - Started process (PID=236) to work on /opt/airflow/dags/demo.py
[2025-07-18T21:45:33.612+0000] {processor.py:743} INFO - Processing file /opt/airflow/dags/demo.py for tasks to queue
[2025-07-18T21:45:33.613+0000] {logging_mixin.py:137} INFO - [2025-07-18T21:45:33.613+0000] {dagbag.py:532} INFO - Filling up the DagBag from /opt/airflow/dags/demo.py
[2025-07-18T21:45:33.631+0000] {processor.py:753} INFO - DAG(s) dict_keys(['run_eda']) retrieved from /opt/airflow/dags/demo.py
[2025-07-18T21:45:33.773+0000] {logging_mixin.py:137} INFO - [2025-07-18T21:45:33.773+0000] {dag.py:2705} INFO - Sync 1 DAGs
[2025-07-18T21:45:33.831+0000] {logging_mixin.py:137} INFO - [2025-07-18T21:45:33.831+0000] {dag.py:3452} INFO - Setting next_dagrun for run_eda to None, run_after=None
[2025-07-18T21:45:33.849+0000] {processor.py:175} INFO - Processing /opt/airflow/dags/demo.py took 0.241 seconds
[2025-07-18T21:46:04.088+0000] {processor.py:153} INFO - Started process (PID=246) to work on /opt/airflow/dags/demo.py
[2025-07-18T21:46:04.090+0000] {processor.py:743} INFO - Processing file /opt/airflow/dags/demo.py for tasks to queue
[2025-07-18T21:46:04.091+0000] {logging_mixin.py:137} INFO - [2025-07-18T21:46:04.091+0000] {dagbag.py:532} INFO - Filling up the DagBag from /opt/airflow/dags/demo.py
[2025-07-18T21:46:04.117+0000] {processor.py:753} INFO - DAG(s) dict_keys(['run_eda']) retrieved from /opt/airflow/dags/demo.py
[2025-07-18T21:46:04.141+0000] {logging_mixin.py:137} INFO - [2025-07-18T21:46:04.141+0000] {dag.py:2705} INFO - Sync 1 DAGs
[2025-07-18T21:46:04.179+0000] {logging_mixin.py:137} INFO - [2025-07-18T21:46:04.179+0000] {dag.py:3452} INFO - Setting next_dagrun for run_eda to None, run_after=None
[2025-07-18T21:46:04.205+0000] {processor.py:175} INFO - Processing /opt/airflow/dags/demo.py took 0.130 seconds
[2025-07-18T21:46:34.250+0000] {processor.py:153} INFO - Started process (PID=256) to work on /opt/airflow/dags/demo.py
[2025-07-18T21:46:34.251+0000] {processor.py:743} INFO - Processing file /opt/airflow/dags/demo.py for tasks to queue
[2025-07-18T21:46:34.252+0000] {logging_mixin.py:137} INFO - [2025-07-18T21:46:34.252+0000] {dagbag.py:532} INFO - Filling up the DagBag from /opt/airflow/dags/demo.py
[2025-07-18T21:46:34.276+0000] {processor.py:753} INFO - DAG(s) dict_keys(['run_eda']) retrieved from /opt/airflow/dags/demo.py
[2025-07-18T21:46:34.328+0000] {logging_mixin.py:137} INFO - [2025-07-18T21:46:34.328+0000] {dag.py:2705} INFO - Sync 1 DAGs
[2025-07-18T21:46:34.345+0000] {logging_mixin.py:137} INFO - [2025-07-18T21:46:34.345+0000] {dag.py:3452} INFO - Setting next_dagrun for run_eda to None, run_after=None
[2025-07-18T21:46:34.366+0000] {processor.py:175} INFO - Processing /opt/airflow/dags/demo.py took 0.120 seconds
[2025-07-18T21:47:00.915+0000] {processor.py:153} INFO - Started process (PID=271) to work on /opt/airflow/dags/demo.py
[2025-07-18T21:47:00.916+0000] {processor.py:743} INFO - Processing file /opt/airflow/dags/demo.py for tasks to queue
[2025-07-18T21:47:00.917+0000] {logging_mixin.py:137} INFO - [2025-07-18T21:47:00.917+0000] {dagbag.py:532} INFO - Filling up the DagBag from /opt/airflow/dags/demo.py
[2025-07-18T21:47:00.943+0000] {processor.py:753} INFO - DAG(s) dict_keys(['run_eda_script']) retrieved from /opt/airflow/dags/demo.py
[2025-07-18T21:47:00.955+0000] {logging_mixin.py:137} INFO - [2025-07-18T21:47:00.954+0000] {dag.py:2705} INFO - Sync 1 DAGs
[2025-07-18T21:47:00.975+0000] {logging_mixin.py:137} INFO - [2025-07-18T21:47:00.974+0000] {dag.py:3452} INFO - Setting next_dagrun for run_eda_script to None, run_after=None
[2025-07-18T21:47:00.994+0000] {processor.py:175} INFO - Processing /opt/airflow/dags/demo.py took 0.082 seconds
[2025-07-18T21:47:31.106+0000] {processor.py:153} INFO - Started process (PID=279) to work on /opt/airflow/dags/demo.py
[2025-07-18T21:47:31.109+0000] {processor.py:743} INFO - Processing file /opt/airflow/dags/demo.py for tasks to queue
[2025-07-18T21:47:31.111+0000] {logging_mixin.py:137} INFO - [2025-07-18T21:47:31.110+0000] {dagbag.py:532} INFO - Filling up the DagBag from /opt/airflow/dags/demo.py
[2025-07-18T21:47:31.142+0000] {processor.py:753} INFO - DAG(s) dict_keys(['run_eda_script']) retrieved from /opt/airflow/dags/demo.py
[2025-07-18T21:47:31.192+0000] {logging_mixin.py:137} INFO - [2025-07-18T21:47:31.191+0000] {dag.py:2705} INFO - Sync 1 DAGs
[2025-07-18T21:47:31.212+0000] {logging_mixin.py:137} INFO - [2025-07-18T21:47:31.212+0000] {dag.py:3452} INFO - Setting next_dagrun for run_eda_script to None, run_after=None
[2025-07-18T21:47:31.235+0000] {processor.py:175} INFO - Processing /opt/airflow/dags/demo.py took 0.135 seconds
[2025-07-18T21:47:35.351+0000] {processor.py:153} INFO - Started process (PID=286) to work on /opt/airflow/dags/demo.py
[2025-07-18T21:47:35.352+0000] {processor.py:743} INFO - Processing file /opt/airflow/dags/demo.py for tasks to queue
[2025-07-18T21:47:35.352+0000] {logging_mixin.py:137} INFO - [2025-07-18T21:47:35.352+0000] {dagbag.py:532} INFO - Filling up the DagBag from /opt/airflow/dags/demo.py
[2025-07-18T21:47:35.378+0000] {processor.py:753} INFO - DAG(s) dict_keys(['run_eda_script_python']) retrieved from /opt/airflow/dags/demo.py
[2025-07-18T21:47:35.390+0000] {logging_mixin.py:137} INFO - [2025-07-18T21:47:35.389+0000] {dag.py:2705} INFO - Sync 1 DAGs
[2025-07-18T21:47:35.414+0000] {logging_mixin.py:137} INFO - [2025-07-18T21:47:35.414+0000] {dag.py:3452} INFO - Setting next_dagrun for run_eda_script_python to None, run_after=None
[2025-07-18T21:47:35.443+0000] {processor.py:175} INFO - Processing /opt/airflow/dags/demo.py took 0.094 seconds
[2025-07-18T21:47:36.369+0000] {processor.py:153} INFO - Started process (PID=291) to work on /opt/airflow/dags/demo.py
[2025-07-18T21:47:36.370+0000] {processor.py:743} INFO - Processing file /opt/airflow/dags/demo.py for tasks to queue
[2025-07-18T21:47:36.371+0000] {logging_mixin.py:137} INFO - [2025-07-18T21:47:36.370+0000] {dagbag.py:532} INFO - Filling up the DagBag from /opt/airflow/dags/demo.py
[2025-07-18T21:47:36.401+0000] {processor.py:753} INFO - DAG(s) dict_keys(['run_eda_script_python']) retrieved from /opt/airflow/dags/demo.py
[2025-07-18T21:47:36.415+0000] {logging_mixin.py:137} INFO - [2025-07-18T21:47:36.415+0000] {dag.py:2705} INFO - Sync 1 DAGs
[2025-07-18T21:47:36.441+0000] {logging_mixin.py:137} INFO - [2025-07-18T21:47:36.440+0000] {dag.py:3452} INFO - Setting next_dagrun for run_eda_script_python to None, run_after=None
[2025-07-18T21:47:36.478+0000] {processor.py:175} INFO - Processing /opt/airflow/dags/demo.py took 0.113 seconds
[2025-07-18T21:48:06.707+0000] {processor.py:153} INFO - Started process (PID=301) to work on /opt/airflow/dags/demo.py
[2025-07-18T21:48:06.708+0000] {processor.py:743} INFO - Processing file /opt/airflow/dags/demo.py for tasks to queue
[2025-07-18T21:48:06.708+0000] {logging_mixin.py:137} INFO - [2025-07-18T21:48:06.708+0000] {dagbag.py:532} INFO - Filling up the DagBag from /opt/airflow/dags/demo.py
[2025-07-18T21:48:06.733+0000] {processor.py:753} INFO - DAG(s) dict_keys(['run_eda_script_python']) retrieved from /opt/airflow/dags/demo.py
[2025-07-18T21:48:06.785+0000] {logging_mixin.py:137} INFO - [2025-07-18T21:48:06.785+0000] {dag.py:2705} INFO - Sync 1 DAGs
[2025-07-18T21:48:06.804+0000] {logging_mixin.py:137} INFO - [2025-07-18T21:48:06.804+0000] {dag.py:3452} INFO - Setting next_dagrun for run_eda_script_python to None, run_after=None
[2025-07-18T21:48:06.825+0000] {processor.py:175} INFO - Processing /opt/airflow/dags/demo.py took 0.122 seconds
[2025-07-18T21:48:37.010+0000] {processor.py:153} INFO - Started process (PID=312) to work on /opt/airflow/dags/demo.py
[2025-07-18T21:48:37.011+0000] {processor.py:743} INFO - Processing file /opt/airflow/dags/demo.py for tasks to queue
[2025-07-18T21:48:37.012+0000] {logging_mixin.py:137} INFO - [2025-07-18T21:48:37.012+0000] {dagbag.py:532} INFO - Filling up the DagBag from /opt/airflow/dags/demo.py
[2025-07-18T21:48:37.031+0000] {processor.py:753} INFO - DAG(s) dict_keys(['run_eda_script_python']) retrieved from /opt/airflow/dags/demo.py
[2025-07-18T21:48:37.052+0000] {logging_mixin.py:137} INFO - [2025-07-18T21:48:37.052+0000] {dag.py:2705} INFO - Sync 1 DAGs
[2025-07-18T21:48:37.073+0000] {logging_mixin.py:137} INFO - [2025-07-18T21:48:37.073+0000] {dag.py:3452} INFO - Setting next_dagrun for run_eda_script_python to None, run_after=None
[2025-07-18T21:48:37.091+0000] {processor.py:175} INFO - Processing /opt/airflow/dags/demo.py took 0.083 seconds
[2025-07-18T21:49:07.300+0000] {processor.py:153} INFO - Started process (PID=322) to work on /opt/airflow/dags/demo.py
[2025-07-18T21:49:07.301+0000] {processor.py:743} INFO - Processing file /opt/airflow/dags/demo.py for tasks to queue
[2025-07-18T21:49:07.302+0000] {logging_mixin.py:137} INFO - [2025-07-18T21:49:07.302+0000] {dagbag.py:532} INFO - Filling up the DagBag from /opt/airflow/dags/demo.py
[2025-07-18T21:49:07.323+0000] {processor.py:753} INFO - DAG(s) dict_keys(['run_eda_script_python']) retrieved from /opt/airflow/dags/demo.py
[2025-07-18T21:49:07.334+0000] {logging_mixin.py:137} INFO - [2025-07-18T21:49:07.334+0000] {dag.py:2705} INFO - Sync 1 DAGs
[2025-07-18T21:49:07.352+0000] {logging_mixin.py:137} INFO - [2025-07-18T21:49:07.352+0000] {dag.py:3452} INFO - Setting next_dagrun for run_eda_script_python to None, run_after=None
[2025-07-18T21:49:07.371+0000] {processor.py:175} INFO - Processing /opt/airflow/dags/demo.py took 0.074 seconds
[2025-07-18T21:49:37.545+0000] {processor.py:153} INFO - Started process (PID=334) to work on /opt/airflow/dags/demo.py
[2025-07-18T21:49:37.546+0000] {processor.py:743} INFO - Processing file /opt/airflow/dags/demo.py for tasks to queue
[2025-07-18T21:49:37.547+0000] {logging_mixin.py:137} INFO - [2025-07-18T21:49:37.547+0000] {dagbag.py:532} INFO - Filling up the DagBag from /opt/airflow/dags/demo.py
[2025-07-18T21:49:37.565+0000] {processor.py:753} INFO - DAG(s) dict_keys(['run_eda_script_python']) retrieved from /opt/airflow/dags/demo.py
[2025-07-18T21:49:37.610+0000] {logging_mixin.py:137} INFO - [2025-07-18T21:49:37.610+0000] {dag.py:2705} INFO - Sync 1 DAGs
[2025-07-18T21:49:37.629+0000] {logging_mixin.py:137} INFO - [2025-07-18T21:49:37.629+0000] {dag.py:3452} INFO - Setting next_dagrun for run_eda_script_python to None, run_after=None
[2025-07-18T21:49:37.648+0000] {processor.py:175} INFO - Processing /opt/airflow/dags/demo.py took 0.106 seconds
[2025-07-18T21:50:08.382+0000] {processor.py:153} INFO - Started process (PID=344) to work on /opt/airflow/dags/demo.py
[2025-07-18T21:50:08.383+0000] {processor.py:743} INFO - Processing file /opt/airflow/dags/demo.py for tasks to queue
[2025-07-18T21:50:08.384+0000] {logging_mixin.py:137} INFO - [2025-07-18T21:50:08.384+0000] {dagbag.py:532} INFO - Filling up the DagBag from /opt/airflow/dags/demo.py
[2025-07-18T21:50:08.417+0000] {processor.py:753} INFO - DAG(s) dict_keys(['run_eda_script_python']) retrieved from /opt/airflow/dags/demo.py
[2025-07-18T21:50:08.439+0000] {logging_mixin.py:137} INFO - [2025-07-18T21:50:08.439+0000] {dag.py:2705} INFO - Sync 1 DAGs
[2025-07-18T21:50:08.463+0000] {logging_mixin.py:137} INFO - [2025-07-18T21:50:08.463+0000] {dag.py:3452} INFO - Setting next_dagrun for run_eda_script_python to None, run_after=None
[2025-07-18T21:50:08.484+0000] {processor.py:175} INFO - Processing /opt/airflow/dags/demo.py took 0.108 seconds
[2025-07-18T21:50:38.697+0000] {processor.py:153} INFO - Started process (PID=354) to work on /opt/airflow/dags/demo.py
[2025-07-18T21:50:38.700+0000] {processor.py:743} INFO - Processing file /opt/airflow/dags/demo.py for tasks to queue
[2025-07-18T21:50:38.702+0000] {logging_mixin.py:137} INFO - [2025-07-18T21:50:38.702+0000] {dagbag.py:532} INFO - Filling up the DagBag from /opt/airflow/dags/demo.py
[2025-07-18T21:50:38.724+0000] {processor.py:753} INFO - DAG(s) dict_keys(['run_eda_script_python']) retrieved from /opt/airflow/dags/demo.py
[2025-07-18T21:50:38.736+0000] {logging_mixin.py:137} INFO - [2025-07-18T21:50:38.736+0000] {dag.py:2705} INFO - Sync 1 DAGs
[2025-07-18T21:50:38.756+0000] {logging_mixin.py:137} INFO - [2025-07-18T21:50:38.756+0000] {dag.py:3452} INFO - Setting next_dagrun for run_eda_script_python to None, run_after=None
[2025-07-18T21:50:38.776+0000] {processor.py:175} INFO - Processing /opt/airflow/dags/demo.py took 0.092 seconds
[2025-07-18T21:51:08.980+0000] {processor.py:153} INFO - Started process (PID=364) to work on /opt/airflow/dags/demo.py
[2025-07-18T21:51:08.982+0000] {processor.py:743} INFO - Processing file /opt/airflow/dags/demo.py for tasks to queue
[2025-07-18T21:51:08.984+0000] {logging_mixin.py:137} INFO - [2025-07-18T21:51:08.983+0000] {dagbag.py:532} INFO - Filling up the DagBag from /opt/airflow/dags/demo.py
[2025-07-18T21:51:09.014+0000] {processor.py:753} INFO - DAG(s) dict_keys(['run_eda_script_python']) retrieved from /opt/airflow/dags/demo.py
[2025-07-18T21:51:09.336+0000] {logging_mixin.py:137} INFO - [2025-07-18T21:51:09.335+0000] {dag.py:2705} INFO - Sync 1 DAGs
[2025-07-18T21:51:09.357+0000] {logging_mixin.py:137} INFO - [2025-07-18T21:51:09.357+0000] {dag.py:3452} INFO - Setting next_dagrun for run_eda_script_python to None, run_after=None
[2025-07-18T21:51:09.387+0000] {processor.py:175} INFO - Processing /opt/airflow/dags/demo.py took 0.413 seconds
[2025-07-18T21:51:37.256+0000] {processor.py:153} INFO - Started process (PID=374) to work on /opt/airflow/dags/demo.py
[2025-07-18T21:51:37.257+0000] {processor.py:743} INFO - Processing file /opt/airflow/dags/demo.py for tasks to queue
[2025-07-18T21:51:37.258+0000] {logging_mixin.py:137} INFO - [2025-07-18T21:51:37.258+0000] {dagbag.py:532} INFO - Filling up the DagBag from /opt/airflow/dags/demo.py
[2025-07-18T21:51:37.336+0000] {processor.py:753} INFO - DAG(s) dict_keys(['run_eda_script_python']) retrieved from /opt/airflow/dags/demo.py
[2025-07-18T21:51:37.353+0000] {logging_mixin.py:137} INFO - [2025-07-18T21:51:37.353+0000] {dag.py:2705} INFO - Sync 1 DAGs
[2025-07-18T21:51:37.387+0000] {logging_mixin.py:137} INFO - [2025-07-18T21:51:37.387+0000] {dag.py:3452} INFO - Setting next_dagrun for run_eda_script_python to None, run_after=None
[2025-07-18T21:51:37.613+0000] {processor.py:175} INFO - Processing /opt/airflow/dags/demo.py took 0.362 seconds
[2025-07-18T21:51:43.551+0000] {processor.py:153} INFO - Started process (PID=379) to work on /opt/airflow/dags/demo.py
[2025-07-18T21:51:43.552+0000] {processor.py:743} INFO - Processing file /opt/airflow/dags/demo.py for tasks to queue
[2025-07-18T21:51:43.553+0000] {logging_mixin.py:137} INFO - [2025-07-18T21:51:43.553+0000] {dagbag.py:532} INFO - Filling up the DagBag from /opt/airflow/dags/demo.py
[2025-07-18T21:51:43.596+0000] {processor.py:753} INFO - DAG(s) dict_keys(['run_eda_script_python']) retrieved from /opt/airflow/dags/demo.py
[2025-07-18T21:51:43.665+0000] {logging_mixin.py:137} INFO - [2025-07-18T21:51:43.664+0000] {dag.py:2705} INFO - Sync 1 DAGs
[2025-07-18T21:51:43.687+0000] {logging_mixin.py:137} INFO - [2025-07-18T21:51:43.687+0000] {dag.py:3452} INFO - Setting next_dagrun for run_eda_script_python to None, run_after=None
[2025-07-18T21:51:43.721+0000] {processor.py:175} INFO - Processing /opt/airflow/dags/demo.py took 0.174 seconds
[2025-07-18T21:52:15.748+0000] {processor.py:153} INFO - Started process (PID=395) to work on /opt/airflow/dags/demo.py
[2025-07-18T21:52:15.750+0000] {processor.py:743} INFO - Processing file /opt/airflow/dags/demo.py for tasks to queue
[2025-07-18T21:52:15.755+0000] {logging_mixin.py:137} INFO - [2025-07-18T21:52:15.755+0000] {dagbag.py:532} INFO - Filling up the DagBag from /opt/airflow/dags/demo.py
[2025-07-18T21:52:15.778+0000] {processor.py:753} INFO - DAG(s) dict_keys(['run_eda_script_python']) retrieved from /opt/airflow/dags/demo.py
[2025-07-18T21:52:15.819+0000] {logging_mixin.py:137} INFO - [2025-07-18T21:52:15.819+0000] {dag.py:2705} INFO - Sync 1 DAGs
[2025-07-18T21:52:15.853+0000] {logging_mixin.py:137} INFO - [2025-07-18T21:52:15.853+0000] {dag.py:3452} INFO - Setting next_dagrun for run_eda_script_python to None, run_after=None
[2025-07-18T21:52:15.893+0000] {processor.py:175} INFO - Processing /opt/airflow/dags/demo.py took 0.147 seconds
[2025-07-18T21:52:47.060+0000] {processor.py:153} INFO - Started process (PID=409) to work on /opt/airflow/dags/demo.py
[2025-07-18T21:52:47.061+0000] {processor.py:743} INFO - Processing file /opt/airflow/dags/demo.py for tasks to queue
[2025-07-18T21:52:47.061+0000] {logging_mixin.py:137} INFO - [2025-07-18T21:52:47.061+0000] {dagbag.py:532} INFO - Filling up the DagBag from /opt/airflow/dags/demo.py
[2025-07-18T21:52:47.149+0000] {processor.py:753} INFO - DAG(s) dict_keys(['run_eda_script_python']) retrieved from /opt/airflow/dags/demo.py
[2025-07-18T21:52:47.161+0000] {logging_mixin.py:137} INFO - [2025-07-18T21:52:47.161+0000] {dag.py:2705} INFO - Sync 1 DAGs
[2025-07-18T21:52:47.182+0000] {logging_mixin.py:137} INFO - [2025-07-18T21:52:47.182+0000] {dag.py:3452} INFO - Setting next_dagrun for run_eda_script_python to None, run_after=None
[2025-07-18T21:52:47.201+0000] {processor.py:175} INFO - Processing /opt/airflow/dags/demo.py took 0.144 seconds
[2025-07-18T21:53:17.792+0000] {processor.py:153} INFO - Started process (PID=433) to work on /opt/airflow/dags/demo.py
[2025-07-18T21:53:17.793+0000] {processor.py:743} INFO - Processing file /opt/airflow/dags/demo.py for tasks to queue
[2025-07-18T21:53:17.794+0000] {logging_mixin.py:137} INFO - [2025-07-18T21:53:17.794+0000] {dagbag.py:532} INFO - Filling up the DagBag from /opt/airflow/dags/demo.py
[2025-07-18T21:53:17.815+0000] {processor.py:753} INFO - DAG(s) dict_keys(['run_eda_script_python']) retrieved from /opt/airflow/dags/demo.py
[2025-07-18T21:53:17.866+0000] {logging_mixin.py:137} INFO - [2025-07-18T21:53:17.866+0000] {dag.py:2705} INFO - Sync 1 DAGs
[2025-07-18T21:53:17.886+0000] {logging_mixin.py:137} INFO - [2025-07-18T21:53:17.886+0000] {dag.py:3452} INFO - Setting next_dagrun for run_eda_script_python to None, run_after=None
[2025-07-18T21:53:17.911+0000] {processor.py:175} INFO - Processing /opt/airflow/dags/demo.py took 0.124 seconds
[2025-07-18T21:53:48.237+0000] {processor.py:153} INFO - Started process (PID=443) to work on /opt/airflow/dags/demo.py
[2025-07-18T21:53:48.238+0000] {processor.py:743} INFO - Processing file /opt/airflow/dags/demo.py for tasks to queue
[2025-07-18T21:53:48.238+0000] {logging_mixin.py:137} INFO - [2025-07-18T21:53:48.238+0000] {dagbag.py:532} INFO - Filling up the DagBag from /opt/airflow/dags/demo.py
[2025-07-18T21:53:48.261+0000] {processor.py:753} INFO - DAG(s) dict_keys(['run_eda_script_python']) retrieved from /opt/airflow/dags/demo.py
[2025-07-18T21:53:48.283+0000] {logging_mixin.py:137} INFO - [2025-07-18T21:53:48.283+0000] {dag.py:2705} INFO - Sync 1 DAGs
[2025-07-18T21:53:48.307+0000] {logging_mixin.py:137} INFO - [2025-07-18T21:53:48.306+0000] {dag.py:3452} INFO - Setting next_dagrun for run_eda_script_python to None, run_after=None
[2025-07-18T21:53:48.330+0000] {processor.py:175} INFO - Processing /opt/airflow/dags/demo.py took 0.097 seconds
[2025-07-18T21:54:18.751+0000] {processor.py:153} INFO - Started process (PID=453) to work on /opt/airflow/dags/demo.py
[2025-07-18T21:54:18.753+0000] {processor.py:743} INFO - Processing file /opt/airflow/dags/demo.py for tasks to queue
[2025-07-18T21:54:18.755+0000] {logging_mixin.py:137} INFO - [2025-07-18T21:54:18.755+0000] {dagbag.py:532} INFO - Filling up the DagBag from /opt/airflow/dags/demo.py
[2025-07-18T21:54:18.832+0000] {processor.py:753} INFO - DAG(s) dict_keys(['run_eda_script_python']) retrieved from /opt/airflow/dags/demo.py
[2025-07-18T21:54:18.865+0000] {logging_mixin.py:137} INFO - [2025-07-18T21:54:18.864+0000] {dag.py:2705} INFO - Sync 1 DAGs
[2025-07-18T21:54:18.896+0000] {logging_mixin.py:137} INFO - [2025-07-18T21:54:18.896+0000] {dag.py:3452} INFO - Setting next_dagrun for run_eda_script_python to None, run_after=None
[2025-07-18T21:54:18.930+0000] {processor.py:175} INFO - Processing /opt/airflow/dags/demo.py took 0.182 seconds
[2025-07-18T21:54:49.016+0000] {processor.py:153} INFO - Started process (PID=463) to work on /opt/airflow/dags/demo.py
[2025-07-18T21:54:49.019+0000] {processor.py:743} INFO - Processing file /opt/airflow/dags/demo.py for tasks to queue
[2025-07-18T21:54:49.021+0000] {logging_mixin.py:137} INFO - [2025-07-18T21:54:49.021+0000] {dagbag.py:532} INFO - Filling up the DagBag from /opt/airflow/dags/demo.py
[2025-07-18T21:54:49.043+0000] {processor.py:753} INFO - DAG(s) dict_keys(['run_eda_script_python']) retrieved from /opt/airflow/dags/demo.py
[2025-07-18T21:54:49.089+0000] {logging_mixin.py:137} INFO - [2025-07-18T21:54:49.088+0000] {dag.py:2705} INFO - Sync 1 DAGs
[2025-07-18T21:54:49.112+0000] {logging_mixin.py:137} INFO - [2025-07-18T21:54:49.111+0000] {dag.py:3452} INFO - Setting next_dagrun for run_eda_script_python to None, run_after=None
[2025-07-18T21:54:49.135+0000] {processor.py:175} INFO - Processing /opt/airflow/dags/demo.py took 0.132 seconds
[2025-07-18T21:55:19.295+0000] {processor.py:153} INFO - Started process (PID=473) to work on /opt/airflow/dags/demo.py
[2025-07-18T21:55:19.296+0000] {processor.py:743} INFO - Processing file /opt/airflow/dags/demo.py for tasks to queue
[2025-07-18T21:55:19.297+0000] {logging_mixin.py:137} INFO - [2025-07-18T21:55:19.297+0000] {dagbag.py:532} INFO - Filling up the DagBag from /opt/airflow/dags/demo.py
[2025-07-18T21:55:19.317+0000] {processor.py:753} INFO - DAG(s) dict_keys(['run_eda_script_python']) retrieved from /opt/airflow/dags/demo.py
[2025-07-18T21:55:19.338+0000] {logging_mixin.py:137} INFO - [2025-07-18T21:55:19.337+0000] {dag.py:2705} INFO - Sync 1 DAGs
[2025-07-18T21:55:19.361+0000] {logging_mixin.py:137} INFO - [2025-07-18T21:55:19.361+0000] {dag.py:3452} INFO - Setting next_dagrun for run_eda_script_python to None, run_after=None
[2025-07-18T21:55:19.384+0000] {processor.py:175} INFO - Processing /opt/airflow/dags/demo.py took 0.092 seconds
[2025-07-18T21:55:43.687+0000] {processor.py:153} INFO - Started process (PID=483) to work on /opt/airflow/dags/demo.py
[2025-07-18T21:55:43.688+0000] {processor.py:743} INFO - Processing file /opt/airflow/dags/demo.py for tasks to queue
[2025-07-18T21:55:43.689+0000] {logging_mixin.py:137} INFO - [2025-07-18T21:55:43.689+0000] {dagbag.py:532} INFO - Filling up the DagBag from /opt/airflow/dags/demo.py
[2025-07-18T21:55:44.601+0000] {processor.py:753} INFO - DAG(s) dict_keys(['run_eda_script_python']) retrieved from /opt/airflow/dags/demo.py
[2025-07-18T21:55:44.612+0000] {logging_mixin.py:137} INFO - [2025-07-18T21:55:44.612+0000] {dag.py:2705} INFO - Sync 1 DAGs
[2025-07-18T21:55:44.648+0000] {logging_mixin.py:137} INFO - [2025-07-18T21:55:44.647+0000] {dag.py:3452} INFO - Setting next_dagrun for run_eda_script_python to None, run_after=None
[2025-07-18T21:55:44.682+0000] {processor.py:175} INFO - Processing /opt/airflow/dags/demo.py took 0.998 seconds
[2025-07-18T21:56:14.888+0000] {processor.py:153} INFO - Started process (PID=503) to work on /opt/airflow/dags/demo.py
[2025-07-18T21:56:14.889+0000] {processor.py:743} INFO - Processing file /opt/airflow/dags/demo.py for tasks to queue
[2025-07-18T21:56:14.890+0000] {logging_mixin.py:137} INFO - [2025-07-18T21:56:14.890+0000] {dagbag.py:532} INFO - Filling up the DagBag from /opt/airflow/dags/demo.py
[2025-07-18T21:56:14.908+0000] {processor.py:753} INFO - DAG(s) dict_keys(['run_eda_script_python']) retrieved from /opt/airflow/dags/demo.py
[2025-07-18T21:56:14.960+0000] {logging_mixin.py:137} INFO - [2025-07-18T21:56:14.960+0000] {dag.py:2705} INFO - Sync 1 DAGs
[2025-07-18T21:56:14.983+0000] {logging_mixin.py:137} INFO - [2025-07-18T21:56:14.983+0000] {dag.py:3452} INFO - Setting next_dagrun for run_eda_script_python to None, run_after=None
[2025-07-18T21:56:15.008+0000] {processor.py:175} INFO - Processing /opt/airflow/dags/demo.py took 0.123 seconds
[2025-07-18T21:56:45.304+0000] {processor.py:153} INFO - Started process (PID=513) to work on /opt/airflow/dags/demo.py
[2025-07-18T21:56:45.305+0000] {processor.py:743} INFO - Processing file /opt/airflow/dags/demo.py for tasks to queue
[2025-07-18T21:56:45.306+0000] {logging_mixin.py:137} INFO - [2025-07-18T21:56:45.306+0000] {dagbag.py:532} INFO - Filling up the DagBag from /opt/airflow/dags/demo.py
[2025-07-18T21:56:45.325+0000] {processor.py:753} INFO - DAG(s) dict_keys(['run_eda_script_python']) retrieved from /opt/airflow/dags/demo.py
[2025-07-18T21:56:45.345+0000] {logging_mixin.py:137} INFO - [2025-07-18T21:56:45.344+0000] {dag.py:2705} INFO - Sync 1 DAGs
[2025-07-18T21:56:45.364+0000] {logging_mixin.py:137} INFO - [2025-07-18T21:56:45.364+0000] {dag.py:3452} INFO - Setting next_dagrun for run_eda_script_python to None, run_after=None
[2025-07-18T21:56:45.384+0000] {processor.py:175} INFO - Processing /opt/airflow/dags/demo.py took 0.083 seconds
[2025-07-18T21:57:15.579+0000] {processor.py:153} INFO - Started process (PID=533) to work on /opt/airflow/dags/demo.py
[2025-07-18T21:57:15.580+0000] {processor.py:743} INFO - Processing file /opt/airflow/dags/demo.py for tasks to queue
[2025-07-18T21:57:15.581+0000] {logging_mixin.py:137} INFO - [2025-07-18T21:57:15.581+0000] {dagbag.py:532} INFO - Filling up the DagBag from /opt/airflow/dags/demo.py
[2025-07-18T21:57:15.599+0000] {processor.py:753} INFO - DAG(s) dict_keys(['run_eda_script_python']) retrieved from /opt/airflow/dags/demo.py
[2025-07-18T21:57:15.611+0000] {logging_mixin.py:137} INFO - [2025-07-18T21:57:15.611+0000] {dag.py:2705} INFO - Sync 1 DAGs
[2025-07-18T21:57:15.632+0000] {logging_mixin.py:137} INFO - [2025-07-18T21:57:15.631+0000] {dag.py:3452} INFO - Setting next_dagrun for run_eda_script_python to None, run_after=None
[2025-07-18T21:57:15.653+0000] {processor.py:175} INFO - Processing /opt/airflow/dags/demo.py took 0.077 seconds
[2025-07-18T21:57:45.901+0000] {processor.py:153} INFO - Started process (PID=543) to work on /opt/airflow/dags/demo.py
[2025-07-18T21:57:45.902+0000] {processor.py:743} INFO - Processing file /opt/airflow/dags/demo.py for tasks to queue
[2025-07-18T21:57:45.903+0000] {logging_mixin.py:137} INFO - [2025-07-18T21:57:45.903+0000] {dagbag.py:532} INFO - Filling up the DagBag from /opt/airflow/dags/demo.py
[2025-07-18T21:57:45.922+0000] {processor.py:753} INFO - DAG(s) dict_keys(['run_eda_script_python']) retrieved from /opt/airflow/dags/demo.py
[2025-07-18T21:57:45.972+0000] {logging_mixin.py:137} INFO - [2025-07-18T21:57:45.971+0000] {dag.py:2705} INFO - Sync 1 DAGs
[2025-07-18T21:57:45.990+0000] {logging_mixin.py:137} INFO - [2025-07-18T21:57:45.990+0000] {dag.py:3452} INFO - Setting next_dagrun for run_eda_script_python to None, run_after=None
[2025-07-18T21:57:46.063+0000] {processor.py:175} INFO - Processing /opt/airflow/dags/demo.py took 0.165 seconds
[2025-07-18T21:58:16.260+0000] {processor.py:153} INFO - Started process (PID=563) to work on /opt/airflow/dags/demo.py
[2025-07-18T21:58:16.261+0000] {processor.py:743} INFO - Processing file /opt/airflow/dags/demo.py for tasks to queue
[2025-07-18T21:58:16.262+0000] {logging_mixin.py:137} INFO - [2025-07-18T21:58:16.262+0000] {dagbag.py:532} INFO - Filling up the DagBag from /opt/airflow/dags/demo.py
[2025-07-18T21:58:16.280+0000] {processor.py:753} INFO - DAG(s) dict_keys(['run_eda_script_python']) retrieved from /opt/airflow/dags/demo.py
[2025-07-18T21:58:16.299+0000] {logging_mixin.py:137} INFO - [2025-07-18T21:58:16.298+0000] {dag.py:2705} INFO - Sync 1 DAGs
[2025-07-18T21:58:16.317+0000] {logging_mixin.py:137} INFO - [2025-07-18T21:58:16.317+0000] {dag.py:3452} INFO - Setting next_dagrun for run_eda_script_python to None, run_after=None
[2025-07-18T21:58:16.337+0000] {processor.py:175} INFO - Processing /opt/airflow/dags/demo.py took 0.080 seconds
[2025-07-18T21:58:46.514+0000] {processor.py:153} INFO - Started process (PID=573) to work on /opt/airflow/dags/demo.py
[2025-07-18T21:58:46.515+0000] {processor.py:743} INFO - Processing file /opt/airflow/dags/demo.py for tasks to queue
[2025-07-18T21:58:46.516+0000] {logging_mixin.py:137} INFO - [2025-07-18T21:58:46.515+0000] {dagbag.py:532} INFO - Filling up the DagBag from /opt/airflow/dags/demo.py
[2025-07-18T21:58:46.540+0000] {processor.py:753} INFO - DAG(s) dict_keys(['run_eda_script_python']) retrieved from /opt/airflow/dags/demo.py
[2025-07-18T21:58:46.557+0000] {logging_mixin.py:137} INFO - [2025-07-18T21:58:46.556+0000] {dag.py:2705} INFO - Sync 1 DAGs
[2025-07-18T21:58:46.584+0000] {logging_mixin.py:137} INFO - [2025-07-18T21:58:46.584+0000] {dag.py:3452} INFO - Setting next_dagrun for run_eda_script_python to None, run_after=None
[2025-07-18T21:58:46.612+0000] {processor.py:175} INFO - Processing /opt/airflow/dags/demo.py took 0.101 seconds
[2025-07-18T21:59:17.022+0000] {processor.py:153} INFO - Started process (PID=583) to work on /opt/airflow/dags/demo.py
[2025-07-18T21:59:17.024+0000] {processor.py:743} INFO - Processing file /opt/airflow/dags/demo.py for tasks to queue
[2025-07-18T21:59:17.025+0000] {logging_mixin.py:137} INFO - [2025-07-18T21:59:17.024+0000] {dagbag.py:532} INFO - Filling up the DagBag from /opt/airflow/dags/demo.py
[2025-07-18T21:59:17.049+0000] {processor.py:753} INFO - DAG(s) dict_keys(['run_eda_script_python']) retrieved from /opt/airflow/dags/demo.py
[2025-07-18T21:59:17.121+0000] {logging_mixin.py:137} INFO - [2025-07-18T21:59:17.121+0000] {dag.py:2705} INFO - Sync 1 DAGs
[2025-07-18T21:59:17.144+0000] {logging_mixin.py:137} INFO - [2025-07-18T21:59:17.144+0000] {dag.py:3452} INFO - Setting next_dagrun for run_eda_script_python to None, run_after=None
[2025-07-18T21:59:17.174+0000] {processor.py:175} INFO - Processing /opt/airflow/dags/demo.py took 0.156 seconds
[2025-07-18T21:59:48.377+0000] {processor.py:153} INFO - Started process (PID=603) to work on /opt/airflow/dags/demo.py
[2025-07-18T21:59:48.378+0000] {processor.py:743} INFO - Processing file /opt/airflow/dags/demo.py for tasks to queue
[2025-07-18T21:59:48.378+0000] {logging_mixin.py:137} INFO - [2025-07-18T21:59:48.378+0000] {dagbag.py:532} INFO - Filling up the DagBag from /opt/airflow/dags/demo.py
[2025-07-18T21:59:48.400+0000] {processor.py:753} INFO - DAG(s) dict_keys(['run_eda_script_python']) retrieved from /opt/airflow/dags/demo.py
[2025-07-18T21:59:48.421+0000] {logging_mixin.py:137} INFO - [2025-07-18T21:59:48.421+0000] {dag.py:2705} INFO - Sync 1 DAGs
[2025-07-18T21:59:48.442+0000] {logging_mixin.py:137} INFO - [2025-07-18T21:59:48.442+0000] {dag.py:3452} INFO - Setting next_dagrun for run_eda_script_python to None, run_after=None
[2025-07-18T21:59:48.467+0000] {processor.py:175} INFO - Processing /opt/airflow/dags/demo.py took 0.093 seconds
[2025-07-18T22:00:18.695+0000] {processor.py:153} INFO - Started process (PID=613) to work on /opt/airflow/dags/demo.py
[2025-07-18T22:00:18.696+0000] {processor.py:743} INFO - Processing file /opt/airflow/dags/demo.py for tasks to queue
[2025-07-18T22:00:18.697+0000] {logging_mixin.py:137} INFO - [2025-07-18T22:00:18.697+0000] {dagbag.py:532} INFO - Filling up the DagBag from /opt/airflow/dags/demo.py
[2025-07-18T22:00:18.718+0000] {processor.py:753} INFO - DAG(s) dict_keys(['run_eda_script_python']) retrieved from /opt/airflow/dags/demo.py
[2025-07-18T22:00:18.731+0000] {logging_mixin.py:137} INFO - [2025-07-18T22:00:18.731+0000] {dag.py:2705} INFO - Sync 1 DAGs
[2025-07-18T22:00:18.759+0000] {logging_mixin.py:137} INFO - [2025-07-18T22:00:18.759+0000] {dag.py:3452} INFO - Setting next_dagrun for run_eda_script_python to None, run_after=None
[2025-07-18T22:00:18.781+0000] {processor.py:175} INFO - Processing /opt/airflow/dags/demo.py took 0.089 seconds
[2025-07-18T22:00:49.036+0000] {processor.py:153} INFO - Started process (PID=633) to work on /opt/airflow/dags/demo.py
[2025-07-18T22:00:49.037+0000] {processor.py:743} INFO - Processing file /opt/airflow/dags/demo.py for tasks to queue
[2025-07-18T22:00:49.038+0000] {logging_mixin.py:137} INFO - [2025-07-18T22:00:49.037+0000] {dagbag.py:532} INFO - Filling up the DagBag from /opt/airflow/dags/demo.py
[2025-07-18T22:00:49.056+0000] {processor.py:753} INFO - DAG(s) dict_keys(['run_eda_script_python']) retrieved from /opt/airflow/dags/demo.py
[2025-07-18T22:00:49.102+0000] {logging_mixin.py:137} INFO - [2025-07-18T22:00:49.102+0000] {dag.py:2705} INFO - Sync 1 DAGs
[2025-07-18T22:00:49.120+0000] {logging_mixin.py:137} INFO - [2025-07-18T22:00:49.119+0000] {dag.py:3452} INFO - Setting next_dagrun for run_eda_script_python to None, run_after=None
[2025-07-18T22:00:49.141+0000] {processor.py:175} INFO - Processing /opt/airflow/dags/demo.py took 0.108 seconds
[2025-07-18T22:01:19.368+0000] {processor.py:153} INFO - Started process (PID=643) to work on /opt/airflow/dags/demo.py
[2025-07-18T22:01:19.369+0000] {processor.py:743} INFO - Processing file /opt/airflow/dags/demo.py for tasks to queue
[2025-07-18T22:01:19.370+0000] {logging_mixin.py:137} INFO - [2025-07-18T22:01:19.370+0000] {dagbag.py:532} INFO - Filling up the DagBag from /opt/airflow/dags/demo.py
[2025-07-18T22:01:19.400+0000] {processor.py:753} INFO - DAG(s) dict_keys(['run_eda_script_python']) retrieved from /opt/airflow/dags/demo.py
[2025-07-18T22:01:19.419+0000] {logging_mixin.py:137} INFO - [2025-07-18T22:01:19.418+0000] {dag.py:2705} INFO - Sync 1 DAGs
[2025-07-18T22:01:19.436+0000] {logging_mixin.py:137} INFO - [2025-07-18T22:01:19.436+0000] {dag.py:3452} INFO - Setting next_dagrun for run_eda_script_python to None, run_after=None
[2025-07-18T22:01:19.458+0000] {processor.py:175} INFO - Processing /opt/airflow/dags/demo.py took 0.094 seconds
[2025-07-18T22:01:49.770+0000] {processor.py:153} INFO - Started process (PID=653) to work on /opt/airflow/dags/demo.py
[2025-07-18T22:01:49.771+0000] {processor.py:743} INFO - Processing file /opt/airflow/dags/demo.py for tasks to queue
[2025-07-18T22:01:49.772+0000] {logging_mixin.py:137} INFO - [2025-07-18T22:01:49.772+0000] {dagbag.py:532} INFO - Filling up the DagBag from /opt/airflow/dags/demo.py
[2025-07-18T22:01:49.793+0000] {processor.py:753} INFO - DAG(s) dict_keys(['run_eda_script_python']) retrieved from /opt/airflow/dags/demo.py
[2025-07-18T22:01:49.804+0000] {logging_mixin.py:137} INFO - [2025-07-18T22:01:49.803+0000] {dag.py:2705} INFO - Sync 1 DAGs
[2025-07-18T22:01:49.828+0000] {logging_mixin.py:137} INFO - [2025-07-18T22:01:49.828+0000] {dag.py:3452} INFO - Setting next_dagrun for run_eda_script_python to None, run_after=None
[2025-07-18T22:01:49.852+0000] {processor.py:175} INFO - Processing /opt/airflow/dags/demo.py took 0.085 seconds
[2025-07-18T22:02:20.120+0000] {processor.py:153} INFO - Started process (PID=663) to work on /opt/airflow/dags/demo.py
[2025-07-18T22:02:20.121+0000] {processor.py:743} INFO - Processing file /opt/airflow/dags/demo.py for tasks to queue
[2025-07-18T22:02:20.122+0000] {logging_mixin.py:137} INFO - [2025-07-18T22:02:20.122+0000] {dagbag.py:532} INFO - Filling up the DagBag from /opt/airflow/dags/demo.py
[2025-07-18T22:02:20.167+0000] {processor.py:753} INFO - DAG(s) dict_keys(['run_eda_script_python']) retrieved from /opt/airflow/dags/demo.py
[2025-07-18T22:02:20.253+0000] {logging_mixin.py:137} INFO - [2025-07-18T22:02:20.253+0000] {dag.py:2705} INFO - Sync 1 DAGs
[2025-07-18T22:02:20.274+0000] {logging_mixin.py:137} INFO - [2025-07-18T22:02:20.274+0000] {dag.py:3452} INFO - Setting next_dagrun for run_eda_script_python to None, run_after=None
[2025-07-18T22:02:20.301+0000] {processor.py:175} INFO - Processing /opt/airflow/dags/demo.py took 0.184 seconds
[2025-07-18T22:02:50.509+0000] {processor.py:153} INFO - Started process (PID=675) to work on /opt/airflow/dags/demo.py
[2025-07-18T22:02:50.510+0000] {processor.py:743} INFO - Processing file /opt/airflow/dags/demo.py for tasks to queue
[2025-07-18T22:02:50.511+0000] {logging_mixin.py:137} INFO - [2025-07-18T22:02:50.510+0000] {dagbag.py:532} INFO - Filling up the DagBag from /opt/airflow/dags/demo.py
[2025-07-18T22:02:50.554+0000] {processor.py:753} INFO - DAG(s) dict_keys(['run_eda_script_python']) retrieved from /opt/airflow/dags/demo.py
[2025-07-18T22:02:50.573+0000] {logging_mixin.py:137} INFO - [2025-07-18T22:02:50.573+0000] {dag.py:2705} INFO - Sync 1 DAGs
[2025-07-18T22:02:50.591+0000] {logging_mixin.py:137} INFO - [2025-07-18T22:02:50.591+0000] {dag.py:3452} INFO - Setting next_dagrun for run_eda_script_python to None, run_after=None
[2025-07-18T22:02:50.613+0000] {processor.py:175} INFO - Processing /opt/airflow/dags/demo.py took 0.107 seconds
[2025-07-18T22:03:20.826+0000] {processor.py:153} INFO - Started process (PID=685) to work on /opt/airflow/dags/demo.py
[2025-07-18T22:03:20.828+0000] {processor.py:743} INFO - Processing file /opt/airflow/dags/demo.py for tasks to queue
[2025-07-18T22:03:20.829+0000] {logging_mixin.py:137} INFO - [2025-07-18T22:03:20.829+0000] {dagbag.py:532} INFO - Filling up the DagBag from /opt/airflow/dags/demo.py
[2025-07-18T22:03:20.870+0000] {processor.py:753} INFO - DAG(s) dict_keys(['run_eda_script_python']) retrieved from /opt/airflow/dags/demo.py
[2025-07-18T22:03:20.883+0000] {logging_mixin.py:137} INFO - [2025-07-18T22:03:20.883+0000] {dag.py:2705} INFO - Sync 1 DAGs
[2025-07-18T22:03:20.907+0000] {logging_mixin.py:137} INFO - [2025-07-18T22:03:20.907+0000] {dag.py:3452} INFO - Setting next_dagrun for run_eda_script_python to None, run_after=None
[2025-07-18T22:03:20.937+0000] {processor.py:175} INFO - Processing /opt/airflow/dags/demo.py took 0.114 seconds
[2025-07-18T22:03:51.172+0000] {processor.py:153} INFO - Started process (PID=695) to work on /opt/airflow/dags/demo.py
[2025-07-18T22:03:51.173+0000] {processor.py:743} INFO - Processing file /opt/airflow/dags/demo.py for tasks to queue
[2025-07-18T22:03:51.173+0000] {logging_mixin.py:137} INFO - [2025-07-18T22:03:51.173+0000] {dagbag.py:532} INFO - Filling up the DagBag from /opt/airflow/dags/demo.py
[2025-07-18T22:03:51.192+0000] {processor.py:753} INFO - DAG(s) dict_keys(['run_eda_script_python']) retrieved from /opt/airflow/dags/demo.py
[2025-07-18T22:03:51.241+0000] {logging_mixin.py:137} INFO - [2025-07-18T22:03:51.241+0000] {dag.py:2705} INFO - Sync 1 DAGs
[2025-07-18T22:03:51.259+0000] {logging_mixin.py:137} INFO - [2025-07-18T22:03:51.259+0000] {dag.py:3452} INFO - Setting next_dagrun for run_eda_script_python to None, run_after=None
[2025-07-18T22:03:51.282+0000] {processor.py:175} INFO - Processing /opt/airflow/dags/demo.py took 0.114 seconds
[2025-07-18T22:04:21.542+0000] {processor.py:153} INFO - Started process (PID=705) to work on /opt/airflow/dags/demo.py
[2025-07-18T22:04:21.543+0000] {processor.py:743} INFO - Processing file /opt/airflow/dags/demo.py for tasks to queue
[2025-07-18T22:04:21.543+0000] {logging_mixin.py:137} INFO - [2025-07-18T22:04:21.543+0000] {dagbag.py:532} INFO - Filling up the DagBag from /opt/airflow/dags/demo.py
[2025-07-18T22:04:21.562+0000] {processor.py:753} INFO - DAG(s) dict_keys(['run_eda_script_python']) retrieved from /opt/airflow/dags/demo.py
[2025-07-18T22:04:21.583+0000] {logging_mixin.py:137} INFO - [2025-07-18T22:04:21.583+0000] {dag.py:2705} INFO - Sync 1 DAGs
[2025-07-18T22:04:21.602+0000] {logging_mixin.py:137} INFO - [2025-07-18T22:04:21.602+0000] {dag.py:3452} INFO - Setting next_dagrun for run_eda_script_python to None, run_after=None
[2025-07-18T22:04:21.625+0000] {processor.py:175} INFO - Processing /opt/airflow/dags/demo.py took 0.085 seconds
[2025-07-18T22:04:51.826+0000] {processor.py:153} INFO - Started process (PID=715) to work on /opt/airflow/dags/demo.py
[2025-07-18T22:04:51.827+0000] {processor.py:743} INFO - Processing file /opt/airflow/dags/demo.py for tasks to queue
[2025-07-18T22:04:51.827+0000] {logging_mixin.py:137} INFO - [2025-07-18T22:04:51.827+0000] {dagbag.py:532} INFO - Filling up the DagBag from /opt/airflow/dags/demo.py
[2025-07-18T22:04:51.846+0000] {processor.py:753} INFO - DAG(s) dict_keys(['run_eda_script_python']) retrieved from /opt/airflow/dags/demo.py
[2025-07-18T22:04:51.857+0000] {logging_mixin.py:137} INFO - [2025-07-18T22:04:51.857+0000] {dag.py:2705} INFO - Sync 1 DAGs
[2025-07-18T22:04:51.877+0000] {logging_mixin.py:137} INFO - [2025-07-18T22:04:51.877+0000] {dag.py:3452} INFO - Setting next_dagrun for run_eda_script_python to None, run_after=None
[2025-07-18T22:04:51.899+0000] {processor.py:175} INFO - Processing /opt/airflow/dags/demo.py took 0.076 seconds
[2025-07-18T22:05:22.162+0000] {processor.py:153} INFO - Started process (PID=725) to work on /opt/airflow/dags/demo.py
[2025-07-18T22:05:22.163+0000] {processor.py:743} INFO - Processing file /opt/airflow/dags/demo.py for tasks to queue
[2025-07-18T22:05:22.164+0000] {logging_mixin.py:137} INFO - [2025-07-18T22:05:22.164+0000] {dagbag.py:532} INFO - Filling up the DagBag from /opt/airflow/dags/demo.py
[2025-07-18T22:05:22.183+0000] {processor.py:753} INFO - DAG(s) dict_keys(['run_eda_script_python']) retrieved from /opt/airflow/dags/demo.py
[2025-07-18T22:05:22.228+0000] {logging_mixin.py:137} INFO - [2025-07-18T22:05:22.228+0000] {dag.py:2705} INFO - Sync 1 DAGs
[2025-07-18T22:05:22.246+0000] {logging_mixin.py:137} INFO - [2025-07-18T22:05:22.246+0000] {dag.py:3452} INFO - Setting next_dagrun for run_eda_script_python to None, run_after=None
[2025-07-18T22:05:22.268+0000] {processor.py:175} INFO - Processing /opt/airflow/dags/demo.py took 0.109 seconds
[2025-07-18T22:05:52.542+0000] {processor.py:153} INFO - Started process (PID=735) to work on /opt/airflow/dags/demo.py
[2025-07-18T22:05:52.543+0000] {processor.py:743} INFO - Processing file /opt/airflow/dags/demo.py for tasks to queue
[2025-07-18T22:05:52.544+0000] {logging_mixin.py:137} INFO - [2025-07-18T22:05:52.544+0000] {dagbag.py:532} INFO - Filling up the DagBag from /opt/airflow/dags/demo.py
[2025-07-18T22:05:52.577+0000] {processor.py:753} INFO - DAG(s) dict_keys(['run_eda_script_python']) retrieved from /opt/airflow/dags/demo.py
[2025-07-18T22:05:52.596+0000] {logging_mixin.py:137} INFO - [2025-07-18T22:05:52.596+0000] {dag.py:2705} INFO - Sync 1 DAGs
[2025-07-18T22:05:52.616+0000] {logging_mixin.py:137} INFO - [2025-07-18T22:05:52.615+0000] {dag.py:3452} INFO - Setting next_dagrun for run_eda_script_python to None, run_after=None
[2025-07-18T22:05:52.639+0000] {processor.py:175} INFO - Processing /opt/airflow/dags/demo.py took 0.100 seconds
[2025-07-18T22:06:22.843+0000] {processor.py:153} INFO - Started process (PID=745) to work on /opt/airflow/dags/demo.py
[2025-07-18T22:06:22.844+0000] {processor.py:743} INFO - Processing file /opt/airflow/dags/demo.py for tasks to queue
[2025-07-18T22:06:22.845+0000] {logging_mixin.py:137} INFO - [2025-07-18T22:06:22.845+0000] {dagbag.py:532} INFO - Filling up the DagBag from /opt/airflow/dags/demo.py
[2025-07-18T22:06:22.864+0000] {processor.py:753} INFO - DAG(s) dict_keys(['run_eda_script_python']) retrieved from /opt/airflow/dags/demo.py
[2025-07-18T22:06:22.877+0000] {logging_mixin.py:137} INFO - [2025-07-18T22:06:22.876+0000] {dag.py:2705} INFO - Sync 1 DAGs
[2025-07-18T22:06:22.900+0000] {logging_mixin.py:137} INFO - [2025-07-18T22:06:22.899+0000] {dag.py:3452} INFO - Setting next_dagrun for run_eda_script_python to None, run_after=None
[2025-07-18T22:06:22.921+0000] {processor.py:175} INFO - Processing /opt/airflow/dags/demo.py took 0.082 seconds
