[2025-07-18T21:29:45.667+0000] {processor.py:153} INFO - Started process (PID=171) to work on /opt/airflow/dags/example.py
[2025-07-18T21:29:45.938+0000] {processor.py:743} INFO - Processing file /opt/airflow/dags/example.py for tasks to queue
[2025-07-18T21:29:46.761+0000] {logging_mixin.py:137} INFO - [2025-07-18T21:29:46.760+0000] {dagbag.py:532} INFO - Filling up the DagBag from /opt/airflow/dags/example.py
[2025-07-18T21:30:04.977+0000] {processor.py:153} INFO - Started process (PID=177) to work on /opt/airflow/dags/example.py
[2025-07-18T21:30:05.035+0000] {processor.py:743} INFO - Processing file /opt/airflow/dags/example.py for tasks to queue
[2025-07-18T21:30:05.318+0000] {logging_mixin.py:137} INFO - [2025-07-18T21:30:05.318+0000] {dagbag.py:532} INFO - Filling up the DagBag from /opt/airflow/dags/example.py
[2025-07-18T21:31:31.617+0000] {processor.py:153} INFO - Started process (PID=180) to work on /opt/airflow/dags/example.py
[2025-07-18T21:31:31.624+0000] {processor.py:743} INFO - Processing file /opt/airflow/dags/example.py for tasks to queue
[2025-07-18T21:31:31.628+0000] {logging_mixin.py:137} INFO - [2025-07-18T21:31:31.627+0000] {dagbag.py:532} INFO - Filling up the DagBag from /opt/airflow/dags/example.py
[2025-07-18T21:41:43.833+0000] {processor.py:153} INFO - Started process (PID=166) to work on /opt/airflow/dags/example.py
[2025-07-18T21:41:43.835+0000] {processor.py:743} INFO - Processing file /opt/airflow/dags/example.py for tasks to queue
[2025-07-18T21:41:43.836+0000] {logging_mixin.py:137} INFO - [2025-07-18T21:41:43.835+0000] {dagbag.py:532} INFO - Filling up the DagBag from /opt/airflow/dags/example.py
[2025-07-18T21:41:43.885+0000] {processor.py:753} INFO - DAG(s) dict_keys(['run_eda']) retrieved from /opt/airflow/dags/example.py
[2025-07-18T21:41:44.166+0000] {logging_mixin.py:137} INFO - [2025-07-18T21:41:44.166+0000] {manager.py:504} INFO - Created Permission View: can read on DAG:run_eda
[2025-07-18T21:41:44.178+0000] {logging_mixin.py:137} INFO - [2025-07-18T21:41:44.177+0000] {manager.py:507} ERROR - Creation of Permission View Error: (psycopg2.errors.UniqueViolation) duplicate key value violates unique constraint "ab_permission_view_permission_id_view_menu_id_uq"
DETAIL:  Key (permission_id, view_menu_id)=(1, 51) already exists.

[SQL: INSERT INTO ab_permission_view (permission_id, view_menu_id) VALUES (%(permission_id)s, %(view_menu_id)s) RETURNING ab_permission_view.id]
[parameters: {'permission_id': 1, 'view_menu_id': 51}]
(Background on this error at: https://sqlalche.me/e/14/gkpj)
[2025-07-18T21:41:44.186+0000] {logging_mixin.py:137} INFO - [2025-07-18T21:41:44.186+0000] {manager.py:507} ERROR - Creation of Permission View Error: (psycopg2.errors.UniqueViolation) duplicate key value violates unique constraint "ab_permission_view_permission_id_view_menu_id_uq"
DETAIL:  Key (permission_id, view_menu_id)=(4, 51) already exists.

[SQL: INSERT INTO ab_permission_view (permission_id, view_menu_id) VALUES (%(permission_id)s, %(view_menu_id)s) RETURNING ab_permission_view.id]
[parameters: {'permission_id': 4, 'view_menu_id': 51}]
(Background on this error at: https://sqlalche.me/e/14/gkpj)
[2025-07-18T21:41:44.187+0000] {logging_mixin.py:137} INFO - [2025-07-18T21:41:44.187+0000] {dag.py:2705} INFO - Sync 1 DAGs
[2025-07-18T21:41:44.199+0000] {logging_mixin.py:137} INFO - [2025-07-18T21:41:44.199+0000] {dag.py:2726} INFO - Creating ORM DAG for run_eda
[2025-07-18T21:41:44.209+0000] {logging_mixin.py:137} INFO - [2025-07-18T21:41:44.209+0000] {dag.py:3452} INFO - Setting next_dagrun for run_eda to None, run_after=None
[2025-07-18T21:41:44.499+0000] {logging_mixin.py:137} WARNING - /home/airflow/.local/lib/python3.10/site-packages/airflow/models/dagbag.py:633 RemovedInAirflow3Warning: DAG.full_filepath is deprecated in favour of fileloc
[2025-07-18T21:41:44.506+0000] {logging_mixin.py:137} INFO - [2025-07-18T21:41:44.500+0000] {dagbag.py:633} ERROR - Failed to write serialized DAG: /opt/airflow/dags/example.py
Traceback (most recent call last):
  File "/home/airflow/.local/lib/python3.10/site-packages/airflow/models/dagbag.py", line 622, in _serialize_dag_capturing_errors
    dag_was_updated = SerializedDagModel.write_dag(
  File "/home/airflow/.local/lib/python3.10/site-packages/airflow/utils/session.py", line 72, in wrapper
    return func(*args, **kwargs)
  File "/home/airflow/.local/lib/python3.10/site-packages/airflow/models/serialized_dag.py", line 152, in write_dag
    .scalar()
  File "/home/airflow/.local/lib/python3.10/site-packages/sqlalchemy/orm/query.py", line 2893, in scalar
    ret = self.one()
  File "/home/airflow/.local/lib/python3.10/site-packages/sqlalchemy/orm/query.py", line 2870, in one
    return self._iter().one()
  File "/home/airflow/.local/lib/python3.10/site-packages/sqlalchemy/orm/query.py", line 2916, in _iter
    result = self.session.execute(
  File "/home/airflow/.local/lib/python3.10/site-packages/sqlalchemy/orm/session.py", line 1713, in execute
    conn = self._connection_for_bind(bind)
  File "/home/airflow/.local/lib/python3.10/site-packages/sqlalchemy/orm/session.py", line 1552, in _connection_for_bind
    return self._transaction._connection_for_bind(
  File "/home/airflow/.local/lib/python3.10/site-packages/sqlalchemy/orm/session.py", line 721, in _connection_for_bind
    self._assert_active()
  File "/home/airflow/.local/lib/python3.10/site-packages/sqlalchemy/orm/session.py", line 601, in _assert_active
    raise sa_exc.PendingRollbackError(
sqlalchemy.exc.PendingRollbackError: This Session's transaction has been rolled back due to a previous exception during flush. To begin a new transaction with this Session, first issue Session.rollback(). Original exception was: (psycopg2.errors.UniqueViolation) duplicate key value violates unique constraint "dag_pkey"
DETAIL:  Key (dag_id)=(run_eda) already exists.

[SQL: INSERT INTO dag (dag_id, root_dag_id, is_paused, is_subdag, is_active, last_parsed_time, last_pickled, last_expired, scheduler_lock, pickle_id, fileloc, processor_subdir, owners, description, default_view, schedule_interval, timetable_description, max_active_tasks, max_active_runs, has_task_concurrency_limits, has_import_errors, next_dagrun, next_dagrun_data_interval_start, next_dagrun_data_interval_end, next_dagrun_create_after) VALUES (%(dag_id)s, %(root_dag_id)s, %(is_paused)s, %(is_subdag)s, %(is_active)s, %(last_parsed_time)s, %(last_pickled)s, %(last_expired)s, %(scheduler_lock)s, %(pickle_id)s, %(fileloc)s, %(processor_subdir)s, %(owners)s, %(description)s, %(default_view)s, %(schedule_interval)s, %(timetable_description)s, %(max_active_tasks)s, %(max_active_runs)s, %(has_task_concurrency_limits)s, %(has_import_errors)s, %(next_dagrun)s, %(next_dagrun_data_interval_start)s, %(next_dagrun_data_interval_end)s, %(next_dagrun_create_after)s)]
[parameters: {'dag_id': 'run_eda', 'root_dag_id': None, 'is_paused': True, 'is_subdag': False, 'is_active': True, 'last_parsed_time': datetime.datetime(2025, 7, 18, 21, 41, 44, 209299, tzinfo=Timezone('UTC')), 'last_pickled': None, 'last_expired': None, 'scheduler_lock': None, 'pickle_id': None, 'fileloc': '/opt/airflow/dags/example.py', 'processor_subdir': '/opt/airflow/dags', 'owners': 'airflow', 'description': None, 'default_view': 'grid', 'schedule_interval': 'null', 'timetable_description': 'Never, external triggers only', 'max_active_tasks': 16, 'max_active_runs': 16, 'has_task_concurrency_limits': False, 'has_import_errors': False, 'next_dagrun': None, 'next_dagrun_data_interval_start': None, 'next_dagrun_data_interval_end': None, 'next_dagrun_create_after': None}]
(Background on this error at: https://sqlalche.me/e/14/gkpj) (Background on this error at: https://sqlalche.me/e/14/7s2a)
[2025-07-18T21:41:44.507+0000] {logging_mixin.py:137} INFO - [2025-07-18T21:41:44.506+0000] {dag.py:2705} INFO - Sync 1 DAGs
[2025-07-18T21:41:44.508+0000] {processor.py:178} ERROR - Got an exception! Propagating...
Traceback (most recent call last):
  File "/home/airflow/.local/lib/python3.10/site-packages/airflow/dag_processing/processor.py", line 174, in _run_file_processor
    _handle_dag_file_processing()
  File "/home/airflow/.local/lib/python3.10/site-packages/airflow/dag_processing/processor.py", line 155, in _handle_dag_file_processing
    result: tuple[int, int] = dag_file_processor.process_file(
  File "/home/airflow/.local/lib/python3.10/site-packages/airflow/utils/session.py", line 75, in wrapper
    return func(*args, session=session, **kwargs)
  File "/home/airflow/.local/lib/python3.10/site-packages/airflow/dag_processing/processor.py", line 768, in process_file
    dagbag.sync_to_db(processor_subdir=self._dag_directory, session=session)
  File "/home/airflow/.local/lib/python3.10/site-packages/airflow/utils/session.py", line 72, in wrapper
    return func(*args, **kwargs)
  File "/home/airflow/.local/lib/python3.10/site-packages/airflow/models/dagbag.py", line 639, in sync_to_db
    for attempt in run_with_db_retries(logger=self.log):
  File "/home/airflow/.local/lib/python3.10/site-packages/tenacity/__init__.py", line 347, in __iter__
    do = self.iter(retry_state=retry_state)
  File "/home/airflow/.local/lib/python3.10/site-packages/tenacity/__init__.py", line 314, in iter
    return fut.result()
  File "/usr/local/lib/python3.10/concurrent/futures/_base.py", line 451, in result
    return self.__get_result()
  File "/usr/local/lib/python3.10/concurrent/futures/_base.py", line 403, in __get_result
    raise self._exception
  File "/home/airflow/.local/lib/python3.10/site-packages/airflow/models/dagbag.py", line 653, in sync_to_db
    DAG.bulk_write_to_db(
  File "/home/airflow/.local/lib/python3.10/site-packages/airflow/utils/session.py", line 72, in wrapper
    return func(*args, **kwargs)
  File "/home/airflow/.local/lib/python3.10/site-packages/airflow/models/dag.py", line 2716, in bulk_write_to_db
    orm_dags: list[DagModel] = with_row_locks(query, of=DagModel, session=session).all()
  File "/home/airflow/.local/lib/python3.10/site-packages/sqlalchemy/orm/query.py", line 2773, in all
    return self._iter().all()
  File "/home/airflow/.local/lib/python3.10/site-packages/sqlalchemy/orm/query.py", line 2916, in _iter
    result = self.session.execute(
  File "/home/airflow/.local/lib/python3.10/site-packages/sqlalchemy/orm/session.py", line 1713, in execute
    conn = self._connection_for_bind(bind)
  File "/home/airflow/.local/lib/python3.10/site-packages/sqlalchemy/orm/session.py", line 1552, in _connection_for_bind
    return self._transaction._connection_for_bind(
  File "/home/airflow/.local/lib/python3.10/site-packages/sqlalchemy/orm/session.py", line 721, in _connection_for_bind
    self._assert_active()
  File "/home/airflow/.local/lib/python3.10/site-packages/sqlalchemy/orm/session.py", line 601, in _assert_active
    raise sa_exc.PendingRollbackError(
sqlalchemy.exc.PendingRollbackError: This Session's transaction has been rolled back due to a previous exception during flush. To begin a new transaction with this Session, first issue Session.rollback(). Original exception was: (psycopg2.errors.UniqueViolation) duplicate key value violates unique constraint "dag_pkey"
DETAIL:  Key (dag_id)=(run_eda) already exists.

[SQL: INSERT INTO dag (dag_id, root_dag_id, is_paused, is_subdag, is_active, last_parsed_time, last_pickled, last_expired, scheduler_lock, pickle_id, fileloc, processor_subdir, owners, description, default_view, schedule_interval, timetable_description, max_active_tasks, max_active_runs, has_task_concurrency_limits, has_import_errors, next_dagrun, next_dagrun_data_interval_start, next_dagrun_data_interval_end, next_dagrun_create_after) VALUES (%(dag_id)s, %(root_dag_id)s, %(is_paused)s, %(is_subdag)s, %(is_active)s, %(last_parsed_time)s, %(last_pickled)s, %(last_expired)s, %(scheduler_lock)s, %(pickle_id)s, %(fileloc)s, %(processor_subdir)s, %(owners)s, %(description)s, %(default_view)s, %(schedule_interval)s, %(timetable_description)s, %(max_active_tasks)s, %(max_active_runs)s, %(has_task_concurrency_limits)s, %(has_import_errors)s, %(next_dagrun)s, %(next_dagrun_data_interval_start)s, %(next_dagrun_data_interval_end)s, %(next_dagrun_create_after)s)]
[parameters: {'dag_id': 'run_eda', 'root_dag_id': None, 'is_paused': True, 'is_subdag': False, 'is_active': True, 'last_parsed_time': datetime.datetime(2025, 7, 18, 21, 41, 44, 209299, tzinfo=Timezone('UTC')), 'last_pickled': None, 'last_expired': None, 'scheduler_lock': None, 'pickle_id': None, 'fileloc': '/opt/airflow/dags/example.py', 'processor_subdir': '/opt/airflow/dags', 'owners': 'airflow', 'description': None, 'default_view': 'grid', 'schedule_interval': 'null', 'timetable_description': 'Never, external triggers only', 'max_active_tasks': 16, 'max_active_runs': 16, 'has_task_concurrency_limits': False, 'has_import_errors': False, 'next_dagrun': None, 'next_dagrun_data_interval_start': None, 'next_dagrun_data_interval_end': None, 'next_dagrun_create_after': None}]
(Background on this error at: https://sqlalche.me/e/14/gkpj) (Background on this error at: https://sqlalche.me/e/14/7s2a)
[2025-07-18T21:42:16.074+0000] {processor.py:153} INFO - Started process (PID=175) to work on /opt/airflow/dags/example.py
[2025-07-18T21:42:16.139+0000] {processor.py:743} INFO - Processing file /opt/airflow/dags/example.py for tasks to queue
[2025-07-18T21:42:16.142+0000] {logging_mixin.py:137} INFO - [2025-07-18T21:42:16.142+0000] {dagbag.py:532} INFO - Filling up the DagBag from /opt/airflow/dags/example.py
[2025-07-18T21:42:17.967+0000] {processor.py:753} INFO - DAG(s) dict_keys(['run_eda']) retrieved from /opt/airflow/dags/example.py
[2025-07-18T21:42:18.232+0000] {logging_mixin.py:137} INFO - [2025-07-18T21:42:18.232+0000] {dag.py:2705} INFO - Sync 1 DAGs
[2025-07-18T21:42:18.441+0000] {logging_mixin.py:137} INFO - [2025-07-18T21:42:18.441+0000] {dag.py:3452} INFO - Setting next_dagrun for run_eda to None, run_after=None
[2025-07-18T21:42:18.518+0000] {processor.py:175} INFO - Processing /opt/airflow/dags/example.py took 2.795 seconds
[2025-07-18T21:42:54.130+0000] {processor.py:153} INFO - Started process (PID=186) to work on /opt/airflow/dags/example.py
[2025-07-18T21:42:54.132+0000] {processor.py:743} INFO - Processing file /opt/airflow/dags/example.py for tasks to queue
[2025-07-18T21:42:54.133+0000] {logging_mixin.py:137} INFO - [2025-07-18T21:42:54.133+0000] {dagbag.py:532} INFO - Filling up the DagBag from /opt/airflow/dags/example.py
[2025-07-18T21:42:55.169+0000] {processor.py:753} INFO - DAG(s) dict_keys(['run_eda']) retrieved from /opt/airflow/dags/example.py
[2025-07-18T21:42:56.486+0000] {logging_mixin.py:137} INFO - [2025-07-18T21:42:56.485+0000] {dag.py:2705} INFO - Sync 1 DAGs
[2025-07-18T21:42:56.969+0000] {logging_mixin.py:137} INFO - [2025-07-18T21:42:56.969+0000] {dag.py:3452} INFO - Setting next_dagrun for run_eda to None, run_after=None
[2025-07-18T21:42:56.989+0000] {processor.py:175} INFO - Processing /opt/airflow/dags/example.py took 2.935 seconds
[2025-07-18T21:43:29.814+0000] {processor.py:153} INFO - Started process (PID=197) to work on /opt/airflow/dags/example.py
[2025-07-18T21:43:29.815+0000] {processor.py:743} INFO - Processing file /opt/airflow/dags/example.py for tasks to queue
[2025-07-18T21:43:29.816+0000] {logging_mixin.py:137} INFO - [2025-07-18T21:43:29.815+0000] {dagbag.py:532} INFO - Filling up the DagBag from /opt/airflow/dags/example.py
[2025-07-18T21:43:32.374+0000] {processor.py:753} INFO - DAG(s) dict_keys(['run_eda']) retrieved from /opt/airflow/dags/example.py
[2025-07-18T21:43:32.388+0000] {logging_mixin.py:137} INFO - [2025-07-18T21:43:32.388+0000] {dag.py:2705} INFO - Sync 1 DAGs
[2025-07-18T21:43:32.407+0000] {logging_mixin.py:137} INFO - [2025-07-18T21:43:32.407+0000] {dag.py:3452} INFO - Setting next_dagrun for run_eda to None, run_after=None
[2025-07-18T21:43:32.689+0000] {processor.py:175} INFO - Processing /opt/airflow/dags/example.py took 2.879 seconds
[2025-07-18T21:44:03.256+0000] {processor.py:153} INFO - Started process (PID=209) to work on /opt/airflow/dags/example.py
[2025-07-18T21:44:03.257+0000] {processor.py:743} INFO - Processing file /opt/airflow/dags/example.py for tasks to queue
[2025-07-18T21:44:03.258+0000] {logging_mixin.py:137} INFO - [2025-07-18T21:44:03.258+0000] {dagbag.py:532} INFO - Filling up the DagBag from /opt/airflow/dags/example.py
[2025-07-18T21:44:03.277+0000] {processor.py:753} INFO - DAG(s) dict_keys(['run_eda']) retrieved from /opt/airflow/dags/example.py
[2025-07-18T21:44:03.328+0000] {logging_mixin.py:137} INFO - [2025-07-18T21:44:03.328+0000] {dag.py:2705} INFO - Sync 1 DAGs
[2025-07-18T21:44:03.412+0000] {logging_mixin.py:137} INFO - [2025-07-18T21:44:03.412+0000] {dag.py:3452} INFO - Setting next_dagrun for run_eda to None, run_after=None
[2025-07-18T21:44:03.430+0000] {processor.py:175} INFO - Processing /opt/airflow/dags/example.py took 0.177 seconds
[2025-07-18T21:44:33.896+0000] {processor.py:153} INFO - Started process (PID=219) to work on /opt/airflow/dags/example.py
[2025-07-18T21:44:33.900+0000] {processor.py:743} INFO - Processing file /opt/airflow/dags/example.py for tasks to queue
[2025-07-18T21:44:33.900+0000] {logging_mixin.py:137} INFO - [2025-07-18T21:44:33.900+0000] {dagbag.py:532} INFO - Filling up the DagBag from /opt/airflow/dags/example.py
[2025-07-18T21:44:34.023+0000] {processor.py:753} INFO - DAG(s) dict_keys(['run_eda']) retrieved from /opt/airflow/dags/example.py
[2025-07-18T21:44:34.214+0000] {logging_mixin.py:137} INFO - [2025-07-18T21:44:34.213+0000] {dag.py:2705} INFO - Sync 1 DAGs
[2025-07-18T21:44:34.242+0000] {logging_mixin.py:137} INFO - [2025-07-18T21:44:34.242+0000] {dag.py:3452} INFO - Setting next_dagrun for run_eda to None, run_after=None
[2025-07-18T21:44:34.407+0000] {processor.py:175} INFO - Processing /opt/airflow/dags/example.py took 0.522 seconds
[2025-07-18T21:45:05.453+0000] {processor.py:153} INFO - Started process (PID=231) to work on /opt/airflow/dags/example.py
[2025-07-18T21:45:05.454+0000] {processor.py:743} INFO - Processing file /opt/airflow/dags/example.py for tasks to queue
[2025-07-18T21:45:05.455+0000] {logging_mixin.py:137} INFO - [2025-07-18T21:45:05.455+0000] {dagbag.py:532} INFO - Filling up the DagBag from /opt/airflow/dags/example.py
[2025-07-18T21:45:05.479+0000] {processor.py:753} INFO - DAG(s) dict_keys(['run_eda']) retrieved from /opt/airflow/dags/example.py
[2025-07-18T21:45:05.492+0000] {logging_mixin.py:137} INFO - [2025-07-18T21:45:05.492+0000] {dag.py:2705} INFO - Sync 1 DAGs
[2025-07-18T21:45:05.516+0000] {logging_mixin.py:137} INFO - [2025-07-18T21:45:05.516+0000] {dag.py:3452} INFO - Setting next_dagrun for run_eda to None, run_after=None
[2025-07-18T21:45:05.533+0000] {processor.py:175} INFO - Processing /opt/airflow/dags/example.py took 0.083 seconds
[2025-07-18T21:45:35.782+0000] {processor.py:153} INFO - Started process (PID=241) to work on /opt/airflow/dags/example.py
[2025-07-18T21:45:35.785+0000] {processor.py:743} INFO - Processing file /opt/airflow/dags/example.py for tasks to queue
[2025-07-18T21:45:35.786+0000] {logging_mixin.py:137} INFO - [2025-07-18T21:45:35.786+0000] {dagbag.py:532} INFO - Filling up the DagBag from /opt/airflow/dags/example.py
[2025-07-18T21:45:35.813+0000] {processor.py:753} INFO - DAG(s) dict_keys(['run_eda']) retrieved from /opt/airflow/dags/example.py
[2025-07-18T21:45:35.900+0000] {logging_mixin.py:137} INFO - [2025-07-18T21:45:35.900+0000] {dag.py:2705} INFO - Sync 1 DAGs
[2025-07-18T21:45:35.918+0000] {logging_mixin.py:137} INFO - [2025-07-18T21:45:35.918+0000] {dag.py:3452} INFO - Setting next_dagrun for run_eda to None, run_after=None
[2025-07-18T21:45:35.936+0000] {processor.py:175} INFO - Processing /opt/airflow/dags/example.py took 0.158 seconds
[2025-07-18T21:46:06.099+0000] {processor.py:153} INFO - Started process (PID=251) to work on /opt/airflow/dags/example.py
[2025-07-18T21:46:06.102+0000] {processor.py:743} INFO - Processing file /opt/airflow/dags/example.py for tasks to queue
[2025-07-18T21:46:06.104+0000] {logging_mixin.py:137} INFO - [2025-07-18T21:46:06.103+0000] {dagbag.py:532} INFO - Filling up the DagBag from /opt/airflow/dags/example.py
[2025-07-18T21:46:06.124+0000] {processor.py:753} INFO - DAG(s) dict_keys(['run_eda']) retrieved from /opt/airflow/dags/example.py
[2025-07-18T21:46:06.144+0000] {logging_mixin.py:137} INFO - [2025-07-18T21:46:06.144+0000] {dag.py:2705} INFO - Sync 1 DAGs
[2025-07-18T21:46:06.165+0000] {logging_mixin.py:137} INFO - [2025-07-18T21:46:06.165+0000] {dag.py:3452} INFO - Setting next_dagrun for run_eda to None, run_after=None
[2025-07-18T21:46:06.183+0000] {processor.py:175} INFO - Processing /opt/airflow/dags/example.py took 0.097 seconds
[2025-07-18T21:46:36.353+0000] {processor.py:153} INFO - Started process (PID=261) to work on /opt/airflow/dags/example.py
[2025-07-18T21:46:36.354+0000] {processor.py:743} INFO - Processing file /opt/airflow/dags/example.py for tasks to queue
[2025-07-18T21:46:36.355+0000] {logging_mixin.py:137} INFO - [2025-07-18T21:46:36.355+0000] {dagbag.py:532} INFO - Filling up the DagBag from /opt/airflow/dags/example.py
[2025-07-18T21:46:36.379+0000] {processor.py:753} INFO - DAG(s) dict_keys(['run_eda']) retrieved from /opt/airflow/dags/example.py
[2025-07-18T21:46:36.391+0000] {logging_mixin.py:137} INFO - [2025-07-18T21:46:36.391+0000] {dag.py:2705} INFO - Sync 1 DAGs
[2025-07-18T21:46:36.428+0000] {logging_mixin.py:137} INFO - [2025-07-18T21:46:36.428+0000] {dag.py:3452} INFO - Setting next_dagrun for run_eda to None, run_after=None
[2025-07-18T21:46:36.451+0000] {processor.py:175} INFO - Processing /opt/airflow/dags/example.py took 0.101 seconds
[2025-07-18T21:46:59.044+0000] {processor.py:153} INFO - Started process (PID=266) to work on /opt/airflow/dags/example.py
[2025-07-18T21:46:59.044+0000] {processor.py:743} INFO - Processing file /opt/airflow/dags/example.py for tasks to queue
[2025-07-18T21:46:59.045+0000] {logging_mixin.py:137} INFO - [2025-07-18T21:46:59.045+0000] {dagbag.py:532} INFO - Filling up the DagBag from /opt/airflow/dags/example.py
[2025-07-18T21:46:59.584+0000] {processor.py:753} INFO - DAG(s) dict_keys(['run_eda_script']) retrieved from /opt/airflow/dags/example.py
[2025-07-18T21:47:00.631+0000] {logging_mixin.py:137} INFO - [2025-07-18T21:47:00.631+0000] {manager.py:504} INFO - Created Permission View: can read on DAG:run_eda_script
[2025-07-18T21:47:00.640+0000] {logging_mixin.py:137} INFO - [2025-07-18T21:47:00.640+0000] {manager.py:504} INFO - Created Permission View: can edit on DAG:run_eda_script
[2025-07-18T21:47:00.648+0000] {logging_mixin.py:137} INFO - [2025-07-18T21:47:00.648+0000] {manager.py:504} INFO - Created Permission View: can delete on DAG:run_eda_script
[2025-07-18T21:47:00.649+0000] {logging_mixin.py:137} INFO - [2025-07-18T21:47:00.649+0000] {dag.py:2705} INFO - Sync 1 DAGs
[2025-07-18T21:47:00.858+0000] {logging_mixin.py:137} INFO - [2025-07-18T21:47:00.858+0000] {dag.py:2726} INFO - Creating ORM DAG for run_eda_script
[2025-07-18T21:47:00.870+0000] {logging_mixin.py:137} INFO - [2025-07-18T21:47:00.869+0000] {dag.py:3452} INFO - Setting next_dagrun for run_eda_script to None, run_after=None
[2025-07-18T21:47:00.889+0000] {processor.py:175} INFO - Processing /opt/airflow/dags/example.py took 1.848 seconds
[2025-07-18T21:47:31.096+0000] {processor.py:153} INFO - Started process (PID=276) to work on /opt/airflow/dags/example.py
[2025-07-18T21:47:31.098+0000] {processor.py:743} INFO - Processing file /opt/airflow/dags/example.py for tasks to queue
[2025-07-18T21:47:31.098+0000] {logging_mixin.py:137} INFO - [2025-07-18T21:47:31.098+0000] {dagbag.py:532} INFO - Filling up the DagBag from /opt/airflow/dags/example.py
[2025-07-18T21:47:31.136+0000] {processor.py:753} INFO - DAG(s) dict_keys(['run_eda_script_python']) retrieved from /opt/airflow/dags/example.py
[2025-07-18T21:47:31.241+0000] {logging_mixin.py:137} INFO - [2025-07-18T21:47:31.241+0000] {manager.py:504} INFO - Created Permission View: can read on DAG:run_eda_script_python
[2025-07-18T21:47:31.251+0000] {logging_mixin.py:137} INFO - [2025-07-18T21:47:31.251+0000] {manager.py:504} INFO - Created Permission View: can edit on DAG:run_eda_script_python
[2025-07-18T21:47:31.259+0000] {logging_mixin.py:137} INFO - [2025-07-18T21:47:31.259+0000] {manager.py:504} INFO - Created Permission View: can delete on DAG:run_eda_script_python
[2025-07-18T21:47:31.260+0000] {logging_mixin.py:137} INFO - [2025-07-18T21:47:31.260+0000] {dag.py:2705} INFO - Sync 1 DAGs
[2025-07-18T21:47:31.270+0000] {logging_mixin.py:137} INFO - [2025-07-18T21:47:31.270+0000] {dag.py:2726} INFO - Creating ORM DAG for run_eda_script_python
[2025-07-18T21:47:31.279+0000] {logging_mixin.py:137} INFO - [2025-07-18T21:47:31.279+0000] {dag.py:3452} INFO - Setting next_dagrun for run_eda_script_python to None, run_after=None
[2025-07-18T21:47:31.302+0000] {processor.py:175} INFO - Processing /opt/airflow/dags/example.py took 0.210 seconds
[2025-07-18T21:48:01.666+0000] {processor.py:153} INFO - Started process (PID=296) to work on /opt/airflow/dags/example.py
[2025-07-18T21:48:01.667+0000] {processor.py:743} INFO - Processing file /opt/airflow/dags/example.py for tasks to queue
[2025-07-18T21:48:01.668+0000] {logging_mixin.py:137} INFO - [2025-07-18T21:48:01.668+0000] {dagbag.py:532} INFO - Filling up the DagBag from /opt/airflow/dags/example.py
[2025-07-18T21:48:01.686+0000] {processor.py:753} INFO - DAG(s) dict_keys(['run_eda_script_python']) retrieved from /opt/airflow/dags/example.py
[2025-07-18T21:48:01.703+0000] {logging_mixin.py:137} INFO - [2025-07-18T21:48:01.703+0000] {dag.py:2705} INFO - Sync 1 DAGs
[2025-07-18T21:48:01.724+0000] {logging_mixin.py:137} INFO - [2025-07-18T21:48:01.724+0000] {dag.py:3452} INFO - Setting next_dagrun for run_eda_script_python to None, run_after=None
[2025-07-18T21:48:01.743+0000] {processor.py:175} INFO - Processing /opt/airflow/dags/example.py took 0.079 seconds
[2025-07-18T21:48:31.970+0000] {processor.py:153} INFO - Started process (PID=307) to work on /opt/airflow/dags/example.py
[2025-07-18T21:48:31.971+0000] {processor.py:743} INFO - Processing file /opt/airflow/dags/example.py for tasks to queue
[2025-07-18T21:48:31.972+0000] {logging_mixin.py:137} INFO - [2025-07-18T21:48:31.971+0000] {dagbag.py:532} INFO - Filling up the DagBag from /opt/airflow/dags/example.py
[2025-07-18T21:48:31.991+0000] {processor.py:753} INFO - DAG(s) dict_keys(['run_eda_script_python']) retrieved from /opt/airflow/dags/example.py
[2025-07-18T21:48:32.004+0000] {logging_mixin.py:137} INFO - [2025-07-18T21:48:32.004+0000] {dag.py:2705} INFO - Sync 1 DAGs
[2025-07-18T21:48:32.027+0000] {logging_mixin.py:137} INFO - [2025-07-18T21:48:32.027+0000] {dag.py:3452} INFO - Setting next_dagrun for run_eda_script_python to None, run_after=None
[2025-07-18T21:48:32.045+0000] {processor.py:175} INFO - Processing /opt/airflow/dags/example.py took 0.077 seconds
[2025-07-18T21:49:02.259+0000] {processor.py:153} INFO - Started process (PID=317) to work on /opt/airflow/dags/example.py
[2025-07-18T21:49:02.260+0000] {processor.py:743} INFO - Processing file /opt/airflow/dags/example.py for tasks to queue
[2025-07-18T21:49:02.261+0000] {logging_mixin.py:137} INFO - [2025-07-18T21:49:02.260+0000] {dagbag.py:532} INFO - Filling up the DagBag from /opt/airflow/dags/example.py
[2025-07-18T21:49:02.279+0000] {processor.py:753} INFO - DAG(s) dict_keys(['run_eda_script_python']) retrieved from /opt/airflow/dags/example.py
[2025-07-18T21:49:02.323+0000] {logging_mixin.py:137} INFO - [2025-07-18T21:49:02.323+0000] {dag.py:2705} INFO - Sync 1 DAGs
[2025-07-18T21:49:02.341+0000] {logging_mixin.py:137} INFO - [2025-07-18T21:49:02.341+0000] {dag.py:3452} INFO - Setting next_dagrun for run_eda_script_python to None, run_after=None
[2025-07-18T21:49:02.365+0000] {processor.py:175} INFO - Processing /opt/airflow/dags/example.py took 0.108 seconds
[2025-07-18T21:49:32.446+0000] {processor.py:153} INFO - Started process (PID=329) to work on /opt/airflow/dags/example.py
[2025-07-18T21:49:32.447+0000] {processor.py:743} INFO - Processing file /opt/airflow/dags/example.py for tasks to queue
[2025-07-18T21:49:32.448+0000] {logging_mixin.py:137} INFO - [2025-07-18T21:49:32.448+0000] {dagbag.py:532} INFO - Filling up the DagBag from /opt/airflow/dags/example.py
[2025-07-18T21:49:32.467+0000] {processor.py:753} INFO - DAG(s) dict_keys(['run_eda_script_python']) retrieved from /opt/airflow/dags/example.py
[2025-07-18T21:49:32.485+0000] {logging_mixin.py:137} INFO - [2025-07-18T21:49:32.485+0000] {dag.py:2705} INFO - Sync 1 DAGs
[2025-07-18T21:49:32.505+0000] {logging_mixin.py:137} INFO - [2025-07-18T21:49:32.505+0000] {dag.py:3452} INFO - Setting next_dagrun for run_eda_script_python to None, run_after=None
[2025-07-18T21:49:32.523+0000] {processor.py:175} INFO - Processing /opt/airflow/dags/example.py took 0.080 seconds
[2025-07-18T21:50:03.339+0000] {processor.py:153} INFO - Started process (PID=339) to work on /opt/airflow/dags/example.py
[2025-07-18T21:50:03.340+0000] {processor.py:743} INFO - Processing file /opt/airflow/dags/example.py for tasks to queue
[2025-07-18T21:50:03.340+0000] {logging_mixin.py:137} INFO - [2025-07-18T21:50:03.340+0000] {dagbag.py:532} INFO - Filling up the DagBag from /opt/airflow/dags/example.py
[2025-07-18T21:50:03.360+0000] {processor.py:753} INFO - DAG(s) dict_keys(['run_eda_script_python']) retrieved from /opt/airflow/dags/example.py
[2025-07-18T21:50:03.375+0000] {logging_mixin.py:137} INFO - [2025-07-18T21:50:03.375+0000] {dag.py:2705} INFO - Sync 1 DAGs
[2025-07-18T21:50:03.394+0000] {logging_mixin.py:137} INFO - [2025-07-18T21:50:03.394+0000] {dag.py:3452} INFO - Setting next_dagrun for run_eda_script_python to None, run_after=None
[2025-07-18T21:50:03.413+0000] {processor.py:175} INFO - Processing /opt/airflow/dags/example.py took 0.077 seconds
[2025-07-18T21:50:33.618+0000] {processor.py:153} INFO - Started process (PID=349) to work on /opt/airflow/dags/example.py
[2025-07-18T21:50:33.619+0000] {processor.py:743} INFO - Processing file /opt/airflow/dags/example.py for tasks to queue
[2025-07-18T21:50:33.620+0000] {logging_mixin.py:137} INFO - [2025-07-18T21:50:33.620+0000] {dagbag.py:532} INFO - Filling up the DagBag from /opt/airflow/dags/example.py
[2025-07-18T21:50:33.638+0000] {processor.py:753} INFO - DAG(s) dict_keys(['run_eda_script_python']) retrieved from /opt/airflow/dags/example.py
[2025-07-18T21:50:33.682+0000] {logging_mixin.py:137} INFO - [2025-07-18T21:50:33.682+0000] {dag.py:2705} INFO - Sync 1 DAGs
[2025-07-18T21:50:33.699+0000] {logging_mixin.py:137} INFO - [2025-07-18T21:50:33.698+0000] {dag.py:3452} INFO - Setting next_dagrun for run_eda_script_python to None, run_after=None
[2025-07-18T21:50:33.717+0000] {processor.py:175} INFO - Processing /opt/airflow/dags/example.py took 0.103 seconds
[2025-07-18T21:51:03.916+0000] {processor.py:153} INFO - Started process (PID=359) to work on /opt/airflow/dags/example.py
[2025-07-18T21:51:03.917+0000] {processor.py:743} INFO - Processing file /opt/airflow/dags/example.py for tasks to queue
[2025-07-18T21:51:03.917+0000] {logging_mixin.py:137} INFO - [2025-07-18T21:51:03.917+0000] {dagbag.py:532} INFO - Filling up the DagBag from /opt/airflow/dags/example.py
[2025-07-18T21:51:03.937+0000] {processor.py:753} INFO - DAG(s) dict_keys(['run_eda_script_python']) retrieved from /opt/airflow/dags/example.py
[2025-07-18T21:51:03.959+0000] {logging_mixin.py:137} INFO - [2025-07-18T21:51:03.959+0000] {dag.py:2705} INFO - Sync 1 DAGs
[2025-07-18T21:51:03.980+0000] {logging_mixin.py:137} INFO - [2025-07-18T21:51:03.980+0000] {dag.py:3452} INFO - Setting next_dagrun for run_eda_script_python to None, run_after=None
[2025-07-18T21:51:03.998+0000] {processor.py:175} INFO - Processing /opt/airflow/dags/example.py took 0.085 seconds
[2025-07-18T21:51:34.290+0000] {processor.py:153} INFO - Started process (PID=369) to work on /opt/airflow/dags/example.py
[2025-07-18T21:51:34.292+0000] {processor.py:743} INFO - Processing file /opt/airflow/dags/example.py for tasks to queue
[2025-07-18T21:51:34.292+0000] {logging_mixin.py:137} INFO - [2025-07-18T21:51:34.292+0000] {dagbag.py:532} INFO - Filling up the DagBag from /opt/airflow/dags/example.py
[2025-07-18T21:51:34.336+0000] {processor.py:753} INFO - DAG(s) dict_keys(['run_eda_script_python']) retrieved from /opt/airflow/dags/example.py
[2025-07-18T21:51:34.351+0000] {logging_mixin.py:137} INFO - [2025-07-18T21:51:34.351+0000] {dag.py:2705} INFO - Sync 1 DAGs
[2025-07-18T21:51:34.375+0000] {logging_mixin.py:137} INFO - [2025-07-18T21:51:34.374+0000] {dag.py:3452} INFO - Setting next_dagrun for run_eda_script_python to None, run_after=None
[2025-07-18T21:51:34.453+0000] {processor.py:175} INFO - Processing /opt/airflow/dags/example.py took 0.166 seconds
[2025-07-18T21:52:07.116+0000] {processor.py:153} INFO - Started process (PID=388) to work on /opt/airflow/dags/example.py
[2025-07-18T21:52:07.118+0000] {processor.py:743} INFO - Processing file /opt/airflow/dags/example.py for tasks to queue
[2025-07-18T21:52:07.119+0000] {logging_mixin.py:137} INFO - [2025-07-18T21:52:07.118+0000] {dagbag.py:532} INFO - Filling up the DagBag from /opt/airflow/dags/example.py
[2025-07-18T21:52:07.479+0000] {processor.py:753} INFO - DAG(s) dict_keys(['run_eda_script_python']) retrieved from /opt/airflow/dags/example.py
[2025-07-18T21:52:07.509+0000] {logging_mixin.py:137} INFO - [2025-07-18T21:52:07.509+0000] {dag.py:2705} INFO - Sync 1 DAGs
[2025-07-18T21:52:07.537+0000] {logging_mixin.py:137} INFO - [2025-07-18T21:52:07.536+0000] {dag.py:3452} INFO - Setting next_dagrun for run_eda_script_python to None, run_after=None
[2025-07-18T21:52:08.009+0000] {processor.py:175} INFO - Processing /opt/airflow/dags/example.py took 0.896 seconds
[2025-07-18T21:52:38.264+0000] {processor.py:153} INFO - Started process (PID=400) to work on /opt/airflow/dags/example.py
[2025-07-18T21:52:38.265+0000] {processor.py:743} INFO - Processing file /opt/airflow/dags/example.py for tasks to queue
[2025-07-18T21:52:38.266+0000] {logging_mixin.py:137} INFO - [2025-07-18T21:52:38.266+0000] {dagbag.py:532} INFO - Filling up the DagBag from /opt/airflow/dags/example.py
[2025-07-18T21:52:38.292+0000] {processor.py:753} INFO - DAG(s) dict_keys(['run_eda_script_python']) retrieved from /opt/airflow/dags/example.py
[2025-07-18T21:52:38.424+0000] {logging_mixin.py:137} INFO - [2025-07-18T21:52:38.424+0000] {dag.py:2705} INFO - Sync 1 DAGs
[2025-07-18T21:52:38.445+0000] {logging_mixin.py:137} INFO - [2025-07-18T21:52:38.445+0000] {dag.py:3452} INFO - Setting next_dagrun for run_eda_script_python to None, run_after=None
[2025-07-18T21:52:38.503+0000] {processor.py:175} INFO - Processing /opt/airflow/dags/example.py took 0.251 seconds
[2025-07-18T21:53:08.864+0000] {processor.py:153} INFO - Started process (PID=428) to work on /opt/airflow/dags/example.py
[2025-07-18T21:53:08.865+0000] {processor.py:743} INFO - Processing file /opt/airflow/dags/example.py for tasks to queue
[2025-07-18T21:53:08.866+0000] {logging_mixin.py:137} INFO - [2025-07-18T21:53:08.866+0000] {dagbag.py:532} INFO - Filling up the DagBag from /opt/airflow/dags/example.py
[2025-07-18T21:53:08.895+0000] {processor.py:753} INFO - DAG(s) dict_keys(['run_eda_script_python']) retrieved from /opt/airflow/dags/example.py
[2025-07-18T21:53:08.923+0000] {logging_mixin.py:137} INFO - [2025-07-18T21:53:08.923+0000] {dag.py:2705} INFO - Sync 1 DAGs
[2025-07-18T21:53:08.946+0000] {logging_mixin.py:137} INFO - [2025-07-18T21:53:08.946+0000] {dag.py:3452} INFO - Setting next_dagrun for run_eda_script_python to None, run_after=None
[2025-07-18T21:53:08.970+0000] {processor.py:175} INFO - Processing /opt/airflow/dags/example.py took 0.110 seconds
[2025-07-18T21:53:39.150+0000] {processor.py:153} INFO - Started process (PID=438) to work on /opt/airflow/dags/example.py
[2025-07-18T21:53:39.152+0000] {processor.py:743} INFO - Processing file /opt/airflow/dags/example.py for tasks to queue
[2025-07-18T21:53:39.153+0000] {logging_mixin.py:137} INFO - [2025-07-18T21:53:39.153+0000] {dagbag.py:532} INFO - Filling up the DagBag from /opt/airflow/dags/example.py
[2025-07-18T21:53:39.185+0000] {processor.py:753} INFO - DAG(s) dict_keys(['run_eda_script_python']) retrieved from /opt/airflow/dags/example.py
[2025-07-18T21:53:39.199+0000] {logging_mixin.py:137} INFO - [2025-07-18T21:53:39.199+0000] {dag.py:2705} INFO - Sync 1 DAGs
[2025-07-18T21:53:39.222+0000] {logging_mixin.py:137} INFO - [2025-07-18T21:53:39.222+0000] {dag.py:3452} INFO - Setting next_dagrun for run_eda_script_python to None, run_after=None
[2025-07-18T21:53:39.246+0000] {processor.py:175} INFO - Processing /opt/airflow/dags/example.py took 0.105 seconds
[2025-07-18T21:54:09.389+0000] {processor.py:153} INFO - Started process (PID=448) to work on /opt/airflow/dags/example.py
[2025-07-18T21:54:09.391+0000] {processor.py:743} INFO - Processing file /opt/airflow/dags/example.py for tasks to queue
[2025-07-18T21:54:09.393+0000] {logging_mixin.py:137} INFO - [2025-07-18T21:54:09.393+0000] {dagbag.py:532} INFO - Filling up the DagBag from /opt/airflow/dags/example.py
[2025-07-18T21:54:09.460+0000] {processor.py:753} INFO - DAG(s) dict_keys(['run_eda_script_python']) retrieved from /opt/airflow/dags/example.py
[2025-07-18T21:54:09.542+0000] {logging_mixin.py:137} INFO - [2025-07-18T21:54:09.542+0000] {dag.py:2705} INFO - Sync 1 DAGs
[2025-07-18T21:54:09.563+0000] {logging_mixin.py:137} INFO - [2025-07-18T21:54:09.563+0000] {dag.py:3452} INFO - Setting next_dagrun for run_eda_script_python to None, run_after=None
[2025-07-18T21:54:09.592+0000] {processor.py:175} INFO - Processing /opt/airflow/dags/example.py took 0.226 seconds
[2025-07-18T21:54:39.811+0000] {processor.py:153} INFO - Started process (PID=458) to work on /opt/airflow/dags/example.py
[2025-07-18T21:54:39.812+0000] {processor.py:743} INFO - Processing file /opt/airflow/dags/example.py for tasks to queue
[2025-07-18T21:54:39.813+0000] {logging_mixin.py:137} INFO - [2025-07-18T21:54:39.813+0000] {dagbag.py:532} INFO - Filling up the DagBag from /opt/airflow/dags/example.py
[2025-07-18T21:54:39.838+0000] {processor.py:753} INFO - DAG(s) dict_keys(['run_eda_script_python']) retrieved from /opt/airflow/dags/example.py
[2025-07-18T21:54:39.860+0000] {logging_mixin.py:137} INFO - [2025-07-18T21:54:39.860+0000] {dag.py:2705} INFO - Sync 1 DAGs
[2025-07-18T21:54:39.883+0000] {logging_mixin.py:137} INFO - [2025-07-18T21:54:39.883+0000] {dag.py:3452} INFO - Setting next_dagrun for run_eda_script_python to None, run_after=None
[2025-07-18T21:54:39.906+0000] {processor.py:175} INFO - Processing /opt/airflow/dags/example.py took 0.098 seconds
[2025-07-18T21:55:10.132+0000] {processor.py:153} INFO - Started process (PID=468) to work on /opt/airflow/dags/example.py
[2025-07-18T21:55:10.133+0000] {processor.py:743} INFO - Processing file /opt/airflow/dags/example.py for tasks to queue
[2025-07-18T21:55:10.134+0000] {logging_mixin.py:137} INFO - [2025-07-18T21:55:10.134+0000] {dagbag.py:532} INFO - Filling up the DagBag from /opt/airflow/dags/example.py
[2025-07-18T21:55:10.157+0000] {processor.py:753} INFO - DAG(s) dict_keys(['run_eda_script_python']) retrieved from /opt/airflow/dags/example.py
[2025-07-18T21:55:10.175+0000] {logging_mixin.py:137} INFO - [2025-07-18T21:55:10.175+0000] {dag.py:2705} INFO - Sync 1 DAGs
[2025-07-18T21:55:10.199+0000] {logging_mixin.py:137} INFO - [2025-07-18T21:55:10.198+0000] {dag.py:3452} INFO - Setting next_dagrun for run_eda_script_python to None, run_after=None
[2025-07-18T21:55:10.222+0000] {processor.py:175} INFO - Processing /opt/airflow/dags/example.py took 0.097 seconds
[2025-07-18T21:55:40.478+0000] {processor.py:153} INFO - Started process (PID=478) to work on /opt/airflow/dags/example.py
[2025-07-18T21:55:40.479+0000] {processor.py:743} INFO - Processing file /opt/airflow/dags/example.py for tasks to queue
[2025-07-18T21:55:40.480+0000] {logging_mixin.py:137} INFO - [2025-07-18T21:55:40.480+0000] {dagbag.py:532} INFO - Filling up the DagBag from /opt/airflow/dags/example.py
[2025-07-18T21:55:40.506+0000] {processor.py:753} INFO - DAG(s) dict_keys(['run_eda_script_python']) retrieved from /opt/airflow/dags/example.py
[2025-07-18T21:55:40.565+0000] {logging_mixin.py:137} INFO - [2025-07-18T21:55:40.564+0000] {dag.py:2705} INFO - Sync 1 DAGs
[2025-07-18T21:55:40.583+0000] {logging_mixin.py:137} INFO - [2025-07-18T21:55:40.583+0000] {dag.py:3452} INFO - Setting next_dagrun for run_eda_script_python to None, run_after=None
[2025-07-18T21:55:40.605+0000] {processor.py:175} INFO - Processing /opt/airflow/dags/example.py took 0.131 seconds
[2025-07-18T21:56:10.860+0000] {processor.py:153} INFO - Started process (PID=498) to work on /opt/airflow/dags/example.py
[2025-07-18T21:56:10.861+0000] {processor.py:743} INFO - Processing file /opt/airflow/dags/example.py for tasks to queue
[2025-07-18T21:56:10.862+0000] {logging_mixin.py:137} INFO - [2025-07-18T21:56:10.862+0000] {dagbag.py:532} INFO - Filling up the DagBag from /opt/airflow/dags/example.py
[2025-07-18T21:56:10.886+0000] {processor.py:753} INFO - DAG(s) dict_keys(['run_eda_script_python']) retrieved from /opt/airflow/dags/example.py
[2025-07-18T21:56:10.925+0000] {logging_mixin.py:137} INFO - [2025-07-18T21:56:10.925+0000] {dag.py:2705} INFO - Sync 1 DAGs
[2025-07-18T21:56:10.962+0000] {logging_mixin.py:137} INFO - [2025-07-18T21:56:10.962+0000] {dag.py:3452} INFO - Setting next_dagrun for run_eda_script_python to None, run_after=None
[2025-07-18T21:56:11.009+0000] {processor.py:175} INFO - Processing /opt/airflow/dags/example.py took 0.152 seconds
[2025-07-18T21:56:41.236+0000] {processor.py:153} INFO - Started process (PID=508) to work on /opt/airflow/dags/example.py
[2025-07-18T21:56:41.237+0000] {processor.py:743} INFO - Processing file /opt/airflow/dags/example.py for tasks to queue
[2025-07-18T21:56:41.238+0000] {logging_mixin.py:137} INFO - [2025-07-18T21:56:41.238+0000] {dagbag.py:532} INFO - Filling up the DagBag from /opt/airflow/dags/example.py
[2025-07-18T21:56:41.258+0000] {processor.py:753} INFO - DAG(s) dict_keys(['run_eda_script_python']) retrieved from /opt/airflow/dags/example.py
[2025-07-18T21:56:41.282+0000] {logging_mixin.py:137} INFO - [2025-07-18T21:56:41.282+0000] {dag.py:2705} INFO - Sync 1 DAGs
[2025-07-18T21:56:41.304+0000] {logging_mixin.py:137} INFO - [2025-07-18T21:56:41.304+0000] {dag.py:3452} INFO - Setting next_dagrun for run_eda_script_python to None, run_after=None
[2025-07-18T21:56:41.326+0000] {processor.py:175} INFO - Processing /opt/airflow/dags/example.py took 0.093 seconds
[2025-07-18T21:57:11.543+0000] {processor.py:153} INFO - Started process (PID=528) to work on /opt/airflow/dags/example.py
[2025-07-18T21:57:11.543+0000] {processor.py:743} INFO - Processing file /opt/airflow/dags/example.py for tasks to queue
[2025-07-18T21:57:11.544+0000] {logging_mixin.py:137} INFO - [2025-07-18T21:57:11.544+0000] {dagbag.py:532} INFO - Filling up the DagBag from /opt/airflow/dags/example.py
[2025-07-18T21:57:11.563+0000] {processor.py:753} INFO - DAG(s) dict_keys(['run_eda_script_python']) retrieved from /opt/airflow/dags/example.py
[2025-07-18T21:57:11.608+0000] {logging_mixin.py:137} INFO - [2025-07-18T21:57:11.608+0000] {dag.py:2705} INFO - Sync 1 DAGs
[2025-07-18T21:57:11.625+0000] {logging_mixin.py:137} INFO - [2025-07-18T21:57:11.624+0000] {dag.py:3452} INFO - Setting next_dagrun for run_eda_script_python to None, run_after=None
[2025-07-18T21:57:11.646+0000] {processor.py:175} INFO - Processing /opt/airflow/dags/example.py took 0.106 seconds
[2025-07-18T21:57:41.852+0000] {processor.py:153} INFO - Started process (PID=538) to work on /opt/airflow/dags/example.py
[2025-07-18T21:57:41.854+0000] {processor.py:743} INFO - Processing file /opt/airflow/dags/example.py for tasks to queue
[2025-07-18T21:57:41.855+0000] {logging_mixin.py:137} INFO - [2025-07-18T21:57:41.855+0000] {dagbag.py:532} INFO - Filling up the DagBag from /opt/airflow/dags/example.py
[2025-07-18T21:57:41.877+0000] {processor.py:753} INFO - DAG(s) dict_keys(['run_eda_script_python']) retrieved from /opt/airflow/dags/example.py
[2025-07-18T21:57:41.899+0000] {logging_mixin.py:137} INFO - [2025-07-18T21:57:41.899+0000] {dag.py:2705} INFO - Sync 1 DAGs
[2025-07-18T21:57:41.919+0000] {logging_mixin.py:137} INFO - [2025-07-18T21:57:41.919+0000] {dag.py:3452} INFO - Setting next_dagrun for run_eda_script_python to None, run_after=None
[2025-07-18T21:57:41.947+0000] {processor.py:175} INFO - Processing /opt/airflow/dags/example.py took 0.097 seconds
[2025-07-18T21:58:12.153+0000] {processor.py:153} INFO - Started process (PID=558) to work on /opt/airflow/dags/example.py
[2025-07-18T21:58:12.154+0000] {processor.py:743} INFO - Processing file /opt/airflow/dags/example.py for tasks to queue
[2025-07-18T21:58:12.154+0000] {logging_mixin.py:137} INFO - [2025-07-18T21:58:12.154+0000] {dagbag.py:532} INFO - Filling up the DagBag from /opt/airflow/dags/example.py
[2025-07-18T21:58:12.173+0000] {processor.py:753} INFO - DAG(s) dict_keys(['run_eda_script_python']) retrieved from /opt/airflow/dags/example.py
[2025-07-18T21:58:12.185+0000] {logging_mixin.py:137} INFO - [2025-07-18T21:58:12.184+0000] {dag.py:2705} INFO - Sync 1 DAGs
[2025-07-18T21:58:12.205+0000] {logging_mixin.py:137} INFO - [2025-07-18T21:58:12.205+0000] {dag.py:3452} INFO - Setting next_dagrun for run_eda_script_python to None, run_after=None
[2025-07-18T21:58:12.228+0000] {processor.py:175} INFO - Processing /opt/airflow/dags/example.py took 0.079 seconds
[2025-07-18T21:58:42.457+0000] {processor.py:153} INFO - Started process (PID=568) to work on /opt/airflow/dags/example.py
[2025-07-18T21:58:42.458+0000] {processor.py:743} INFO - Processing file /opt/airflow/dags/example.py for tasks to queue
[2025-07-18T21:58:42.459+0000] {logging_mixin.py:137} INFO - [2025-07-18T21:58:42.459+0000] {dagbag.py:532} INFO - Filling up the DagBag from /opt/airflow/dags/example.py
[2025-07-18T21:58:42.479+0000] {processor.py:753} INFO - DAG(s) dict_keys(['run_eda_script_python']) retrieved from /opt/airflow/dags/example.py
[2025-07-18T21:58:42.524+0000] {logging_mixin.py:137} INFO - [2025-07-18T21:58:42.523+0000] {dag.py:2705} INFO - Sync 1 DAGs
[2025-07-18T21:58:42.544+0000] {logging_mixin.py:137} INFO - [2025-07-18T21:58:42.543+0000] {dag.py:3452} INFO - Setting next_dagrun for run_eda_script_python to None, run_after=None
[2025-07-18T21:58:42.573+0000] {processor.py:175} INFO - Processing /opt/airflow/dags/example.py took 0.119 seconds
[2025-07-18T21:59:12.958+0000] {processor.py:153} INFO - Started process (PID=578) to work on /opt/airflow/dags/example.py
[2025-07-18T21:59:12.959+0000] {processor.py:743} INFO - Processing file /opt/airflow/dags/example.py for tasks to queue
[2025-07-18T21:59:12.960+0000] {logging_mixin.py:137} INFO - [2025-07-18T21:59:12.960+0000] {dagbag.py:532} INFO - Filling up the DagBag from /opt/airflow/dags/example.py
[2025-07-18T21:59:12.987+0000] {processor.py:753} INFO - DAG(s) dict_keys(['run_eda_script_python']) retrieved from /opt/airflow/dags/example.py
[2025-07-18T21:59:13.011+0000] {logging_mixin.py:137} INFO - [2025-07-18T21:59:13.011+0000] {dag.py:2705} INFO - Sync 1 DAGs
[2025-07-18T21:59:13.034+0000] {logging_mixin.py:137} INFO - [2025-07-18T21:59:13.034+0000] {dag.py:3452} INFO - Setting next_dagrun for run_eda_script_python to None, run_after=None
[2025-07-18T21:59:13.060+0000] {processor.py:175} INFO - Processing /opt/airflow/dags/example.py took 0.105 seconds
[2025-07-18T21:59:43.332+0000] {processor.py:153} INFO - Started process (PID=598) to work on /opt/airflow/dags/example.py
[2025-07-18T21:59:43.333+0000] {processor.py:743} INFO - Processing file /opt/airflow/dags/example.py for tasks to queue
[2025-07-18T21:59:43.334+0000] {logging_mixin.py:137} INFO - [2025-07-18T21:59:43.333+0000] {dagbag.py:532} INFO - Filling up the DagBag from /opt/airflow/dags/example.py
[2025-07-18T21:59:43.356+0000] {processor.py:753} INFO - DAG(s) dict_keys(['run_eda_script_python']) retrieved from /opt/airflow/dags/example.py
[2025-07-18T21:59:43.370+0000] {logging_mixin.py:137} INFO - [2025-07-18T21:59:43.370+0000] {dag.py:2705} INFO - Sync 1 DAGs
[2025-07-18T21:59:43.392+0000] {logging_mixin.py:137} INFO - [2025-07-18T21:59:43.392+0000] {dag.py:3452} INFO - Setting next_dagrun for run_eda_script_python to None, run_after=None
[2025-07-18T21:59:43.414+0000] {processor.py:175} INFO - Processing /opt/airflow/dags/example.py took 0.086 seconds
[2025-07-18T22:00:13.570+0000] {processor.py:153} INFO - Started process (PID=608) to work on /opt/airflow/dags/example.py
[2025-07-18T22:00:13.571+0000] {processor.py:743} INFO - Processing file /opt/airflow/dags/example.py for tasks to queue
[2025-07-18T22:00:13.572+0000] {logging_mixin.py:137} INFO - [2025-07-18T22:00:13.572+0000] {dagbag.py:532} INFO - Filling up the DagBag from /opt/airflow/dags/example.py
[2025-07-18T22:00:13.599+0000] {processor.py:753} INFO - DAG(s) dict_keys(['run_eda_script_python']) retrieved from /opt/airflow/dags/example.py
[2025-07-18T22:00:13.654+0000] {logging_mixin.py:137} INFO - [2025-07-18T22:00:13.654+0000] {dag.py:2705} INFO - Sync 1 DAGs
[2025-07-18T22:00:13.673+0000] {logging_mixin.py:137} INFO - [2025-07-18T22:00:13.672+0000] {dag.py:3452} INFO - Setting next_dagrun for run_eda_script_python to None, run_after=None
[2025-07-18T22:00:13.696+0000] {processor.py:175} INFO - Processing /opt/airflow/dags/example.py took 0.130 seconds
[2025-07-18T22:00:43.951+0000] {processor.py:153} INFO - Started process (PID=628) to work on /opt/airflow/dags/example.py
[2025-07-18T22:00:43.951+0000] {processor.py:743} INFO - Processing file /opt/airflow/dags/example.py for tasks to queue
[2025-07-18T22:00:43.952+0000] {logging_mixin.py:137} INFO - [2025-07-18T22:00:43.952+0000] {dagbag.py:532} INFO - Filling up the DagBag from /opt/airflow/dags/example.py
[2025-07-18T22:00:43.968+0000] {processor.py:753} INFO - DAG(s) dict_keys(['run_eda_script_python']) retrieved from /opt/airflow/dags/example.py
[2025-07-18T22:00:43.985+0000] {logging_mixin.py:137} INFO - [2025-07-18T22:00:43.985+0000] {dag.py:2705} INFO - Sync 1 DAGs
[2025-07-18T22:00:44.004+0000] {logging_mixin.py:137} INFO - [2025-07-18T22:00:44.003+0000] {dag.py:3452} INFO - Setting next_dagrun for run_eda_script_python to None, run_after=None
[2025-07-18T22:00:44.023+0000] {processor.py:175} INFO - Processing /opt/airflow/dags/example.py took 0.075 seconds
[2025-07-18T22:01:14.244+0000] {processor.py:153} INFO - Started process (PID=638) to work on /opt/airflow/dags/example.py
[2025-07-18T22:01:14.244+0000] {processor.py:743} INFO - Processing file /opt/airflow/dags/example.py for tasks to queue
[2025-07-18T22:01:14.245+0000] {logging_mixin.py:137} INFO - [2025-07-18T22:01:14.245+0000] {dagbag.py:532} INFO - Filling up the DagBag from /opt/airflow/dags/example.py
[2025-07-18T22:01:14.265+0000] {processor.py:753} INFO - DAG(s) dict_keys(['run_eda_script_python']) retrieved from /opt/airflow/dags/example.py
[2025-07-18T22:01:14.278+0000] {logging_mixin.py:137} INFO - [2025-07-18T22:01:14.278+0000] {dag.py:2705} INFO - Sync 1 DAGs
[2025-07-18T22:01:14.304+0000] {logging_mixin.py:137} INFO - [2025-07-18T22:01:14.304+0000] {dag.py:3452} INFO - Setting next_dagrun for run_eda_script_python to None, run_after=None
[2025-07-18T22:01:14.324+0000] {processor.py:175} INFO - Processing /opt/airflow/dags/example.py took 0.084 seconds
[2025-07-18T22:01:44.535+0000] {processor.py:153} INFO - Started process (PID=648) to work on /opt/airflow/dags/example.py
[2025-07-18T22:01:44.536+0000] {processor.py:743} INFO - Processing file /opt/airflow/dags/example.py for tasks to queue
[2025-07-18T22:01:44.536+0000] {logging_mixin.py:137} INFO - [2025-07-18T22:01:44.536+0000] {dagbag.py:532} INFO - Filling up the DagBag from /opt/airflow/dags/example.py
[2025-07-18T22:01:44.594+0000] {processor.py:753} INFO - DAG(s) dict_keys(['run_eda_script_python']) retrieved from /opt/airflow/dags/example.py
[2025-07-18T22:01:44.639+0000] {logging_mixin.py:137} INFO - [2025-07-18T22:01:44.638+0000] {dag.py:2705} INFO - Sync 1 DAGs
[2025-07-18T22:01:44.656+0000] {logging_mixin.py:137} INFO - [2025-07-18T22:01:44.656+0000] {dag.py:3452} INFO - Setting next_dagrun for run_eda_script_python to None, run_after=None
[2025-07-18T22:01:44.679+0000] {processor.py:175} INFO - Processing /opt/airflow/dags/example.py took 0.147 seconds
[2025-07-18T22:02:14.990+0000] {processor.py:153} INFO - Started process (PID=658) to work on /opt/airflow/dags/example.py
[2025-07-18T22:02:14.991+0000] {processor.py:743} INFO - Processing file /opt/airflow/dags/example.py for tasks to queue
[2025-07-18T22:02:14.992+0000] {logging_mixin.py:137} INFO - [2025-07-18T22:02:14.992+0000] {dagbag.py:532} INFO - Filling up the DagBag from /opt/airflow/dags/example.py
[2025-07-18T22:02:15.077+0000] {processor.py:753} INFO - DAG(s) dict_keys(['run_eda_script_python']) retrieved from /opt/airflow/dags/example.py
[2025-07-18T22:02:15.100+0000] {logging_mixin.py:137} INFO - [2025-07-18T22:02:15.100+0000] {dag.py:2705} INFO - Sync 1 DAGs
[2025-07-18T22:02:15.123+0000] {logging_mixin.py:137} INFO - [2025-07-18T22:02:15.123+0000] {dag.py:3452} INFO - Setting next_dagrun for run_eda_script_python to None, run_after=None
[2025-07-18T22:02:15.148+0000] {processor.py:175} INFO - Processing /opt/airflow/dags/example.py took 0.161 seconds
[2025-07-18T22:02:45.457+0000] {processor.py:153} INFO - Started process (PID=670) to work on /opt/airflow/dags/example.py
[2025-07-18T22:02:45.458+0000] {processor.py:743} INFO - Processing file /opt/airflow/dags/example.py for tasks to queue
[2025-07-18T22:02:45.459+0000] {logging_mixin.py:137} INFO - [2025-07-18T22:02:45.459+0000] {dagbag.py:532} INFO - Filling up the DagBag from /opt/airflow/dags/example.py
[2025-07-18T22:02:45.482+0000] {processor.py:753} INFO - DAG(s) dict_keys(['run_eda_script_python']) retrieved from /opt/airflow/dags/example.py
[2025-07-18T22:02:45.496+0000] {logging_mixin.py:137} INFO - [2025-07-18T22:02:45.496+0000] {dag.py:2705} INFO - Sync 1 DAGs
[2025-07-18T22:02:45.519+0000] {logging_mixin.py:137} INFO - [2025-07-18T22:02:45.519+0000] {dag.py:3452} INFO - Setting next_dagrun for run_eda_script_python to None, run_after=None
[2025-07-18T22:02:45.541+0000] {processor.py:175} INFO - Processing /opt/airflow/dags/example.py took 0.088 seconds
[2025-07-18T22:03:15.900+0000] {processor.py:153} INFO - Started process (PID=680) to work on /opt/airflow/dags/example.py
[2025-07-18T22:03:15.902+0000] {processor.py:743} INFO - Processing file /opt/airflow/dags/example.py for tasks to queue
[2025-07-18T22:03:15.903+0000] {logging_mixin.py:137} INFO - [2025-07-18T22:03:15.903+0000] {dagbag.py:532} INFO - Filling up the DagBag from /opt/airflow/dags/example.py
[2025-07-18T22:03:15.974+0000] {processor.py:753} INFO - DAG(s) dict_keys(['run_eda_script_python']) retrieved from /opt/airflow/dags/example.py
[2025-07-18T22:03:16.044+0000] {logging_mixin.py:137} INFO - [2025-07-18T22:03:16.044+0000] {dag.py:2705} INFO - Sync 1 DAGs
[2025-07-18T22:03:16.069+0000] {logging_mixin.py:137} INFO - [2025-07-18T22:03:16.069+0000] {dag.py:3452} INFO - Setting next_dagrun for run_eda_script_python to None, run_after=None
[2025-07-18T22:03:16.104+0000] {processor.py:175} INFO - Processing /opt/airflow/dags/example.py took 0.207 seconds
[2025-07-18T22:03:46.981+0000] {processor.py:153} INFO - Started process (PID=690) to work on /opt/airflow/dags/example.py
[2025-07-18T22:03:46.982+0000] {processor.py:743} INFO - Processing file /opt/airflow/dags/example.py for tasks to queue
[2025-07-18T22:03:46.983+0000] {logging_mixin.py:137} INFO - [2025-07-18T22:03:46.983+0000] {dagbag.py:532} INFO - Filling up the DagBag from /opt/airflow/dags/example.py
[2025-07-18T22:03:47.090+0000] {processor.py:753} INFO - DAG(s) dict_keys(['run_eda_script_python']) retrieved from /opt/airflow/dags/example.py
[2025-07-18T22:03:47.132+0000] {logging_mixin.py:137} INFO - [2025-07-18T22:03:47.131+0000] {dag.py:2705} INFO - Sync 1 DAGs
[2025-07-18T22:03:47.158+0000] {logging_mixin.py:137} INFO - [2025-07-18T22:03:47.158+0000] {dag.py:3452} INFO - Setting next_dagrun for run_eda_script_python to None, run_after=None
[2025-07-18T22:03:47.183+0000] {processor.py:175} INFO - Processing /opt/airflow/dags/example.py took 0.206 seconds
[2025-07-18T22:04:17.408+0000] {processor.py:153} INFO - Started process (PID=700) to work on /opt/airflow/dags/example.py
[2025-07-18T22:04:17.409+0000] {processor.py:743} INFO - Processing file /opt/airflow/dags/example.py for tasks to queue
[2025-07-18T22:04:17.410+0000] {logging_mixin.py:137} INFO - [2025-07-18T22:04:17.410+0000] {dagbag.py:532} INFO - Filling up the DagBag from /opt/airflow/dags/example.py
[2025-07-18T22:04:17.432+0000] {processor.py:753} INFO - DAG(s) dict_keys(['run_eda_script_python']) retrieved from /opt/airflow/dags/example.py
[2025-07-18T22:04:17.461+0000] {logging_mixin.py:137} INFO - [2025-07-18T22:04:17.461+0000] {dag.py:2705} INFO - Sync 1 DAGs
[2025-07-18T22:04:17.481+0000] {logging_mixin.py:137} INFO - [2025-07-18T22:04:17.480+0000] {dag.py:3452} INFO - Setting next_dagrun for run_eda_script_python to None, run_after=None
[2025-07-18T22:04:17.501+0000] {processor.py:175} INFO - Processing /opt/airflow/dags/example.py took 0.096 seconds
[2025-07-18T22:04:47.765+0000] {processor.py:153} INFO - Started process (PID=710) to work on /opt/airflow/dags/example.py
[2025-07-18T22:04:47.766+0000] {processor.py:743} INFO - Processing file /opt/airflow/dags/example.py for tasks to queue
[2025-07-18T22:04:47.767+0000] {logging_mixin.py:137} INFO - [2025-07-18T22:04:47.767+0000] {dagbag.py:532} INFO - Filling up the DagBag from /opt/airflow/dags/example.py
[2025-07-18T22:04:47.787+0000] {processor.py:753} INFO - DAG(s) dict_keys(['run_eda_script_python']) retrieved from /opt/airflow/dags/example.py
[2025-07-18T22:04:47.833+0000] {logging_mixin.py:137} INFO - [2025-07-18T22:04:47.833+0000] {dag.py:2705} INFO - Sync 1 DAGs
[2025-07-18T22:04:47.850+0000] {logging_mixin.py:137} INFO - [2025-07-18T22:04:47.850+0000] {dag.py:3452} INFO - Setting next_dagrun for run_eda_script_python to None, run_after=None
[2025-07-18T22:04:47.872+0000] {processor.py:175} INFO - Processing /opt/airflow/dags/example.py took 0.111 seconds
[2025-07-18T22:05:18.108+0000] {processor.py:153} INFO - Started process (PID=720) to work on /opt/airflow/dags/example.py
[2025-07-18T22:05:18.109+0000] {processor.py:743} INFO - Processing file /opt/airflow/dags/example.py for tasks to queue
[2025-07-18T22:05:18.110+0000] {logging_mixin.py:137} INFO - [2025-07-18T22:05:18.110+0000] {dagbag.py:532} INFO - Filling up the DagBag from /opt/airflow/dags/example.py
[2025-07-18T22:05:18.141+0000] {processor.py:753} INFO - DAG(s) dict_keys(['run_eda_script_python']) retrieved from /opt/airflow/dags/example.py
[2025-07-18T22:05:18.173+0000] {logging_mixin.py:137} INFO - [2025-07-18T22:05:18.173+0000] {dag.py:2705} INFO - Sync 1 DAGs
[2025-07-18T22:05:18.205+0000] {logging_mixin.py:137} INFO - [2025-07-18T22:05:18.205+0000] {dag.py:3452} INFO - Setting next_dagrun for run_eda_script_python to None, run_after=None
[2025-07-18T22:05:18.235+0000] {processor.py:175} INFO - Processing /opt/airflow/dags/example.py took 0.130 seconds
[2025-07-18T22:05:48.469+0000] {processor.py:153} INFO - Started process (PID=730) to work on /opt/airflow/dags/example.py
[2025-07-18T22:05:48.470+0000] {processor.py:743} INFO - Processing file /opt/airflow/dags/example.py for tasks to queue
[2025-07-18T22:05:48.471+0000] {logging_mixin.py:137} INFO - [2025-07-18T22:05:48.471+0000] {dagbag.py:532} INFO - Filling up the DagBag from /opt/airflow/dags/example.py
[2025-07-18T22:05:48.514+0000] {processor.py:753} INFO - DAG(s) dict_keys(['run_eda_script_python']) retrieved from /opt/airflow/dags/example.py
[2025-07-18T22:05:48.526+0000] {logging_mixin.py:137} INFO - [2025-07-18T22:05:48.526+0000] {dag.py:2705} INFO - Sync 1 DAGs
[2025-07-18T22:05:48.546+0000] {logging_mixin.py:137} INFO - [2025-07-18T22:05:48.546+0000] {dag.py:3452} INFO - Setting next_dagrun for run_eda_script_python to None, run_after=None
[2025-07-18T22:05:48.565+0000] {processor.py:175} INFO - Processing /opt/airflow/dags/example.py took 0.099 seconds
[2025-07-18T22:06:18.818+0000] {processor.py:153} INFO - Started process (PID=740) to work on /opt/airflow/dags/example.py
[2025-07-18T22:06:18.819+0000] {processor.py:743} INFO - Processing file /opt/airflow/dags/example.py for tasks to queue
[2025-07-18T22:06:18.819+0000] {logging_mixin.py:137} INFO - [2025-07-18T22:06:18.819+0000] {dagbag.py:532} INFO - Filling up the DagBag from /opt/airflow/dags/example.py
[2025-07-18T22:06:18.837+0000] {processor.py:753} INFO - DAG(s) dict_keys(['run_eda_script_python']) retrieved from /opt/airflow/dags/example.py
[2025-07-18T22:06:18.880+0000] {logging_mixin.py:137} INFO - [2025-07-18T22:06:18.879+0000] {dag.py:2705} INFO - Sync 1 DAGs
[2025-07-18T22:06:18.896+0000] {logging_mixin.py:137} INFO - [2025-07-18T22:06:18.896+0000] {dag.py:3452} INFO - Setting next_dagrun for run_eda_script_python to None, run_after=None
[2025-07-18T22:06:18.916+0000] {processor.py:175} INFO - Processing /opt/airflow/dags/example.py took 0.100 seconds
[2025-07-18T22:06:49.347+0000] {processor.py:153} INFO - Started process (PID=750) to work on /opt/airflow/dags/example.py
[2025-07-18T22:06:49.348+0000] {processor.py:743} INFO - Processing file /opt/airflow/dags/example.py for tasks to queue
[2025-07-18T22:06:49.348+0000] {logging_mixin.py:137} INFO - [2025-07-18T22:06:49.348+0000] {dagbag.py:532} INFO - Filling up the DagBag from /opt/airflow/dags/example.py
[2025-07-18T22:06:49.394+0000] {processor.py:753} INFO - DAG(s) dict_keys(['run_eda_script_python']) retrieved from /opt/airflow/dags/example.py
[2025-07-18T22:06:49.413+0000] {logging_mixin.py:137} INFO - [2025-07-18T22:06:49.413+0000] {dag.py:2705} INFO - Sync 1 DAGs
[2025-07-18T22:06:49.435+0000] {logging_mixin.py:137} INFO - [2025-07-18T22:06:49.435+0000] {dag.py:3452} INFO - Setting next_dagrun for run_eda_script_python to None, run_after=None
[2025-07-18T22:06:49.481+0000] {processor.py:175} INFO - Processing /opt/airflow/dags/example.py took 0.137 seconds
