[2025-07-18T21:45:02.886+0000] {taskinstance.py:1090} INFO - Dependencies all met for dep_context=non-requeueable deps ti=<TaskInstance: run_eda.run_eda manual__2025-07-18T21:44:18.734508+00:00 [queued]>
[2025-07-18T21:45:03.043+0000] {taskinstance.py:1090} INFO - Dependencies all met for dep_context=requeueable deps ti=<TaskInstance: run_eda.run_eda manual__2025-07-18T21:44:18.734508+00:00 [queued]>
[2025-07-18T21:45:03.044+0000] {taskinstance.py:1288} INFO - 
--------------------------------------------------------------------------------
[2025-07-18T21:45:03.044+0000] {taskinstance.py:1289} INFO - Starting attempt 1 of 1
[2025-07-18T21:45:03.045+0000] {taskinstance.py:1290} INFO - 
--------------------------------------------------------------------------------
[2025-07-18T21:45:03.081+0000] {taskinstance.py:1309} INFO - Executing <Task(PythonOperator): run_eda> on 2025-07-18 21:44:18.734508+00:00
[2025-07-18T21:45:03.086+0000] {standard_task_runner.py:55} INFO - Started process 225 to run task
[2025-07-18T21:45:03.089+0000] {standard_task_runner.py:82} INFO - Running: ['***', 'tasks', 'run', 'run_eda', 'run_eda', 'manual__2025-07-18T21:44:18.734508+00:00', '--job-id', '3', '--raw', '--subdir', 'DAGS_FOLDER/example.py', '--cfg-path', '/tmp/tmpv8nc90q4']
[2025-07-18T21:45:03.091+0000] {standard_task_runner.py:83} INFO - Job 3: Subtask run_eda
[2025-07-18T21:45:03.209+0000] {task_command.py:389} INFO - Running <TaskInstance: run_eda.run_eda manual__2025-07-18T21:44:18.734508+00:00 [running]> on host 9609dee7e891
[2025-07-18T21:45:03.643+0000] {taskinstance.py:1516} INFO - Exporting the following env vars:
AIRFLOW_CTX_DAG_OWNER=***
AIRFLOW_CTX_DAG_ID=run_eda
AIRFLOW_CTX_TASK_ID=run_eda
AIRFLOW_CTX_EXECUTION_DATE=2025-07-18T21:44:18.734508+00:00
AIRFLOW_CTX_TRY_NUMBER=1
AIRFLOW_CTX_DAG_RUN_ID=manual__2025-07-18T21:44:18.734508+00:00
[2025-07-18T21:45:03.800+0000] {taskinstance.py:1776} ERROR - Task failed with exception
Traceback (most recent call last):
  File "/home/airflow/.local/lib/python3.10/site-packages/airflow/operators/python.py", line 175, in execute
    return_value = self.execute_callable()
  File "/home/airflow/.local/lib/python3.10/site-packages/airflow/operators/python.py", line 192, in execute_callable
    return self.python_callable(*self.op_args, **self.op_kwargs)
  File "/opt/airflow/dags/example.py", line 10, in run_eda
    import eda  # This will run your script
ModuleNotFoundError: No module named 'eda'
[2025-07-18T21:45:03.929+0000] {taskinstance.py:1327} INFO - Marking task as FAILED. dag_id=run_eda, task_id=run_eda, execution_date=20250718T214418, start_date=20250718T214503, end_date=20250718T214503
[2025-07-18T21:45:03.954+0000] {standard_task_runner.py:100} ERROR - Failed to execute job 3 for task run_eda (No module named 'eda'; 225)
[2025-07-18T21:45:03.969+0000] {local_task_job.py:212} INFO - Task exited with return code 1
[2025-07-18T21:45:03.994+0000] {taskinstance.py:2596} INFO - 0 downstream tasks scheduled from follow-on schedule check
