[2025-07-18T21:56:01.915+0000] {taskinstance.py:1090} INFO - Dependencies all met for dep_context=non-requeueable deps ti=<TaskInstance: run_eda_script_python.run_eda manual__2025-07-18T21:55:57.519664+00:00 [queued]>
[2025-07-18T21:56:01.926+0000] {taskinstance.py:1090} INFO - Dependencies all met for dep_context=requeueable deps ti=<TaskInstance: run_eda_script_python.run_eda manual__2025-07-18T21:55:57.519664+00:00 [queued]>
[2025-07-18T21:56:01.927+0000] {taskinstance.py:1288} INFO - 
--------------------------------------------------------------------------------
[2025-07-18T21:56:01.928+0000] {taskinstance.py:1289} INFO - Starting attempt 1 of 2
[2025-07-18T21:56:01.928+0000] {taskinstance.py:1290} INFO - 
--------------------------------------------------------------------------------
[2025-07-18T21:56:01.943+0000] {taskinstance.py:1309} INFO - Executing <Task(PythonOperator): run_eda> on 2025-07-18 21:55:57.519664+00:00
[2025-07-18T21:56:02.027+0000] {standard_task_runner.py:55} INFO - Started process 489 to run task
[2025-07-18T21:56:02.030+0000] {standard_task_runner.py:82} INFO - Running: ['***', 'tasks', 'run', 'run_eda_script_python', 'run_eda', 'manual__2025-07-18T21:55:57.519664+00:00', '--job-id', '7', '--raw', '--subdir', 'DAGS_FOLDER/demo.py', '--cfg-path', '/tmp/tmp07xph4j6']
[2025-07-18T21:56:02.035+0000] {standard_task_runner.py:83} INFO - Job 7: Subtask run_eda
[2025-07-18T21:56:02.130+0000] {task_command.py:389} INFO - Running <TaskInstance: run_eda_script_python.run_eda manual__2025-07-18T21:55:57.519664+00:00 [running]> on host 9609dee7e891
[2025-07-18T21:56:02.199+0000] {taskinstance.py:1516} INFO - Exporting the following env vars:
AIRFLOW_CTX_DAG_OWNER=***
AIRFLOW_CTX_DAG_ID=run_eda_script_python
AIRFLOW_CTX_TASK_ID=run_eda
AIRFLOW_CTX_EXECUTION_DATE=2025-07-18T21:55:57.519664+00:00
AIRFLOW_CTX_TRY_NUMBER=1
AIRFLOW_CTX_DAG_RUN_ID=manual__2025-07-18T21:55:57.519664+00:00
[2025-07-18T21:56:03.559+0000] {logging_mixin.py:137} INFO - ✅ All libraries imported successfully!
[2025-07-18T21:56:03.560+0000] {logging_mixin.py:137} INFO - Input file: C:\Users\Minfy.DESKTOP-3E50D5N\Desktop\final_capstone\raw_data\Lead Scoring.csv
[2025-07-18T21:56:03.560+0000] {logging_mixin.py:137} INFO - Output folder: C:\Users\Minfy.DESKTOP-3E50D5N\Desktop\final_capstone\preprocess\preprocessed_output
[2025-07-18T21:56:03.620+0000] {logging_mixin.py:137} INFO - ✅ Output directory ready!
[2025-07-18T21:56:03.621+0000] {taskinstance.py:1776} ERROR - Task failed with exception
Traceback (most recent call last):
  File "/home/airflow/.local/lib/python3.10/site-packages/airflow/operators/python.py", line 175, in execute
    return_value = self.execute_callable()
  File "/home/airflow/.local/lib/python3.10/site-packages/airflow/operators/python.py", line 192, in execute_callable
    return self.python_callable(*self.op_args, **self.op_kwargs)
  File "/opt/airflow/dags/demo.py", line 17, in run_eda_script
    exec(f.read())
  File "<string>", line 55, in <module>
  File "<string>", line 35, in setup_logging
NameError: name 'os' is not defined
[2025-07-18T21:56:03.631+0000] {taskinstance.py:1327} INFO - Marking task as UP_FOR_RETRY. dag_id=run_eda_script_python, task_id=run_eda, execution_date=20250718T215557, start_date=20250718T215601, end_date=20250718T215603
[2025-07-18T21:56:03.642+0000] {standard_task_runner.py:100} ERROR - Failed to execute job 7 for task run_eda (name 'os' is not defined; 489)
[2025-07-18T21:56:03.730+0000] {local_task_job.py:212} INFO - Task exited with return code 1
[2025-07-18T21:56:03.743+0000] {taskinstance.py:2596} INFO - 0 downstream tasks scheduled from follow-on schedule check
